192.168.1.1 - - [18/Mar/2023:09:33:53 +0000] "PATCH /api/products" 404 503 "-" "Mozilla/5.0 (Windows NT 10.0; Win64; x64; rv:93.0) Gecko/20100101 Firefox/93.0"
192.168.1.5 - - [18/Mar/2023:09:33:53 +0000] "DELETE /api/orders HTTP/1.1" 500 580 "-" "Mozilla/5.0 (Macintosh; Intel Mac OS X 10_15_7) AppleWebKit/537.36 (KHTML, like Gecko) Chrome/94.0.4606.81 Safari/537.36"
192.168.1.2 - - [18/Mar/2023:09:33:53 +0000] "DELETE /api/invoices HTTP/1.1" 500 742 "-" "Mozilla/5.0 (Windows NT 10.0; Win64; x64) AppleWebKit/537.36 (KHTML, like Gecko) Chrome/94.0.4606.81 Safari/537.36"
192.168.1.1 - - [18/Mar/2023:09:33:53 +0000] "PATCH /api/customers" 401 778 "-" "Mozilla/5.0 (Windows NT 10.0; Win64; x64; rv:93.0) Gecko/20100101 Firefox/93.0"
192.168.1.1 - - [18/Mar/2023:09:33:53 +0000] "PATCH /api/customers" 404 911 "-" "Mozilla/5.0 (Macintosh; Intel Mac OS X 10_15_7) AppleWebKit/537.36 (KHTML, like Gecko) Chrome/94.0.4606.81 Safari/537.36"
192.168.1.1 - - [18/Mar/2023:09:33:53 +0000] "DELETE /api/invoices HTTP/1.1" 204 845 "-" "Mozilla/5.0 (Macintosh; Intel Mac OS X 10_15_7) AppleWebKit/537.36 (KHTML, like Gecko) Chrome/93.0.4577.63 Safari/537.36"
192.168.1.1 - - [18/Mar/2023:09:33:53 +0000] "DELETE /api/invoices HTTP/1.1" 200 731 "-" "Mozilla/5.0 (Windows NT 10.0; Win64; x64) AppleWebKit/537.36 (KHTML, like Gecko) Chrome/94.0.4606.81 Safari/537.36"
192.168.1.1 - - [18/Mar/2023:09:33:53 +0000] "PATCH /api/customers" 500 462 "-" "Mozilla/5.0 (Windows NT 10.0; Win64; x64; rv:94.0) Gecko/20100101 Firefox/94.0"
192.168.1.2 - - [18/Mar/2023:09:33:53 +0000] "PUT /api/products HTTP/1.1" 403 676 "-" "Mozilla/5.0 (Windows NT 10.0; Win64; x64; rv:93.0) Gecko/20100101 Firefox/93.0"
192.168.1.3 - - [18/Mar/2023:09:33:53 +0000] "POST /api/customers HTTP/1.1" 200 666 "-" "Mozilla/5.0 (Windows NT 10.0; Win64; x64) AppleWebKit/537.36 (KHTML, like Gecko) Chrome/94.0.4606.81 Safari/537.36"
192.168.1.3 - - [18/Mar/2023:09:33:53 +0000] "PATCH /api/orders" 400 460 "-" "Mozilla/5.0 (Windows NT 10.0; Win64; x64; rv:93.0) Gecko/20100101 Firefox/93.0"
192.168.1.1 - - [18/Mar/2023:09:33:53 +0000] "DELETE /api/orders HTTP/1.1" 404 1000 "-" "Mozilla/5.0 (Windows NT 10.0; Win64; x64) AppleWebKit/537.36 (KHTML, like Gecko) Chrome/94.0.4606.81 Safari/537.36"
192.168.1.2 - - [18/Mar/2023:09:33:53 +0000] "DELETE /api/orders HTTP/1.1" 404 779 "-" "Mozilla/5.0 (Windows NT 10.0; Win64; x64) AppleWebKit/537.36 (KHTML, like Gecko) Chrome/93.0.4577.63 Safari/537.36"
192.168.1.3 - - [18/Mar/2023:09:33:53 +0000] "PATCH /api/orders" 400 323 "-" "Mozilla/5.0 (Windows NT 10.0; Win64; x64; rv:93.0) Gecko/20100101 Firefox/93.0"
192.168.1.3 - - [18/Mar/2023:09:33:53 +0000] "PUT /api/customers HTTP/1.1" 201 171 "-" "Mozilla/5.0 (Windows NT 10.0; Win64; x64) AppleWebKit/537.36 (KHTML, like Gecko) Chrome/93.0.4577.63 Safari/537.36"
192.168.1.1 - - [18/Mar/2023:09:33:53 +0000] "DELETE /api/users HTTP/1.1" 200 175 "-" "Mozilla/5.0 (Windows NT 10.0; Win64; x64) AppleWebKit/537.36 (KHTML, like Gecko) Chrome/93.0.4577.63 Safari/537.36"
192.168.1.2 - - [18/Mar/2023:09:33:53 +0000] "PUT /api/products HTTP/1.1" 401 51 "-" "Mozilla/5.0 (Windows NT 10.0; Win64; x64; rv:94.0) Gecko/20100101 Firefox/94.0"
192.168.1.5 - - [18/Mar/2023:09:33:53 +0000] "DELETE /api/products HTTP/1.1" 200 797 "-" "Mozilla/5.0 (Windows NT 10.0; Win64; x64) AppleWebKit/537.36 (KHTML, like Gecko) Chrome/94.0.4606.81 Safari/537.36"
192.168.1.5 - - [18/Mar/2023:09:33:53 +0000] "GET /api/users HTTP/1.1" 500 79 "-" "Mozilla/5.0 (Windows NT 10.0; Win64; x64) AppleWebKit/537.36 (KHTML, like Gecko) Chrome/94.0.4606.81 Safari/537.36"
192.168.1.4 - - [18/Mar/2023:09:33:53 +0000] "PATCH /api/orders" 200 657 "-" "Mozilla/5.0 (Windows NT 10.0; Win64; x64; rv:94.0) Gecko/20100101 Firefox/94.0"
192.168.1.2 - - [18/Mar/2023:09:33:53 +0000] "GET /api/products HTTP/1.1" 403 839 "-" "Mozilla/5.0 (Windows NT 10.0; Win64; x64; rv:93.0) Gecko/20100101 Firefox/93.0"
192.168.1.1 - - [18/Mar/2023:09:33:53 +0000] "PUT /api/customers HTTP/1.1" 404 892 "-" "Mozilla/5.0 (Windows NT 10.0; Win64; x64) AppleWebKit/537.36 (KHTML, like Gecko) Chrome/93.0.4577.63 Safari/537.36"
192.168.1.4 - - [18/Mar/2023:09:33:53 +0000] "DELETE /api/products HTTP/1.1" 500 958 "-" "Mozilla/5.0 (Windows NT 10.0; Win64; x64; rv:93.0) Gecko/20100101 Firefox/93.0"
192.168.1.1 - - [18/Mar/2023:09:33:53 +0000] "POST /api/invoices HTTP/1.1" 500 639 "-" "Mozilla/5.0 (Windows NT 10.0; Win64; x64) AppleWebKit/537.36 (KHTML, like Gecko) Chrome/94.0.4606.81 Safari/537.36"
192.168.1.2 - - [18/Mar/2023:09:33:53 +0000] "PATCH /api/invoices" 400 72 "-" "Mozilla/5.0 (Windows NT 10.0; Win64; x64; rv:94.0) Gecko/20100101 Firefox/94.0"
192.168.1.3 - - [18/Mar/2023:09:33:53 +0000] "PUT /api/users HTTP/1.1" 401 42 "-" "Mozilla/5.0 (Windows NT 10.0; Win64; x64; rv:93.0) Gecko/20100101 Firefox/93.0"
192.168.1.5 - - [18/Mar/2023:09:33:53 +0000] "GET /api/products HTTP/1.1" 400 22 "-" "Mozilla/5.0 (Windows NT 10.0; Win64; x64) AppleWebKit/537.36 (KHTML, like Gecko) Chrome/93.0.4577.63 Safari/537.36"
192.168.1.3 - - [18/Mar/2023:09:33:53 +0000] "DELETE /api/invoices HTTP/1.1" 200 24 "-" "Mozilla/5.0 (Macintosh; Intel Mac OS X 10_15_7) AppleWebKit/537.36 (KHTML, like Gecko) Chrome/94.0.4606.81 Safari/537.36"
192.168.1.1 - - [18/Mar/2023:09:33:53 +0000] "DELETE /api/users HTTP/1.1" 401 401 "-" "Mozilla/5.0 (Windows NT 10.0; Win64; x64) AppleWebKit/537.36 (KHTML, like Gecko) Chrome/94.0.4606.81 Safari/537.36"
192.168.1.2 - - [18/Mar/2023:09:33:53 +0000] "DELETE /api/invoices HTTP/1.1" 201 193 "-" "Mozilla/5.0 (Windows NT 10.0; Win64; x64) AppleWebKit/537.36 (KHTML, like Gecko) Chrome/93.0.4577.63 Safari/537.36"
192.168.1.1 - - [18/Mar/2023:09:33:53 +0000] "DELETE /api/products HTTP/1.1" 200 184 "-" "Mozilla/5.0 (Macintosh; Intel Mac OS X 10_15_7) AppleWebKit/537.36 (KHTML, like Gecko) Chrome/93.0.4577.63 Safari/537.36"
192.168.1.2 - - [18/Mar/2023:09:33:53 +0000] "PATCH /api/invoices" 400 654 "-" "Mozilla/5.0 (Windows NT 10.0; Win64; x64) AppleWebKit/537.36 (KHTML, like Gecko) Chrome/94.0.4606.81 Safari/537.36"
192.168.1.1 - - [18/Mar/2023:09:33:53 +0000] "GET /api/products HTTP/1.1" 401 642 "-" "Mozilla/5.0 (Windows NT 10.0; Win64; x64) AppleWebKit/537.36 (KHTML, like Gecko) Chrome/94.0.4606.81 Safari/537.36"
192.168.1.2 - - [18/Mar/2023:09:33:53 +0000] "DELETE /api/products HTTP/1.1" 403 641 "-" "Mozilla/5.0 (Macintosh; Intel Mac OS X 10_15_7) AppleWebKit/537.36 (KHTML, like Gecko) Chrome/94.0.4606.81 Safari/537.36"
192.168.1.3 - - [18/Mar/2023:09:33:53 +0000] "DELETE /api/products HTTP/1.1" 400 941 "-" "Mozilla/5.0 (Windows NT 10.0; Win64; x64) AppleWebKit/537.36 (KHTML, like Gecko) Chrome/93.0.4577.63 Safari/537.36"
192.168.1.4 - - [18/Mar/2023:09:33:53 +0000] "PATCH /api/users" 201 751 "-" "Mozilla/5.0 (Macintosh; Intel Mac OS X 10_15_7) AppleWebKit/537.36 (KHTML, like Gecko) Chrome/94.0.4606.81 Safari/537.36"
192.168.1.1 - - [18/Mar/2023:09:33:53 +0000] "GET /api/users HTTP/1.1" 201 620 "-" "Mozilla/5.0 (Macintosh; Intel Mac OS X 10_15_7) AppleWebKit/537.36 (KHTML, like Gecko) Chrome/94.0.4606.81 Safari/537.36"
192.168.1.5 - - [18/Mar/2023:09:33:53 +0000] "PUT /api/orders HTTP/1.1" 200 67 "-" "Mozilla/5.0 (Windows NT 10.0; Win64; x64) AppleWebKit/537.36 (KHTML, like Gecko) Chrome/94.0.4606.81 Safari/537.36"
192.168.1.3 - - [18/Mar/2023:09:33:53 +0000] "POST /api/customers HTTP/1.1" 403 465 "-" "Mozilla/5.0 (Macintosh; Intel Mac OS X 10_15_7) AppleWebKit/537.36 (KHTML, like Gecko) Chrome/94.0.4606.81 Safari/537.36"
192.168.1.4 - - [18/Mar/2023:09:33:53 +0000] "GET /api/customers HTTP/1.1" 500 937 "-" "Mozilla/5.0 (Windows NT 10.0; Win64; x64; rv:93.0) Gecko/20100101 Firefox/93.0"
192.168.1.4 - - [18/Mar/2023:09:33:53 +0000] "PATCH /api/customers" 201 67 "-" "Mozilla/5.0 (Macintosh; Intel Mac OS X 10_15_7) AppleWebKit/537.36 (KHTML, like Gecko) Chrome/94.0.4606.81 Safari/537.36"
192.168.1.3 - - [18/Mar/2023:09:33:53 +0000] "DELETE /api/invoices HTTP/1.1" 401 633 "-" "Mozilla/5.0 (Macintosh; Intel Mac OS X 10_15_7) AppleWebKit/537.36 (KHTML, like Gecko) Chrome/93.0.4577.63 Safari/537.36"
192.168.1.5 - - [18/Mar/2023:09:33:53 +0000] "DELETE /api/products HTTP/1.1" 201 157 "-" "Mozilla/5.0 (Macintosh; Intel Mac OS X 10_15_7) AppleWebKit/537.36 (KHTML, like Gecko) Chrome/93.0.4577.63 Safari/537.36"
192.168.1.1 - - [18/Mar/2023:09:33:53 +0000] "PUT /api/customers HTTP/1.1" 400 347 "-" "Mozilla/5.0 (Windows NT 10.0; Win64; x64) AppleWebKit/537.36 (KHTML, like Gecko) Chrome/94.0.4606.81 Safari/537.36"
192.168.1.1 - - [18/Mar/2023:09:33:53 +0000] "DELETE /api/users HTTP/1.1" 201 234 "-" "Mozilla/5.0 (Windows NT 10.0; Win64; x64) AppleWebKit/537.36 (KHTML, like Gecko) Chrome/94.0.4606.81 Safari/537.36"
192.168.1.2 - - [18/Mar/2023:09:33:53 +0000] "PUT /api/users HTTP/1.1" 400 800 "-" "Mozilla/5.0 (Windows NT 10.0; Win64; x64) AppleWebKit/537.36 (KHTML, like Gecko) Chrome/93.0.4577.63 Safari/537.36"
192.168.1.2 - - [18/Mar/2023:09:33:53 +0000] "DELETE /api/users HTTP/1.1" 201 335 "-" "Mozilla/5.0 (Windows NT 10.0; Win64; x64) AppleWebKit/537.36 (KHTML, like Gecko) Chrome/93.0.4577.63 Safari/537.36"
192.168.1.1 - - [18/Mar/2023:09:33:53 +0000] "POST /api/users HTTP/1.1" 200 473 "-" "Mozilla/5.0 (Macintosh; Intel Mac OS X 10_15_7) AppleWebKit/537.36 (KHTML, like Gecko) Chrome/94.0.4606.81 Safari/537.36"
192.168.1.2 - - [18/Mar/2023:09:33:53 +0000] "DELETE /api/customers HTTP/1.1" 500 828 "-" "Mozilla/5.0 (Macintosh; Intel Mac OS X 10_15_7) AppleWebKit/537.36 (KHTML, like Gecko) Chrome/93.0.4577.63 Safari/537.36"
192.168.1.2 - - [18/Mar/2023:09:33:53 +0000] "PATCH /api/customers" 403 985 "-" "Mozilla/5.0 (Windows NT 10.0; Win64; x64) AppleWebKit/537.36 (KHTML, like Gecko) Chrome/94.0.4606.81 Safari/537.36"
192.168.1.2 - - [18/Mar/2023:09:33:53 +0000] "DELETE /api/products HTTP/1.1" 403 962 "-" "Mozilla/5.0 (Macintosh; Intel Mac OS X 10_15_7) AppleWebKit/537.36 (KHTML, like Gecko) Chrome/93.0.4577.63 Safari/537.36"
192.168.1.1 - - [18/Mar/2023:09:33:53 +0000] "PUT /api/products HTTP/1.1" 201 946 "-" "Mozilla/5.0 (Macintosh; Intel Mac OS X 10_15_7) AppleWebKit/537.36 (KHTML, like Gecko) Chrome/94.0.4606.81 Safari/537.36"
192.168.1.5 - - [18/Mar/2023:09:33:53 +0000] "PUT /api/products HTTP/1.1" 200 603 "-" "Mozilla/5.0 (Macintosh; Intel Mac OS X 10_15_7) AppleWebKit/537.36 (KHTML, like Gecko) Chrome/93.0.4577.63 Safari/537.36"
192.168.1.3 - - [18/Mar/2023:09:33:53 +0000] "POST /api/invoices HTTP/1.1" 401 190 "-" "Mozilla/5.0 (Windows NT 10.0; Win64; x64; rv:93.0) Gecko/20100101 Firefox/93.0"
192.168.1.3 - - [18/Mar/2023:09:33:53 +0000] "POST /api/orders HTTP/1.1" 204 912 "-" "Mozilla/5.0 (Macintosh; Intel Mac OS X 10_15_7) AppleWebKit/537.36 (KHTML, like Gecko) Chrome/93.0.4577.63 Safari/537.36"
192.168.1.5 - - [18/Mar/2023:09:33:53 +0000] "PUT /api/users HTTP/1.1" 500 88 "-" "Mozilla/5.0 (Windows NT 10.0; Win64; x64) AppleWebKit/537.36 (KHTML, like Gecko) Chrome/93.0.4577.63 Safari/537.36"
192.168.1.5 - - [18/Mar/2023:09:33:53 +0000] "POST /api/users HTTP/1.1" 401 488 "-" "Mozilla/5.0 (Windows NT 10.0; Win64; x64) AppleWebKit/537.36 (KHTML, like Gecko) Chrome/94.0.4606.81 Safari/537.36"
192.168.1.4 - - [18/Mar/2023:09:33:53 +0000] "DELETE /api/customers HTTP/1.1" 400 141 "-" "Mozilla/5.0 (Windows NT 10.0; Win64; x64) AppleWebKit/537.36 (KHTML, like Gecko) Chrome/93.0.4577.63 Safari/537.36"
192.168.1.4 - - [18/Mar/2023:09:33:53 +0000] "GET /api/invoices HTTP/1.1" 401 591 "-" "Mozilla/5.0 (Windows NT 10.0; Win64; x64) AppleWebKit/537.36 (KHTML, like Gecko) Chrome/94.0.4606.81 Safari/537.36"
192.168.1.1 - - [18/Mar/2023:09:33:53 +0000] "GET /api/products HTTP/1.1" 204 828 "-" "Mozilla/5.0 (Windows NT 10.0; Win64; x64; rv:94.0) Gecko/20100101 Firefox/94.0"
192.168.1.4 - - [18/Mar/2023:09:33:53 +0000] "GET /api/customers HTTP/1.1" 404 685 "-" "Mozilla/5.0 (Windows NT 10.0; Win64; x64) AppleWebKit/537.36 (KHTML, like Gecko) Chrome/94.0.4606.81 Safari/537.36"
192.168.1.1 - - [18/Mar/2023:09:33:53 +0000] "GET /api/products HTTP/1.1" 403 995 "-" "Mozilla/5.0 (Macintosh; Intel Mac OS X 10_15_7) AppleWebKit/537.36 (KHTML, like Gecko) Chrome/94.0.4606.81 Safari/537.36"
192.168.1.4 - - [18/Mar/2023:09:33:53 +0000] "DELETE /api/customers HTTP/1.1" 204 769 "-" "Mozilla/5.0 (Macintosh; Intel Mac OS X 10_15_7) AppleWebKit/537.36 (KHTML, like Gecko) Chrome/94.0.4606.81 Safari/537.36"
192.168.1.2 - - [18/Mar/2023:09:33:53 +0000] "GET /api/users HTTP/1.1" 200 73 "-" "Mozilla/5.0 (Windows NT 10.0; Win64; x64; rv:94.0) Gecko/20100101 Firefox/94.0"
192.168.1.1 - - [18/Mar/2023:09:33:53 +0000] "GET /api/invoices HTTP/1.1" 201 216 "-" "Mozilla/5.0 (Windows NT 10.0; Win64; x64) AppleWebKit/537.36 (KHTML, like Gecko) Chrome/93.0.4577.63 Safari/537.36"
192.168.1.4 - - [18/Mar/2023:09:33:53 +0000] "GET /api/customers HTTP/1.1" 201 258 "-" "Mozilla/5.0 (Windows NT 10.0; Win64; x64) AppleWebKit/537.36 (KHTML, like Gecko) Chrome/94.0.4606.81 Safari/537.36"
192.168.1.5 - - [18/Mar/2023:09:33:53 +0000] "DELETE /api/orders HTTP/1.1" 200 344 "-" "Mozilla/5.0 (Windows NT 10.0; Win64; x64) AppleWebKit/537.36 (KHTML, like Gecko) Chrome/93.0.4577.63 Safari/537.36"
192.168.1.3 - - [18/Mar/2023:09:33:53 +0000] "PUT /api/customers HTTP/1.1" 401 552 "-" "Mozilla/5.0 (Windows NT 10.0; Win64; x64; rv:94.0) Gecko/20100101 Firefox/94.0"
192.168.1.1 - - [18/Mar/2023:09:33:53 +0000] "GET /api/customers HTTP/1.1" 404 149 "-" "Mozilla/5.0 (Windows NT 10.0; Win64; x64) AppleWebKit/537.36 (KHTML, like Gecko) Chrome/93.0.4577.63 Safari/537.36"
192.168.1.4 - - [18/Mar/2023:09:33:53 +0000] "DELETE /api/users HTTP/1.1" 201 73 "-" "Mozilla/5.0 (Windows NT 10.0; Win64; x64) AppleWebKit/537.36 (KHTML, like Gecko) Chrome/94.0.4606.81 Safari/537.36"
192.168.1.3 - - [18/Mar/2023:09:33:53 +0000] "POST /api/users HTTP/1.1" 201 290 "-" "Mozilla/5.0 (Macintosh; Intel Mac OS X 10_15_7) AppleWebKit/537.36 (KHTML, like Gecko) Chrome/94.0.4606.81 Safari/537.36"
192.168.1.4 - - [18/Mar/2023:09:33:53 +0000] "GET /api/customers HTTP/1.1" 401 573 "-" "Mozilla/5.0 (Macintosh; Intel Mac OS X 10_15_7) AppleWebKit/537.36 (KHTML, like Gecko) Chrome/94.0.4606.81 Safari/537.36"
192.168.1.2 - - [18/Mar/2023:09:33:53 +0000] "GET /api/customers HTTP/1.1" 400 183 "-" "Mozilla/5.0 (Macintosh; Intel Mac OS X 10_15_7) AppleWebKit/537.36 (KHTML, like Gecko) Chrome/94.0.4606.81 Safari/537.36"
192.168.1.2 - - [18/Mar/2023:09:33:53 +0000] "POST /api/customers HTTP/1.1" 200 326 "-" "Mozilla/5.0 (Windows NT 10.0; Win64; x64; rv:93.0) Gecko/20100101 Firefox/93.0"
192.168.1.5 - - [18/Mar/2023:09:33:53 +0000] "DELETE /api/invoices HTTP/1.1" 500 948 "-" "Mozilla/5.0 (Windows NT 10.0; Win64; x64; rv:93.0) Gecko/20100101 Firefox/93.0"
192.168.1.1 - - [18/Mar/2023:09:33:53 +0000] "POST /api/orders HTTP/1.1" 404 671 "-" "Mozilla/5.0 (Macintosh; Intel Mac OS X 10_15_7) AppleWebKit/537.36 (KHTML, like Gecko) Chrome/94.0.4606.81 Safari/537.36"
192.168.1.1 - - [18/Mar/2023:09:33:53 +0000] "POST /api/products HTTP/1.1" 400 95 "-" "Mozilla/5.0 (Windows NT 10.0; Win64; x64) AppleWebKit/537.36 (KHTML, like Gecko) Chrome/94.0.4606.81 Safari/537.36"
192.168.1.1 - - [18/Mar/2023:09:33:53 +0000] "DELETE /api/customers HTTP/1.1" 201 597 "-" "Mozilla/5.0 (Windows NT 10.0; Win64; x64; rv:93.0) Gecko/20100101 Firefox/93.0"
192.168.1.2 - - [18/Mar/2023:09:33:53 +0000] "GET /api/users HTTP/1.1" 404 440 "-" "Mozilla/5.0 (Windows NT 10.0; Win64; x64) AppleWebKit/537.36 (KHTML, like Gecko) Chrome/94.0.4606.81 Safari/537.36"
192.168.1.4 - - [18/Mar/2023:09:33:53 +0000] "DELETE /api/orders HTTP/1.1" 401 878 "-" "Mozilla/5.0 (Macintosh; Intel Mac OS X 10_15_7) AppleWebKit/537.36 (KHTML, like Gecko) Chrome/93.0.4577.63 Safari/537.36"
192.168.1.1 - - [18/Mar/2023:09:33:53 +0000] "PATCH /api/products" 400 288 "-" "Mozilla/5.0 (Windows NT 10.0; Win64; x64) AppleWebKit/537.36 (KHTML, like Gecko) Chrome/93.0.4577.63 Safari/537.36"
192.168.1.5 - - [18/Mar/2023:09:33:53 +0000] "PATCH /api/invoices" 204 596 "-" "Mozilla/5.0 (Macintosh; Intel Mac OS X 10_15_7) AppleWebKit/537.36 (KHTML, like Gecko) Chrome/93.0.4577.63 Safari/537.36"
192.168.1.4 - - [18/Mar/2023:09:33:53 +0000] "POST /api/orders HTTP/1.1" 201 450 "-" "Mozilla/5.0 (Windows NT 10.0; Win64; x64; rv:94.0) Gecko/20100101 Firefox/94.0"
192.168.1.1 - - [18/Mar/2023:09:33:53 +0000] "DELETE /api/invoices HTTP/1.1" 400 317 "-" "Mozilla/5.0 (Windows NT 10.0; Win64; x64; rv:94.0) Gecko/20100101 Firefox/94.0"
192.168.1.3 - - [18/Mar/2023:09:33:53 +0000] "DELETE /api/orders HTTP/1.1" 404 33 "-" "Mozilla/5.0 (Windows NT 10.0; Win64; x64; rv:94.0) Gecko/20100101 Firefox/94.0"
192.168.1.1 - - [18/Mar/2023:09:33:53 +0000] "PATCH /api/orders" 400 655 "-" "Mozilla/5.0 (Windows NT 10.0; Win64; x64; rv:93.0) Gecko/20100101 Firefox/93.0"
192.168.1.1 - - [18/Mar/2023:09:33:53 +0000] "PATCH /api/users" 404 367 "-" "Mozilla/5.0 (Windows NT 10.0; Win64; x64) AppleWebKit/537.36 (KHTML, like Gecko) Chrome/93.0.4577.63 Safari/537.36"
192.168.1.3 - - [18/Mar/2023:09:33:53 +0000] "GET /api/products HTTP/1.1" 201 508 "-" "Mozilla/5.0 (Macintosh; Intel Mac OS X 10_15_7) AppleWebKit/537.36 (KHTML, like Gecko) Chrome/93.0.4577.63 Safari/537.36"
192.168.1.4 - - [18/Mar/2023:09:33:53 +0000] "PATCH /api/users" 201 544 "-" "Mozilla/5.0 (Windows NT 10.0; Win64; x64; rv:94.0) Gecko/20100101 Firefox/94.0"
192.168.1.2 - - [18/Mar/2023:09:33:53 +0000] "GET /api/invoices HTTP/1.1" 400 539 "-" "Mozilla/5.0 (Macintosh; Intel Mac OS X 10_15_7) AppleWebKit/537.36 (KHTML, like Gecko) Chrome/94.0.4606.81 Safari/537.36"
192.168.1.2 - - [18/Mar/2023:09:33:53 +0000] "PATCH /api/customers" 200 103 "-" "Mozilla/5.0 (Windows NT 10.0; Win64; x64; rv:93.0) Gecko/20100101 Firefox/93.0"
192.168.1.4 - - [18/Mar/2023:09:33:53 +0000] "DELETE /api/customers HTTP/1.1" 400 522 "-" "Mozilla/5.0 (Windows NT 10.0; Win64; x64) AppleWebKit/537.36 (KHTML, like Gecko) Chrome/94.0.4606.81 Safari/537.36"
192.168.1.5 - - [18/Mar/2023:09:33:53 +0000] "DELETE /api/products HTTP/1.1" 404 116 "-" "Mozilla/5.0 (Macintosh; Intel Mac OS X 10_15_7) AppleWebKit/537.36 (KHTML, like Gecko) Chrome/93.0.4577.63 Safari/537.36"
192.168.1.2 - - [18/Mar/2023:09:33:53 +0000] "PATCH /api/customers" 400 47 "-" "Mozilla/5.0 (Windows NT 10.0; Win64; x64; rv:93.0) Gecko/20100101 Firefox/93.0"
192.168.1.1 - - [18/Mar/2023:09:33:53 +0000] "POST /api/products HTTP/1.1" 400 112 "-" "Mozilla/5.0 (Macintosh; Intel Mac OS X 10_15_7) AppleWebKit/537.36 (KHTML, like Gecko) Chrome/93.0.4577.63 Safari/537.36"
192.168.1.5 - - [18/Mar/2023:09:33:53 +0000] "DELETE /api/customers HTTP/1.1" 204 699 "-" "Mozilla/5.0 (Windows NT 10.0; Win64; x64; rv:93.0) Gecko/20100101 Firefox/93.0"
192.168.1.2 - - [18/Mar/2023:09:33:53 +0000] "GET /api/users HTTP/1.1" 204 658 "-" "Mozilla/5.0 (Windows NT 10.0; Win64; x64) AppleWebKit/537.36 (KHTML, like Gecko) Chrome/94.0.4606.81 Safari/537.36"
192.168.1.3 - - [18/Mar/2023:09:33:53 +0000] "PATCH /api/users" 401 231 "-" "Mozilla/5.0 (Windows NT 10.0; Win64; x64) AppleWebKit/537.36 (KHTML, like Gecko) Chrome/94.0.4606.81 Safari/537.36"
192.168.1.2 - - [18/Mar/2023:09:33:53 +0000] "POST /api/invoices HTTP/1.1" 201 468 "-" "Mozilla/5.0 (Windows NT 10.0; Win64; x64) AppleWebKit/537.36 (KHTML, like Gecko) Chrome/93.0.4577.63 Safari/537.36"
192.168.1.1 - - [18/Mar/2023:09:33:53 +0000] "PATCH /api/invoices" 200 513 "-" "Mozilla/5.0 (Windows NT 10.0; Win64; x64) AppleWebKit/537.36 (KHTML, like Gecko) Chrome/93.0.4577.63 Safari/537.36"
192.168.1.5 - - [18/Mar/2023:09:33:53 +0000] "PUT /api/products HTTP/1.1" 401 821 "-" "Mozilla/5.0 (Windows NT 10.0; Win64; x64; rv:94.0) Gecko/20100101 Firefox/94.0"
192.168.1.4 - - [18/Mar/2023:09:33:53 +0000] "DELETE /api/invoices HTTP/1.1" 500 10 "-" "Mozilla/5.0 (Macintosh; Intel Mac OS X 10_15_7) AppleWebKit/537.36 (KHTML, like Gecko) Chrome/93.0.4577.63 Safari/537.36"
192.168.1.4 - - [18/Mar/2023:09:33:53 +0000] "POST /api/products HTTP/1.1" 204 596 "-" "Mozilla/5.0 (Windows NT 10.0; Win64; x64) AppleWebKit/537.36 (KHTML, like Gecko) Chrome/93.0.4577.63 Safari/537.36"
192.168.1.5 - - [18/Mar/2023:09:33:53 +0000] "DELETE /api/invoices HTTP/1.1" 401 400 "-" "Mozilla/5.0 (Windows NT 10.0; Win64; x64; rv:93.0) Gecko/20100101 Firefox/93.0"
192.168.1.1 - - [18/Mar/2023:09:33:53 +0000] "GET /api/customers HTTP/1.1" 403 329 "-" "Mozilla/5.0 (Windows NT 10.0; Win64; x64; rv:93.0) Gecko/20100101 Firefox/93.0"
192.168.1.3 - - [18/Mar/2023:09:33:53 +0000] "POST /api/users HTTP/1.1" 401 628 "-" "Mozilla/5.0 (Windows NT 10.0; Win64; x64) AppleWebKit/537.36 (KHTML, like Gecko) Chrome/93.0.4577.63 Safari/537.36"
192.168.1.5 - - [18/Mar/2023:09:33:53 +0000] "PATCH /api/customers" 204 554 "-" "Mozilla/5.0 (Windows NT 10.0; Win64; x64; rv:94.0) Gecko/20100101 Firefox/94.0"
192.168.1.2 - - [18/Mar/2023:09:33:53 +0000] "PATCH /api/products" 400 787 "-" "Mozilla/5.0 (Windows NT 10.0; Win64; x64) AppleWebKit/537.36 (KHTML, like Gecko) Chrome/93.0.4577.63 Safari/537.36"
192.168.1.2 - - [18/Mar/2023:09:33:53 +0000] "PUT /api/customers HTTP/1.1" 401 804 "-" "Mozilla/5.0 (Windows NT 10.0; Win64; x64) AppleWebKit/537.36 (KHTML, like Gecko) Chrome/93.0.4577.63 Safari/537.36"
192.168.1.2 - - [18/Mar/2023:09:33:53 +0000] "DELETE /api/invoices HTTP/1.1" 403 980 "-" "Mozilla/5.0 (Windows NT 10.0; Win64; x64; rv:94.0) Gecko/20100101 Firefox/94.0"
192.168.1.5 - - [18/Mar/2023:09:33:53 +0000] "DELETE /api/invoices HTTP/1.1" 404 666 "-" "Mozilla/5.0 (Windows NT 10.0; Win64; x64; rv:94.0) Gecko/20100101 Firefox/94.0"
192.168.1.3 - - [18/Mar/2023:09:33:53 +0000] "PATCH /api/invoices" 201 290 "-" "Mozilla/5.0 (Macintosh; Intel Mac OS X 10_15_7) AppleWebKit/537.36 (KHTML, like Gecko) Chrome/93.0.4577.63 Safari/537.36"
192.168.1.3 - - [18/Mar/2023:09:33:53 +0000] "PATCH /api/products" 200 904 "-" "Mozilla/5.0 (Windows NT 10.0; Win64; x64) AppleWebKit/537.36 (KHTML, like Gecko) Chrome/94.0.4606.81 Safari/537.36"
192.168.1.5 - - [18/Mar/2023:09:33:53 +0000] "GET /api/invoices HTTP/1.1" 404 490 "-" "Mozilla/5.0 (Macintosh; Intel Mac OS X 10_15_7) AppleWebKit/537.36 (KHTML, like Gecko) Chrome/94.0.4606.81 Safari/537.36"
192.168.1.2 - - [18/Mar/2023:09:33:53 +0000] "POST /api/users HTTP/1.1" 404 590 "-" "Mozilla/5.0 (Windows NT 10.0; Win64; x64) AppleWebKit/537.36 (KHTML, like Gecko) Chrome/93.0.4577.63 Safari/537.36"
192.168.1.4 - - [18/Mar/2023:09:33:53 +0000] "DELETE /api/users HTTP/1.1" 201 873 "-" "Mozilla/5.0 (Windows NT 10.0; Win64; x64) AppleWebKit/537.36 (KHTML, like Gecko) Chrome/93.0.4577.63 Safari/537.36"
192.168.1.4 - - [18/Mar/2023:09:33:53 +0000] "GET /api/customers HTTP/1.1" 404 613 "-" "Mozilla/5.0 (Windows NT 10.0; Win64; x64) AppleWebKit/537.36 (KHTML, like Gecko) Chrome/94.0.4606.81 Safari/537.36"
192.168.1.3 - - [18/Mar/2023:09:33:53 +0000] "PUT /api/users HTTP/1.1" 401 882 "-" "Mozilla/5.0 (Windows NT 10.0; Win64; x64) AppleWebKit/537.36 (KHTML, like Gecko) Chrome/94.0.4606.81 Safari/537.36"
192.168.1.3 - - [18/Mar/2023:09:33:53 +0000] "GET /api/products HTTP/1.1" 400 316 "-" "Mozilla/5.0 (Macintosh; Intel Mac OS X 10_15_7) AppleWebKit/537.36 (KHTML, like Gecko) Chrome/94.0.4606.81 Safari/537.36"
192.168.1.1 - - [18/Mar/2023:09:33:53 +0000] "DELETE /api/invoices HTTP/1.1" 200 391 "-" "Mozilla/5.0 (Macintosh; Intel Mac OS X 10_15_7) AppleWebKit/537.36 (KHTML, like Gecko) Chrome/94.0.4606.81 Safari/537.36"
192.168.1.2 - - [18/Mar/2023:09:33:53 +0000] "POST /api/users HTTP/1.1" 201 611 "-" "Mozilla/5.0 (Macintosh; Intel Mac OS X 10_15_7) AppleWebKit/537.36 (KHTML, like Gecko) Chrome/94.0.4606.81 Safari/537.36"
192.168.1.2 - - [18/Mar/2023:09:33:53 +0000] "PUT /api/invoices HTTP/1.1" 201 554 "-" "Mozilla/5.0 (Windows NT 10.0; Win64; x64) AppleWebKit/537.36 (KHTML, like Gecko) Chrome/94.0.4606.81 Safari/537.36"
192.168.1.5 - - [18/Mar/2023:09:33:53 +0000] "POST /api/users HTTP/1.1" 401 59 "-" "Mozilla/5.0 (Windows NT 10.0; Win64; x64) AppleWebKit/537.36 (KHTML, like Gecko) Chrome/94.0.4606.81 Safari/537.36"
192.168.1.4 - - [18/Mar/2023:09:33:53 +0000] "GET /api/products HTTP/1.1" 204 438 "-" "Mozilla/5.0 (Windows NT 10.0; Win64; x64) AppleWebKit/537.36 (KHTML, like Gecko) Chrome/93.0.4577.63 Safari/537.36"
192.168.1.1 - - [18/Mar/2023:09:33:53 +0000] "PATCH /api/customers" 400 163 "-" "Mozilla/5.0 (Macintosh; Intel Mac OS X 10_15_7) AppleWebKit/537.36 (KHTML, like Gecko) Chrome/94.0.4606.81 Safari/537.36"
192.168.1.4 - - [18/Mar/2023:09:33:53 +0000] "DELETE /api/users HTTP/1.1" 403 966 "-" "Mozilla/5.0 (Windows NT 10.0; Win64; x64; rv:93.0) Gecko/20100101 Firefox/93.0"
192.168.1.3 - - [18/Mar/2023:09:33:53 +0000] "POST /api/customers HTTP/1.1" 404 565 "-" "Mozilla/5.0 (Windows NT 10.0; Win64; x64; rv:94.0) Gecko/20100101 Firefox/94.0"
192.168.1.5 - - [18/Mar/2023:09:33:53 +0000] "DELETE /api/invoices HTTP/1.1" 400 192 "-" "Mozilla/5.0 (Windows NT 10.0; Win64; x64) AppleWebKit/537.36 (KHTML, like Gecko) Chrome/94.0.4606.81 Safari/537.36"
192.168.1.2 - - [18/Mar/2023:09:33:53 +0000] "POST /api/users HTTP/1.1" 204 323 "-" "Mozilla/5.0 (Windows NT 10.0; Win64; x64; rv:94.0) Gecko/20100101 Firefox/94.0"
192.168.1.2 - - [18/Mar/2023:09:33:53 +0000] "DELETE /api/orders HTTP/1.1" 500 233 "-" "Mozilla/5.0 (Windows NT 10.0; Win64; x64) AppleWebKit/537.36 (KHTML, like Gecko) Chrome/94.0.4606.81 Safari/537.36"
192.168.1.1 - - [18/Mar/2023:09:33:53 +0000] "PATCH /api/orders" 403 567 "-" "Mozilla/5.0 (Macintosh; Intel Mac OS X 10_15_7) AppleWebKit/537.36 (KHTML, like Gecko) Chrome/94.0.4606.81 Safari/537.36"
192.168.1.5 - - [18/Mar/2023:09:33:53 +0000] "PATCH /api/users" 404 189 "-" "Mozilla/5.0 (Macintosh; Intel Mac OS X 10_15_7) AppleWebKit/537.36 (KHTML, like Gecko) Chrome/93.0.4577.63 Safari/537.36"
192.168.1.3 - - [18/Mar/2023:09:33:53 +0000] "GET /api/customers HTTP/1.1" 200 524 "-" "Mozilla/5.0 (Macintosh; Intel Mac OS X 10_15_7) AppleWebKit/537.36 (KHTML, like Gecko) Chrome/94.0.4606.81 Safari/537.36"
192.168.1.1 - - [18/Mar/2023:09:33:53 +0000] "GET /api/customers HTTP/1.1" 404 392 "-" "Mozilla/5.0 (Windows NT 10.0; Win64; x64; rv:93.0) Gecko/20100101 Firefox/93.0"
192.168.1.5 - - [18/Mar/2023:09:33:53 +0000] "GET /api/invoices HTTP/1.1" 200 863 "-" "Mozilla/5.0 (Windows NT 10.0; Win64; x64; rv:93.0) Gecko/20100101 Firefox/93.0"
192.168.1.2 - - [18/Mar/2023:09:33:53 +0000] "PATCH /api/invoices" 401 411 "-" "Mozilla/5.0 (Windows NT 10.0; Win64; x64; rv:93.0) Gecko/20100101 Firefox/93.0"
192.168.1.3 - - [18/Mar/2023:09:33:53 +0000] "DELETE /api/products HTTP/1.1" 403 706 "-" "Mozilla/5.0 (Macintosh; Intel Mac OS X 10_15_7) AppleWebKit/537.36 (KHTML, like Gecko) Chrome/93.0.4577.63 Safari/537.36"
192.168.1.4 - - [18/Mar/2023:09:33:53 +0000] "DELETE /api/invoices HTTP/1.1" 200 169 "-" "Mozilla/5.0 (Windows NT 10.0; Win64; x64; rv:93.0) Gecko/20100101 Firefox/93.0"
192.168.1.2 - - [18/Mar/2023:09:33:53 +0000] "POST /api/users HTTP/1.1" 500 976 "-" "Mozilla/5.0 (Macintosh; Intel Mac OS X 10_15_7) AppleWebKit/537.36 (KHTML, like Gecko) Chrome/93.0.4577.63 Safari/537.36"
192.168.1.3 - - [18/Mar/2023:09:33:53 +0000] "GET /api/customers HTTP/1.1" 400 734 "-" "Mozilla/5.0 (Windows NT 10.0; Win64; x64; rv:94.0) Gecko/20100101 Firefox/94.0"
192.168.1.5 - - [18/Mar/2023:09:33:53 +0000] "DELETE /api/users HTTP/1.1" 403 806 "-" "Mozilla/5.0 (Windows NT 10.0; Win64; x64; rv:93.0) Gecko/20100101 Firefox/93.0"
192.168.1.5 - - [18/Mar/2023:09:33:53 +0000] "GET /api/products HTTP/1.1" 404 203 "-" "Mozilla/5.0 (Macintosh; Intel Mac OS X 10_15_7) AppleWebKit/537.36 (KHTML, like Gecko) Chrome/93.0.4577.63 Safari/537.36"
192.168.1.5 - - [18/Mar/2023:09:33:53 +0000] "PATCH /api/invoices" 201 652 "-" "Mozilla/5.0 (Windows NT 10.0; Win64; x64) AppleWebKit/537.36 (KHTML, like Gecko) Chrome/93.0.4577.63 Safari/537.36"
192.168.1.1 - - [18/Mar/2023:09:33:53 +0000] "GET /api/customers HTTP/1.1" 201 825 "-" "Mozilla/5.0 (Windows NT 10.0; Win64; x64; rv:94.0) Gecko/20100101 Firefox/94.0"
192.168.1.1 - - [18/Mar/2023:09:33:53 +0000] "DELETE /api/customers HTTP/1.1" 404 387 "-" "Mozilla/5.0 (Macintosh; Intel Mac OS X 10_15_7) AppleWebKit/537.36 (KHTML, like Gecko) Chrome/93.0.4577.63 Safari/537.36"
192.168.1.3 - - [18/Mar/2023:09:33:53 +0000] "PATCH /api/users" 404 84 "-" "Mozilla/5.0 (Windows NT 10.0; Win64; x64) AppleWebKit/537.36 (KHTML, like Gecko) Chrome/93.0.4577.63 Safari/537.36"
192.168.1.3 - - [18/Mar/2023:09:33:53 +0000] "POST /api/customers HTTP/1.1" 200 790 "-" "Mozilla/5.0 (Windows NT 10.0; Win64; x64; rv:93.0) Gecko/20100101 Firefox/93.0"
192.168.1.5 - - [18/Mar/2023:09:33:53 +0000] "GET /api/customers HTTP/1.1" 404 306 "-" "Mozilla/5.0 (Windows NT 10.0; Win64; x64) AppleWebKit/537.36 (KHTML, like Gecko) Chrome/93.0.4577.63 Safari/537.36"
192.168.1.2 - - [18/Mar/2023:09:33:53 +0000] "POST /api/users HTTP/1.1" 200 363 "-" "Mozilla/5.0 (Macintosh; Intel Mac OS X 10_15_7) AppleWebKit/537.36 (KHTML, like Gecko) Chrome/93.0.4577.63 Safari/537.36"
192.168.1.2 - - [18/Mar/2023:09:33:53 +0000] "PUT /api/orders HTTP/1.1" 401 447 "-" "Mozilla/5.0 (Windows NT 10.0; Win64; x64; rv:93.0) Gecko/20100101 Firefox/93.0"
192.168.1.4 - - [18/Mar/2023:09:33:53 +0000] "PATCH /api/invoices" 401 143 "-" "Mozilla/5.0 (Windows NT 10.0; Win64; x64; rv:93.0) Gecko/20100101 Firefox/93.0"
192.168.1.1 - - [18/Mar/2023:09:33:53 +0000] "DELETE /api/orders HTTP/1.1" 204 940 "-" "Mozilla/5.0 (Windows NT 10.0; Win64; x64) AppleWebKit/537.36 (KHTML, like Gecko) Chrome/93.0.4577.63 Safari/537.36"
192.168.1.3 - - [18/Mar/2023:09:33:53 +0000] "PUT /api/orders HTTP/1.1" 404 338 "-" "Mozilla/5.0 (Macintosh; Intel Mac OS X 10_15_7) AppleWebKit/537.36 (KHTML, like Gecko) Chrome/93.0.4577.63 Safari/537.36"
192.168.1.5 - - [18/Mar/2023:09:33:53 +0000] "PUT /api/invoices HTTP/1.1" 404 400 "-" "Mozilla/5.0 (Windows NT 10.0; Win64; x64) AppleWebKit/537.36 (KHTML, like Gecko) Chrome/93.0.4577.63 Safari/537.36"
192.168.1.4 - - [18/Mar/2023:09:33:53 +0000] "GET /api/customers HTTP/1.1" 404 277 "-" "Mozilla/5.0 (Windows NT 10.0; Win64; x64) AppleWebKit/537.36 (KHTML, like Gecko) Chrome/94.0.4606.81 Safari/537.36"
192.168.1.2 - - [18/Mar/2023:09:33:53 +0000] "GET /api/users HTTP/1.1" 200 559 "-" "Mozilla/5.0 (Macintosh; Intel Mac OS X 10_15_7) AppleWebKit/537.36 (KHTML, like Gecko) Chrome/94.0.4606.81 Safari/537.36"
192.168.1.4 - - [18/Mar/2023:09:33:53 +0000] "DELETE /api/users HTTP/1.1" 403 534 "-" "Mozilla/5.0 (Macintosh; Intel Mac OS X 10_15_7) AppleWebKit/537.36 (KHTML, like Gecko) Chrome/94.0.4606.81 Safari/537.36"
192.168.1.4 - - [18/Mar/2023:09:33:53 +0000] "PATCH /api/orders" 403 111 "-" "Mozilla/5.0 (Windows NT 10.0; Win64; x64) AppleWebKit/537.36 (KHTML, like Gecko) Chrome/93.0.4577.63 Safari/537.36"
192.168.1.5 - - [18/Mar/2023:09:33:53 +0000] "GET /api/invoices HTTP/1.1" 204 904 "-" "Mozilla/5.0 (Windows NT 10.0; Win64; x64; rv:94.0) Gecko/20100101 Firefox/94.0"
192.168.1.1 - - [18/Mar/2023:09:33:53 +0000] "PUT /api/users HTTP/1.1" 404 569 "-" "Mozilla/5.0 (Macintosh; Intel Mac OS X 10_15_7) AppleWebKit/537.36 (KHTML, like Gecko) Chrome/93.0.4577.63 Safari/537.36"
192.168.1.3 - - [18/Mar/2023:09:33:53 +0000] "GET /api/orders HTTP/1.1" 401 669 "-" "Mozilla/5.0 (Windows NT 10.0; Win64; x64) AppleWebKit/537.36 (KHTML, like Gecko) Chrome/94.0.4606.81 Safari/537.36"
192.168.1.5 - - [18/Mar/2023:09:33:53 +0000] "PATCH /api/users" 500 797 "-" "Mozilla/5.0 (Windows NT 10.0; Win64; x64; rv:94.0) Gecko/20100101 Firefox/94.0"
192.168.1.5 - - [18/Mar/2023:09:33:53 +0000] "PUT /api/orders HTTP/1.1" 500 711 "-" "Mozilla/5.0 (Macintosh; Intel Mac OS X 10_15_7) AppleWebKit/537.36 (KHTML, like Gecko) Chrome/94.0.4606.81 Safari/537.36"
192.168.1.3 - - [18/Mar/2023:09:33:53 +0000] "GET /api/products HTTP/1.1" 201 454 "-" "Mozilla/5.0 (Windows NT 10.0; Win64; x64; rv:94.0) Gecko/20100101 Firefox/94.0"
192.168.1.2 - - [18/Mar/2023:09:33:53 +0000] "PUT /api/customers HTTP/1.1" 204 214 "-" "Mozilla/5.0 (Windows NT 10.0; Win64; x64; rv:93.0) Gecko/20100101 Firefox/93.0"
192.168.1.3 - - [18/Mar/2023:09:33:53 +0000] "GET /api/users HTTP/1.1" 403 969 "-" "Mozilla/5.0 (Windows NT 10.0; Win64; x64) AppleWebKit/537.36 (KHTML, like Gecko) Chrome/93.0.4577.63 Safari/537.36"
192.168.1.4 - - [18/Mar/2023:09:33:53 +0000] "DELETE /api/orders HTTP/1.1" 401 59 "-" "Mozilla/5.0 (Windows NT 10.0; Win64; x64; rv:94.0) Gecko/20100101 Firefox/94.0"
192.168.1.5 - - [18/Mar/2023:09:33:53 +0000] "GET /api/users HTTP/1.1" 401 712 "-" "Mozilla/5.0 (Windows NT 10.0; Win64; x64; rv:94.0) Gecko/20100101 Firefox/94.0"
192.168.1.1 - - [18/Mar/2023:09:33:53 +0000] "GET /api/orders HTTP/1.1" 404 228 "-" "Mozilla/5.0 (Windows NT 10.0; Win64; x64; rv:94.0) Gecko/20100101 Firefox/94.0"
192.168.1.5 - - [18/Mar/2023:09:33:53 +0000] "GET /api/invoices HTTP/1.1" 403 80 "-" "Mozilla/5.0 (Windows NT 10.0; Win64; x64) AppleWebKit/537.36 (KHTML, like Gecko) Chrome/94.0.4606.81 Safari/537.36"
192.168.1.5 - - [18/Mar/2023:09:33:53 +0000] "PATCH /api/products" 404 277 "-" "Mozilla/5.0 (Macintosh; Intel Mac OS X 10_15_7) AppleWebKit/537.36 (KHTML, like Gecko) Chrome/93.0.4577.63 Safari/537.36"
192.168.1.4 - - [18/Mar/2023:09:33:53 +0000] "DELETE /api/invoices HTTP/1.1" 403 543 "-" "Mozilla/5.0 (Macintosh; Intel Mac OS X 10_15_7) AppleWebKit/537.36 (KHTML, like Gecko) Chrome/94.0.4606.81 Safari/537.36"
192.168.1.4 - - [18/Mar/2023:09:33:53 +0000] "POST /api/users HTTP/1.1" 400 631 "-" "Mozilla/5.0 (Macintosh; Intel Mac OS X 10_15_7) AppleWebKit/537.36 (KHTML, like Gecko) Chrome/93.0.4577.63 Safari/537.36"
192.168.1.5 - - [18/Mar/2023:09:33:53 +0000] "PATCH /api/orders" 403 719 "-" "Mozilla/5.0 (Macintosh; Intel Mac OS X 10_15_7) AppleWebKit/537.36 (KHTML, like Gecko) Chrome/93.0.4577.63 Safari/537.36"
192.168.1.4 - - [18/Mar/2023:09:33:53 +0000] "PATCH /api/orders" 400 625 "-" "Mozilla/5.0 (Windows NT 10.0; Win64; x64; rv:93.0) Gecko/20100101 Firefox/93.0"
192.168.1.1 - - [18/Mar/2023:09:33:53 +0000] "POST /api/customers HTTP/1.1" 403 92 "-" "Mozilla/5.0 (Windows NT 10.0; Win64; x64) AppleWebKit/537.36 (KHTML, like Gecko) Chrome/94.0.4606.81 Safari/537.36"
192.168.1.2 - - [18/Mar/2023:09:33:53 +0000] "POST /api/products HTTP/1.1" 401 196 "-" "Mozilla/5.0 (Windows NT 10.0; Win64; x64) AppleWebKit/537.36 (KHTML, like Gecko) Chrome/93.0.4577.63 Safari/537.36"
192.168.1.4 - - [18/Mar/2023:09:33:53 +0000] "DELETE /api/customers HTTP/1.1" 401 380 "-" "Mozilla/5.0 (Windows NT 10.0; Win64; x64; rv:94.0) Gecko/20100101 Firefox/94.0"
192.168.1.1 - - [18/Mar/2023:09:33:53 +0000] "PATCH /api/products" 500 448 "-" "Mozilla/5.0 (Windows NT 10.0; Win64; x64) AppleWebKit/537.36 (KHTML, like Gecko) Chrome/94.0.4606.81 Safari/537.36"
