192.168.1.1 - - [18/Mar/2023:09:33:53 +0000] "DELETE /api/products HTTP/1.1" 200 808 "-" "Mozilla/5.0 (Windows NT 10.0; Win64; x64) AppleWebKit/537.36 (KHTML, like Gecko) Chrome/93.0.4577.63 Safari/537.36"
192.168.1.4 - - [18/Mar/2023:09:33:53 +0000] "PUT /api/users HTTP/1.1" 400 292 "-" "Mozilla/5.0 (Windows NT 10.0; Win64; x64; rv:94.0) Gecko/20100101 Firefox/94.0"
192.168.1.1 - - [18/Mar/2023:09:33:53 +0000] "GET /api/orders HTTP/1.1" 200 590 "-" "Mozilla/5.0 (Macintosh; Intel Mac OS X 10_15_7) AppleWebKit/537.36 (KHTML, like Gecko) Chrome/94.0.4606.81 Safari/537.36"
192.168.1.4 - - [18/Mar/2023:09:33:53 +0000] "PUT /api/customers HTTP/1.1" 500 354 "-" "Mozilla/5.0 (Macintosh; Intel Mac OS X 10_15_7) AppleWebKit/537.36 (KHTML, like Gecko) Chrome/94.0.4606.81 Safari/537.36"
192.168.1.2 - - [18/Mar/2023:09:33:53 +0000] "PUT /api/orders HTTP/1.1" 404 618 "-" "Mozilla/5.0 (Windows NT 10.0; Win64; x64; rv:93.0) Gecko/20100101 Firefox/93.0"
192.168.1.2 - - [18/Mar/2023:09:33:53 +0000] "POST /api/invoices HTTP/1.1" 401 275 "-" "Mozilla/5.0 (Windows NT 10.0; Win64; x64) AppleWebKit/537.36 (KHTML, like Gecko) Chrome/93.0.4577.63 Safari/537.36"
192.168.1.1 - - [18/Mar/2023:09:33:53 +0000] "GET /api/orders HTTP/1.1" 201 472 "-" "Mozilla/5.0 (Macintosh; Intel Mac OS X 10_15_7) AppleWebKit/537.36 (KHTML, like Gecko) Chrome/94.0.4606.81 Safari/537.36"
192.168.1.3 - - [18/Mar/2023:09:33:53 +0000] "PUT /api/invoices HTTP/1.1" 200 437 "-" "Mozilla/5.0 (Windows NT 10.0; Win64; x64) AppleWebKit/537.36 (KHTML, like Gecko) Chrome/94.0.4606.81 Safari/537.36"
192.168.1.5 - - [18/Mar/2023:09:33:53 +0000] "DELETE /api/products HTTP/1.1" 403 1000 "-" "Mozilla/5.0 (Windows NT 10.0; Win64; x64; rv:94.0) Gecko/20100101 Firefox/94.0"
192.168.1.4 - - [18/Mar/2023:09:33:53 +0000] "GET /api/invoices HTTP/1.1" 201 310 "-" "Mozilla/5.0 (Macintosh; Intel Mac OS X 10_15_7) AppleWebKit/537.36 (KHTML, like Gecko) Chrome/93.0.4577.63 Safari/537.36"
192.168.1.5 - - [18/Mar/2023:09:33:53 +0000] "PUT /api/customers HTTP/1.1" 404 519 "-" "Mozilla/5.0 (Windows NT 10.0; Win64; x64) AppleWebKit/537.36 (KHTML, like Gecko) Chrome/93.0.4577.63 Safari/537.36"
192.168.1.1 - - [18/Mar/2023:09:33:53 +0000] "PUT /api/orders HTTP/1.1" 500 866 "-" "Mozilla/5.0 (Macintosh; Intel Mac OS X 10_15_7) AppleWebKit/537.36 (KHTML, like Gecko) Chrome/93.0.4577.63 Safari/537.36"
192.168.1.1 - - [18/Mar/2023:09:33:53 +0000] "DELETE /api/users HTTP/1.1" 404 799 "-" "Mozilla/5.0 (Windows NT 10.0; Win64; x64; rv:94.0) Gecko/20100101 Firefox/94.0"
192.168.1.5 - - [18/Mar/2023:09:33:53 +0000] "PUT /api/products HTTP/1.1" 403 661 "-" "Mozilla/5.0 (Windows NT 10.0; Win64; x64; rv:94.0) Gecko/20100101 Firefox/94.0"
192.168.1.1 - - [18/Mar/2023:09:33:53 +0000] "GET /api/orders HTTP/1.1" 200 491 "-" "Mozilla/5.0 (Windows NT 10.0; Win64; x64) AppleWebKit/537.36 (KHTML, like Gecko) Chrome/93.0.4577.63 Safari/537.36"
192.168.1.4 - - [18/Mar/2023:09:33:53 +0000] "PATCH /api/invoices" 200 719 "-" "Mozilla/5.0 (Windows NT 10.0; Win64; x64; rv:93.0) Gecko/20100101 Firefox/93.0"
192.168.1.2 - - [18/Mar/2023:09:33:53 +0000] "PUT /api/orders HTTP/1.1" 404 243 "-" "Mozilla/5.0 (Macintosh; Intel Mac OS X 10_15_7) AppleWebKit/537.36 (KHTML, like Gecko) Chrome/94.0.4606.81 Safari/537.36"
192.168.1.3 - - [18/Mar/2023:09:33:53 +0000] "GET /api/products HTTP/1.1" 400 902 "-" "Mozilla/5.0 (Macintosh; Intel Mac OS X 10_15_7) AppleWebKit/537.36 (KHTML, like Gecko) Chrome/94.0.4606.81 Safari/537.36"
192.168.1.2 - - [18/Mar/2023:09:33:53 +0000] "PUT /api/invoices HTTP/1.1" 404 23 "-" "Mozilla/5.0 (Windows NT 10.0; Win64; x64) AppleWebKit/537.36 (KHTML, like Gecko) Chrome/93.0.4577.63 Safari/537.36"
192.168.1.2 - - [18/Mar/2023:09:33:53 +0000] "GET /api/products HTTP/1.1" 204 184 "-" "Mozilla/5.0 (Macintosh; Intel Mac OS X 10_15_7) AppleWebKit/537.36 (KHTML, like Gecko) Chrome/94.0.4606.81 Safari/537.36"
192.168.1.2 - - [18/Mar/2023:09:33:53 +0000] "PUT /api/orders HTTP/1.1" 401 304 "-" "Mozilla/5.0 (Macintosh; Intel Mac OS X 10_15_7) AppleWebKit/537.36 (KHTML, like Gecko) Chrome/93.0.4577.63 Safari/537.36"
192.168.1.3 - - [18/Mar/2023:09:33:53 +0000] "PUT /api/invoices HTTP/1.1" 200 313 "-" "Mozilla/5.0 (Macintosh; Intel Mac OS X 10_15_7) AppleWebKit/537.36 (KHTML, like Gecko) Chrome/93.0.4577.63 Safari/537.36"
192.168.1.2 - - [18/Mar/2023:09:33:53 +0000] "GET /api/invoices HTTP/1.1" 404 954 "-" "Mozilla/5.0 (Windows NT 10.0; Win64; x64) AppleWebKit/537.36 (KHTML, like Gecko) Chrome/94.0.4606.81 Safari/537.36"
192.168.1.3 - - [18/Mar/2023:09:33:53 +0000] "GET /api/invoices HTTP/1.1" 400 940 "-" "Mozilla/5.0 (Windows NT 10.0; Win64; x64; rv:94.0) Gecko/20100101 Firefox/94.0"
192.168.1.1 - - [18/Mar/2023:09:33:53 +0000] "PUT /api/orders HTTP/1.1" 500 425 "-" "Mozilla/5.0 (Windows NT 10.0; Win64; x64) AppleWebKit/537.36 (KHTML, like Gecko) Chrome/94.0.4606.81 Safari/537.36"
192.168.1.3 - - [18/Mar/2023:09:33:53 +0000] "PUT /api/products HTTP/1.1" 401 55 "-" "Mozilla/5.0 (Windows NT 10.0; Win64; x64) AppleWebKit/537.36 (KHTML, like Gecko) Chrome/94.0.4606.81 Safari/537.36"
192.168.1.1 - - [18/Mar/2023:09:33:53 +0000] "PUT /api/invoices HTTP/1.1" 201 742 "-" "Mozilla/5.0 (Windows NT 10.0; Win64; x64; rv:94.0) Gecko/20100101 Firefox/94.0"
192.168.1.5 - - [18/Mar/2023:09:33:53 +0000] "PATCH /api/products" 201 406 "-" "Mozilla/5.0 (Windows NT 10.0; Win64; x64) AppleWebKit/537.36 (KHTML, like Gecko) Chrome/93.0.4577.63 Safari/537.36"
192.168.1.4 - - [18/Mar/2023:09:33:53 +0000] "POST /api/invoices HTTP/1.1" 401 381 "-" "Mozilla/5.0 (Windows NT 10.0; Win64; x64) AppleWebKit/537.36 (KHTML, like Gecko) Chrome/93.0.4577.63 Safari/537.36"
192.168.1.2 - - [18/Mar/2023:09:33:53 +0000] "PUT /api/products HTTP/1.1" 400 367 "-" "Mozilla/5.0 (Windows NT 10.0; Win64; x64; rv:93.0) Gecko/20100101 Firefox/93.0"
192.168.1.4 - - [18/Mar/2023:09:33:53 +0000] "DELETE /api/users HTTP/1.1" 403 442 "-" "Mozilla/5.0 (Windows NT 10.0; Win64; x64; rv:94.0) Gecko/20100101 Firefox/94.0"
192.168.1.1 - - [18/Mar/2023:09:33:53 +0000] "DELETE /api/products HTTP/1.1" 200 881 "-" "Mozilla/5.0 (Windows NT 10.0; Win64; x64; rv:93.0) Gecko/20100101 Firefox/93.0"
192.168.1.4 - - [18/Mar/2023:09:33:53 +0000] "DELETE /api/invoices HTTP/1.1" 404 786 "-" "Mozilla/5.0 (Macintosh; Intel Mac OS X 10_15_7) AppleWebKit/537.36 (KHTML, like Gecko) Chrome/94.0.4606.81 Safari/537.36"
192.168.1.2 - - [18/Mar/2023:09:33:53 +0000] "GET /api/users HTTP/1.1" 201 247 "-" "Mozilla/5.0 (Windows NT 10.0; Win64; x64) AppleWebKit/537.36 (KHTML, like Gecko) Chrome/93.0.4577.63 Safari/537.36"
192.168.1.5 - - [18/Mar/2023:09:33:53 +0000] "GET /api/invoices HTTP/1.1" 400 32 "-" "Mozilla/5.0 (Windows NT 10.0; Win64; x64) AppleWebKit/537.36 (KHTML, like Gecko) Chrome/93.0.4577.63 Safari/537.36"
192.168.1.4 - - [18/Mar/2023:09:33:53 +0000] "PUT /api/invoices HTTP/1.1" 200 624 "-" "Mozilla/5.0 (Windows NT 10.0; Win64; x64) AppleWebKit/537.36 (KHTML, like Gecko) Chrome/94.0.4606.81 Safari/537.36"
192.168.1.2 - - [18/Mar/2023:09:33:53 +0000] "PATCH /api/customers" 201 632 "-" "Mozilla/5.0 (Macintosh; Intel Mac OS X 10_15_7) AppleWebKit/537.36 (KHTML, like Gecko) Chrome/94.0.4606.81 Safari/537.36"
192.168.1.3 - - [18/Mar/2023:09:33:53 +0000] "GET /api/customers HTTP/1.1" 400 602 "-" "Mozilla/5.0 (Windows NT 10.0; Win64; x64; rv:93.0) Gecko/20100101 Firefox/93.0"
192.168.1.3 - - [18/Mar/2023:09:33:53 +0000] "GET /api/customers HTTP/1.1" 404 569 "-" "Mozilla/5.0 (Windows NT 10.0; Win64; x64) AppleWebKit/537.36 (KHTML, like Gecko) Chrome/93.0.4577.63 Safari/537.36"
192.168.1.4 - - [18/Mar/2023:09:33:53 +0000] "GET /api/invoices HTTP/1.1" 400 479 "-" "Mozilla/5.0 (Windows NT 10.0; Win64; x64) AppleWebKit/537.36 (KHTML, like Gecko) Chrome/93.0.4577.63 Safari/537.36"
192.168.1.1 - - [18/Mar/2023:09:33:53 +0000] "PUT /api/customers HTTP/1.1" 403 784 "-" "Mozilla/5.0 (Windows NT 10.0; Win64; x64; rv:93.0) Gecko/20100101 Firefox/93.0"
192.168.1.1 - - [18/Mar/2023:09:33:53 +0000] "PUT /api/invoices HTTP/1.1" 400 227 "-" "Mozilla/5.0 (Windows NT 10.0; Win64; x64) AppleWebKit/537.36 (KHTML, like Gecko) Chrome/94.0.4606.81 Safari/537.36"
192.168.1.5 - - [18/Mar/2023:09:33:53 +0000] "DELETE /api/invoices HTTP/1.1" 404 186 "-" "Mozilla/5.0 (Windows NT 10.0; Win64; x64; rv:94.0) Gecko/20100101 Firefox/94.0"
192.168.1.2 - - [18/Mar/2023:09:33:53 +0000] "DELETE /api/users HTTP/1.1" 500 98 "-" "Mozilla/5.0 (Macintosh; Intel Mac OS X 10_15_7) AppleWebKit/537.36 (KHTML, like Gecko) Chrome/93.0.4577.63 Safari/537.36"
192.168.1.3 - - [18/Mar/2023:09:33:53 +0000] "PATCH /api/products" 500 427 "-" "Mozilla/5.0 (Macintosh; Intel Mac OS X 10_15_7) AppleWebKit/537.36 (KHTML, like Gecko) Chrome/93.0.4577.63 Safari/537.36"
192.168.1.1 - - [18/Mar/2023:09:33:53 +0000] "PUT /api/products HTTP/1.1" 204 185 "-" "Mozilla/5.0 (Windows NT 10.0; Win64; x64; rv:93.0) Gecko/20100101 Firefox/93.0"
192.168.1.1 - - [18/Mar/2023:09:33:53 +0000] "DELETE /api/invoices HTTP/1.1" 500 42 "-" "Mozilla/5.0 (Windows NT 10.0; Win64; x64; rv:94.0) Gecko/20100101 Firefox/94.0"
192.168.1.4 - - [18/Mar/2023:09:33:53 +0000] "DELETE /api/invoices HTTP/1.1" 200 739 "-" "Mozilla/5.0 (Macintosh; Intel Mac OS X 10_15_7) AppleWebKit/537.36 (KHTML, like Gecko) Chrome/93.0.4577.63 Safari/537.36"
192.168.1.1 - - [18/Mar/2023:09:33:53 +0000] "DELETE /api/products HTTP/1.1" 403 889 "-" "Mozilla/5.0 (Macintosh; Intel Mac OS X 10_15_7) AppleWebKit/537.36 (KHTML, like Gecko) Chrome/94.0.4606.81 Safari/537.36"
192.168.1.1 - - [18/Mar/2023:09:33:53 +0000] "PATCH /api/products" 200 134 "-" "Mozilla/5.0 (Windows NT 10.0; Win64; x64; rv:93.0) Gecko/20100101 Firefox/93.0"
192.168.1.2 - - [18/Mar/2023:09:33:53 +0000] "POST /api/users HTTP/1.1" 200 512 "-" "Mozilla/5.0 (Windows NT 10.0; Win64; x64) AppleWebKit/537.36 (KHTML, like Gecko) Chrome/93.0.4577.63 Safari/537.36"
192.168.1.3 - - [18/Mar/2023:09:33:53 +0000] "GET /api/users HTTP/1.1" 404 875 "-" "Mozilla/5.0 (Macintosh; Intel Mac OS X 10_15_7) AppleWebKit/537.36 (KHTML, like Gecko) Chrome/93.0.4577.63 Safari/537.36"
192.168.1.1 - - [18/Mar/2023:09:33:53 +0000] "PATCH /api/orders" 200 189 "-" "Mozilla/5.0 (Windows NT 10.0; Win64; x64; rv:94.0) Gecko/20100101 Firefox/94.0"
192.168.1.1 - - [18/Mar/2023:09:33:53 +0000] "POST /api/invoices HTTP/1.1" 404 715 "-" "Mozilla/5.0 (Windows NT 10.0; Win64; x64) AppleWebKit/537.36 (KHTML, like Gecko) Chrome/93.0.4577.63 Safari/537.36"
192.168.1.2 - - [18/Mar/2023:09:33:53 +0000] "PUT /api/orders HTTP/1.1" 204 21 "-" "Mozilla/5.0 (Macintosh; Intel Mac OS X 10_15_7) AppleWebKit/537.36 (KHTML, like Gecko) Chrome/93.0.4577.63 Safari/537.36"
192.168.1.3 - - [18/Mar/2023:09:33:53 +0000] "PUT /api/products HTTP/1.1" 403 557 "-" "Mozilla/5.0 (Windows NT 10.0; Win64; x64; rv:93.0) Gecko/20100101 Firefox/93.0"
192.168.1.1 - - [18/Mar/2023:09:33:53 +0000] "POST /api/products HTTP/1.1" 401 742 "-" "Mozilla/5.0 (Windows NT 10.0; Win64; x64) AppleWebKit/537.36 (KHTML, like Gecko) Chrome/93.0.4577.63 Safari/537.36"
192.168.1.4 - - [18/Mar/2023:09:33:53 +0000] "DELETE /api/products HTTP/1.1" 204 993 "-" "Mozilla/5.0 (Windows NT 10.0; Win64; x64) AppleWebKit/537.36 (KHTML, like Gecko) Chrome/93.0.4577.63 Safari/537.36"
192.168.1.4 - - [18/Mar/2023:09:33:53 +0000] "PUT /api/products HTTP/1.1" 401 715 "-" "Mozilla/5.0 (Windows NT 10.0; Win64; x64) AppleWebKit/537.36 (KHTML, like Gecko) Chrome/93.0.4577.63 Safari/537.36"
192.168.1.1 - - [18/Mar/2023:09:33:53 +0000] "DELETE /api/users HTTP/1.1" 401 475 "-" "Mozilla/5.0 (Windows NT 10.0; Win64; x64) AppleWebKit/537.36 (KHTML, like Gecko) Chrome/93.0.4577.63 Safari/537.36"
192.168.1.4 - - [18/Mar/2023:09:33:53 +0000] "PUT /api/customers HTTP/1.1" 403 987 "-" "Mozilla/5.0 (Windows NT 10.0; Win64; x64; rv:94.0) Gecko/20100101 Firefox/94.0"
192.168.1.3 - - [18/Mar/2023:09:33:53 +0000] "DELETE /api/orders HTTP/1.1" 201 128 "-" "Mozilla/5.0 (Windows NT 10.0; Win64; x64) AppleWebKit/537.36 (KHTML, like Gecko) Chrome/94.0.4606.81 Safari/537.36"
192.168.1.5 - - [18/Mar/2023:09:33:53 +0000] "GET /api/orders HTTP/1.1" 201 670 "-" "Mozilla/5.0 (Macintosh; Intel Mac OS X 10_15_7) AppleWebKit/537.36 (KHTML, like Gecko) Chrome/93.0.4577.63 Safari/537.36"
192.168.1.4 - - [18/Mar/2023:09:33:53 +0000] "DELETE /api/products HTTP/1.1" 403 332 "-" "Mozilla/5.0 (Windows NT 10.0; Win64; x64; rv:94.0) Gecko/20100101 Firefox/94.0"
192.168.1.4 - - [18/Mar/2023:09:33:53 +0000] "PATCH /api/products" 201 390 "-" "Mozilla/5.0 (Macintosh; Intel Mac OS X 10_15_7) AppleWebKit/537.36 (KHTML, like Gecko) Chrome/94.0.4606.81 Safari/537.36"
192.168.1.2 - - [18/Mar/2023:09:33:53 +0000] "DELETE /api/customers HTTP/1.1" 404 933 "-" "Mozilla/5.0 (Windows NT 10.0; Win64; x64; rv:94.0) Gecko/20100101 Firefox/94.0"
192.168.1.2 - - [18/Mar/2023:09:33:53 +0000] "PATCH /api/invoices" 401 736 "-" "Mozilla/5.0 (Macintosh; Intel Mac OS X 10_15_7) AppleWebKit/537.36 (KHTML, like Gecko) Chrome/93.0.4577.63 Safari/537.36"
192.168.1.1 - - [18/Mar/2023:09:33:53 +0000] "PATCH /api/products" 201 528 "-" "Mozilla/5.0 (Windows NT 10.0; Win64; x64) AppleWebKit/537.36 (KHTML, like Gecko) Chrome/94.0.4606.81 Safari/537.36"
192.168.1.5 - - [18/Mar/2023:09:33:53 +0000] "POST /api/invoices HTTP/1.1" 403 896 "-" "Mozilla/5.0 (Windows NT 10.0; Win64; x64) AppleWebKit/537.36 (KHTML, like Gecko) Chrome/94.0.4606.81 Safari/537.36"
192.168.1.4 - - [18/Mar/2023:09:33:53 +0000] "DELETE /api/invoices HTTP/1.1" 201 32 "-" "Mozilla/5.0 (Macintosh; Intel Mac OS X 10_15_7) AppleWebKit/537.36 (KHTML, like Gecko) Chrome/94.0.4606.81 Safari/537.36"
192.168.1.5 - - [18/Mar/2023:09:33:53 +0000] "GET /api/customers HTTP/1.1" 401 997 "-" "Mozilla/5.0 (Windows NT 10.0; Win64; x64) AppleWebKit/537.36 (KHTML, like Gecko) Chrome/93.0.4577.63 Safari/537.36"
192.168.1.2 - - [18/Mar/2023:09:33:53 +0000] "PUT /api/invoices HTTP/1.1" 500 291 "-" "Mozilla/5.0 (Macintosh; Intel Mac OS X 10_15_7) AppleWebKit/537.36 (KHTML, like Gecko) Chrome/94.0.4606.81 Safari/537.36"
192.168.1.1 - - [18/Mar/2023:09:33:53 +0000] "POST /api/orders HTTP/1.1" 401 272 "-" "Mozilla/5.0 (Macintosh; Intel Mac OS X 10_15_7) AppleWebKit/537.36 (KHTML, like Gecko) Chrome/94.0.4606.81 Safari/537.36"
192.168.1.4 - - [18/Mar/2023:09:33:53 +0000] "GET /api/invoices HTTP/1.1" 401 751 "-" "Mozilla/5.0 (Windows NT 10.0; Win64; x64; rv:93.0) Gecko/20100101 Firefox/93.0"
192.168.1.4 - - [18/Mar/2023:09:33:53 +0000] "DELETE /api/users HTTP/1.1" 400 822 "-" "Mozilla/5.0 (Windows NT 10.0; Win64; x64) AppleWebKit/537.36 (KHTML, like Gecko) Chrome/94.0.4606.81 Safari/537.36"
192.168.1.4 - - [18/Mar/2023:09:33:53 +0000] "PUT /api/customers HTTP/1.1" 500 360 "-" "Mozilla/5.0 (Windows NT 10.0; Win64; x64) AppleWebKit/537.36 (KHTML, like Gecko) Chrome/93.0.4577.63 Safari/537.36"
192.168.1.3 - - [18/Mar/2023:09:33:53 +0000] "GET /api/invoices HTTP/1.1" 404 590 "-" "Mozilla/5.0 (Macintosh; Intel Mac OS X 10_15_7) AppleWebKit/537.36 (KHTML, like Gecko) Chrome/94.0.4606.81 Safari/537.36"
192.168.1.4 - - [18/Mar/2023:09:33:53 +0000] "PUT /api/orders HTTP/1.1" 403 528 "-" "Mozilla/5.0 (Macintosh; Intel Mac OS X 10_15_7) AppleWebKit/537.36 (KHTML, like Gecko) Chrome/94.0.4606.81 Safari/537.36"
192.168.1.2 - - [18/Mar/2023:09:33:53 +0000] "DELETE /api/products HTTP/1.1" 201 448 "-" "Mozilla/5.0 (Macintosh; Intel Mac OS X 10_15_7) AppleWebKit/537.36 (KHTML, like Gecko) Chrome/94.0.4606.81 Safari/537.36"
192.168.1.3 - - [18/Mar/2023:09:33:53 +0000] "PUT /api/orders HTTP/1.1" 400 634 "-" "Mozilla/5.0 (Windows NT 10.0; Win64; x64) AppleWebKit/537.36 (KHTML, like Gecko) Chrome/93.0.4577.63 Safari/537.36"
192.168.1.1 - - [18/Mar/2023:09:33:53 +0000] "POST /api/orders HTTP/1.1" 400 88 "-" "Mozilla/5.0 (Macintosh; Intel Mac OS X 10_15_7) AppleWebKit/537.36 (KHTML, like Gecko) Chrome/93.0.4577.63 Safari/537.36"
192.168.1.4 - - [18/Mar/2023:09:33:53 +0000] "POST /api/orders HTTP/1.1" 201 853 "-" "Mozilla/5.0 (Macintosh; Intel Mac OS X 10_15_7) AppleWebKit/537.36 (KHTML, like Gecko) Chrome/94.0.4606.81 Safari/537.36"
192.168.1.5 - - [18/Mar/2023:09:33:53 +0000] "GET /api/products HTTP/1.1" 200 472 "-" "Mozilla/5.0 (Windows NT 10.0; Win64; x64) AppleWebKit/537.36 (KHTML, like Gecko) Chrome/93.0.4577.63 Safari/537.36"
192.168.1.4 - - [18/Mar/2023:09:33:53 +0000] "PATCH /api/products" 500 940 "-" "Mozilla/5.0 (Windows NT 10.0; Win64; x64) AppleWebKit/537.36 (KHTML, like Gecko) Chrome/94.0.4606.81 Safari/537.36"
192.168.1.3 - - [18/Mar/2023:09:33:53 +0000] "GET /api/orders HTTP/1.1" 400 668 "-" "Mozilla/5.0 (Macintosh; Intel Mac OS X 10_15_7) AppleWebKit/537.36 (KHTML, like Gecko) Chrome/94.0.4606.81 Safari/537.36"
192.168.1.5 - - [18/Mar/2023:09:33:53 +0000] "GET /api/products HTTP/1.1" 404 262 "-" "Mozilla/5.0 (Macintosh; Intel Mac OS X 10_15_7) AppleWebKit/537.36 (KHTML, like Gecko) Chrome/93.0.4577.63 Safari/537.36"
192.168.1.3 - - [18/Mar/2023:09:33:53 +0000] "POST /api/products HTTP/1.1" 201 99 "-" "Mozilla/5.0 (Macintosh; Intel Mac OS X 10_15_7) AppleWebKit/537.36 (KHTML, like Gecko) Chrome/94.0.4606.81 Safari/537.36"
192.168.1.2 - - [18/Mar/2023:09:33:53 +0000] "PUT /api/invoices HTTP/1.1" 200 965 "-" "Mozilla/5.0 (Macintosh; Intel Mac OS X 10_15_7) AppleWebKit/537.36 (KHTML, like Gecko) Chrome/94.0.4606.81 Safari/537.36"
192.168.1.5 - - [18/Mar/2023:09:33:53 +0000] "DELETE /api/users HTTP/1.1" 200 138 "-" "Mozilla/5.0 (Windows NT 10.0; Win64; x64) AppleWebKit/537.36 (KHTML, like Gecko) Chrome/94.0.4606.81 Safari/537.36"
192.168.1.2 - - [18/Mar/2023:09:33:53 +0000] "PUT /api/orders HTTP/1.1" 200 929 "-" "Mozilla/5.0 (Macintosh; Intel Mac OS X 10_15_7) AppleWebKit/537.36 (KHTML, like Gecko) Chrome/94.0.4606.81 Safari/537.36"
192.168.1.3 - - [18/Mar/2023:09:33:53 +0000] "GET /api/invoices HTTP/1.1" 201 860 "-" "Mozilla/5.0 (Windows NT 10.0; Win64; x64) AppleWebKit/537.36 (KHTML, like Gecko) Chrome/93.0.4577.63 Safari/537.36"
192.168.1.5 - - [18/Mar/2023:09:33:53 +0000] "GET /api/orders HTTP/1.1" 204 292 "-" "Mozilla/5.0 (Windows NT 10.0; Win64; x64) AppleWebKit/537.36 (KHTML, like Gecko) Chrome/94.0.4606.81 Safari/537.36"
192.168.1.4 - - [18/Mar/2023:09:33:53 +0000] "POST /api/customers HTTP/1.1" 201 837 "-" "Mozilla/5.0 (Windows NT 10.0; Win64; x64; rv:94.0) Gecko/20100101 Firefox/94.0"
192.168.1.2 - - [18/Mar/2023:09:33:53 +0000] "GET /api/invoices HTTP/1.1" 500 585 "-" "Mozilla/5.0 (Windows NT 10.0; Win64; x64) AppleWebKit/537.36 (KHTML, like Gecko) Chrome/93.0.4577.63 Safari/537.36"
192.168.1.4 - - [18/Mar/2023:09:33:53 +0000] "DELETE /api/products HTTP/1.1" 401 999 "-" "Mozilla/5.0 (Macintosh; Intel Mac OS X 10_15_7) AppleWebKit/537.36 (KHTML, like Gecko) Chrome/94.0.4606.81 Safari/537.36"
192.168.1.1 - - [18/Mar/2023:09:33:53 +0000] "DELETE /api/orders HTTP/1.1" 204 818 "-" "Mozilla/5.0 (Windows NT 10.0; Win64; x64; rv:94.0) Gecko/20100101 Firefox/94.0"
192.168.1.1 - - [18/Mar/2023:09:33:53 +0000] "PATCH /api/invoices" 404 561 "-" "Mozilla/5.0 (Macintosh; Intel Mac OS X 10_15_7) AppleWebKit/537.36 (KHTML, like Gecko) Chrome/94.0.4606.81 Safari/537.36"
192.168.1.2 - - [18/Mar/2023:09:33:53 +0000] "DELETE /api/invoices HTTP/1.1" 400 703 "-" "Mozilla/5.0 (Macintosh; Intel Mac OS X 10_15_7) AppleWebKit/537.36 (KHTML, like Gecko) Chrome/93.0.4577.63 Safari/537.36"
192.168.1.2 - - [18/Mar/2023:09:33:53 +0000] "PUT /api/orders HTTP/1.1" 200 775 "-" "Mozilla/5.0 (Windows NT 10.0; Win64; x64) AppleWebKit/537.36 (KHTML, like Gecko) Chrome/94.0.4606.81 Safari/537.36"
192.168.1.4 - - [18/Mar/2023:09:33:53 +0000] "DELETE /api/customers HTTP/1.1" 401 92 "-" "Mozilla/5.0 (Macintosh; Intel Mac OS X 10_15_7) AppleWebKit/537.36 (KHTML, like Gecko) Chrome/94.0.4606.81 Safari/537.36"
192.168.1.1 - - [18/Mar/2023:09:33:53 +0000] "PATCH /api/orders" 404 850 "-" "Mozilla/5.0 (Macintosh; Intel Mac OS X 10_15_7) AppleWebKit/537.36 (KHTML, like Gecko) Chrome/93.0.4577.63 Safari/537.36"
192.168.1.2 - - [18/Mar/2023:09:33:53 +0000] "PATCH /api/orders" 401 983 "-" "Mozilla/5.0 (Windows NT 10.0; Win64; x64; rv:94.0) Gecko/20100101 Firefox/94.0"
192.168.1.1 - - [18/Mar/2023:09:33:53 +0000] "POST /api/invoices HTTP/1.1" 200 91 "-" "Mozilla/5.0 (Windows NT 10.0; Win64; x64; rv:94.0) Gecko/20100101 Firefox/94.0"
192.168.1.5 - - [18/Mar/2023:09:33:53 +0000] "PUT /api/products HTTP/1.1" 403 782 "-" "Mozilla/5.0 (Macintosh; Intel Mac OS X 10_15_7) AppleWebKit/537.36 (KHTML, like Gecko) Chrome/93.0.4577.63 Safari/537.36"
192.168.1.1 - - [18/Mar/2023:09:33:53 +0000] "DELETE /api/customers HTTP/1.1" 500 759 "-" "Mozilla/5.0 (Windows NT 10.0; Win64; x64; rv:93.0) Gecko/20100101 Firefox/93.0"
192.168.1.2 - - [18/Mar/2023:09:33:53 +0000] "GET /api/orders HTTP/1.1" 400 923 "-" "Mozilla/5.0 (Windows NT 10.0; Win64; x64) AppleWebKit/537.36 (KHTML, like Gecko) Chrome/93.0.4577.63 Safari/537.36"
192.168.1.1 - - [18/Mar/2023:09:33:53 +0000] "PUT /api/customers HTTP/1.1" 401 986 "-" "Mozilla/5.0 (Windows NT 10.0; Win64; x64) AppleWebKit/537.36 (KHTML, like Gecko) Chrome/94.0.4606.81 Safari/537.36"
192.168.1.5 - - [18/Mar/2023:09:33:53 +0000] "POST /api/products HTTP/1.1" 201 260 "-" "Mozilla/5.0 (Macintosh; Intel Mac OS X 10_15_7) AppleWebKit/537.36 (KHTML, like Gecko) Chrome/94.0.4606.81 Safari/537.36"
192.168.1.4 - - [18/Mar/2023:09:33:53 +0000] "PUT /api/customers HTTP/1.1" 500 527 "-" "Mozilla/5.0 (Windows NT 10.0; Win64; x64) AppleWebKit/537.36 (KHTML, like Gecko) Chrome/93.0.4577.63 Safari/537.36"
192.168.1.4 - - [18/Mar/2023:09:33:53 +0000] "POST /api/orders HTTP/1.1" 403 305 "-" "Mozilla/5.0 (Macintosh; Intel Mac OS X 10_15_7) AppleWebKit/537.36 (KHTML, like Gecko) Chrome/94.0.4606.81 Safari/537.36"
192.168.1.2 - - [18/Mar/2023:09:33:53 +0000] "PATCH /api/orders" 401 373 "-" "Mozilla/5.0 (Windows NT 10.0; Win64; x64; rv:93.0) Gecko/20100101 Firefox/93.0"
192.168.1.5 - - [18/Mar/2023:09:33:53 +0000] "POST /api/customers HTTP/1.1" 204 94 "-" "Mozilla/5.0 (Windows NT 10.0; Win64; x64) AppleWebKit/537.36 (KHTML, like Gecko) Chrome/93.0.4577.63 Safari/537.36"
192.168.1.2 - - [18/Mar/2023:09:33:53 +0000] "PATCH /api/customers" 400 856 "-" "Mozilla/5.0 (Macintosh; Intel Mac OS X 10_15_7) AppleWebKit/537.36 (KHTML, like Gecko) Chrome/93.0.4577.63 Safari/537.36"
192.168.1.4 - - [18/Mar/2023:09:33:53 +0000] "DELETE /api/orders HTTP/1.1" 400 105 "-" "Mozilla/5.0 (Windows NT 10.0; Win64; x64; rv:93.0) Gecko/20100101 Firefox/93.0"
192.168.1.3 - - [18/Mar/2023:09:33:53 +0000] "DELETE /api/invoices HTTP/1.1" 401 232 "-" "Mozilla/5.0 (Macintosh; Intel Mac OS X 10_15_7) AppleWebKit/537.36 (KHTML, like Gecko) Chrome/93.0.4577.63 Safari/537.36"
192.168.1.1 - - [18/Mar/2023:09:33:53 +0000] "PUT /api/customers HTTP/1.1" 400 274 "-" "Mozilla/5.0 (Macintosh; Intel Mac OS X 10_15_7) AppleWebKit/537.36 (KHTML, like Gecko) Chrome/94.0.4606.81 Safari/537.36"
192.168.1.4 - - [18/Mar/2023:09:33:53 +0000] "GET /api/orders HTTP/1.1" 204 954 "-" "Mozilla/5.0 (Macintosh; Intel Mac OS X 10_15_7) AppleWebKit/537.36 (KHTML, like Gecko) Chrome/94.0.4606.81 Safari/537.36"
192.168.1.5 - - [18/Mar/2023:09:33:53 +0000] "GET /api/products HTTP/1.1" 200 698 "-" "Mozilla/5.0 (Macintosh; Intel Mac OS X 10_15_7) AppleWebKit/537.36 (KHTML, like Gecko) Chrome/93.0.4577.63 Safari/537.36"
192.168.1.4 - - [18/Mar/2023:09:33:53 +0000] "POST /api/customers HTTP/1.1" 200 392 "-" "Mozilla/5.0 (Windows NT 10.0; Win64; x64; rv:93.0) Gecko/20100101 Firefox/93.0"
192.168.1.3 - - [18/Mar/2023:09:33:53 +0000] "PUT /api/users HTTP/1.1" 403 697 "-" "Mozilla/5.0 (Macintosh; Intel Mac OS X 10_15_7) AppleWebKit/537.36 (KHTML, like Gecko) Chrome/94.0.4606.81 Safari/537.36"
192.168.1.3 - - [18/Mar/2023:09:33:53 +0000] "PUT /api/customers HTTP/1.1" 204 76 "-" "Mozilla/5.0 (Windows NT 10.0; Win64; x64; rv:93.0) Gecko/20100101 Firefox/93.0"
192.168.1.3 - - [18/Mar/2023:09:33:53 +0000] "PATCH /api/customers" 200 587 "-" "Mozilla/5.0 (Windows NT 10.0; Win64; x64; rv:94.0) Gecko/20100101 Firefox/94.0"
192.168.1.2 - - [18/Mar/2023:09:33:53 +0000] "GET /api/users HTTP/1.1" 500 853 "-" "Mozilla/5.0 (Macintosh; Intel Mac OS X 10_15_7) AppleWebKit/537.36 (KHTML, like Gecko) Chrome/94.0.4606.81 Safari/537.36"
192.168.1.3 - - [18/Mar/2023:09:33:53 +0000] "GET /api/invoices HTTP/1.1" 401 588 "-" "Mozilla/5.0 (Windows NT 10.0; Win64; x64; rv:94.0) Gecko/20100101 Firefox/94.0"
192.168.1.2 - - [18/Mar/2023:09:33:53 +0000] "DELETE /api/invoices HTTP/1.1" 401 962 "-" "Mozilla/5.0 (Windows NT 10.0; Win64; x64) AppleWebKit/537.36 (KHTML, like Gecko) Chrome/94.0.4606.81 Safari/537.36"
192.168.1.5 - - [18/Mar/2023:09:33:53 +0000] "PUT /api/users HTTP/1.1" 201 576 "-" "Mozilla/5.0 (Macintosh; Intel Mac OS X 10_15_7) AppleWebKit/537.36 (KHTML, like Gecko) Chrome/93.0.4577.63 Safari/537.36"
192.168.1.5 - - [18/Mar/2023:09:33:53 +0000] "GET /api/products HTTP/1.1" 401 643 "-" "Mozilla/5.0 (Windows NT 10.0; Win64; x64) AppleWebKit/537.36 (KHTML, like Gecko) Chrome/94.0.4606.81 Safari/537.36"
192.168.1.4 - - [18/Mar/2023:09:33:53 +0000] "PATCH /api/products" 400 225 "-" "Mozilla/5.0 (Windows NT 10.0; Win64; x64; rv:93.0) Gecko/20100101 Firefox/93.0"
192.168.1.1 - - [18/Mar/2023:09:33:53 +0000] "PUT /api/users HTTP/1.1" 400 380 "-" "Mozilla/5.0 (Windows NT 10.0; Win64; x64; rv:93.0) Gecko/20100101 Firefox/93.0"
192.168.1.3 - - [18/Mar/2023:09:33:53 +0000] "GET /api/products HTTP/1.1" 201 940 "-" "Mozilla/5.0 (Macintosh; Intel Mac OS X 10_15_7) AppleWebKit/537.36 (KHTML, like Gecko) Chrome/93.0.4577.63 Safari/537.36"
192.168.1.4 - - [18/Mar/2023:09:33:53 +0000] "DELETE /api/customers HTTP/1.1" 204 479 "-" "Mozilla/5.0 (Windows NT 10.0; Win64; x64; rv:94.0) Gecko/20100101 Firefox/94.0"
192.168.1.3 - - [18/Mar/2023:09:33:53 +0000] "PUT /api/customers HTTP/1.1" 400 880 "-" "Mozilla/5.0 (Windows NT 10.0; Win64; x64; rv:93.0) Gecko/20100101 Firefox/93.0"
192.168.1.2 - - [18/Mar/2023:09:33:53 +0000] "POST /api/orders HTTP/1.1" 500 551 "-" "Mozilla/5.0 (Windows NT 10.0; Win64; x64; rv:93.0) Gecko/20100101 Firefox/93.0"
192.168.1.3 - - [18/Mar/2023:09:33:53 +0000] "PUT /api/customers HTTP/1.1" 204 48 "-" "Mozilla/5.0 (Windows NT 10.0; Win64; x64; rv:94.0) Gecko/20100101 Firefox/94.0"
192.168.1.3 - - [18/Mar/2023:09:33:53 +0000] "PUT /api/users HTTP/1.1" 404 36 "-" "Mozilla/5.0 (Windows NT 10.0; Win64; x64; rv:94.0) Gecko/20100101 Firefox/94.0"
192.168.1.2 - - [18/Mar/2023:09:33:53 +0000] "DELETE /api/users HTTP/1.1" 201 42 "-" "Mozilla/5.0 (Windows NT 10.0; Win64; x64; rv:93.0) Gecko/20100101 Firefox/93.0"
192.168.1.3 - - [18/Mar/2023:09:33:53 +0000] "GET /api/customers HTTP/1.1" 400 727 "-" "Mozilla/5.0 (Windows NT 10.0; Win64; x64; rv:94.0) Gecko/20100101 Firefox/94.0"
192.168.1.1 - - [18/Mar/2023:09:33:53 +0000] "POST /api/orders HTTP/1.1" 403 949 "-" "Mozilla/5.0 (Windows NT 10.0; Win64; x64) AppleWebKit/537.36 (KHTML, like Gecko) Chrome/93.0.4577.63 Safari/537.36"
192.168.1.2 - - [18/Mar/2023:09:33:53 +0000] "DELETE /api/users HTTP/1.1" 400 836 "-" "Mozilla/5.0 (Windows NT 10.0; Win64; x64) AppleWebKit/537.36 (KHTML, like Gecko) Chrome/94.0.4606.81 Safari/537.36"
192.168.1.2 - - [18/Mar/2023:09:33:53 +0000] "GET /api/products HTTP/1.1" 500 123 "-" "Mozilla/5.0 (Windows NT 10.0; Win64; x64) AppleWebKit/537.36 (KHTML, like Gecko) Chrome/93.0.4577.63 Safari/537.36"
192.168.1.4 - - [18/Mar/2023:09:33:53 +0000] "DELETE /api/users HTTP/1.1" 404 797 "-" "Mozilla/5.0 (Windows NT 10.0; Win64; x64; rv:94.0) Gecko/20100101 Firefox/94.0"
192.168.1.4 - - [18/Mar/2023:09:33:53 +0000] "POST /api/products HTTP/1.1" 500 588 "-" "Mozilla/5.0 (Windows NT 10.0; Win64; x64; rv:94.0) Gecko/20100101 Firefox/94.0"
192.168.1.3 - - [18/Mar/2023:09:33:53 +0000] "POST /api/products HTTP/1.1" 500 194 "-" "Mozilla/5.0 (Windows NT 10.0; Win64; x64) AppleWebKit/537.36 (KHTML, like Gecko) Chrome/93.0.4577.63 Safari/537.36"
192.168.1.5 - - [18/Mar/2023:09:33:53 +0000] "POST /api/products HTTP/1.1" 403 713 "-" "Mozilla/5.0 (Windows NT 10.0; Win64; x64; rv:94.0) Gecko/20100101 Firefox/94.0"
192.168.1.5 - - [18/Mar/2023:09:33:53 +0000] "POST /api/customers HTTP/1.1" 404 971 "-" "Mozilla/5.0 (Windows NT 10.0; Win64; x64) AppleWebKit/537.36 (KHTML, like Gecko) Chrome/94.0.4606.81 Safari/537.36"
192.168.1.1 - - [18/Mar/2023:09:33:53 +0000] "GET /api/invoices HTTP/1.1" 400 53 "-" "Mozilla/5.0 (Macintosh; Intel Mac OS X 10_15_7) AppleWebKit/537.36 (KHTML, like Gecko) Chrome/93.0.4577.63 Safari/537.36"
192.168.1.1 - - [18/Mar/2023:09:33:53 +0000] "GET /api/users HTTP/1.1" 200 30 "-" "Mozilla/5.0 (Windows NT 10.0; Win64; x64) AppleWebKit/537.36 (KHTML, like Gecko) Chrome/93.0.4577.63 Safari/537.36"
192.168.1.5 - - [18/Mar/2023:09:33:53 +0000] "GET /api/products HTTP/1.1" 400 507 "-" "Mozilla/5.0 (Windows NT 10.0; Win64; x64) AppleWebKit/537.36 (KHTML, like Gecko) Chrome/94.0.4606.81 Safari/537.36"
192.168.1.5 - - [18/Mar/2023:09:33:53 +0000] "PUT /api/orders HTTP/1.1" 404 413 "-" "Mozilla/5.0 (Macintosh; Intel Mac OS X 10_15_7) AppleWebKit/537.36 (KHTML, like Gecko) Chrome/93.0.4577.63 Safari/537.36"
192.168.1.1 - - [18/Mar/2023:09:33:53 +0000] "DELETE /api/products HTTP/1.1" 204 906 "-" "Mozilla/5.0 (Macintosh; Intel Mac OS X 10_15_7) AppleWebKit/537.36 (KHTML, like Gecko) Chrome/94.0.4606.81 Safari/537.36"
192.168.1.5 - - [18/Mar/2023:09:33:53 +0000] "GET /api/users HTTP/1.1" 201 112 "-" "Mozilla/5.0 (Windows NT 10.0; Win64; x64) AppleWebKit/537.36 (KHTML, like Gecko) Chrome/93.0.4577.63 Safari/537.36"
192.168.1.5 - - [18/Mar/2023:09:33:53 +0000] "POST /api/users HTTP/1.1" 200 541 "-" "Mozilla/5.0 (Macintosh; Intel Mac OS X 10_15_7) AppleWebKit/537.36 (KHTML, like Gecko) Chrome/94.0.4606.81 Safari/537.36"
192.168.1.4 - - [18/Mar/2023:09:33:53 +0000] "PATCH /api/users" 404 221 "-" "Mozilla/5.0 (Windows NT 10.0; Win64; x64; rv:94.0) Gecko/20100101 Firefox/94.0"
192.168.1.2 - - [18/Mar/2023:09:33:53 +0000] "DELETE /api/customers HTTP/1.1" 403 633 "-" "Mozilla/5.0 (Windows NT 10.0; Win64; x64) AppleWebKit/537.36 (KHTML, like Gecko) Chrome/94.0.4606.81 Safari/537.36"
192.168.1.4 - - [18/Mar/2023:09:33:53 +0000] "PUT /api/products HTTP/1.1" 403 564 "-" "Mozilla/5.0 (Windows NT 10.0; Win64; x64; rv:94.0) Gecko/20100101 Firefox/94.0"
192.168.1.4 - - [18/Mar/2023:09:33:53 +0000] "GET /api/orders HTTP/1.1" 401 809 "-" "Mozilla/5.0 (Windows NT 10.0; Win64; x64) AppleWebKit/537.36 (KHTML, like Gecko) Chrome/93.0.4577.63 Safari/537.36"
192.168.1.5 - - [18/Mar/2023:09:33:53 +0000] "PATCH /api/users" 201 535 "-" "Mozilla/5.0 (Windows NT 10.0; Win64; x64) AppleWebKit/537.36 (KHTML, like Gecko) Chrome/93.0.4577.63 Safari/537.36"
192.168.1.4 - - [18/Mar/2023:09:33:53 +0000] "POST /api/products HTTP/1.1" 200 396 "-" "Mozilla/5.0 (Windows NT 10.0; Win64; x64; rv:94.0) Gecko/20100101 Firefox/94.0"
192.168.1.2 - - [18/Mar/2023:09:33:53 +0000] "POST /api/products HTTP/1.1" 403 592 "-" "Mozilla/5.0 (Macintosh; Intel Mac OS X 10_15_7) AppleWebKit/537.36 (KHTML, like Gecko) Chrome/93.0.4577.63 Safari/537.36"
192.168.1.3 - - [18/Mar/2023:09:33:53 +0000] "POST /api/orders HTTP/1.1" 204 537 "-" "Mozilla/5.0 (Windows NT 10.0; Win64; x64) AppleWebKit/537.36 (KHTML, like Gecko) Chrome/93.0.4577.63 Safari/537.36"
192.168.1.3 - - [18/Mar/2023:09:33:53 +0000] "POST /api/customers HTTP/1.1" 401 276 "-" "Mozilla/5.0 (Macintosh; Intel Mac OS X 10_15_7) AppleWebKit/537.36 (KHTML, like Gecko) Chrome/94.0.4606.81 Safari/537.36"
192.168.1.1 - - [18/Mar/2023:09:33:53 +0000] "PATCH /api/customers" 403 671 "-" "Mozilla/5.0 (Windows NT 10.0; Win64; x64) AppleWebKit/537.36 (KHTML, like Gecko) Chrome/94.0.4606.81 Safari/537.36"
192.168.1.4 - - [18/Mar/2023:09:33:53 +0000] "PUT /api/invoices HTTP/1.1" 403 751 "-" "Mozilla/5.0 (Windows NT 10.0; Win64; x64; rv:94.0) Gecko/20100101 Firefox/94.0"
192.168.1.2 - - [18/Mar/2023:09:33:53 +0000] "PUT /api/products HTTP/1.1" 201 370 "-" "Mozilla/5.0 (Windows NT 10.0; Win64; x64) AppleWebKit/537.36 (KHTML, like Gecko) Chrome/93.0.4577.63 Safari/537.36"
192.168.1.2 - - [18/Mar/2023:09:33:53 +0000] "POST /api/users HTTP/1.1" 400 263 "-" "Mozilla/5.0 (Macintosh; Intel Mac OS X 10_15_7) AppleWebKit/537.36 (KHTML, like Gecko) Chrome/93.0.4577.63 Safari/537.36"
192.168.1.2 - - [18/Mar/2023:09:33:53 +0000] "POST /api/orders HTTP/1.1" 200 891 "-" "Mozilla/5.0 (Windows NT 10.0; Win64; x64; rv:93.0) Gecko/20100101 Firefox/93.0"
192.168.1.2 - - [18/Mar/2023:09:33:53 +0000] "GET /api/users HTTP/1.1" 500 436 "-" "Mozilla/5.0 (Windows NT 10.0; Win64; x64) AppleWebKit/537.36 (KHTML, like Gecko) Chrome/94.0.4606.81 Safari/537.36"
192.168.1.3 - - [18/Mar/2023:09:33:53 +0000] "POST /api/users HTTP/1.1" 204 816 "-" "Mozilla/5.0 (Windows NT 10.0; Win64; x64) AppleWebKit/537.36 (KHTML, like Gecko) Chrome/94.0.4606.81 Safari/537.36"
192.168.1.5 - - [18/Mar/2023:09:33:53 +0000] "GET /api/orders HTTP/1.1" 201 557 "-" "Mozilla/5.0 (Windows NT 10.0; Win64; x64) AppleWebKit/537.36 (KHTML, like Gecko) Chrome/93.0.4577.63 Safari/537.36"
192.168.1.5 - - [18/Mar/2023:09:33:53 +0000] "POST /api/orders HTTP/1.1" 404 761 "-" "Mozilla/5.0 (Windows NT 10.0; Win64; x64; rv:94.0) Gecko/20100101 Firefox/94.0"
192.168.1.5 - - [18/Mar/2023:09:33:53 +0000] "PATCH /api/invoices" 204 737 "-" "Mozilla/5.0 (Windows NT 10.0; Win64; x64; rv:93.0) Gecko/20100101 Firefox/93.0"
192.168.1.2 - - [18/Mar/2023:09:33:53 +0000] "GET /api/invoices HTTP/1.1" 500 431 "-" "Mozilla/5.0 (Windows NT 10.0; Win64; x64; rv:94.0) Gecko/20100101 Firefox/94.0"
192.168.1.3 - - [18/Mar/2023:09:33:53 +0000] "PUT /api/products HTTP/1.1" 201 258 "-" "Mozilla/5.0 (Macintosh; Intel Mac OS X 10_15_7) AppleWebKit/537.36 (KHTML, like Gecko) Chrome/93.0.4577.63 Safari/537.36"
192.168.1.4 - - [18/Mar/2023:09:33:53 +0000] "DELETE /api/users HTTP/1.1" 500 663 "-" "Mozilla/5.0 (Macintosh; Intel Mac OS X 10_15_7) AppleWebKit/537.36 (KHTML, like Gecko) Chrome/94.0.4606.81 Safari/537.36"
192.168.1.5 - - [18/Mar/2023:09:33:53 +0000] "PATCH /api/products" 400 240 "-" "Mozilla/5.0 (Windows NT 10.0; Win64; x64; rv:94.0) Gecko/20100101 Firefox/94.0"
192.168.1.2 - - [18/Mar/2023:09:33:53 +0000] "DELETE /api/invoices HTTP/1.1" 500 249 "-" "Mozilla/5.0 (Macintosh; Intel Mac OS X 10_15_7) AppleWebKit/537.36 (KHTML, like Gecko) Chrome/93.0.4577.63 Safari/537.36"
192.168.1.4 - - [18/Mar/2023:09:33:53 +0000] "DELETE /api/customers HTTP/1.1" 500 292 "-" "Mozilla/5.0 (Windows NT 10.0; Win64; x64; rv:94.0) Gecko/20100101 Firefox/94.0"
192.168.1.3 - - [18/Mar/2023:09:33:53 +0000] "PUT /api/invoices HTTP/1.1" 404 982 "-" "Mozilla/5.0 (Windows NT 10.0; Win64; x64; rv:93.0) Gecko/20100101 Firefox/93.0"
192.168.1.4 - - [18/Mar/2023:09:33:53 +0000] "POST /api/products HTTP/1.1" 204 217 "-" "Mozilla/5.0 (Macintosh; Intel Mac OS X 10_15_7) AppleWebKit/537.36 (KHTML, like Gecko) Chrome/93.0.4577.63 Safari/537.36"
192.168.1.2 - - [18/Mar/2023:09:33:53 +0000] "POST /api/customers HTTP/1.1" 204 562 "-" "Mozilla/5.0 (Windows NT 10.0; Win64; x64; rv:93.0) Gecko/20100101 Firefox/93.0"
192.168.1.1 - - [18/Mar/2023:09:33:53 +0000] "POST /api/orders HTTP/1.1" 204 381 "-" "Mozilla/5.0 (Windows NT 10.0; Win64; x64) AppleWebKit/537.36 (KHTML, like Gecko) Chrome/93.0.4577.63 Safari/537.36"
192.168.1.2 - - [18/Mar/2023:09:33:53 +0000] "POST /api/orders HTTP/1.1" 500 545 "-" "Mozilla/5.0 (Windows NT 10.0; Win64; x64) AppleWebKit/537.36 (KHTML, like Gecko) Chrome/93.0.4577.63 Safari/537.36"
192.168.1.2 - - [18/Mar/2023:09:33:53 +0000] "DELETE /api/products HTTP/1.1" 204 682 "-" "Mozilla/5.0 (Macintosh; Intel Mac OS X 10_15_7) AppleWebKit/537.36 (KHTML, like Gecko) Chrome/93.0.4577.63 Safari/537.36"
192.168.1.2 - - [18/Mar/2023:09:33:53 +0000] "GET /api/users HTTP/1.1" 401 637 "-" "Mozilla/5.0 (Macintosh; Intel Mac OS X 10_15_7) AppleWebKit/537.36 (KHTML, like Gecko) Chrome/93.0.4577.63 Safari/537.36"
192.168.1.3 - - [18/Mar/2023:09:33:53 +0000] "GET /api/products HTTP/1.1" 400 432 "-" "Mozilla/5.0 (Windows NT 10.0; Win64; x64) AppleWebKit/537.36 (KHTML, like Gecko) Chrome/94.0.4606.81 Safari/537.36"
192.168.1.1 - - [18/Mar/2023:09:33:53 +0000] "DELETE /api/invoices HTTP/1.1" 403 130 "-" "Mozilla/5.0 (Windows NT 10.0; Win64; x64; rv:93.0) Gecko/20100101 Firefox/93.0"
192.168.1.5 - - [18/Mar/2023:09:33:53 +0000] "DELETE /api/products HTTP/1.1" 400 543 "-" "Mozilla/5.0 (Windows NT 10.0; Win64; x64; rv:94.0) Gecko/20100101 Firefox/94.0"
192.168.1.2 - - [18/Mar/2023:09:33:53 +0000] "POST /api/users HTTP/1.1" 201 937 "-" "Mozilla/5.0 (Macintosh; Intel Mac OS X 10_15_7) AppleWebKit/537.36 (KHTML, like Gecko) Chrome/94.0.4606.81 Safari/537.36"
192.168.1.1 - - [18/Mar/2023:09:33:53 +0000] "PATCH /api/customers" 200 358 "-" "Mozilla/5.0 (Windows NT 10.0; Win64; x64; rv:94.0) Gecko/20100101 Firefox/94.0"
192.168.1.2 - - [18/Mar/2023:09:33:53 +0000] "PUT /api/orders HTTP/1.1" 200 576 "-" "Mozilla/5.0 (Windows NT 10.0; Win64; x64; rv:93.0) Gecko/20100101 Firefox/93.0"
192.168.1.1 - - [18/Mar/2023:09:33:53 +0000] "PUT /api/users HTTP/1.1" 500 236 "-" "Mozilla/5.0 (Windows NT 10.0; Win64; x64; rv:93.0) Gecko/20100101 Firefox/93.0"
192.168.1.3 - - [18/Mar/2023:09:33:53 +0000] "DELETE /api/orders HTTP/1.1" 400 78 "-" "Mozilla/5.0 (Windows NT 10.0; Win64; x64; rv:94.0) Gecko/20100101 Firefox/94.0"
192.168.1.3 - - [18/Mar/2023:09:33:53 +0000] "POST /api/users HTTP/1.1" 200 202 "-" "Mozilla/5.0 (Macintosh; Intel Mac OS X 10_15_7) AppleWebKit/537.36 (KHTML, like Gecko) Chrome/93.0.4577.63 Safari/537.36"
192.168.1.3 - - [18/Mar/2023:09:33:53 +0000] "PUT /api/users HTTP/1.1" 404 603 "-" "Mozilla/5.0 (Macintosh; Intel Mac OS X 10_15_7) AppleWebKit/537.36 (KHTML, like Gecko) Chrome/93.0.4577.63 Safari/537.36"
192.168.1.3 - - [18/Mar/2023:09:33:53 +0000] "GET /api/orders HTTP/1.1" 204 456 "-" "Mozilla/5.0 (Macintosh; Intel Mac OS X 10_15_7) AppleWebKit/537.36 (KHTML, like Gecko) Chrome/93.0.4577.63 Safari/537.36"
192.168.1.1 - - [18/Mar/2023:09:33:53 +0000] "GET /api/invoices HTTP/1.1" 401 663 "-" "Mozilla/5.0 (Macintosh; Intel Mac OS X 10_15_7) AppleWebKit/537.36 (KHTML, like Gecko) Chrome/93.0.4577.63 Safari/537.36"
192.168.1.3 - - [18/Mar/2023:09:33:53 +0000] "PUT /api/users HTTP/1.1" 401 462 "-" "Mozilla/5.0 (Macintosh; Intel Mac OS X 10_15_7) AppleWebKit/537.36 (KHTML, like Gecko) Chrome/94.0.4606.81 Safari/537.36"
192.168.1.5 - - [18/Mar/2023:09:33:53 +0000] "POST /api/products HTTP/1.1" 200 44 "-" "Mozilla/5.0 (Macintosh; Intel Mac OS X 10_15_7) AppleWebKit/537.36 (KHTML, like Gecko) Chrome/94.0.4606.81 Safari/537.36"
192.168.1.1 - - [18/Mar/2023:09:33:53 +0000] "POST /api/users HTTP/1.1" 403 327 "-" "Mozilla/5.0 (Macintosh; Intel Mac OS X 10_15_7) AppleWebKit/537.36 (KHTML, like Gecko) Chrome/94.0.4606.81 Safari/537.36"
192.168.1.3 - - [18/Mar/2023:09:33:53 +0000] "GET /api/users HTTP/1.1" 200 656 "-" "Mozilla/5.0 (Windows NT 10.0; Win64; x64; rv:94.0) Gecko/20100101 Firefox/94.0"
192.168.1.1 - - [18/Mar/2023:09:33:53 +0000] "PUT /api/users HTTP/1.1" 204 517 "-" "Mozilla/5.0 (Macintosh; Intel Mac OS X 10_15_7) AppleWebKit/537.36 (KHTML, like Gecko) Chrome/94.0.4606.81 Safari/537.36"
192.168.1.3 - - [18/Mar/2023:09:33:53 +0000] "DELETE /api/customers HTTP/1.1" 204 750 "-" "Mozilla/5.0 (Macintosh; Intel Mac OS X 10_15_7) AppleWebKit/537.36 (KHTML, like Gecko) Chrome/94.0.4606.81 Safari/537.36"
192.168.1.4 - - [18/Mar/2023:09:33:53 +0000] "GET /api/invoices HTTP/1.1" 200 354 "-" "Mozilla/5.0 (Macintosh; Intel Mac OS X 10_15_7) AppleWebKit/537.36 (KHTML, like Gecko) Chrome/93.0.4577.63 Safari/537.36"
192.168.1.4 - - [18/Mar/2023:09:33:53 +0000] "GET /api/products HTTP/1.1" 403 801 "-" "Mozilla/5.0 (Windows NT 10.0; Win64; x64) AppleWebKit/537.36 (KHTML, like Gecko) Chrome/94.0.4606.81 Safari/537.36"
192.168.1.4 - - [18/Mar/2023:09:33:53 +0000] "DELETE /api/invoices HTTP/1.1" 401 939 "-" "Mozilla/5.0 (Windows NT 10.0; Win64; x64; rv:93.0) Gecko/20100101 Firefox/93.0"
192.168.1.2 - - [18/Mar/2023:09:33:53 +0000] "POST /api/users HTTP/1.1" 401 318 "-" "Mozilla/5.0 (Windows NT 10.0; Win64; x64; rv:93.0) Gecko/20100101 Firefox/93.0"
192.168.1.1 - - [18/Mar/2023:09:33:53 +0000] "DELETE /api/invoices HTTP/1.1" 401 674 "-" "Mozilla/5.0 (Macintosh; Intel Mac OS X 10_15_7) AppleWebKit/537.36 (KHTML, like Gecko) Chrome/93.0.4577.63 Safari/537.36"
192.168.1.4 - - [18/Mar/2023:09:33:53 +0000] "POST /api/customers HTTP/1.1" 401 97 "-" "Mozilla/5.0 (Macintosh; Intel Mac OS X 10_15_7) AppleWebKit/537.36 (KHTML, like Gecko) Chrome/94.0.4606.81 Safari/537.36"
192.168.1.5 - - [18/Mar/2023:09:33:53 +0000] "DELETE /api/products HTTP/1.1" 404 869 "-" "Mozilla/5.0 (Macintosh; Intel Mac OS X 10_15_7) AppleWebKit/537.36 (KHTML, like Gecko) Chrome/93.0.4577.63 Safari/537.36"
192.168.1.3 - - [18/Mar/2023:09:33:53 +0000] "PATCH /api/invoices" 400 345 "-" "Mozilla/5.0 (Macintosh; Intel Mac OS X 10_15_7) AppleWebKit/537.36 (KHTML, like Gecko) Chrome/93.0.4577.63 Safari/537.36"
192.168.1.2 - - [18/Mar/2023:09:33:53 +0000] "GET /api/invoices HTTP/1.1" 201 668 "-" "Mozilla/5.0 (Windows NT 10.0; Win64; x64) AppleWebKit/537.36 (KHTML, like Gecko) Chrome/94.0.4606.81 Safari/537.36"
192.168.1.3 - - [18/Mar/2023:09:33:53 +0000] "GET /api/customers HTTP/1.1" 200 931 "-" "Mozilla/5.0 (Macintosh; Intel Mac OS X 10_15_7) AppleWebKit/537.36 (KHTML, like Gecko) Chrome/93.0.4577.63 Safari/537.36"
192.168.1.5 - - [18/Mar/2023:09:33:53 +0000] "PATCH /api/customers" 401 262 "-" "Mozilla/5.0 (Windows NT 10.0; Win64; x64) AppleWebKit/537.36 (KHTML, like Gecko) Chrome/94.0.4606.81 Safari/537.36"
192.168.1.2 - - [18/Mar/2023:09:33:53 +0000] "GET /api/customers HTTP/1.1" 404 893 "-" "Mozilla/5.0 (Windows NT 10.0; Win64; x64; rv:94.0) Gecko/20100101 Firefox/94.0"
192.168.1.5 - - [18/Mar/2023:09:33:53 +0000] "GET /api/customers HTTP/1.1" 204 641 "-" "Mozilla/5.0 (Windows NT 10.0; Win64; x64; rv:94.0) Gecko/20100101 Firefox/94.0"
192.168.1.4 - - [18/Mar/2023:09:33:53 +0000] "PATCH /api/users" 400 932 "-" "Mozilla/5.0 (Windows NT 10.0; Win64; x64) AppleWebKit/537.36 (KHTML, like Gecko) Chrome/93.0.4577.63 Safari/537.36"
192.168.1.3 - - [18/Mar/2023:09:33:53 +0000] "PUT /api/orders HTTP/1.1" 400 981 "-" "Mozilla/5.0 (Windows NT 10.0; Win64; x64; rv:93.0) Gecko/20100101 Firefox/93.0"
192.168.1.1 - - [18/Mar/2023:09:33:53 +0000] "POST /api/orders HTTP/1.1" 401 19 "-" "Mozilla/5.0 (Windows NT 10.0; Win64; x64) AppleWebKit/537.36 (KHTML, like Gecko) Chrome/94.0.4606.81 Safari/537.36"
192.168.1.2 - - [18/Mar/2023:09:33:53 +0000] "GET /api/users HTTP/1.1" 500 723 "-" "Mozilla/5.0 (Macintosh; Intel Mac OS X 10_15_7) AppleWebKit/537.36 (KHTML, like Gecko) Chrome/93.0.4577.63 Safari/537.36"
192.168.1.2 - - [18/Mar/2023:09:33:53 +0000] "GET /api/users HTTP/1.1" 200 121 "-" "Mozilla/5.0 (Windows NT 10.0; Win64; x64; rv:93.0) Gecko/20100101 Firefox/93.0"
192.168.1.4 - - [18/Mar/2023:09:33:53 +0000] "GET /api/invoices HTTP/1.1" 403 967 "-" "Mozilla/5.0 (Windows NT 10.0; Win64; x64) AppleWebKit/537.36 (KHTML, like Gecko) Chrome/94.0.4606.81 Safari/537.36"
192.168.1.3 - - [18/Mar/2023:09:33:53 +0000] "POST /api/orders HTTP/1.1" 204 720 "-" "Mozilla/5.0 (Windows NT 10.0; Win64; x64; rv:94.0) Gecko/20100101 Firefox/94.0"
192.168.1.3 - - [18/Mar/2023:09:33:53 +0000] "PATCH /api/orders" 400 659 "-" "Mozilla/5.0 (Windows NT 10.0; Win64; x64) AppleWebKit/537.36 (KHTML, like Gecko) Chrome/93.0.4577.63 Safari/537.36"
192.168.1.4 - - [18/Mar/2023:09:33:53 +0000] "PUT /api/orders HTTP/1.1" 200 286 "-" "Mozilla/5.0 (Windows NT 10.0; Win64; x64) AppleWebKit/537.36 (KHTML, like Gecko) Chrome/93.0.4577.63 Safari/537.36"
192.168.1.1 - - [18/Mar/2023:09:33:53 +0000] "GET /api/invoices HTTP/1.1" 200 295 "-" "Mozilla/5.0 (Windows NT 10.0; Win64; x64) AppleWebKit/537.36 (KHTML, like Gecko) Chrome/94.0.4606.81 Safari/537.36"
192.168.1.2 - - [18/Mar/2023:09:33:53 +0000] "GET /api/invoices HTTP/1.1" 204 653 "-" "Mozilla/5.0 (Macintosh; Intel Mac OS X 10_15_7) AppleWebKit/537.36 (KHTML, like Gecko) Chrome/94.0.4606.81 Safari/537.36"
192.168.1.4 - - [18/Mar/2023:09:33:53 +0000] "PATCH /api/products" 201 194 "-" "Mozilla/5.0 (Windows NT 10.0; Win64; x64; rv:94.0) Gecko/20100101 Firefox/94.0"
192.168.1.5 - - [18/Mar/2023:09:33:53 +0000] "PATCH /api/customers" 403 274 "-" "Mozilla/5.0 (Windows NT 10.0; Win64; x64) AppleWebKit/537.36 (KHTML, like Gecko) Chrome/93.0.4577.63 Safari/537.36"
192.168.1.4 - - [18/Mar/2023:09:33:53 +0000] "PATCH /api/customers" 204 666 "-" "Mozilla/5.0 (Windows NT 10.0; Win64; x64; rv:93.0) Gecko/20100101 Firefox/93.0"
192.168.1.1 - - [18/Mar/2023:09:33:53 +0000] "PATCH /api/users" 404 711 "-" "Mozilla/5.0 (Macintosh; Intel Mac OS X 10_15_7) AppleWebKit/537.36 (KHTML, like Gecko) Chrome/93.0.4577.63 Safari/537.36"
192.168.1.4 - - [18/Mar/2023:09:33:53 +0000] "PATCH /api/customers" 204 257 "-" "Mozilla/5.0 (Macintosh; Intel Mac OS X 10_15_7) AppleWebKit/537.36 (KHTML, like Gecko) Chrome/93.0.4577.63 Safari/537.36"
192.168.1.2 - - [18/Mar/2023:09:33:53 +0000] "POST /api/products HTTP/1.1" 201 632 "-" "Mozilla/5.0 (Windows NT 10.0; Win64; x64) AppleWebKit/537.36 (KHTML, like Gecko) Chrome/94.0.4606.81 Safari/537.36"
192.168.1.4 - - [18/Mar/2023:09:33:53 +0000] "POST /api/invoices HTTP/1.1" 404 730 "-" "Mozilla/5.0 (Macintosh; Intel Mac OS X 10_15_7) AppleWebKit/537.36 (KHTML, like Gecko) Chrome/94.0.4606.81 Safari/537.36"
192.168.1.5 - - [18/Mar/2023:09:33:53 +0000] "POST /api/products HTTP/1.1" 204 833 "-" "Mozilla/5.0 (Windows NT 10.0; Win64; x64; rv:94.0) Gecko/20100101 Firefox/94.0"
192.168.1.3 - - [18/Mar/2023:09:33:53 +0000] "POST /api/products HTTP/1.1" 201 372 "-" "Mozilla/5.0 (Windows NT 10.0; Win64; x64; rv:93.0) Gecko/20100101 Firefox/93.0"
192.168.1.5 - - [18/Mar/2023:09:33:53 +0000] "PATCH /api/invoices" 403 518 "-" "Mozilla/5.0 (Macintosh; Intel Mac OS X 10_15_7) AppleWebKit/537.36 (KHTML, like Gecko) Chrome/94.0.4606.81 Safari/537.36"
192.168.1.2 - - [18/Mar/2023:09:33:53 +0000] "DELETE /api/invoices HTTP/1.1" 200 521 "-" "Mozilla/5.0 (Macintosh; Intel Mac OS X 10_15_7) AppleWebKit/537.36 (KHTML, like Gecko) Chrome/93.0.4577.63 Safari/537.36"
192.168.1.3 - - [18/Mar/2023:09:33:53 +0000] "DELETE /api/orders HTTP/1.1" 400 149 "-" "Mozilla/5.0 (Macintosh; Intel Mac OS X 10_15_7) AppleWebKit/537.36 (KHTML, like Gecko) Chrome/93.0.4577.63 Safari/537.36"
192.168.1.5 - - [18/Mar/2023:09:33:53 +0000] "POST /api/invoices HTTP/1.1" 200 265 "-" "Mozilla/5.0 (Windows NT 10.0; Win64; x64; rv:93.0) Gecko/20100101 Firefox/93.0"
192.168.1.4 - - [18/Mar/2023:09:33:53 +0000] "DELETE /api/products HTTP/1.1" 204 211 "-" "Mozilla/5.0 (Windows NT 10.0; Win64; x64; rv:94.0) Gecko/20100101 Firefox/94.0"
192.168.1.5 - - [18/Mar/2023:09:33:53 +0000] "PATCH /api/customers" 500 85 "-" "Mozilla/5.0 (Windows NT 10.0; Win64; x64; rv:93.0) Gecko/20100101 Firefox/93.0"
192.168.1.4 - - [18/Mar/2023:09:33:53 +0000] "POST /api/customers HTTP/1.1" 204 949 "-" "Mozilla/5.0 (Windows NT 10.0; Win64; x64; rv:93.0) Gecko/20100101 Firefox/93.0"
192.168.1.3 - - [18/Mar/2023:09:33:53 +0000] "GET /api/orders HTTP/1.1" 400 30 "-" "Mozilla/5.0 (Macintosh; Intel Mac OS X 10_15_7) AppleWebKit/537.36 (KHTML, like Gecko) Chrome/94.0.4606.81 Safari/537.36"
192.168.1.1 - - [18/Mar/2023:09:33:53 +0000] "GET /api/products HTTP/1.1" 403 85 "-" "Mozilla/5.0 (Macintosh; Intel Mac OS X 10_15_7) AppleWebKit/537.36 (KHTML, like Gecko) Chrome/94.0.4606.81 Safari/537.36"
192.168.1.3 - - [18/Mar/2023:09:33:53 +0000] "POST /api/customers HTTP/1.1" 200 399 "-" "Mozilla/5.0 (Windows NT 10.0; Win64; x64; rv:94.0) Gecko/20100101 Firefox/94.0"
192.168.1.5 - - [18/Mar/2023:09:33:53 +0000] "POST /api/products HTTP/1.1" 204 160 "-" "Mozilla/5.0 (Windows NT 10.0; Win64; x64) AppleWebKit/537.36 (KHTML, like Gecko) Chrome/93.0.4577.63 Safari/537.36"
192.168.1.2 - - [18/Mar/2023:09:33:53 +0000] "POST /api/customers HTTP/1.1" 500 627 "-" "Mozilla/5.0 (Windows NT 10.0; Win64; x64) AppleWebKit/537.36 (KHTML, like Gecko) Chrome/93.0.4577.63 Safari/537.36"
192.168.1.5 - - [18/Mar/2023:09:33:53 +0000] "POST /api/orders HTTP/1.1" 500 289 "-" "Mozilla/5.0 (Macintosh; Intel Mac OS X 10_15_7) AppleWebKit/537.36 (KHTML, like Gecko) Chrome/93.0.4577.63 Safari/537.36"
192.168.1.4 - - [18/Mar/2023:09:33:53 +0000] "PUT /api/orders HTTP/1.1" 204 17 "-" "Mozilla/5.0 (Windows NT 10.0; Win64; x64) AppleWebKit/537.36 (KHTML, like Gecko) Chrome/94.0.4606.81 Safari/537.36"
192.168.1.1 - - [18/Mar/2023:09:33:53 +0000] "PUT /api/products HTTP/1.1" 400 791 "-" "Mozilla/5.0 (Windows NT 10.0; Win64; x64) AppleWebKit/537.36 (KHTML, like Gecko) Chrome/94.0.4606.81 Safari/537.36"
192.168.1.1 - - [18/Mar/2023:09:33:53 +0000] "PATCH /api/orders" 201 731 "-" "Mozilla/5.0 (Macintosh; Intel Mac OS X 10_15_7) AppleWebKit/537.36 (KHTML, like Gecko) Chrome/93.0.4577.63 Safari/537.36"
192.168.1.5 - - [18/Mar/2023:09:33:53 +0000] "POST /api/customers HTTP/1.1" 403 419 "-" "Mozilla/5.0 (Windows NT 10.0; Win64; x64) AppleWebKit/537.36 (KHTML, like Gecko) Chrome/93.0.4577.63 Safari/537.36"
192.168.1.5 - - [18/Mar/2023:09:33:53 +0000] "PATCH /api/invoices" 404 858 "-" "Mozilla/5.0 (Macintosh; Intel Mac OS X 10_15_7) AppleWebKit/537.36 (KHTML, like Gecko) Chrome/93.0.4577.63 Safari/537.36"
192.168.1.2 - - [18/Mar/2023:09:33:53 +0000] "GET /api/products HTTP/1.1" 500 547 "-" "Mozilla/5.0 (Macintosh; Intel Mac OS X 10_15_7) AppleWebKit/537.36 (KHTML, like Gecko) Chrome/94.0.4606.81 Safari/537.36"
192.168.1.5 - - [18/Mar/2023:09:33:53 +0000] "PUT /api/orders HTTP/1.1" 404 303 "-" "Mozilla/5.0 (Windows NT 10.0; Win64; x64; rv:93.0) Gecko/20100101 Firefox/93.0"
192.168.1.5 - - [18/Mar/2023:09:33:53 +0000] "GET /api/customers HTTP/1.1" 204 238 "-" "Mozilla/5.0 (Macintosh; Intel Mac OS X 10_15_7) AppleWebKit/537.36 (KHTML, like Gecko) Chrome/94.0.4606.81 Safari/537.36"
192.168.1.5 - - [18/Mar/2023:09:33:53 +0000] "GET /api/orders HTTP/1.1" 400 653 "-" "Mozilla/5.0 (Macintosh; Intel Mac OS X 10_15_7) AppleWebKit/537.36 (KHTML, like Gecko) Chrome/94.0.4606.81 Safari/537.36"
192.168.1.3 - - [18/Mar/2023:09:33:53 +0000] "PATCH /api/orders" 500 462 "-" "Mozilla/5.0 (Macintosh; Intel Mac OS X 10_15_7) AppleWebKit/537.36 (KHTML, like Gecko) Chrome/94.0.4606.81 Safari/537.36"
192.168.1.1 - - [18/Mar/2023:09:33:53 +0000] "PUT /api/customers HTTP/1.1" 200 856 "-" "Mozilla/5.0 (Macintosh; Intel Mac OS X 10_15_7) AppleWebKit/537.36 (KHTML, like Gecko) Chrome/93.0.4577.63 Safari/537.36"
