192.168.1.3 - chris [18/Mar/2023:11:11:36 +0000] "PUT /api/customers HTTP/1.1" 403 239 "-" "Mozilla/5.0 (Windows NT 10.0; Win64; x64; rv:93.0) Gecko/20100101 Firefox/93.0"
192.168.1.4 - sarah [18/Mar/2023:11:11:36 +0000] "POST /api/orders HTTP/1.1" 401 595 "-" "Mozilla/5.0 (Macintosh; Intel Mac OS X 10_15_7) AppleWebKit/537.36 (KHTML, like Gecko) Chrome/94.0.4606.81 Safari/537.36"
192.168.1.1 - chris [18/Mar/2023:11:11:36 +0000] "GET /api/products HTTP/1.1" 404 194 "-" "Mozilla/5.0 (Macintosh; Intel Mac OS X 10_15_7) AppleWebKit/537.36 (KHTML, like Gecko) Chrome/93.0.4577.63 Safari/537.36"
192.168.1.5 - john [18/Mar/2023:11:11:36 +0000] "DELETE /api/users HTTP/1.1" 500 530 "-" "Mozilla/5.0 (Windows NT 10.0; Win64; x64) AppleWebKit/537.36 (KHTML, like Gecko) Chrome/93.0.4577.63 Safari/537.36"
192.168.1.5 - john [18/Mar/2023:11:11:36 +0000] "DELETE /api/invoices HTTP/1.1" 404 500 "-" "Mozilla/5.0 (Windows NT 10.0; Win64; x64) AppleWebKit/537.36 (KHTML, like Gecko) Chrome/94.0.4606.81 Safari/537.36"
192.168.1.2 - chris [18/Mar/2023:11:11:36 +0000] "POST /api/orders HTTP/1.1" 403 259 "-" "Mozilla/5.0 (Windows NT 10.0; Win64; x64; rv:94.0) Gecko/20100101 Firefox/94.0"
192.168.1.1 - sarah [18/Mar/2023:11:11:36 +0000] "PATCH /api/orders" 200 780 "-" "Mozilla/5.0 (Windows NT 10.0; Win64; x64) AppleWebKit/537.36 (KHTML, like Gecko) Chrome/93.0.4577.63 Safari/537.36"
192.168.1.4 - sarah [18/Mar/2023:11:11:36 +0000] "POST /api/products HTTP/1.1" 200 857 "-" "Mozilla/5.0 (Windows NT 10.0; Win64; x64; rv:93.0) Gecko/20100101 Firefox/93.0"
192.168.1.1 - emily [18/Mar/2023:11:11:36 +0000] "PUT /api/customers HTTP/1.1" 200 125 "-" "Mozilla/5.0 (Macintosh; Intel Mac OS X 10_15_7) AppleWebKit/537.36 (KHTML, like Gecko) Chrome/94.0.4606.81 Safari/537.36"
192.168.1.3 - john [18/Mar/2023:11:11:36 +0000] "DELETE /api/orders HTTP/1.1" 200 61 "-" "Mozilla/5.0 (Windows NT 10.0; Win64; x64; rv:93.0) Gecko/20100101 Firefox/93.0"
192.168.1.4 - sarah [18/Mar/2023:11:11:36 +0000] "PUT /api/products HTTP/1.1" 403 768 "-" "Mozilla/5.0 (Windows NT 10.0; Win64; x64) AppleWebKit/537.36 (KHTML, like Gecko) Chrome/93.0.4577.63 Safari/537.36"
192.168.1.2 - john [18/Mar/2023:11:11:36 +0000] "POST /api/customers HTTP/1.1" 404 525 "-" "Mozilla/5.0 (Macintosh; Intel Mac OS X 10_15_7) AppleWebKit/537.36 (KHTML, like Gecko) Chrome/93.0.4577.63 Safari/537.36"
192.168.1.4 - emily [18/Mar/2023:11:11:36 +0000] "DELETE /api/orders HTTP/1.1" 404 199 "-" "Mozilla/5.0 (Windows NT 10.0; Win64; x64) AppleWebKit/537.36 (KHTML, like Gecko) Chrome/94.0.4606.81 Safari/537.36"
192.168.1.2 - chris [18/Mar/2023:11:11:36 +0000] "DELETE /api/orders HTTP/1.1" 200 202 "-" "Mozilla/5.0 (Windows NT 10.0; Win64; x64) AppleWebKit/537.36 (KHTML, like Gecko) Chrome/94.0.4606.81 Safari/537.36"
192.168.1.2 - chris [18/Mar/2023:11:11:36 +0000] "PUT /api/users HTTP/1.1" 200 15 "-" "Mozilla/5.0 (Macintosh; Intel Mac OS X 10_15_7) AppleWebKit/537.36 (KHTML, like Gecko) Chrome/94.0.4606.81 Safari/537.36"
192.168.1.4 - emily [18/Mar/2023:11:11:36 +0000] "DELETE /api/invoices HTTP/1.1" 400 621 "-" "Mozilla/5.0 (Windows NT 10.0; Win64; x64; rv:93.0) Gecko/20100101 Firefox/93.0"
192.168.1.1 - emily [18/Mar/2023:11:11:36 +0000] "DELETE /api/customers HTTP/1.1" 400 265 "-" "Mozilla/5.0 (Windows NT 10.0; Win64; x64) AppleWebKit/537.36 (KHTML, like Gecko) Chrome/94.0.4606.81 Safari/537.36"
192.168.1.3 - emily [18/Mar/2023:11:11:36 +0000] "PATCH /api/orders" 401 995 "-" "Mozilla/5.0 (Macintosh; Intel Mac OS X 10_15_7) AppleWebKit/537.36 (KHTML, like Gecko) Chrome/93.0.4577.63 Safari/537.36"
192.168.1.1 - emily [18/Mar/2023:11:11:36 +0000] "PATCH /api/invoices" 404 100 "-" "Mozilla/5.0 (Macintosh; Intel Mac OS X 10_15_7) AppleWebKit/537.36 (KHTML, like Gecko) Chrome/94.0.4606.81 Safari/537.36"
192.168.1.1 - john [18/Mar/2023:11:11:36 +0000] "DELETE /api/orders HTTP/1.1" 404 617 "-" "Mozilla/5.0 (Windows NT 10.0; Win64; x64) AppleWebKit/537.36 (KHTML, like Gecko) Chrome/93.0.4577.63 Safari/537.36"
192.168.1.5 - john [18/Mar/2023:11:11:36 +0000] "DELETE /api/invoices HTTP/1.1" 500 952 "-" "Mozilla/5.0 (Macintosh; Intel Mac OS X 10_15_7) AppleWebKit/537.36 (KHTML, like Gecko) Chrome/94.0.4606.81 Safari/537.36"
192.168.1.2 - chris [18/Mar/2023:11:11:36 +0000] "POST /api/customers HTTP/1.1" 204 401 "-" "Mozilla/5.0 (Windows NT 10.0; Win64; x64) AppleWebKit/537.36 (KHTML, like Gecko) Chrome/94.0.4606.81 Safari/537.36"
192.168.1.3 - sarah [18/Mar/2023:11:11:36 +0000] "POST /api/orders HTTP/1.1" 401 845 "-" "Mozilla/5.0 (Windows NT 10.0; Win64; x64) AppleWebKit/537.36 (KHTML, like Gecko) Chrome/94.0.4606.81 Safari/537.36"
192.168.1.4 - chris [18/Mar/2023:11:11:36 +0000] "DELETE /api/customers HTTP/1.1" 500 516 "-" "Mozilla/5.0 (Windows NT 10.0; Win64; x64; rv:93.0) Gecko/20100101 Firefox/93.0"
192.168.1.2 - john [18/Mar/2023:11:11:36 +0000] "PATCH /api/orders" 404 641 "-" "Mozilla/5.0 (Windows NT 10.0; Win64; x64; rv:93.0) Gecko/20100101 Firefox/93.0"
192.168.1.3 - john [18/Mar/2023:11:11:36 +0000] "POST /api/products HTTP/1.1" 401 456 "-" "Mozilla/5.0 (Macintosh; Intel Mac OS X 10_15_7) AppleWebKit/537.36 (KHTML, like Gecko) Chrome/94.0.4606.81 Safari/537.36"
192.168.1.5 - chris [18/Mar/2023:11:11:36 +0000] "GET /api/invoices HTTP/1.1" 204 312 "-" "Mozilla/5.0 (Windows NT 10.0; Win64; x64; rv:93.0) Gecko/20100101 Firefox/93.0"
192.168.1.5 - chris [18/Mar/2023:11:11:36 +0000] "PATCH /api/products" 204 542 "-" "Mozilla/5.0 (Windows NT 10.0; Win64; x64) AppleWebKit/537.36 (KHTML, like Gecko) Chrome/93.0.4577.63 Safari/537.36"
192.168.1.5 - john [18/Mar/2023:11:11:36 +0000] "PATCH /api/orders" 200 134 "-" "Mozilla/5.0 (Windows NT 10.0; Win64; x64; rv:94.0) Gecko/20100101 Firefox/94.0"
192.168.1.5 - mike [18/Mar/2023:11:11:36 +0000] "GET /api/users HTTP/1.1" 401 225 "-" "Mozilla/5.0 (Windows NT 10.0; Win64; x64) AppleWebKit/537.36 (KHTML, like Gecko) Chrome/94.0.4606.81 Safari/537.36"
192.168.1.1 - emily [18/Mar/2023:11:11:36 +0000] "PATCH /api/users" 404 867 "-" "Mozilla/5.0 (Windows NT 10.0; Win64; x64) AppleWebKit/537.36 (KHTML, like Gecko) Chrome/93.0.4577.63 Safari/537.36"
192.168.1.1 - emily [18/Mar/2023:11:11:36 +0000] "GET /api/products HTTP/1.1" 204 858 "-" "Mozilla/5.0 (Windows NT 10.0; Win64; x64; rv:93.0) Gecko/20100101 Firefox/93.0"
192.168.1.2 - john [18/Mar/2023:11:11:36 +0000] "POST /api/orders HTTP/1.1" 400 92 "-" "Mozilla/5.0 (Macintosh; Intel Mac OS X 10_15_7) AppleWebKit/537.36 (KHTML, like Gecko) Chrome/94.0.4606.81 Safari/537.36"
192.168.1.4 - emily [18/Mar/2023:11:11:36 +0000] "PUT /api/customers HTTP/1.1" 400 968 "-" "Mozilla/5.0 (Windows NT 10.0; Win64; x64) AppleWebKit/537.36 (KHTML, like Gecko) Chrome/93.0.4577.63 Safari/537.36"
192.168.1.5 - sarah [18/Mar/2023:11:11:36 +0000] "POST /api/invoices HTTP/1.1" 200 348 "-" "Mozilla/5.0 (Windows NT 10.0; Win64; x64; rv:93.0) Gecko/20100101 Firefox/93.0"
192.168.1.5 - mike [18/Mar/2023:11:11:36 +0000] "GET /api/customers HTTP/1.1" 401 982 "-" "Mozilla/5.0 (Windows NT 10.0; Win64; x64) AppleWebKit/537.36 (KHTML, like Gecko) Chrome/94.0.4606.81 Safari/537.36"
192.168.1.2 - emily [18/Mar/2023:11:11:36 +0000] "GET /api/orders HTTP/1.1" 200 537 "-" "Mozilla/5.0 (Macintosh; Intel Mac OS X 10_15_7) AppleWebKit/537.36 (KHTML, like Gecko) Chrome/94.0.4606.81 Safari/537.36"
192.168.1.3 - sarah [18/Mar/2023:11:11:36 +0000] "DELETE /api/invoices HTTP/1.1" 403 578 "-" "Mozilla/5.0 (Macintosh; Intel Mac OS X 10_15_7) AppleWebKit/537.36 (KHTML, like Gecko) Chrome/94.0.4606.81 Safari/537.36"
192.168.1.2 - emily [18/Mar/2023:11:11:36 +0000] "PATCH /api/customers" 400 167 "-" "Mozilla/5.0 (Macintosh; Intel Mac OS X 10_15_7) AppleWebKit/537.36 (KHTML, like Gecko) Chrome/93.0.4577.63 Safari/537.36"
192.168.1.1 - emily [18/Mar/2023:11:11:36 +0000] "PUT /api/invoices HTTP/1.1" 200 15 "-" "Mozilla/5.0 (Macintosh; Intel Mac OS X 10_15_7) AppleWebKit/537.36 (KHTML, like Gecko) Chrome/93.0.4577.63 Safari/537.36"
192.168.1.2 - mike [18/Mar/2023:11:11:36 +0000] "DELETE /api/users HTTP/1.1" 500 87 "-" "Mozilla/5.0 (Macintosh; Intel Mac OS X 10_15_7) AppleWebKit/537.36 (KHTML, like Gecko) Chrome/93.0.4577.63 Safari/537.36"
192.168.1.3 - mike [18/Mar/2023:11:11:36 +0000] "POST /api/orders HTTP/1.1" 400 939 "-" "Mozilla/5.0 (Windows NT 10.0; Win64; x64) AppleWebKit/537.36 (KHTML, like Gecko) Chrome/94.0.4606.81 Safari/537.36"
192.168.1.2 - mike [18/Mar/2023:11:11:36 +0000] "PATCH /api/customers" 201 739 "-" "Mozilla/5.0 (Macintosh; Intel Mac OS X 10_15_7) AppleWebKit/537.36 (KHTML, like Gecko) Chrome/94.0.4606.81 Safari/537.36"
192.168.1.1 - mike [18/Mar/2023:11:11:36 +0000] "POST /api/customers HTTP/1.1" 403 990 "-" "Mozilla/5.0 (Windows NT 10.0; Win64; x64; rv:93.0) Gecko/20100101 Firefox/93.0"
192.168.1.3 - mike [18/Mar/2023:11:11:36 +0000] "PATCH /api/invoices" 500 272 "-" "Mozilla/5.0 (Windows NT 10.0; Win64; x64) AppleWebKit/537.36 (KHTML, like Gecko) Chrome/94.0.4606.81 Safari/537.36"
192.168.1.2 - john [18/Mar/2023:11:11:36 +0000] "PATCH /api/orders" 403 321 "-" "Mozilla/5.0 (Windows NT 10.0; Win64; x64; rv:94.0) Gecko/20100101 Firefox/94.0"
192.168.1.2 - mike [18/Mar/2023:11:11:36 +0000] "PUT /api/invoices HTTP/1.1" 404 149 "-" "Mozilla/5.0 (Macintosh; Intel Mac OS X 10_15_7) AppleWebKit/537.36 (KHTML, like Gecko) Chrome/93.0.4577.63 Safari/537.36"
192.168.1.4 - john [18/Mar/2023:11:11:36 +0000] "DELETE /api/users HTTP/1.1" 400 944 "-" "Mozilla/5.0 (Windows NT 10.0; Win64; x64; rv:93.0) Gecko/20100101 Firefox/93.0"
192.168.1.3 - john [18/Mar/2023:11:11:36 +0000] "POST /api/orders HTTP/1.1" 201 110 "-" "Mozilla/5.0 (Macintosh; Intel Mac OS X 10_15_7) AppleWebKit/537.36 (KHTML, like Gecko) Chrome/93.0.4577.63 Safari/537.36"
192.168.1.4 - chris [18/Mar/2023:11:11:36 +0000] "GET /api/invoices HTTP/1.1" 400 550 "-" "Mozilla/5.0 (Macintosh; Intel Mac OS X 10_15_7) AppleWebKit/537.36 (KHTML, like Gecko) Chrome/94.0.4606.81 Safari/537.36"
192.168.1.2 - john [18/Mar/2023:11:11:36 +0000] "PUT /api/orders HTTP/1.1" 201 563 "-" "Mozilla/5.0 (Windows NT 10.0; Win64; x64; rv:93.0) Gecko/20100101 Firefox/93.0"
192.168.1.5 - mike [18/Mar/2023:11:11:36 +0000] "PATCH /api/users" 500 50 "-" "Mozilla/5.0 (Macintosh; Intel Mac OS X 10_15_7) AppleWebKit/537.36 (KHTML, like Gecko) Chrome/93.0.4577.63 Safari/537.36"
192.168.1.2 - emily [18/Mar/2023:11:11:36 +0000] "DELETE /api/orders HTTP/1.1" 400 57 "-" "Mozilla/5.0 (Macintosh; Intel Mac OS X 10_15_7) AppleWebKit/537.36 (KHTML, like Gecko) Chrome/93.0.4577.63 Safari/537.36"
192.168.1.4 - mike [18/Mar/2023:11:11:36 +0000] "DELETE /api/customers HTTP/1.1" 200 756 "-" "Mozilla/5.0 (Windows NT 10.0; Win64; x64) AppleWebKit/537.36 (KHTML, like Gecko) Chrome/93.0.4577.63 Safari/537.36"
192.168.1.4 - john [18/Mar/2023:11:11:36 +0000] "PUT /api/customers HTTP/1.1" 204 283 "-" "Mozilla/5.0 (Windows NT 10.0; Win64; x64) AppleWebKit/537.36 (KHTML, like Gecko) Chrome/94.0.4606.81 Safari/537.36"
192.168.1.4 - chris [18/Mar/2023:11:11:36 +0000] "POST /api/customers HTTP/1.1" 204 249 "-" "Mozilla/5.0 (Windows NT 10.0; Win64; x64) AppleWebKit/537.36 (KHTML, like Gecko) Chrome/93.0.4577.63 Safari/537.36"
192.168.1.2 - john [18/Mar/2023:11:11:36 +0000] "DELETE /api/users HTTP/1.1" 204 387 "-" "Mozilla/5.0 (Windows NT 10.0; Win64; x64) AppleWebKit/537.36 (KHTML, like Gecko) Chrome/93.0.4577.63 Safari/537.36"
192.168.1.4 - sarah [18/Mar/2023:11:11:36 +0000] "GET /api/customers HTTP/1.1" 500 349 "-" "Mozilla/5.0 (Windows NT 10.0; Win64; x64) AppleWebKit/537.36 (KHTML, like Gecko) Chrome/93.0.4577.63 Safari/537.36"
192.168.1.2 - emily [18/Mar/2023:11:11:36 +0000] "PATCH /api/users" 500 730 "-" "Mozilla/5.0 (Windows NT 10.0; Win64; x64; rv:94.0) Gecko/20100101 Firefox/94.0"
192.168.1.5 - chris [18/Mar/2023:11:11:36 +0000] "PUT /api/invoices HTTP/1.1" 201 427 "-" "Mozilla/5.0 (Macintosh; Intel Mac OS X 10_15_7) AppleWebKit/537.36 (KHTML, like Gecko) Chrome/94.0.4606.81 Safari/537.36"
192.168.1.2 - emily [18/Mar/2023:11:11:36 +0000] "PATCH /api/orders" 200 90 "-" "Mozilla/5.0 (Macintosh; Intel Mac OS X 10_15_7) AppleWebKit/537.36 (KHTML, like Gecko) Chrome/93.0.4577.63 Safari/537.36"
192.168.1.3 - sarah [18/Mar/2023:11:11:36 +0000] "PUT /api/products HTTP/1.1" 404 263 "-" "Mozilla/5.0 (Windows NT 10.0; Win64; x64; rv:94.0) Gecko/20100101 Firefox/94.0"
192.168.1.5 - john [18/Mar/2023:11:11:36 +0000] "PATCH /api/invoices" 500 854 "-" "Mozilla/5.0 (Macintosh; Intel Mac OS X 10_15_7) AppleWebKit/537.36 (KHTML, like Gecko) Chrome/94.0.4606.81 Safari/537.36"
192.168.1.3 - mike [18/Mar/2023:11:11:36 +0000] "DELETE /api/invoices HTTP/1.1" 404 63 "-" "Mozilla/5.0 (Windows NT 10.0; Win64; x64) AppleWebKit/537.36 (KHTML, like Gecko) Chrome/93.0.4577.63 Safari/537.36"
192.168.1.3 - john [18/Mar/2023:11:11:36 +0000] "PATCH /api/invoices" 200 100 "-" "Mozilla/5.0 (Macintosh; Intel Mac OS X 10_15_7) AppleWebKit/537.36 (KHTML, like Gecko) Chrome/94.0.4606.81 Safari/537.36"
192.168.1.4 - chris [18/Mar/2023:11:11:36 +0000] "PATCH /api/orders" 201 54 "-" "Mozilla/5.0 (Windows NT 10.0; Win64; x64; rv:94.0) Gecko/20100101 Firefox/94.0"
192.168.1.3 - mike [18/Mar/2023:11:11:36 +0000] "DELETE /api/invoices HTTP/1.1" 404 280 "-" "Mozilla/5.0 (Macintosh; Intel Mac OS X 10_15_7) AppleWebKit/537.36 (KHTML, like Gecko) Chrome/93.0.4577.63 Safari/537.36"
192.168.1.2 - chris [18/Mar/2023:11:11:36 +0000] "GET /api/customers HTTP/1.1" 201 150 "-" "Mozilla/5.0 (Macintosh; Intel Mac OS X 10_15_7) AppleWebKit/537.36 (KHTML, like Gecko) Chrome/93.0.4577.63 Safari/537.36"
192.168.1.3 - emily [18/Mar/2023:11:11:36 +0000] "POST /api/customers HTTP/1.1" 500 991 "-" "Mozilla/5.0 (Windows NT 10.0; Win64; x64; rv:94.0) Gecko/20100101 Firefox/94.0"
192.168.1.1 - john [18/Mar/2023:11:11:36 +0000] "PATCH /api/invoices" 403 253 "-" "Mozilla/5.0 (Macintosh; Intel Mac OS X 10_15_7) AppleWebKit/537.36 (KHTML, like Gecko) Chrome/93.0.4577.63 Safari/537.36"
192.168.1.1 - chris [18/Mar/2023:11:11:36 +0000] "PUT /api/customers HTTP/1.1" 401 196 "-" "Mozilla/5.0 (Windows NT 10.0; Win64; x64; rv:93.0) Gecko/20100101 Firefox/93.0"
192.168.1.2 - chris [18/Mar/2023:11:11:36 +0000] "DELETE /api/orders HTTP/1.1" 401 614 "-" "Mozilla/5.0 (Windows NT 10.0; Win64; x64; rv:94.0) Gecko/20100101 Firefox/94.0"
192.168.1.1 - sarah [18/Mar/2023:11:11:36 +0000] "GET /api/invoices HTTP/1.1" 400 517 "-" "Mozilla/5.0 (Windows NT 10.0; Win64; x64; rv:94.0) Gecko/20100101 Firefox/94.0"
192.168.1.4 - chris [18/Mar/2023:11:11:36 +0000] "GET /api/products HTTP/1.1" 400 229 "-" "Mozilla/5.0 (Windows NT 10.0; Win64; x64; rv:93.0) Gecko/20100101 Firefox/93.0"
192.168.1.3 - chris [18/Mar/2023:11:11:36 +0000] "DELETE /api/customers HTTP/1.1" 201 242 "-" "Mozilla/5.0 (Macintosh; Intel Mac OS X 10_15_7) AppleWebKit/537.36 (KHTML, like Gecko) Chrome/94.0.4606.81 Safari/537.36"
192.168.1.2 - john [18/Mar/2023:11:11:36 +0000] "PUT /api/products HTTP/1.1" 500 753 "-" "Mozilla/5.0 (Windows NT 10.0; Win64; x64; rv:94.0) Gecko/20100101 Firefox/94.0"
192.168.1.5 - emily [18/Mar/2023:11:11:36 +0000] "GET /api/customers HTTP/1.1" 404 724 "-" "Mozilla/5.0 (Macintosh; Intel Mac OS X 10_15_7) AppleWebKit/537.36 (KHTML, like Gecko) Chrome/94.0.4606.81 Safari/537.36"
192.168.1.5 - sarah [18/Mar/2023:11:11:36 +0000] "POST /api/orders HTTP/1.1" 201 901 "-" "Mozilla/5.0 (Windows NT 10.0; Win64; x64; rv:93.0) Gecko/20100101 Firefox/93.0"
192.168.1.4 - mike [18/Mar/2023:11:11:36 +0000] "POST /api/users HTTP/1.1" 204 736 "-" "Mozilla/5.0 (Windows NT 10.0; Win64; x64) AppleWebKit/537.36 (KHTML, like Gecko) Chrome/94.0.4606.81 Safari/537.36"
192.168.1.1 - chris [18/Mar/2023:11:11:36 +0000] "DELETE /api/users HTTP/1.1" 403 614 "-" "Mozilla/5.0 (Windows NT 10.0; Win64; x64) AppleWebKit/537.36 (KHTML, like Gecko) Chrome/93.0.4577.63 Safari/537.36"
192.168.1.5 - mike [18/Mar/2023:11:11:36 +0000] "PATCH /api/orders" 401 933 "-" "Mozilla/5.0 (Windows NT 10.0; Win64; x64; rv:93.0) Gecko/20100101 Firefox/93.0"
192.168.1.3 - mike [18/Mar/2023:11:11:36 +0000] "PUT /api/users HTTP/1.1" 404 915 "-" "Mozilla/5.0 (Windows NT 10.0; Win64; x64; rv:94.0) Gecko/20100101 Firefox/94.0"
192.168.1.1 - mike [18/Mar/2023:11:11:36 +0000] "PUT /api/orders HTTP/1.1" 200 807 "-" "Mozilla/5.0 (Windows NT 10.0; Win64; x64; rv:93.0) Gecko/20100101 Firefox/93.0"
192.168.1.1 - john [18/Mar/2023:11:11:36 +0000] "PATCH /api/customers" 400 293 "-" "Mozilla/5.0 (Windows NT 10.0; Win64; x64) AppleWebKit/537.36 (KHTML, like Gecko) Chrome/94.0.4606.81 Safari/537.36"
192.168.1.3 - john [18/Mar/2023:11:11:36 +0000] "POST /api/orders HTTP/1.1" 400 797 "-" "Mozilla/5.0 (Windows NT 10.0; Win64; x64; rv:93.0) Gecko/20100101 Firefox/93.0"
192.168.1.5 - mike [18/Mar/2023:11:11:36 +0000] "POST /api/customers HTTP/1.1" 400 984 "-" "Mozilla/5.0 (Windows NT 10.0; Win64; x64; rv:94.0) Gecko/20100101 Firefox/94.0"
192.168.1.1 - mike [18/Mar/2023:11:11:36 +0000] "PATCH /api/users" 403 497 "-" "Mozilla/5.0 (Windows NT 10.0; Win64; x64; rv:94.0) Gecko/20100101 Firefox/94.0"
192.168.1.2 - sarah [18/Mar/2023:11:11:36 +0000] "POST /api/customers HTTP/1.1" 404 752 "-" "Mozilla/5.0 (Windows NT 10.0; Win64; x64; rv:94.0) Gecko/20100101 Firefox/94.0"
192.168.1.2 - john [18/Mar/2023:11:11:36 +0000] "DELETE /api/invoices HTTP/1.1" 500 365 "-" "Mozilla/5.0 (Macintosh; Intel Mac OS X 10_15_7) AppleWebKit/537.36 (KHTML, like Gecko) Chrome/93.0.4577.63 Safari/537.36"
192.168.1.4 - chris [18/Mar/2023:11:11:36 +0000] "PATCH /api/orders" 400 313 "-" "Mozilla/5.0 (Windows NT 10.0; Win64; x64) AppleWebKit/537.36 (KHTML, like Gecko) Chrome/93.0.4577.63 Safari/537.36"
192.168.1.2 - mike [18/Mar/2023:11:11:36 +0000] "POST /api/orders HTTP/1.1" 403 72 "-" "Mozilla/5.0 (Windows NT 10.0; Win64; x64; rv:94.0) Gecko/20100101 Firefox/94.0"
192.168.1.3 - mike [18/Mar/2023:11:11:36 +0000] "PATCH /api/users" 403 757 "-" "Mozilla/5.0 (Windows NT 10.0; Win64; x64; rv:94.0) Gecko/20100101 Firefox/94.0"
192.168.1.3 - emily [18/Mar/2023:11:11:36 +0000] "POST /api/users HTTP/1.1" 200 925 "-" "Mozilla/5.0 (Macintosh; Intel Mac OS X 10_15_7) AppleWebKit/537.36 (KHTML, like Gecko) Chrome/93.0.4577.63 Safari/537.36"
192.168.1.4 - john [18/Mar/2023:11:11:36 +0000] "PUT /api/customers HTTP/1.1" 404 440 "-" "Mozilla/5.0 (Windows NT 10.0; Win64; x64) AppleWebKit/537.36 (KHTML, like Gecko) Chrome/93.0.4577.63 Safari/537.36"
192.168.1.2 - john [18/Mar/2023:11:11:36 +0000] "GET /api/products HTTP/1.1" 401 714 "-" "Mozilla/5.0 (Windows NT 10.0; Win64; x64; rv:94.0) Gecko/20100101 Firefox/94.0"
192.168.1.4 - chris [18/Mar/2023:11:11:36 +0000] "PATCH /api/customers" 500 782 "-" "Mozilla/5.0 (Windows NT 10.0; Win64; x64) AppleWebKit/537.36 (KHTML, like Gecko) Chrome/93.0.4577.63 Safari/537.36"
192.168.1.3 - chris [18/Mar/2023:11:11:36 +0000] "POST /api/products HTTP/1.1" 403 141 "-" "Mozilla/5.0 (Windows NT 10.0; Win64; x64; rv:94.0) Gecko/20100101 Firefox/94.0"
192.168.1.3 - mike [18/Mar/2023:11:11:36 +0000] "PATCH /api/invoices" 201 822 "-" "Mozilla/5.0 (Windows NT 10.0; Win64; x64; rv:93.0) Gecko/20100101 Firefox/93.0"
192.168.1.3 - mike [18/Mar/2023:11:11:36 +0000] "GET /api/users HTTP/1.1" 401 855 "-" "Mozilla/5.0 (Windows NT 10.0; Win64; x64; rv:93.0) Gecko/20100101 Firefox/93.0"
192.168.1.1 - john [18/Mar/2023:11:11:36 +0000] "PATCH /api/customers" 404 641 "-" "Mozilla/5.0 (Windows NT 10.0; Win64; x64; rv:93.0) Gecko/20100101 Firefox/93.0"
192.168.1.5 - emily [18/Mar/2023:11:11:36 +0000] "POST /api/orders HTTP/1.1" 201 254 "-" "Mozilla/5.0 (Macintosh; Intel Mac OS X 10_15_7) AppleWebKit/537.36 (KHTML, like Gecko) Chrome/93.0.4577.63 Safari/537.36"
192.168.1.5 - john [18/Mar/2023:11:11:36 +0000] "GET /api/customers HTTP/1.1" 201 670 "-" "Mozilla/5.0 (Windows NT 10.0; Win64; x64; rv:93.0) Gecko/20100101 Firefox/93.0"
192.168.1.2 - sarah [18/Mar/2023:11:11:36 +0000] "POST /api/users HTTP/1.1" 201 594 "-" "Mozilla/5.0 (Macintosh; Intel Mac OS X 10_15_7) AppleWebKit/537.36 (KHTML, like Gecko) Chrome/93.0.4577.63 Safari/537.36"
192.168.1.3 - sarah [18/Mar/2023:11:11:36 +0000] "GET /api/users HTTP/1.1" 400 135 "-" "Mozilla/5.0 (Windows NT 10.0; Win64; x64; rv:94.0) Gecko/20100101 Firefox/94.0"
192.168.1.3 - john [18/Mar/2023:11:11:36 +0000] "DELETE /api/users HTTP/1.1" 404 432 "-" "Mozilla/5.0 (Windows NT 10.0; Win64; x64) AppleWebKit/537.36 (KHTML, like Gecko) Chrome/93.0.4577.63 Safari/537.36"
192.168.1.2 - sarah [18/Mar/2023:11:11:36 +0000] "POST /api/products HTTP/1.1" 404 184 "-" "Mozilla/5.0 (Windows NT 10.0; Win64; x64; rv:93.0) Gecko/20100101 Firefox/93.0"
192.168.1.1 - chris [18/Mar/2023:11:11:36 +0000] "DELETE /api/orders HTTP/1.1" 403 339 "-" "Mozilla/5.0 (Windows NT 10.0; Win64; x64) AppleWebKit/537.36 (KHTML, like Gecko) Chrome/93.0.4577.63 Safari/537.36"
192.168.1.2 - emily [18/Mar/2023:11:11:36 +0000] "POST /api/invoices HTTP/1.1" 400 139 "-" "Mozilla/5.0 (Macintosh; Intel Mac OS X 10_15_7) AppleWebKit/537.36 (KHTML, like Gecko) Chrome/94.0.4606.81 Safari/537.36"
192.168.1.5 - sarah [18/Mar/2023:11:11:36 +0000] "PUT /api/orders HTTP/1.1" 204 637 "-" "Mozilla/5.0 (Windows NT 10.0; Win64; x64) AppleWebKit/537.36 (KHTML, like Gecko) Chrome/94.0.4606.81 Safari/537.36"
192.168.1.2 - chris [18/Mar/2023:11:11:36 +0000] "PATCH /api/products" 500 228 "-" "Mozilla/5.0 (Windows NT 10.0; Win64; x64; rv:94.0) Gecko/20100101 Firefox/94.0"
192.168.1.2 - chris [18/Mar/2023:11:11:36 +0000] "PATCH /api/products" 400 803 "-" "Mozilla/5.0 (Windows NT 10.0; Win64; x64) AppleWebKit/537.36 (KHTML, like Gecko) Chrome/94.0.4606.81 Safari/537.36"
192.168.1.2 - john [18/Mar/2023:11:11:36 +0000] "DELETE /api/invoices HTTP/1.1" 400 402 "-" "Mozilla/5.0 (Macintosh; Intel Mac OS X 10_15_7) AppleWebKit/537.36 (KHTML, like Gecko) Chrome/94.0.4606.81 Safari/537.36"
192.168.1.5 - john [18/Mar/2023:11:11:36 +0000] "GET /api/orders HTTP/1.1" 404 71 "-" "Mozilla/5.0 (Windows NT 10.0; Win64; x64) AppleWebKit/537.36 (KHTML, like Gecko) Chrome/94.0.4606.81 Safari/537.36"
192.168.1.5 - john [18/Mar/2023:11:11:36 +0000] "POST /api/invoices HTTP/1.1" 200 722 "-" "Mozilla/5.0 (Macintosh; Intel Mac OS X 10_15_7) AppleWebKit/537.36 (KHTML, like Gecko) Chrome/94.0.4606.81 Safari/537.36"
192.168.1.5 - emily [18/Mar/2023:11:11:36 +0000] "GET /api/products HTTP/1.1" 201 207 "-" "Mozilla/5.0 (Windows NT 10.0; Win64; x64) AppleWebKit/537.36 (KHTML, like Gecko) Chrome/93.0.4577.63 Safari/537.36"
192.168.1.3 - mike [18/Mar/2023:11:11:36 +0000] "GET /api/users HTTP/1.1" 400 902 "-" "Mozilla/5.0 (Macintosh; Intel Mac OS X 10_15_7) AppleWebKit/537.36 (KHTML, like Gecko) Chrome/94.0.4606.81 Safari/537.36"
192.168.1.4 - mike [18/Mar/2023:11:11:36 +0000] "PUT /api/orders HTTP/1.1" 401 656 "-" "Mozilla/5.0 (Macintosh; Intel Mac OS X 10_15_7) AppleWebKit/537.36 (KHTML, like Gecko) Chrome/93.0.4577.63 Safari/537.36"
192.168.1.1 - emily [18/Mar/2023:11:11:36 +0000] "PUT /api/users HTTP/1.1" 500 961 "-" "Mozilla/5.0 (Windows NT 10.0; Win64; x64; rv:94.0) Gecko/20100101 Firefox/94.0"
192.168.1.1 - mike [18/Mar/2023:11:11:36 +0000] "PATCH /api/products" 500 765 "-" "Mozilla/5.0 (Macintosh; Intel Mac OS X 10_15_7) AppleWebKit/537.36 (KHTML, like Gecko) Chrome/93.0.4577.63 Safari/537.36"
192.168.1.1 - emily [18/Mar/2023:11:11:36 +0000] "PATCH /api/invoices" 200 534 "-" "Mozilla/5.0 (Macintosh; Intel Mac OS X 10_15_7) AppleWebKit/537.36 (KHTML, like Gecko) Chrome/93.0.4577.63 Safari/537.36"
192.168.1.2 - emily [18/Mar/2023:11:11:36 +0000] "PUT /api/orders HTTP/1.1" 403 14 "-" "Mozilla/5.0 (Macintosh; Intel Mac OS X 10_15_7) AppleWebKit/537.36 (KHTML, like Gecko) Chrome/94.0.4606.81 Safari/537.36"
192.168.1.1 - chris [18/Mar/2023:11:11:36 +0000] "PATCH /api/invoices" 404 179 "-" "Mozilla/5.0 (Macintosh; Intel Mac OS X 10_15_7) AppleWebKit/537.36 (KHTML, like Gecko) Chrome/93.0.4577.63 Safari/537.36"
192.168.1.2 - john [18/Mar/2023:11:11:36 +0000] "DELETE /api/products HTTP/1.1" 201 698 "-" "Mozilla/5.0 (Windows NT 10.0; Win64; x64) AppleWebKit/537.36 (KHTML, like Gecko) Chrome/94.0.4606.81 Safari/537.36"
192.168.1.2 - emily [18/Mar/2023:11:11:36 +0000] "GET /api/orders HTTP/1.1" 201 903 "-" "Mozilla/5.0 (Windows NT 10.0; Win64; x64; rv:94.0) Gecko/20100101 Firefox/94.0"
192.168.1.2 - chris [18/Mar/2023:11:11:36 +0000] "GET /api/users HTTP/1.1" 400 984 "-" "Mozilla/5.0 (Windows NT 10.0; Win64; x64; rv:93.0) Gecko/20100101 Firefox/93.0"
192.168.1.2 - mike [18/Mar/2023:11:11:36 +0000] "PATCH /api/products" 401 590 "-" "Mozilla/5.0 (Windows NT 10.0; Win64; x64) AppleWebKit/537.36 (KHTML, like Gecko) Chrome/94.0.4606.81 Safari/537.36"
192.168.1.2 - mike [18/Mar/2023:11:11:36 +0000] "POST /api/products HTTP/1.1" 200 111 "-" "Mozilla/5.0 (Windows NT 10.0; Win64; x64; rv:94.0) Gecko/20100101 Firefox/94.0"
192.168.1.5 - emily [18/Mar/2023:11:11:36 +0000] "DELETE /api/users HTTP/1.1" 403 896 "-" "Mozilla/5.0 (Windows NT 10.0; Win64; x64) AppleWebKit/537.36 (KHTML, like Gecko) Chrome/93.0.4577.63 Safari/537.36"
192.168.1.5 - john [18/Mar/2023:11:11:36 +0000] "POST /api/products HTTP/1.1" 404 209 "-" "Mozilla/5.0 (Windows NT 10.0; Win64; x64; rv:94.0) Gecko/20100101 Firefox/94.0"
192.168.1.1 - chris [18/Mar/2023:11:11:36 +0000] "GET /api/users HTTP/1.1" 401 470 "-" "Mozilla/5.0 (Macintosh; Intel Mac OS X 10_15_7) AppleWebKit/537.36 (KHTML, like Gecko) Chrome/94.0.4606.81 Safari/537.36"
192.168.1.4 - emily [18/Mar/2023:11:11:36 +0000] "PUT /api/customers HTTP/1.1" 403 223 "-" "Mozilla/5.0 (Macintosh; Intel Mac OS X 10_15_7) AppleWebKit/537.36 (KHTML, like Gecko) Chrome/93.0.4577.63 Safari/537.36"
192.168.1.5 - chris [18/Mar/2023:11:11:36 +0000] "POST /api/products HTTP/1.1" 200 286 "-" "Mozilla/5.0 (Macintosh; Intel Mac OS X 10_15_7) AppleWebKit/537.36 (KHTML, like Gecko) Chrome/93.0.4577.63 Safari/537.36"
192.168.1.4 - emily [18/Mar/2023:11:11:36 +0000] "DELETE /api/invoices HTTP/1.1" 200 695 "-" "Mozilla/5.0 (Windows NT 10.0; Win64; x64) AppleWebKit/537.36 (KHTML, like Gecko) Chrome/93.0.4577.63 Safari/537.36"
192.168.1.2 - chris [18/Mar/2023:11:11:36 +0000] "POST /api/products HTTP/1.1" 401 839 "-" "Mozilla/5.0 (Macintosh; Intel Mac OS X 10_15_7) AppleWebKit/537.36 (KHTML, like Gecko) Chrome/94.0.4606.81 Safari/537.36"
192.168.1.1 - sarah [18/Mar/2023:11:11:36 +0000] "GET /api/invoices HTTP/1.1" 404 617 "-" "Mozilla/5.0 (Macintosh; Intel Mac OS X 10_15_7) AppleWebKit/537.36 (KHTML, like Gecko) Chrome/93.0.4577.63 Safari/537.36"
192.168.1.1 - emily [18/Mar/2023:11:11:36 +0000] "PUT /api/products HTTP/1.1" 201 648 "-" "Mozilla/5.0 (Macintosh; Intel Mac OS X 10_15_7) AppleWebKit/537.36 (KHTML, like Gecko) Chrome/94.0.4606.81 Safari/537.36"
192.168.1.5 - emily [18/Mar/2023:11:11:36 +0000] "PUT /api/customers HTTP/1.1" 401 278 "-" "Mozilla/5.0 (Macintosh; Intel Mac OS X 10_15_7) AppleWebKit/537.36 (KHTML, like Gecko) Chrome/93.0.4577.63 Safari/537.36"
192.168.1.4 - sarah [18/Mar/2023:11:11:36 +0000] "GET /api/orders HTTP/1.1" 200 551 "-" "Mozilla/5.0 (Windows NT 10.0; Win64; x64; rv:93.0) Gecko/20100101 Firefox/93.0"
192.168.1.5 - john [18/Mar/2023:11:11:36 +0000] "GET /api/orders HTTP/1.1" 400 40 "-" "Mozilla/5.0 (Macintosh; Intel Mac OS X 10_15_7) AppleWebKit/537.36 (KHTML, like Gecko) Chrome/94.0.4606.81 Safari/537.36"
192.168.1.3 - chris [18/Mar/2023:11:11:36 +0000] "POST /api/products HTTP/1.1" 403 593 "-" "Mozilla/5.0 (Macintosh; Intel Mac OS X 10_15_7) AppleWebKit/537.36 (KHTML, like Gecko) Chrome/94.0.4606.81 Safari/537.36"
192.168.1.1 - chris [18/Mar/2023:11:11:36 +0000] "POST /api/orders HTTP/1.1" 404 823 "-" "Mozilla/5.0 (Macintosh; Intel Mac OS X 10_15_7) AppleWebKit/537.36 (KHTML, like Gecko) Chrome/94.0.4606.81 Safari/537.36"
192.168.1.1 - emily [18/Mar/2023:11:11:36 +0000] "PUT /api/customers HTTP/1.1" 401 402 "-" "Mozilla/5.0 (Macintosh; Intel Mac OS X 10_15_7) AppleWebKit/537.36 (KHTML, like Gecko) Chrome/93.0.4577.63 Safari/537.36"
192.168.1.2 - sarah [18/Mar/2023:11:11:36 +0000] "DELETE /api/invoices HTTP/1.1" 500 233 "-" "Mozilla/5.0 (Windows NT 10.0; Win64; x64; rv:93.0) Gecko/20100101 Firefox/93.0"
192.168.1.4 - emily [18/Mar/2023:11:11:36 +0000] "PATCH /api/invoices" 404 950 "-" "Mozilla/5.0 (Macintosh; Intel Mac OS X 10_15_7) AppleWebKit/537.36 (KHTML, like Gecko) Chrome/93.0.4577.63 Safari/537.36"
192.168.1.4 - emily [18/Mar/2023:11:11:36 +0000] "PATCH /api/invoices" 404 899 "-" "Mozilla/5.0 (Windows NT 10.0; Win64; x64) AppleWebKit/537.36 (KHTML, like Gecko) Chrome/94.0.4606.81 Safari/537.36"
192.168.1.3 - emily [18/Mar/2023:11:11:36 +0000] "GET /api/customers HTTP/1.1" 201 537 "-" "Mozilla/5.0 (Windows NT 10.0; Win64; x64; rv:93.0) Gecko/20100101 Firefox/93.0"
192.168.1.1 - chris [18/Mar/2023:11:11:36 +0000] "GET /api/users HTTP/1.1" 200 918 "-" "Mozilla/5.0 (Windows NT 10.0; Win64; x64; rv:93.0) Gecko/20100101 Firefox/93.0"
192.168.1.3 - john [18/Mar/2023:11:11:36 +0000] "POST /api/customers HTTP/1.1" 500 904 "-" "Mozilla/5.0 (Windows NT 10.0; Win64; x64; rv:93.0) Gecko/20100101 Firefox/93.0"
192.168.1.5 - john [18/Mar/2023:11:11:36 +0000] "POST /api/products HTTP/1.1" 403 712 "-" "Mozilla/5.0 (Windows NT 10.0; Win64; x64) AppleWebKit/537.36 (KHTML, like Gecko) Chrome/93.0.4577.63 Safari/537.36"
192.168.1.5 - emily [18/Mar/2023:11:11:36 +0000] "GET /api/users HTTP/1.1" 401 909 "-" "Mozilla/5.0 (Windows NT 10.0; Win64; x64; rv:94.0) Gecko/20100101 Firefox/94.0"
192.168.1.5 - chris [18/Mar/2023:11:11:36 +0000] "PATCH /api/orders" 200 918 "-" "Mozilla/5.0 (Windows NT 10.0; Win64; x64) AppleWebKit/537.36 (KHTML, like Gecko) Chrome/94.0.4606.81 Safari/537.36"
192.168.1.3 - sarah [18/Mar/2023:11:11:36 +0000] "POST /api/users HTTP/1.1" 403 446 "-" "Mozilla/5.0 (Windows NT 10.0; Win64; x64) AppleWebKit/537.36 (KHTML, like Gecko) Chrome/93.0.4577.63 Safari/537.36"
192.168.1.3 - john [18/Mar/2023:11:11:36 +0000] "GET /api/products HTTP/1.1" 204 774 "-" "Mozilla/5.0 (Windows NT 10.0; Win64; x64; rv:93.0) Gecko/20100101 Firefox/93.0"
192.168.1.1 - john [18/Mar/2023:11:11:36 +0000] "DELETE /api/invoices HTTP/1.1" 500 63 "-" "Mozilla/5.0 (Windows NT 10.0; Win64; x64) AppleWebKit/537.36 (KHTML, like Gecko) Chrome/94.0.4606.81 Safari/537.36"
192.168.1.1 - john [18/Mar/2023:11:11:36 +0000] "GET /api/orders HTTP/1.1" 403 73 "-" "Mozilla/5.0 (Macintosh; Intel Mac OS X 10_15_7) AppleWebKit/537.36 (KHTML, like Gecko) Chrome/94.0.4606.81 Safari/537.36"
192.168.1.2 - chris [18/Mar/2023:11:11:36 +0000] "GET /api/customers HTTP/1.1" 204 164 "-" "Mozilla/5.0 (Windows NT 10.0; Win64; x64) AppleWebKit/537.36 (KHTML, like Gecko) Chrome/93.0.4577.63 Safari/537.36"
192.168.1.2 - sarah [18/Mar/2023:11:11:36 +0000] "POST /api/invoices HTTP/1.1" 204 304 "-" "Mozilla/5.0 (Macintosh; Intel Mac OS X 10_15_7) AppleWebKit/537.36 (KHTML, like Gecko) Chrome/93.0.4577.63 Safari/537.36"
192.168.1.3 - chris [18/Mar/2023:11:11:36 +0000] "POST /api/orders HTTP/1.1" 403 519 "-" "Mozilla/5.0 (Windows NT 10.0; Win64; x64) AppleWebKit/537.36 (KHTML, like Gecko) Chrome/94.0.4606.81 Safari/537.36"
192.168.1.3 - john [18/Mar/2023:11:11:36 +0000] "GET /api/customers HTTP/1.1" 201 462 "-" "Mozilla/5.0 (Windows NT 10.0; Win64; x64) AppleWebKit/537.36 (KHTML, like Gecko) Chrome/93.0.4577.63 Safari/537.36"
192.168.1.4 - mike [18/Mar/2023:11:11:36 +0000] "POST /api/orders HTTP/1.1" 400 712 "-" "Mozilla/5.0 (Macintosh; Intel Mac OS X 10_15_7) AppleWebKit/537.36 (KHTML, like Gecko) Chrome/94.0.4606.81 Safari/537.36"
192.168.1.4 - sarah [18/Mar/2023:11:11:36 +0000] "PUT /api/invoices HTTP/1.1" 404 804 "-" "Mozilla/5.0 (Windows NT 10.0; Win64; x64; rv:93.0) Gecko/20100101 Firefox/93.0"
192.168.1.1 - john [18/Mar/2023:11:11:36 +0000] "PUT /api/invoices HTTP/1.1" 401 541 "-" "Mozilla/5.0 (Windows NT 10.0; Win64; x64; rv:94.0) Gecko/20100101 Firefox/94.0"
192.168.1.4 - chris [18/Mar/2023:11:11:36 +0000] "GET /api/users HTTP/1.1" 500 673 "-" "Mozilla/5.0 (Windows NT 10.0; Win64; x64) AppleWebKit/537.36 (KHTML, like Gecko) Chrome/94.0.4606.81 Safari/537.36"
192.168.1.1 - chris [18/Mar/2023:11:11:36 +0000] "PATCH /api/products" 401 342 "-" "Mozilla/5.0 (Windows NT 10.0; Win64; x64) AppleWebKit/537.36 (KHTML, like Gecko) Chrome/93.0.4577.63 Safari/537.36"
192.168.1.4 - mike [18/Mar/2023:11:11:36 +0000] "PUT /api/customers HTTP/1.1" 403 531 "-" "Mozilla/5.0 (Windows NT 10.0; Win64; x64) AppleWebKit/537.36 (KHTML, like Gecko) Chrome/93.0.4577.63 Safari/537.36"
192.168.1.5 - chris [18/Mar/2023:11:11:36 +0000] "POST /api/invoices HTTP/1.1" 204 998 "-" "Mozilla/5.0 (Windows NT 10.0; Win64; x64; rv:94.0) Gecko/20100101 Firefox/94.0"
192.168.1.5 - john [18/Mar/2023:11:11:36 +0000] "PATCH /api/invoices" 204 485 "-" "Mozilla/5.0 (Windows NT 10.0; Win64; x64) AppleWebKit/537.36 (KHTML, like Gecko) Chrome/94.0.4606.81 Safari/537.36"
192.168.1.3 - john [18/Mar/2023:11:11:36 +0000] "DELETE /api/orders HTTP/1.1" 404 567 "-" "Mozilla/5.0 (Windows NT 10.0; Win64; x64) AppleWebKit/537.36 (KHTML, like Gecko) Chrome/93.0.4577.63 Safari/537.36"
192.168.1.4 - chris [18/Mar/2023:11:11:36 +0000] "POST /api/products HTTP/1.1" 201 103 "-" "Mozilla/5.0 (Windows NT 10.0; Win64; x64) AppleWebKit/537.36 (KHTML, like Gecko) Chrome/94.0.4606.81 Safari/537.36"
192.168.1.1 - mike [18/Mar/2023:11:11:36 +0000] "PATCH /api/products" 404 493 "-" "Mozilla/5.0 (Macintosh; Intel Mac OS X 10_15_7) AppleWebKit/537.36 (KHTML, like Gecko) Chrome/93.0.4577.63 Safari/537.36"
192.168.1.4 - emily [18/Mar/2023:11:11:36 +0000] "DELETE /api/invoices HTTP/1.1" 403 232 "-" "Mozilla/5.0 (Macintosh; Intel Mac OS X 10_15_7) AppleWebKit/537.36 (KHTML, like Gecko) Chrome/93.0.4577.63 Safari/537.36"
192.168.1.1 - john [18/Mar/2023:11:11:36 +0000] "PUT /api/customers HTTP/1.1" 204 264 "-" "Mozilla/5.0 (Windows NT 10.0; Win64; x64; rv:94.0) Gecko/20100101 Firefox/94.0"
192.168.1.5 - mike [18/Mar/2023:11:11:36 +0000] "GET /api/users HTTP/1.1" 403 905 "-" "Mozilla/5.0 (Macintosh; Intel Mac OS X 10_15_7) AppleWebKit/537.36 (KHTML, like Gecko) Chrome/93.0.4577.63 Safari/537.36"
192.168.1.2 - sarah [18/Mar/2023:11:11:36 +0000] "PUT /api/customers HTTP/1.1" 404 472 "-" "Mozilla/5.0 (Macintosh; Intel Mac OS X 10_15_7) AppleWebKit/537.36 (KHTML, like Gecko) Chrome/94.0.4606.81 Safari/537.36"
192.168.1.4 - john [18/Mar/2023:11:11:36 +0000] "PATCH /api/customers" 404 236 "-" "Mozilla/5.0 (Macintosh; Intel Mac OS X 10_15_7) AppleWebKit/537.36 (KHTML, like Gecko) Chrome/93.0.4577.63 Safari/537.36"
192.168.1.4 - john [18/Mar/2023:11:11:36 +0000] "PUT /api/products HTTP/1.1" 201 376 "-" "Mozilla/5.0 (Macintosh; Intel Mac OS X 10_15_7) AppleWebKit/537.36 (KHTML, like Gecko) Chrome/93.0.4577.63 Safari/537.36"
192.168.1.5 - chris [18/Mar/2023:11:11:36 +0000] "PATCH /api/users" 404 261 "-" "Mozilla/5.0 (Windows NT 10.0; Win64; x64; rv:94.0) Gecko/20100101 Firefox/94.0"
192.168.1.4 - sarah [18/Mar/2023:11:11:36 +0000] "GET /api/users HTTP/1.1" 201 685 "-" "Mozilla/5.0 (Windows NT 10.0; Win64; x64; rv:93.0) Gecko/20100101 Firefox/93.0"
192.168.1.5 - john [18/Mar/2023:11:11:36 +0000] "PATCH /api/products" 201 451 "-" "Mozilla/5.0 (Windows NT 10.0; Win64; x64; rv:94.0) Gecko/20100101 Firefox/94.0"
192.168.1.1 - john [18/Mar/2023:11:11:36 +0000] "PUT /api/users HTTP/1.1" 500 630 "-" "Mozilla/5.0 (Macintosh; Intel Mac OS X 10_15_7) AppleWebKit/537.36 (KHTML, like Gecko) Chrome/93.0.4577.63 Safari/537.36"
192.168.1.4 - chris [18/Mar/2023:11:11:36 +0000] "PATCH /api/invoices" 200 430 "-" "Mozilla/5.0 (Macintosh; Intel Mac OS X 10_15_7) AppleWebKit/537.36 (KHTML, like Gecko) Chrome/94.0.4606.81 Safari/537.36"
192.168.1.2 - mike [18/Mar/2023:11:11:36 +0000] "GET /api/users HTTP/1.1" 204 827 "-" "Mozilla/5.0 (Macintosh; Intel Mac OS X 10_15_7) AppleWebKit/537.36 (KHTML, like Gecko) Chrome/93.0.4577.63 Safari/537.36"
192.168.1.1 - sarah [18/Mar/2023:11:11:36 +0000] "POST /api/orders HTTP/1.1" 500 318 "-" "Mozilla/5.0 (Windows NT 10.0; Win64; x64; rv:93.0) Gecko/20100101 Firefox/93.0"
192.168.1.1 - john [18/Mar/2023:11:11:36 +0000] "DELETE /api/customers HTTP/1.1" 401 848 "-" "Mozilla/5.0 (Windows NT 10.0; Win64; x64) AppleWebKit/537.36 (KHTML, like Gecko) Chrome/94.0.4606.81 Safari/537.36"
192.168.1.5 - sarah [18/Mar/2023:11:11:36 +0000] "PUT /api/orders HTTP/1.1" 403 961 "-" "Mozilla/5.0 (Windows NT 10.0; Win64; x64; rv:93.0) Gecko/20100101 Firefox/93.0"
192.168.1.1 - john [18/Mar/2023:11:11:36 +0000] "GET /api/orders HTTP/1.1" 401 999 "-" "Mozilla/5.0 (Windows NT 10.0; Win64; x64; rv:94.0) Gecko/20100101 Firefox/94.0"
192.168.1.2 - chris [18/Mar/2023:11:11:36 +0000] "PATCH /api/invoices" 200 310 "-" "Mozilla/5.0 (Macintosh; Intel Mac OS X 10_15_7) AppleWebKit/537.36 (KHTML, like Gecko) Chrome/93.0.4577.63 Safari/537.36"
192.168.1.4 - emily [18/Mar/2023:11:11:36 +0000] "PUT /api/customers HTTP/1.1" 201 466 "-" "Mozilla/5.0 (Windows NT 10.0; Win64; x64) AppleWebKit/537.36 (KHTML, like Gecko) Chrome/94.0.4606.81 Safari/537.36"
192.168.1.5 - john [18/Mar/2023:11:11:36 +0000] "PUT /api/customers HTTP/1.1" 400 315 "-" "Mozilla/5.0 (Windows NT 10.0; Win64; x64; rv:93.0) Gecko/20100101 Firefox/93.0"
192.168.1.4 - chris [18/Mar/2023:11:11:36 +0000] "PUT /api/orders HTTP/1.1" 200 876 "-" "Mozilla/5.0 (Windows NT 10.0; Win64; x64; rv:94.0) Gecko/20100101 Firefox/94.0"
192.168.1.1 - emily [18/Mar/2023:11:11:36 +0000] "POST /api/orders HTTP/1.1" 500 661 "-" "Mozilla/5.0 (Windows NT 10.0; Win64; x64; rv:93.0) Gecko/20100101 Firefox/93.0"
192.168.1.5 - emily [18/Mar/2023:11:11:36 +0000] "GET /api/users HTTP/1.1" 403 264 "-" "Mozilla/5.0 (Windows NT 10.0; Win64; x64) AppleWebKit/537.36 (KHTML, like Gecko) Chrome/93.0.4577.63 Safari/537.36"
192.168.1.1 - mike [18/Mar/2023:11:11:36 +0000] "POST /api/users HTTP/1.1" 204 624 "-" "Mozilla/5.0 (Windows NT 10.0; Win64; x64; rv:93.0) Gecko/20100101 Firefox/93.0"
192.168.1.1 - emily [18/Mar/2023:11:11:36 +0000] "POST /api/products HTTP/1.1" 204 317 "-" "Mozilla/5.0 (Windows NT 10.0; Win64; x64) AppleWebKit/537.36 (KHTML, like Gecko) Chrome/93.0.4577.63 Safari/537.36"
192.168.1.3 - john [18/Mar/2023:11:11:36 +0000] "PATCH /api/orders" 404 694 "-" "Mozilla/5.0 (Macintosh; Intel Mac OS X 10_15_7) AppleWebKit/537.36 (KHTML, like Gecko) Chrome/94.0.4606.81 Safari/537.36"
192.168.1.2 - emily [18/Mar/2023:11:11:36 +0000] "GET /api/products HTTP/1.1" 500 49 "-" "Mozilla/5.0 (Windows NT 10.0; Win64; x64) AppleWebKit/537.36 (KHTML, like Gecko) Chrome/94.0.4606.81 Safari/537.36"
192.168.1.1 - mike [18/Mar/2023:11:11:36 +0000] "PATCH /api/products" 401 219 "-" "Mozilla/5.0 (Macintosh; Intel Mac OS X 10_15_7) AppleWebKit/537.36 (KHTML, like Gecko) Chrome/93.0.4577.63 Safari/537.36"
192.168.1.4 - chris [18/Mar/2023:11:11:36 +0000] "DELETE /api/invoices HTTP/1.1" 404 951 "-" "Mozilla/5.0 (Windows NT 10.0; Win64; x64) AppleWebKit/537.36 (KHTML, like Gecko) Chrome/94.0.4606.81 Safari/537.36"
192.168.1.1 - emily [18/Mar/2023:11:11:36 +0000] "DELETE /api/orders HTTP/1.1" 404 596 "-" "Mozilla/5.0 (Windows NT 10.0; Win64; x64; rv:93.0) Gecko/20100101 Firefox/93.0"
192.168.1.2 - mike [18/Mar/2023:11:11:36 +0000] "POST /api/invoices HTTP/1.1" 200 679 "-" "Mozilla/5.0 (Windows NT 10.0; Win64; x64) AppleWebKit/537.36 (KHTML, like Gecko) Chrome/94.0.4606.81 Safari/537.36"
192.168.1.5 - chris [18/Mar/2023:11:11:36 +0000] "PUT /api/users HTTP/1.1" 401 596 "-" "Mozilla/5.0 (Windows NT 10.0; Win64; x64) AppleWebKit/537.36 (KHTML, like Gecko) Chrome/93.0.4577.63 Safari/537.36"
192.168.1.2 - emily [18/Mar/2023:11:11:36 +0000] "PATCH /api/users" 404 542 "-" "Mozilla/5.0 (Windows NT 10.0; Win64; x64) AppleWebKit/537.36 (KHTML, like Gecko) Chrome/93.0.4577.63 Safari/537.36"
192.168.1.3 - john [18/Mar/2023:11:11:36 +0000] "GET /api/invoices HTTP/1.1" 401 172 "-" "Mozilla/5.0 (Macintosh; Intel Mac OS X 10_15_7) AppleWebKit/537.36 (KHTML, like Gecko) Chrome/94.0.4606.81 Safari/537.36"
192.168.1.1 - mike [18/Mar/2023:11:11:36 +0000] "DELETE /api/invoices HTTP/1.1" 500 312 "-" "Mozilla/5.0 (Windows NT 10.0; Win64; x64) AppleWebKit/537.36 (KHTML, like Gecko) Chrome/93.0.4577.63 Safari/537.36"
192.168.1.2 - chris [18/Mar/2023:11:11:36 +0000] "POST /api/users HTTP/1.1" 403 830 "-" "Mozilla/5.0 (Windows NT 10.0; Win64; x64) AppleWebKit/537.36 (KHTML, like Gecko) Chrome/94.0.4606.81 Safari/537.36"
192.168.1.2 - sarah [18/Mar/2023:11:11:36 +0000] "POST /api/orders HTTP/1.1" 201 628 "-" "Mozilla/5.0 (Windows NT 10.0; Win64; x64) AppleWebKit/537.36 (KHTML, like Gecko) Chrome/93.0.4577.63 Safari/537.36"
192.168.1.3 - chris [18/Mar/2023:11:11:36 +0000] "PUT /api/invoices HTTP/1.1" 201 567 "-" "Mozilla/5.0 (Windows NT 10.0; Win64; x64; rv:94.0) Gecko/20100101 Firefox/94.0"
192.168.1.4 - john [18/Mar/2023:11:11:36 +0000] "PUT /api/products HTTP/1.1" 401 643 "-" "Mozilla/5.0 (Windows NT 10.0; Win64; x64) AppleWebKit/537.36 (KHTML, like Gecko) Chrome/94.0.4606.81 Safari/537.36"
192.168.1.1 - chris [18/Mar/2023:11:11:36 +0000] "DELETE /api/orders HTTP/1.1" 204 951 "-" "Mozilla/5.0 (Windows NT 10.0; Win64; x64; rv:94.0) Gecko/20100101 Firefox/94.0"
192.168.1.3 - emily [18/Mar/2023:11:11:36 +0000] "POST /api/users HTTP/1.1" 403 914 "-" "Mozilla/5.0 (Windows NT 10.0; Win64; x64) AppleWebKit/537.36 (KHTML, like Gecko) Chrome/93.0.4577.63 Safari/537.36"
192.168.1.5 - sarah [18/Mar/2023:11:11:36 +0000] "GET /api/products HTTP/1.1" 201 897 "-" "Mozilla/5.0 (Windows NT 10.0; Win64; x64; rv:93.0) Gecko/20100101 Firefox/93.0"
192.168.1.4 - chris [18/Mar/2023:11:11:36 +0000] "DELETE /api/customers HTTP/1.1" 403 354 "-" "Mozilla/5.0 (Macintosh; Intel Mac OS X 10_15_7) AppleWebKit/537.36 (KHTML, like Gecko) Chrome/93.0.4577.63 Safari/537.36"
192.168.1.1 - emily [18/Mar/2023:11:11:36 +0000] "POST /api/customers HTTP/1.1" 400 367 "-" "Mozilla/5.0 (Windows NT 10.0; Win64; x64) AppleWebKit/537.36 (KHTML, like Gecko) Chrome/93.0.4577.63 Safari/537.36"
192.168.1.3 - emily [18/Mar/2023:11:11:36 +0000] "DELETE /api/customers HTTP/1.1" 400 339 "-" "Mozilla/5.0 (Macintosh; Intel Mac OS X 10_15_7) AppleWebKit/537.36 (KHTML, like Gecko) Chrome/94.0.4606.81 Safari/537.36"
192.168.1.2 - chris [18/Mar/2023:11:11:36 +0000] "PUT /api/products HTTP/1.1" 401 846 "-" "Mozilla/5.0 (Macintosh; Intel Mac OS X 10_15_7) AppleWebKit/537.36 (KHTML, like Gecko) Chrome/93.0.4577.63 Safari/537.36"
192.168.1.2 - chris [18/Mar/2023:11:11:36 +0000] "PATCH /api/products" 200 240 "-" "Mozilla/5.0 (Macintosh; Intel Mac OS X 10_15_7) AppleWebKit/537.36 (KHTML, like Gecko) Chrome/94.0.4606.81 Safari/537.36"
192.168.1.2 - sarah [18/Mar/2023:11:11:36 +0000] "POST /api/users HTTP/1.1" 201 395 "-" "Mozilla/5.0 (Windows NT 10.0; Win64; x64) AppleWebKit/537.36 (KHTML, like Gecko) Chrome/94.0.4606.81 Safari/537.36"
192.168.1.1 - sarah [18/Mar/2023:11:11:36 +0000] "PUT /api/products HTTP/1.1" 401 929 "-" "Mozilla/5.0 (Windows NT 10.0; Win64; x64) AppleWebKit/537.36 (KHTML, like Gecko) Chrome/93.0.4577.63 Safari/537.36"
192.168.1.3 - john [18/Mar/2023:11:11:36 +0000] "GET /api/invoices HTTP/1.1" 200 545 "-" "Mozilla/5.0 (Windows NT 10.0; Win64; x64; rv:93.0) Gecko/20100101 Firefox/93.0"
192.168.1.5 - sarah [18/Mar/2023:11:11:36 +0000] "GET /api/orders HTTP/1.1" 204 372 "-" "Mozilla/5.0 (Macintosh; Intel Mac OS X 10_15_7) AppleWebKit/537.36 (KHTML, like Gecko) Chrome/94.0.4606.81 Safari/537.36"
192.168.1.3 - chris [18/Mar/2023:11:11:36 +0000] "DELETE /api/users HTTP/1.1" 200 441 "-" "Mozilla/5.0 (Windows NT 10.0; Win64; x64) AppleWebKit/537.36 (KHTML, like Gecko) Chrome/94.0.4606.81 Safari/537.36"
192.168.1.1 - emily [18/Mar/2023:11:11:36 +0000] "DELETE /api/products HTTP/1.1" 404 307 "-" "Mozilla/5.0 (Windows NT 10.0; Win64; x64; rv:93.0) Gecko/20100101 Firefox/93.0"
192.168.1.1 - emily [18/Mar/2023:11:11:36 +0000] "GET /api/orders HTTP/1.1" 200 500 "-" "Mozilla/5.0 (Windows NT 10.0; Win64; x64) AppleWebKit/537.36 (KHTML, like Gecko) Chrome/93.0.4577.63 Safari/537.36"
192.168.1.2 - chris [18/Mar/2023:11:11:36 +0000] "POST /api/customers HTTP/1.1" 201 169 "-" "Mozilla/5.0 (Macintosh; Intel Mac OS X 10_15_7) AppleWebKit/537.36 (KHTML, like Gecko) Chrome/94.0.4606.81 Safari/537.36"
192.168.1.2 - john [18/Mar/2023:11:11:36 +0000] "PATCH /api/orders" 404 644 "-" "Mozilla/5.0 (Windows NT 10.0; Win64; x64; rv:93.0) Gecko/20100101 Firefox/93.0"
192.168.1.4 - sarah [18/Mar/2023:11:11:36 +0000] "DELETE /api/users HTTP/1.1" 403 919 "-" "Mozilla/5.0 (Windows NT 10.0; Win64; x64; rv:93.0) Gecko/20100101 Firefox/93.0"
192.168.1.1 - john [18/Mar/2023:11:11:36 +0000] "PUT /api/users HTTP/1.1" 200 195 "-" "Mozilla/5.0 (Windows NT 10.0; Win64; x64) AppleWebKit/537.36 (KHTML, like Gecko) Chrome/94.0.4606.81 Safari/537.36"
192.168.1.1 - chris [18/Mar/2023:11:11:36 +0000] "GET /api/users HTTP/1.1" 200 519 "-" "Mozilla/5.0 (Windows NT 10.0; Win64; x64) AppleWebKit/537.36 (KHTML, like Gecko) Chrome/93.0.4577.63 Safari/537.36"
192.168.1.3 - john [18/Mar/2023:11:11:36 +0000] "PUT /api/users HTTP/1.1" 401 158 "-" "Mozilla/5.0 (Windows NT 10.0; Win64; x64; rv:93.0) Gecko/20100101 Firefox/93.0"
192.168.1.4 - mike [18/Mar/2023:11:11:36 +0000] "DELETE /api/invoices HTTP/1.1" 200 385 "-" "Mozilla/5.0 (Windows NT 10.0; Win64; x64) AppleWebKit/537.36 (KHTML, like Gecko) Chrome/93.0.4577.63 Safari/537.36"
192.168.1.3 - sarah [18/Mar/2023:11:11:36 +0000] "GET /api/products HTTP/1.1" 500 928 "-" "Mozilla/5.0 (Macintosh; Intel Mac OS X 10_15_7) AppleWebKit/537.36 (KHTML, like Gecko) Chrome/94.0.4606.81 Safari/537.36"
192.168.1.5 - chris [18/Mar/2023:11:11:36 +0000] "GET /api/orders HTTP/1.1" 201 675 "-" "Mozilla/5.0 (Windows NT 10.0; Win64; x64) AppleWebKit/537.36 (KHTML, like Gecko) Chrome/93.0.4577.63 Safari/537.36"
192.168.1.5 - sarah [18/Mar/2023:11:11:36 +0000] "DELETE /api/users HTTP/1.1" 401 39 "-" "Mozilla/5.0 (Macintosh; Intel Mac OS X 10_15_7) AppleWebKit/537.36 (KHTML, like Gecko) Chrome/93.0.4577.63 Safari/537.36"
192.168.1.4 - john [18/Mar/2023:11:11:36 +0000] "GET /api/users HTTP/1.1" 204 679 "-" "Mozilla/5.0 (Windows NT 10.0; Win64; x64; rv:93.0) Gecko/20100101 Firefox/93.0"
192.168.1.3 - chris [18/Mar/2023:11:11:36 +0000] "GET /api/users HTTP/1.1" 500 693 "-" "Mozilla/5.0 (Windows NT 10.0; Win64; x64) AppleWebKit/537.36 (KHTML, like Gecko) Chrome/93.0.4577.63 Safari/537.36"
192.168.1.1 - sarah [18/Mar/2023:11:11:36 +0000] "DELETE /api/customers HTTP/1.1" 500 390 "-" "Mozilla/5.0 (Windows NT 10.0; Win64; x64) AppleWebKit/537.36 (KHTML, like Gecko) Chrome/94.0.4606.81 Safari/537.36"
192.168.1.3 - john [18/Mar/2023:11:11:36 +0000] "DELETE /api/orders HTTP/1.1" 200 211 "-" "Mozilla/5.0 (Macintosh; Intel Mac OS X 10_15_7) AppleWebKit/537.36 (KHTML, like Gecko) Chrome/94.0.4606.81 Safari/537.36"
192.168.1.3 - mike [18/Mar/2023:11:11:36 +0000] "GET /api/products HTTP/1.1" 200 297 "-" "Mozilla/5.0 (Windows NT 10.0; Win64; x64; rv:93.0) Gecko/20100101 Firefox/93.0"
192.168.1.3 - mike [18/Mar/2023:11:11:36 +0000] "PUT /api/products HTTP/1.1" 201 735 "-" "Mozilla/5.0 (Windows NT 10.0; Win64; x64; rv:93.0) Gecko/20100101 Firefox/93.0"
192.168.1.4 - john [18/Mar/2023:11:11:36 +0000] "PUT /api/users HTTP/1.1" 201 760 "-" "Mozilla/5.0 (Windows NT 10.0; Win64; x64; rv:93.0) Gecko/20100101 Firefox/93.0"
192.168.1.2 - john [18/Mar/2023:11:11:36 +0000] "PUT /api/users HTTP/1.1" 403 930 "-" "Mozilla/5.0 (Macintosh; Intel Mac OS X 10_15_7) AppleWebKit/537.36 (KHTML, like Gecko) Chrome/94.0.4606.81 Safari/537.36"
192.168.1.4 - john [18/Mar/2023:11:11:36 +0000] "PUT /api/invoices HTTP/1.1" 404 900 "-" "Mozilla/5.0 (Windows NT 10.0; Win64; x64) AppleWebKit/537.36 (KHTML, like Gecko) Chrome/94.0.4606.81 Safari/537.36"
192.168.1.4 - emily [18/Mar/2023:11:11:36 +0000] "PATCH /api/invoices" 404 68 "-" "Mozilla/5.0 (Windows NT 10.0; Win64; x64; rv:93.0) Gecko/20100101 Firefox/93.0"
192.168.1.1 - chris [18/Mar/2023:11:11:36 +0000] "PATCH /api/customers" 401 830 "-" "Mozilla/5.0 (Macintosh; Intel Mac OS X 10_15_7) AppleWebKit/537.36 (KHTML, like Gecko) Chrome/93.0.4577.63 Safari/537.36"
192.168.1.4 - mike [18/Mar/2023:11:11:36 +0000] "PUT /api/invoices HTTP/1.1" 401 354 "-" "Mozilla/5.0 (Windows NT 10.0; Win64; x64) AppleWebKit/537.36 (KHTML, like Gecko) Chrome/94.0.4606.81 Safari/537.36"
192.168.1.2 - mike [18/Mar/2023:11:11:36 +0000] "GET /api/customers HTTP/1.1" 201 553 "-" "Mozilla/5.0 (Macintosh; Intel Mac OS X 10_15_7) AppleWebKit/537.36 (KHTML, like Gecko) Chrome/93.0.4577.63 Safari/537.36"
192.168.1.1 - mike [18/Mar/2023:11:11:36 +0000] "GET /api/customers HTTP/1.1" 400 531 "-" "Mozilla/5.0 (Macintosh; Intel Mac OS X 10_15_7) AppleWebKit/537.36 (KHTML, like Gecko) Chrome/93.0.4577.63 Safari/537.36"
192.168.1.1 - mike [18/Mar/2023:11:11:36 +0000] "PUT /api/invoices HTTP/1.1" 200 102 "-" "Mozilla/5.0 (Windows NT 10.0; Win64; x64) AppleWebKit/537.36 (KHTML, like Gecko) Chrome/93.0.4577.63 Safari/537.36"
192.168.1.5 - john [18/Mar/2023:11:11:36 +0000] "PUT /api/invoices HTTP/1.1" 403 279 "-" "Mozilla/5.0 (Windows NT 10.0; Win64; x64) AppleWebKit/537.36 (KHTML, like Gecko) Chrome/94.0.4606.81 Safari/537.36"
192.168.1.4 - emily [18/Mar/2023:11:11:36 +0000] "GET /api/products HTTP/1.1" 400 271 "-" "Mozilla/5.0 (Windows NT 10.0; Win64; x64; rv:94.0) Gecko/20100101 Firefox/94.0"
192.168.1.2 - mike [18/Mar/2023:11:11:36 +0000] "POST /api/products HTTP/1.1" 401 907 "-" "Mozilla/5.0 (Windows NT 10.0; Win64; x64; rv:93.0) Gecko/20100101 Firefox/93.0"
192.168.1.3 - john [18/Mar/2023:11:11:36 +0000] "DELETE /api/products HTTP/1.1" 401 294 "-" "Mozilla/5.0 (Windows NT 10.0; Win64; x64) AppleWebKit/537.36 (KHTML, like Gecko) Chrome/94.0.4606.81 Safari/537.36"
192.168.1.3 - emily [18/Mar/2023:11:11:36 +0000] "POST /api/users HTTP/1.1" 404 60 "-" "Mozilla/5.0 (Windows NT 10.0; Win64; x64; rv:94.0) Gecko/20100101 Firefox/94.0"
192.168.1.5 - chris [18/Mar/2023:11:11:36 +0000] "DELETE /api/customers HTTP/1.1" 204 32 "-" "Mozilla/5.0 (Windows NT 10.0; Win64; x64) AppleWebKit/537.36 (KHTML, like Gecko) Chrome/93.0.4577.63 Safari/537.36"
192.168.1.1 - sarah [18/Mar/2023:11:11:36 +0000] "PUT /api/orders HTTP/1.1" 400 185 "-" "Mozilla/5.0 (Windows NT 10.0; Win64; x64) AppleWebKit/537.36 (KHTML, like Gecko) Chrome/93.0.4577.63 Safari/537.36"
192.168.1.4 - mike [18/Mar/2023:11:11:36 +0000] "PATCH /api/products" 403 195 "-" "Mozilla/5.0 (Windows NT 10.0; Win64; x64; rv:94.0) Gecko/20100101 Firefox/94.0"
