192.168.1.3 - - [15/Mar/2023:19:15:49 +0000] "PATCH /api/invoices" 400 22 "-" "Mozilla/5.0 (Windows NT 10.0; Win64; x64; rv:94.0) Gecko/20100101 Firefox/94.0"
192.168.1.3 - - [15/Mar/2023:19:15:49 +0000] "POST /api/users HTTP/1.1" 400 512 "-" "Mozilla/5.0 (Windows NT 10.0; Win64; x64) AppleWebKit/537.36 (KHTML, like Gecko) Chrome/94.0.4606.81 Safari/537.36"
192.168.1.1 - - [15/Mar/2023:19:15:49 +0000] "PATCH /api/customers" 400 143 "-" "Mozilla/5.0 (Windows NT 10.0; Win64; x64; rv:93.0) Gecko/20100101 Firefox/93.0"
192.168.1.1 - - [15/Mar/2023:19:15:49 +0000] "DELETE /api/products HTTP/1.1" 201 194 "-" "Mozilla/5.0 (Windows NT 10.0; Win64; x64; rv:93.0) Gecko/20100101 Firefox/93.0"
192.168.1.3 - - [15/Mar/2023:19:15:49 +0000] "PUT /api/users HTTP/1.1" 204 128 "-" "Mozilla/5.0 (Macintosh; Intel Mac OS X 10_15_7) AppleWebKit/537.36 (KHTML, like Gecko) Chrome/93.0.4577.63 Safari/537.36"
192.168.1.1 - - [15/Mar/2023:19:15:49 +0000] "POST /api/users HTTP/1.1" 204 999 "-" "Mozilla/5.0 (Windows NT 10.0; Win64; x64; rv:94.0) Gecko/20100101 Firefox/94.0"
192.168.1.3 - - [15/Mar/2023:19:15:49 +0000] "PUT /api/users HTTP/1.1" 201 302 "-" "Mozilla/5.0 (Windows NT 10.0; Win64; x64) AppleWebKit/537.36 (KHTML, like Gecko) Chrome/93.0.4577.63 Safari/537.36"
192.168.1.5 - - [15/Mar/2023:19:15:49 +0000] "GET /api/orders HTTP/1.1" 204 768 "-" "Mozilla/5.0 (Macintosh; Intel Mac OS X 10_15_7) AppleWebKit/537.36 (KHTML, like Gecko) Chrome/93.0.4577.63 Safari/537.36"
192.168.1.3 - - [15/Mar/2023:19:15:49 +0000] "PATCH /api/users" 200 788 "-" "Mozilla/5.0 (Windows NT 10.0; Win64; x64) AppleWebKit/537.36 (KHTML, like Gecko) Chrome/94.0.4606.81 Safari/537.36"
192.168.1.5 - - [15/Mar/2023:19:15:49 +0000] "POST /api/invoices HTTP/1.1" 403 637 "-" "Mozilla/5.0 (Macintosh; Intel Mac OS X 10_15_7) AppleWebKit/537.36 (KHTML, like Gecko) Chrome/93.0.4577.63 Safari/537.36"
192.168.1.3 - - [15/Mar/2023:19:15:49 +0000] "PUT /api/users HTTP/1.1" 404 609 "-" "Mozilla/5.0 (Windows NT 10.0; Win64; x64; rv:94.0) Gecko/20100101 Firefox/94.0"
192.168.1.5 - - [15/Mar/2023:19:15:49 +0000] "POST /api/users HTTP/1.1" 201 169 "-" "Mozilla/5.0 (Windows NT 10.0; Win64; x64; rv:94.0) Gecko/20100101 Firefox/94.0"
192.168.1.2 - - [15/Mar/2023:19:15:49 +0000] "PATCH /api/customers" 404 152 "-" "Mozilla/5.0 (Windows NT 10.0; Win64; x64) AppleWebKit/537.36 (KHTML, like Gecko) Chrome/94.0.4606.81 Safari/537.36"
192.168.1.2 - - [15/Mar/2023:19:15:49 +0000] "POST /api/orders HTTP/1.1" 400 248 "-" "Mozilla/5.0 (Windows NT 10.0; Win64; x64; rv:93.0) Gecko/20100101 Firefox/93.0"
192.168.1.4 - - [15/Mar/2023:19:15:49 +0000] "DELETE /api/users HTTP/1.1" 400 398 "-" "Mozilla/5.0 (Macintosh; Intel Mac OS X 10_15_7) AppleWebKit/537.36 (KHTML, like Gecko) Chrome/94.0.4606.81 Safari/537.36"
192.168.1.4 - - [15/Mar/2023:19:15:49 +0000] "PATCH /api/users" 204 126 "-" "Mozilla/5.0 (Windows NT 10.0; Win64; x64; rv:93.0) Gecko/20100101 Firefox/93.0"
192.168.1.5 - - [15/Mar/2023:19:15:49 +0000] "GET /api/products HTTP/1.1" 404 753 "-" "Mozilla/5.0 (Windows NT 10.0; Win64; x64) AppleWebKit/537.36 (KHTML, like Gecko) Chrome/94.0.4606.81 Safari/537.36"
192.168.1.4 - - [15/Mar/2023:19:15:49 +0000] "POST /api/users HTTP/1.1" 204 283 "-" "Mozilla/5.0 (Windows NT 10.0; Win64; x64; rv:93.0) Gecko/20100101 Firefox/93.0"
192.168.1.5 - - [15/Mar/2023:19:15:49 +0000] "GET /api/products HTTP/1.1" 401 284 "-" "Mozilla/5.0 (Windows NT 10.0; Win64; x64; rv:93.0) Gecko/20100101 Firefox/93.0"
192.168.1.4 - - [15/Mar/2023:19:15:49 +0000] "PUT /api/orders HTTP/1.1" 404 329 "-" "Mozilla/5.0 (Windows NT 10.0; Win64; x64; rv:94.0) Gecko/20100101 Firefox/94.0"
192.168.1.4 - - [15/Mar/2023:19:15:49 +0000] "POST /api/invoices HTTP/1.1" 200 167 "-" "Mozilla/5.0 (Windows NT 10.0; Win64; x64; rv:94.0) Gecko/20100101 Firefox/94.0"
192.168.1.5 - - [15/Mar/2023:19:15:49 +0000] "DELETE /api/customers HTTP/1.1" 201 757 "-" "Mozilla/5.0 (Windows NT 10.0; Win64; x64; rv:93.0) Gecko/20100101 Firefox/93.0"
192.168.1.2 - - [15/Mar/2023:19:15:49 +0000] "POST /api/customers HTTP/1.1" 400 635 "-" "Mozilla/5.0 (Windows NT 10.0; Win64; x64) AppleWebKit/537.36 (KHTML, like Gecko) Chrome/94.0.4606.81 Safari/537.36"
192.168.1.2 - - [15/Mar/2023:19:15:49 +0000] "DELETE /api/invoices HTTP/1.1" 200 461 "-" "Mozilla/5.0 (Windows NT 10.0; Win64; x64) AppleWebKit/537.36 (KHTML, like Gecko) Chrome/94.0.4606.81 Safari/537.36"
192.168.1.4 - - [15/Mar/2023:19:15:49 +0000] "PUT /api/customers HTTP/1.1" 201 393 "-" "Mozilla/5.0 (Windows NT 10.0; Win64; x64) AppleWebKit/537.36 (KHTML, like Gecko) Chrome/94.0.4606.81 Safari/537.36"
192.168.1.3 - - [15/Mar/2023:19:15:49 +0000] "PUT /api/customers HTTP/1.1" 404 833 "-" "Mozilla/5.0 (Windows NT 10.0; Win64; x64; rv:94.0) Gecko/20100101 Firefox/94.0"
192.168.1.2 - - [15/Mar/2023:19:15:49 +0000] "POST /api/users HTTP/1.1" 404 394 "-" "Mozilla/5.0 (Windows NT 10.0; Win64; x64) AppleWebKit/537.36 (KHTML, like Gecko) Chrome/94.0.4606.81 Safari/537.36"
192.168.1.5 - - [15/Mar/2023:19:15:49 +0000] "PUT /api/users HTTP/1.1" 204 418 "-" "Mozilla/5.0 (Windows NT 10.0; Win64; x64) AppleWebKit/537.36 (KHTML, like Gecko) Chrome/94.0.4606.81 Safari/537.36"
192.168.1.2 - - [15/Mar/2023:19:15:49 +0000] "PATCH /api/users" 404 422 "-" "Mozilla/5.0 (Macintosh; Intel Mac OS X 10_15_7) AppleWebKit/537.36 (KHTML, like Gecko) Chrome/94.0.4606.81 Safari/537.36"
192.168.1.5 - - [15/Mar/2023:19:15:49 +0000] "DELETE /api/products HTTP/1.1" 400 96 "-" "Mozilla/5.0 (Windows NT 10.0; Win64; x64; rv:94.0) Gecko/20100101 Firefox/94.0"
192.168.1.3 - - [15/Mar/2023:19:15:49 +0000] "POST /api/products HTTP/1.1" 404 875 "-" "Mozilla/5.0 (Windows NT 10.0; Win64; x64; rv:94.0) Gecko/20100101 Firefox/94.0"
192.168.1.1 - - [15/Mar/2023:19:15:49 +0000] "GET /api/customers HTTP/1.1" 401 644 "-" "Mozilla/5.0 (Macintosh; Intel Mac OS X 10_15_7) AppleWebKit/537.36 (KHTML, like Gecko) Chrome/93.0.4577.63 Safari/537.36"
192.168.1.4 - - [15/Mar/2023:19:15:49 +0000] "PATCH /api/products" 404 911 "-" "Mozilla/5.0 (Windows NT 10.0; Win64; x64; rv:94.0) Gecko/20100101 Firefox/94.0"
192.168.1.4 - - [15/Mar/2023:19:15:49 +0000] "GET /api/products HTTP/1.1" 201 688 "-" "Mozilla/5.0 (Windows NT 10.0; Win64; x64; rv:93.0) Gecko/20100101 Firefox/93.0"
192.168.1.3 - - [15/Mar/2023:19:15:49 +0000] "POST /api/products HTTP/1.1" 200 262 "-" "Mozilla/5.0 (Windows NT 10.0; Win64; x64; rv:93.0) Gecko/20100101 Firefox/93.0"
192.168.1.2 - - [15/Mar/2023:19:15:49 +0000] "DELETE /api/invoices HTTP/1.1" 403 39 "-" "Mozilla/5.0 (Windows NT 10.0; Win64; x64) AppleWebKit/537.36 (KHTML, like Gecko) Chrome/94.0.4606.81 Safari/537.36"
192.168.1.1 - - [15/Mar/2023:19:15:49 +0000] "GET /api/users HTTP/1.1" 401 240 "-" "Mozilla/5.0 (Windows NT 10.0; Win64; x64; rv:93.0) Gecko/20100101 Firefox/93.0"
192.168.1.4 - - [15/Mar/2023:19:15:49 +0000] "POST /api/orders HTTP/1.1" 200 150 "-" "Mozilla/5.0 (Macintosh; Intel Mac OS X 10_15_7) AppleWebKit/537.36 (KHTML, like Gecko) Chrome/93.0.4577.63 Safari/537.36"
192.168.1.5 - - [15/Mar/2023:19:15:49 +0000] "POST /api/invoices HTTP/1.1" 204 235 "-" "Mozilla/5.0 (Windows NT 10.0; Win64; x64) AppleWebKit/537.36 (KHTML, like Gecko) Chrome/94.0.4606.81 Safari/537.36"
192.168.1.3 - - [15/Mar/2023:19:15:49 +0000] "GET /api/users HTTP/1.1" 201 158 "-" "Mozilla/5.0 (Macintosh; Intel Mac OS X 10_15_7) AppleWebKit/537.36 (KHTML, like Gecko) Chrome/94.0.4606.81 Safari/537.36"
192.168.1.3 - - [15/Mar/2023:19:15:49 +0000] "DELETE /api/users HTTP/1.1" 401 384 "-" "Mozilla/5.0 (Macintosh; Intel Mac OS X 10_15_7) AppleWebKit/537.36 (KHTML, like Gecko) Chrome/93.0.4577.63 Safari/537.36"
192.168.1.2 - - [15/Mar/2023:19:15:49 +0000] "DELETE /api/invoices HTTP/1.1" 400 404 "-" "Mozilla/5.0 (Windows NT 10.0; Win64; x64; rv:94.0) Gecko/20100101 Firefox/94.0"
192.168.1.1 - - [15/Mar/2023:19:15:49 +0000] "POST /api/users HTTP/1.1" 403 891 "-" "Mozilla/5.0 (Macintosh; Intel Mac OS X 10_15_7) AppleWebKit/537.36 (KHTML, like Gecko) Chrome/94.0.4606.81 Safari/537.36"
192.168.1.5 - - [15/Mar/2023:19:15:49 +0000] "PATCH /api/orders" 200 917 "-" "Mozilla/5.0 (Windows NT 10.0; Win64; x64; rv:94.0) Gecko/20100101 Firefox/94.0"
192.168.1.1 - - [15/Mar/2023:19:15:49 +0000] "POST /api/orders HTTP/1.1" 401 555 "-" "Mozilla/5.0 (Macintosh; Intel Mac OS X 10_15_7) AppleWebKit/537.36 (KHTML, like Gecko) Chrome/93.0.4577.63 Safari/537.36"
192.168.1.5 - - [15/Mar/2023:19:15:49 +0000] "PATCH /api/products" 400 457 "-" "Mozilla/5.0 (Macintosh; Intel Mac OS X 10_15_7) AppleWebKit/537.36 (KHTML, like Gecko) Chrome/94.0.4606.81 Safari/537.36"
192.168.1.5 - - [15/Mar/2023:19:15:49 +0000] "GET /api/invoices HTTP/1.1" 401 725 "-" "Mozilla/5.0 (Windows NT 10.0; Win64; x64) AppleWebKit/537.36 (KHTML, like Gecko) Chrome/94.0.4606.81 Safari/537.36"
192.168.1.5 - - [15/Mar/2023:19:15:49 +0000] "PATCH /api/customers" 500 859 "-" "Mozilla/5.0 (Windows NT 10.0; Win64; x64) AppleWebKit/537.36 (KHTML, like Gecko) Chrome/94.0.4606.81 Safari/537.36"
192.168.1.4 - - [15/Mar/2023:19:15:49 +0000] "POST /api/orders HTTP/1.1" 204 240 "-" "Mozilla/5.0 (Macintosh; Intel Mac OS X 10_15_7) AppleWebKit/537.36 (KHTML, like Gecko) Chrome/94.0.4606.81 Safari/537.36"
192.168.1.5 - - [15/Mar/2023:19:15:49 +0000] "DELETE /api/invoices HTTP/1.1" 404 348 "-" "Mozilla/5.0 (Macintosh; Intel Mac OS X 10_15_7) AppleWebKit/537.36 (KHTML, like Gecko) Chrome/93.0.4577.63 Safari/537.36"
192.168.1.1 - - [15/Mar/2023:19:15:49 +0000] "POST /api/orders HTTP/1.1" 200 729 "-" "Mozilla/5.0 (Windows NT 10.0; Win64; x64) AppleWebKit/537.36 (KHTML, like Gecko) Chrome/94.0.4606.81 Safari/537.36"
192.168.1.3 - - [15/Mar/2023:19:15:49 +0000] "POST /api/users HTTP/1.1" 404 450 "-" "Mozilla/5.0 (Macintosh; Intel Mac OS X 10_15_7) AppleWebKit/537.36 (KHTML, like Gecko) Chrome/94.0.4606.81 Safari/537.36"
192.168.1.1 - - [15/Mar/2023:19:15:49 +0000] "POST /api/orders HTTP/1.1" 400 806 "-" "Mozilla/5.0 (Windows NT 10.0; Win64; x64) AppleWebKit/537.36 (KHTML, like Gecko) Chrome/94.0.4606.81 Safari/537.36"
192.168.1.4 - - [15/Mar/2023:19:15:49 +0000] "DELETE /api/customers HTTP/1.1" 403 361 "-" "Mozilla/5.0 (Windows NT 10.0; Win64; x64) AppleWebKit/537.36 (KHTML, like Gecko) Chrome/93.0.4577.63 Safari/537.36"
192.168.1.2 - - [15/Mar/2023:19:15:49 +0000] "PUT /api/invoices HTTP/1.1" 201 197 "-" "Mozilla/5.0 (Macintosh; Intel Mac OS X 10_15_7) AppleWebKit/537.36 (KHTML, like Gecko) Chrome/93.0.4577.63 Safari/537.36"
192.168.1.4 - - [15/Mar/2023:19:15:49 +0000] "PATCH /api/invoices" 200 828 "-" "Mozilla/5.0 (Windows NT 10.0; Win64; x64; rv:94.0) Gecko/20100101 Firefox/94.0"
192.168.1.3 - - [15/Mar/2023:19:15:49 +0000] "PUT /api/invoices HTTP/1.1" 500 717 "-" "Mozilla/5.0 (Windows NT 10.0; Win64; x64) AppleWebKit/537.36 (KHTML, like Gecko) Chrome/94.0.4606.81 Safari/537.36"
192.168.1.4 - - [15/Mar/2023:19:15:49 +0000] "DELETE /api/invoices HTTP/1.1" 200 99 "-" "Mozilla/5.0 (Macintosh; Intel Mac OS X 10_15_7) AppleWebKit/537.36 (KHTML, like Gecko) Chrome/93.0.4577.63 Safari/537.36"
192.168.1.5 - - [15/Mar/2023:19:15:49 +0000] "PATCH /api/users" 400 469 "-" "Mozilla/5.0 (Windows NT 10.0; Win64; x64; rv:93.0) Gecko/20100101 Firefox/93.0"
192.168.1.1 - - [15/Mar/2023:19:15:49 +0000] "PUT /api/orders HTTP/1.1" 403 610 "-" "Mozilla/5.0 (Windows NT 10.0; Win64; x64) AppleWebKit/537.36 (KHTML, like Gecko) Chrome/94.0.4606.81 Safari/537.36"
192.168.1.1 - - [15/Mar/2023:19:15:49 +0000] "DELETE /api/customers HTTP/1.1" 201 413 "-" "Mozilla/5.0 (Windows NT 10.0; Win64; x64; rv:93.0) Gecko/20100101 Firefox/93.0"
192.168.1.4 - - [15/Mar/2023:19:15:49 +0000] "POST /api/users HTTP/1.1" 403 18 "-" "Mozilla/5.0 (Macintosh; Intel Mac OS X 10_15_7) AppleWebKit/537.36 (KHTML, like Gecko) Chrome/94.0.4606.81 Safari/537.36"
192.168.1.2 - - [15/Mar/2023:19:15:49 +0000] "PUT /api/products HTTP/1.1" 201 204 "-" "Mozilla/5.0 (Windows NT 10.0; Win64; x64) AppleWebKit/537.36 (KHTML, like Gecko) Chrome/93.0.4577.63 Safari/537.36"
192.168.1.4 - - [15/Mar/2023:19:15:49 +0000] "PUT /api/orders HTTP/1.1" 400 749 "-" "Mozilla/5.0 (Windows NT 10.0; Win64; x64; rv:93.0) Gecko/20100101 Firefox/93.0"
192.168.1.3 - - [15/Mar/2023:19:15:49 +0000] "DELETE /api/customers HTTP/1.1" 404 554 "-" "Mozilla/5.0 (Windows NT 10.0; Win64; x64) AppleWebKit/537.36 (KHTML, like Gecko) Chrome/94.0.4606.81 Safari/537.36"
192.168.1.2 - - [15/Mar/2023:19:15:49 +0000] "DELETE /api/products HTTP/1.1" 404 857 "-" "Mozilla/5.0 (Windows NT 10.0; Win64; x64; rv:94.0) Gecko/20100101 Firefox/94.0"
192.168.1.5 - - [15/Mar/2023:19:15:49 +0000] "PATCH /api/orders" 401 357 "-" "Mozilla/5.0 (Windows NT 10.0; Win64; x64) AppleWebKit/537.36 (KHTML, like Gecko) Chrome/93.0.4577.63 Safari/537.36"
192.168.1.1 - - [15/Mar/2023:19:15:49 +0000] "GET /api/orders HTTP/1.1" 404 46 "-" "Mozilla/5.0 (Windows NT 10.0; Win64; x64) AppleWebKit/537.36 (KHTML, like Gecko) Chrome/93.0.4577.63 Safari/537.36"
192.168.1.1 - - [15/Mar/2023:19:15:49 +0000] "DELETE /api/users HTTP/1.1" 201 933 "-" "Mozilla/5.0 (Windows NT 10.0; Win64; x64) AppleWebKit/537.36 (KHTML, like Gecko) Chrome/93.0.4577.63 Safari/537.36"
192.168.1.4 - - [15/Mar/2023:19:15:49 +0000] "POST /api/customers HTTP/1.1" 401 487 "-" "Mozilla/5.0 (Windows NT 10.0; Win64; x64; rv:93.0) Gecko/20100101 Firefox/93.0"
192.168.1.2 - - [15/Mar/2023:19:15:49 +0000] "GET /api/customers HTTP/1.1" 400 772 "-" "Mozilla/5.0 (Macintosh; Intel Mac OS X 10_15_7) AppleWebKit/537.36 (KHTML, like Gecko) Chrome/94.0.4606.81 Safari/537.36"
192.168.1.2 - - [15/Mar/2023:19:15:49 +0000] "PATCH /api/products" 201 160 "-" "Mozilla/5.0 (Windows NT 10.0; Win64; x64; rv:94.0) Gecko/20100101 Firefox/94.0"
192.168.1.3 - - [15/Mar/2023:19:15:49 +0000] "GET /api/products HTTP/1.1" 401 986 "-" "Mozilla/5.0 (Windows NT 10.0; Win64; x64; rv:93.0) Gecko/20100101 Firefox/93.0"
192.168.1.3 - - [15/Mar/2023:19:15:49 +0000] "DELETE /api/orders HTTP/1.1" 400 508 "-" "Mozilla/5.0 (Windows NT 10.0; Win64; x64; rv:93.0) Gecko/20100101 Firefox/93.0"
192.168.1.3 - - [15/Mar/2023:19:15:49 +0000] "DELETE /api/customers HTTP/1.1" 400 992 "-" "Mozilla/5.0 (Macintosh; Intel Mac OS X 10_15_7) AppleWebKit/537.36 (KHTML, like Gecko) Chrome/94.0.4606.81 Safari/537.36"
192.168.1.3 - - [15/Mar/2023:19:15:49 +0000] "PUT /api/customers HTTP/1.1" 500 832 "-" "Mozilla/5.0 (Macintosh; Intel Mac OS X 10_15_7) AppleWebKit/537.36 (KHTML, like Gecko) Chrome/94.0.4606.81 Safari/537.36"
192.168.1.5 - - [15/Mar/2023:19:15:49 +0000] "PUT /api/orders HTTP/1.1" 200 336 "-" "Mozilla/5.0 (Macintosh; Intel Mac OS X 10_15_7) AppleWebKit/537.36 (KHTML, like Gecko) Chrome/94.0.4606.81 Safari/537.36"
192.168.1.5 - - [15/Mar/2023:19:15:49 +0000] "POST /api/customers HTTP/1.1" 201 604 "-" "Mozilla/5.0 (Windows NT 10.0; Win64; x64) AppleWebKit/537.36 (KHTML, like Gecko) Chrome/94.0.4606.81 Safari/537.36"
192.168.1.3 - - [15/Mar/2023:19:15:49 +0000] "PATCH /api/users" 400 729 "-" "Mozilla/5.0 (Windows NT 10.0; Win64; x64) AppleWebKit/537.36 (KHTML, like Gecko) Chrome/93.0.4577.63 Safari/537.36"
192.168.1.1 - - [15/Mar/2023:19:15:49 +0000] "GET /api/products HTTP/1.1" 403 276 "-" "Mozilla/5.0 (Windows NT 10.0; Win64; x64) AppleWebKit/537.36 (KHTML, like Gecko) Chrome/93.0.4577.63 Safari/537.36"
192.168.1.3 - - [15/Mar/2023:19:15:49 +0000] "POST /api/invoices HTTP/1.1" 401 744 "-" "Mozilla/5.0 (Macintosh; Intel Mac OS X 10_15_7) AppleWebKit/537.36 (KHTML, like Gecko) Chrome/94.0.4606.81 Safari/537.36"
192.168.1.3 - - [15/Mar/2023:19:15:49 +0000] "GET /api/invoices HTTP/1.1" 204 286 "-" "Mozilla/5.0 (Windows NT 10.0; Win64; x64; rv:94.0) Gecko/20100101 Firefox/94.0"
192.168.1.4 - - [15/Mar/2023:19:15:49 +0000] "PATCH /api/orders" 401 627 "-" "Mozilla/5.0 (Windows NT 10.0; Win64; x64; rv:94.0) Gecko/20100101 Firefox/94.0"
192.168.1.3 - - [15/Mar/2023:19:15:49 +0000] "PATCH /api/users" 200 760 "-" "Mozilla/5.0 (Windows NT 10.0; Win64; x64) AppleWebKit/537.36 (KHTML, like Gecko) Chrome/93.0.4577.63 Safari/537.36"
192.168.1.1 - - [15/Mar/2023:19:15:49 +0000] "GET /api/products HTTP/1.1" 500 411 "-" "Mozilla/5.0 (Windows NT 10.0; Win64; x64) AppleWebKit/537.36 (KHTML, like Gecko) Chrome/93.0.4577.63 Safari/537.36"
192.168.1.4 - - [15/Mar/2023:19:15:49 +0000] "POST /api/users HTTP/1.1" 400 359 "-" "Mozilla/5.0 (Macintosh; Intel Mac OS X 10_15_7) AppleWebKit/537.36 (KHTML, like Gecko) Chrome/93.0.4577.63 Safari/537.36"
192.168.1.2 - - [15/Mar/2023:19:15:49 +0000] "DELETE /api/products HTTP/1.1" 204 321 "-" "Mozilla/5.0 (Windows NT 10.0; Win64; x64; rv:93.0) Gecko/20100101 Firefox/93.0"
192.168.1.3 - - [15/Mar/2023:19:15:49 +0000] "POST /api/orders HTTP/1.1" 200 970 "-" "Mozilla/5.0 (Macintosh; Intel Mac OS X 10_15_7) AppleWebKit/537.36 (KHTML, like Gecko) Chrome/94.0.4606.81 Safari/537.36"
192.168.1.1 - - [15/Mar/2023:19:15:49 +0000] "POST /api/products HTTP/1.1" 401 185 "-" "Mozilla/5.0 (Windows NT 10.0; Win64; x64; rv:94.0) Gecko/20100101 Firefox/94.0"
192.168.1.2 - - [15/Mar/2023:19:15:49 +0000] "DELETE /api/orders HTTP/1.1" 403 20 "-" "Mozilla/5.0 (Windows NT 10.0; Win64; x64) AppleWebKit/537.36 (KHTML, like Gecko) Chrome/93.0.4577.63 Safari/537.36"
192.168.1.5 - - [15/Mar/2023:19:15:49 +0000] "PATCH /api/customers" 400 963 "-" "Mozilla/5.0 (Macintosh; Intel Mac OS X 10_15_7) AppleWebKit/537.36 (KHTML, like Gecko) Chrome/94.0.4606.81 Safari/537.36"
192.168.1.5 - - [15/Mar/2023:19:15:49 +0000] "GET /api/products HTTP/1.1" 201 308 "-" "Mozilla/5.0 (Windows NT 10.0; Win64; x64; rv:94.0) Gecko/20100101 Firefox/94.0"
192.168.1.1 - - [15/Mar/2023:19:15:49 +0000] "PUT /api/customers HTTP/1.1" 201 361 "-" "Mozilla/5.0 (Windows NT 10.0; Win64; x64; rv:94.0) Gecko/20100101 Firefox/94.0"
192.168.1.2 - - [15/Mar/2023:19:15:49 +0000] "PATCH /api/products" 401 179 "-" "Mozilla/5.0 (Macintosh; Intel Mac OS X 10_15_7) AppleWebKit/537.36 (KHTML, like Gecko) Chrome/93.0.4577.63 Safari/537.36"
192.168.1.3 - - [15/Mar/2023:19:15:49 +0000] "POST /api/products HTTP/1.1" 403 233 "-" "Mozilla/5.0 (Macintosh; Intel Mac OS X 10_15_7) AppleWebKit/537.36 (KHTML, like Gecko) Chrome/94.0.4606.81 Safari/537.36"
192.168.1.1 - - [15/Mar/2023:19:15:49 +0000] "GET /api/orders HTTP/1.1" 404 953 "-" "Mozilla/5.0 (Macintosh; Intel Mac OS X 10_15_7) AppleWebKit/537.36 (KHTML, like Gecko) Chrome/93.0.4577.63 Safari/537.36"
192.168.1.1 - - [15/Mar/2023:19:15:49 +0000] "DELETE /api/invoices HTTP/1.1" 200 33 "-" "Mozilla/5.0 (Windows NT 10.0; Win64; x64; rv:94.0) Gecko/20100101 Firefox/94.0"
192.168.1.3 - - [15/Mar/2023:19:15:49 +0000] "PATCH /api/users" 204 315 "-" "Mozilla/5.0 (Windows NT 10.0; Win64; x64; rv:94.0) Gecko/20100101 Firefox/94.0"
192.168.1.4 - - [15/Mar/2023:19:15:49 +0000] "DELETE /api/orders HTTP/1.1" 404 975 "-" "Mozilla/5.0 (Windows NT 10.0; Win64; x64) AppleWebKit/537.36 (KHTML, like Gecko) Chrome/93.0.4577.63 Safari/537.36"
192.168.1.5 - - [15/Mar/2023:19:15:49 +0000] "PATCH /api/orders" 500 608 "-" "Mozilla/5.0 (Macintosh; Intel Mac OS X 10_15_7) AppleWebKit/537.36 (KHTML, like Gecko) Chrome/94.0.4606.81 Safari/537.36"
192.168.1.2 - - [15/Mar/2023:19:15:49 +0000] "PUT /api/products HTTP/1.1" 403 181 "-" "Mozilla/5.0 (Windows NT 10.0; Win64; x64; rv:94.0) Gecko/20100101 Firefox/94.0"
192.168.1.3 - - [15/Mar/2023:19:15:49 +0000] "PATCH /api/orders" 200 982 "-" "Mozilla/5.0 (Windows NT 10.0; Win64; x64) AppleWebKit/537.36 (KHTML, like Gecko) Chrome/94.0.4606.81 Safari/537.36"
192.168.1.3 - - [15/Mar/2023:19:15:49 +0000] "GET /api/orders HTTP/1.1" 204 205 "-" "Mozilla/5.0 (Macintosh; Intel Mac OS X 10_15_7) AppleWebKit/537.36 (KHTML, like Gecko) Chrome/93.0.4577.63 Safari/537.36"
192.168.1.3 - - [15/Mar/2023:19:15:49 +0000] "DELETE /api/orders HTTP/1.1" 200 597 "-" "Mozilla/5.0 (Windows NT 10.0; Win64; x64) AppleWebKit/537.36 (KHTML, like Gecko) Chrome/93.0.4577.63 Safari/537.36"
192.168.1.1 - - [15/Mar/2023:19:15:49 +0000] "GET /api/invoices HTTP/1.1" 201 102 "-" "Mozilla/5.0 (Windows NT 10.0; Win64; x64) AppleWebKit/537.36 (KHTML, like Gecko) Chrome/93.0.4577.63 Safari/537.36"
192.168.1.4 - - [15/Mar/2023:19:15:49 +0000] "PUT /api/orders HTTP/1.1" 200 478 "-" "Mozilla/5.0 (Macintosh; Intel Mac OS X 10_15_7) AppleWebKit/537.36 (KHTML, like Gecko) Chrome/93.0.4577.63 Safari/537.36"
192.168.1.3 - - [15/Mar/2023:19:15:49 +0000] "GET /api/invoices HTTP/1.1" 204 173 "-" "Mozilla/5.0 (Windows NT 10.0; Win64; x64) AppleWebKit/537.36 (KHTML, like Gecko) Chrome/94.0.4606.81 Safari/537.36"
192.168.1.3 - - [15/Mar/2023:19:15:49 +0000] "POST /api/orders HTTP/1.1" 201 605 "-" "Mozilla/5.0 (Windows NT 10.0; Win64; x64; rv:93.0) Gecko/20100101 Firefox/93.0"
192.168.1.3 - - [15/Mar/2023:19:15:49 +0000] "PATCH /api/orders" 404 323 "-" "Mozilla/5.0 (Windows NT 10.0; Win64; x64) AppleWebKit/537.36 (KHTML, like Gecko) Chrome/93.0.4577.63 Safari/537.36"
192.168.1.4 - - [15/Mar/2023:19:15:49 +0000] "POST /api/invoices HTTP/1.1" 404 985 "-" "Mozilla/5.0 (Windows NT 10.0; Win64; x64; rv:93.0) Gecko/20100101 Firefox/93.0"
192.168.1.4 - - [15/Mar/2023:19:15:49 +0000] "PATCH /api/customers" 500 648 "-" "Mozilla/5.0 (Windows NT 10.0; Win64; x64) AppleWebKit/537.36 (KHTML, like Gecko) Chrome/94.0.4606.81 Safari/537.36"
192.168.1.3 - - [15/Mar/2023:19:15:49 +0000] "DELETE /api/users HTTP/1.1" 201 543 "-" "Mozilla/5.0 (Macintosh; Intel Mac OS X 10_15_7) AppleWebKit/537.36 (KHTML, like Gecko) Chrome/93.0.4577.63 Safari/537.36"
192.168.1.3 - - [15/Mar/2023:19:15:49 +0000] "PATCH /api/products" 200 916 "-" "Mozilla/5.0 (Windows NT 10.0; Win64; x64) AppleWebKit/537.36 (KHTML, like Gecko) Chrome/93.0.4577.63 Safari/537.36"
192.168.1.4 - - [15/Mar/2023:19:15:49 +0000] "PATCH /api/products" 404 966 "-" "Mozilla/5.0 (Windows NT 10.0; Win64; x64) AppleWebKit/537.36 (KHTML, like Gecko) Chrome/93.0.4577.63 Safari/537.36"
192.168.1.4 - - [15/Mar/2023:19:15:49 +0000] "POST /api/users HTTP/1.1" 204 453 "-" "Mozilla/5.0 (Windows NT 10.0; Win64; x64; rv:94.0) Gecko/20100101 Firefox/94.0"
192.168.1.4 - - [15/Mar/2023:19:15:49 +0000] "GET /api/products HTTP/1.1" 400 179 "-" "Mozilla/5.0 (Macintosh; Intel Mac OS X 10_15_7) AppleWebKit/537.36 (KHTML, like Gecko) Chrome/93.0.4577.63 Safari/537.36"
192.168.1.2 - - [15/Mar/2023:19:15:49 +0000] "GET /api/customers HTTP/1.1" 500 148 "-" "Mozilla/5.0 (Macintosh; Intel Mac OS X 10_15_7) AppleWebKit/537.36 (KHTML, like Gecko) Chrome/94.0.4606.81 Safari/537.36"
192.168.1.1 - - [15/Mar/2023:19:15:49 +0000] "DELETE /api/users HTTP/1.1" 500 497 "-" "Mozilla/5.0 (Windows NT 10.0; Win64; x64) AppleWebKit/537.36 (KHTML, like Gecko) Chrome/94.0.4606.81 Safari/537.36"
192.168.1.5 - - [15/Mar/2023:19:15:49 +0000] "PUT /api/orders HTTP/1.1" 500 964 "-" "Mozilla/5.0 (Windows NT 10.0; Win64; x64; rv:94.0) Gecko/20100101 Firefox/94.0"
192.168.1.4 - - [15/Mar/2023:19:15:49 +0000] "PATCH /api/products" 500 58 "-" "Mozilla/5.0 (Windows NT 10.0; Win64; x64) AppleWebKit/537.36 (KHTML, like Gecko) Chrome/94.0.4606.81 Safari/537.36"
192.168.1.2 - - [15/Mar/2023:19:15:49 +0000] "GET /api/products HTTP/1.1" 204 205 "-" "Mozilla/5.0 (Macintosh; Intel Mac OS X 10_15_7) AppleWebKit/537.36 (KHTML, like Gecko) Chrome/93.0.4577.63 Safari/537.36"
192.168.1.4 - - [15/Mar/2023:19:15:49 +0000] "GET /api/orders HTTP/1.1" 201 582 "-" "Mozilla/5.0 (Macintosh; Intel Mac OS X 10_15_7) AppleWebKit/537.36 (KHTML, like Gecko) Chrome/93.0.4577.63 Safari/537.36"
192.168.1.4 - - [15/Mar/2023:19:15:49 +0000] "GET /api/invoices HTTP/1.1" 401 797 "-" "Mozilla/5.0 (Windows NT 10.0; Win64; x64; rv:93.0) Gecko/20100101 Firefox/93.0"
192.168.1.1 - - [15/Mar/2023:19:15:49 +0000] "DELETE /api/invoices HTTP/1.1" 401 302 "-" "Mozilla/5.0 (Windows NT 10.0; Win64; x64; rv:94.0) Gecko/20100101 Firefox/94.0"
192.168.1.1 - - [15/Mar/2023:19:15:49 +0000] "POST /api/products HTTP/1.1" 403 255 "-" "Mozilla/5.0 (Windows NT 10.0; Win64; x64) AppleWebKit/537.36 (KHTML, like Gecko) Chrome/93.0.4577.63 Safari/537.36"
192.168.1.2 - - [15/Mar/2023:19:15:49 +0000] "GET /api/users HTTP/1.1" 401 901 "-" "Mozilla/5.0 (Windows NT 10.0; Win64; x64) AppleWebKit/537.36 (KHTML, like Gecko) Chrome/94.0.4606.81 Safari/537.36"
192.168.1.3 - - [15/Mar/2023:19:15:49 +0000] "PATCH /api/users" 200 652 "-" "Mozilla/5.0 (Windows NT 10.0; Win64; x64; rv:93.0) Gecko/20100101 Firefox/93.0"
192.168.1.2 - - [15/Mar/2023:19:15:49 +0000] "GET /api/orders HTTP/1.1" 201 985 "-" "Mozilla/5.0 (Windows NT 10.0; Win64; x64; rv:94.0) Gecko/20100101 Firefox/94.0"
192.168.1.3 - - [15/Mar/2023:19:15:49 +0000] "GET /api/users HTTP/1.1" 204 200 "-" "Mozilla/5.0 (Windows NT 10.0; Win64; x64) AppleWebKit/537.36 (KHTML, like Gecko) Chrome/94.0.4606.81 Safari/537.36"
192.168.1.5 - - [15/Mar/2023:19:15:49 +0000] "DELETE /api/invoices HTTP/1.1" 500 471 "-" "Mozilla/5.0 (Windows NT 10.0; Win64; x64; rv:93.0) Gecko/20100101 Firefox/93.0"
192.168.1.4 - - [15/Mar/2023:19:15:49 +0000] "PUT /api/users HTTP/1.1" 201 617 "-" "Mozilla/5.0 (Windows NT 10.0; Win64; x64; rv:93.0) Gecko/20100101 Firefox/93.0"
192.168.1.1 - - [15/Mar/2023:19:15:49 +0000] "PATCH /api/invoices" 401 514 "-" "Mozilla/5.0 (Macintosh; Intel Mac OS X 10_15_7) AppleWebKit/537.36 (KHTML, like Gecko) Chrome/93.0.4577.63 Safari/537.36"
192.168.1.1 - - [15/Mar/2023:19:15:49 +0000] "GET /api/invoices HTTP/1.1" 204 160 "-" "Mozilla/5.0 (Macintosh; Intel Mac OS X 10_15_7) AppleWebKit/537.36 (KHTML, like Gecko) Chrome/93.0.4577.63 Safari/537.36"
192.168.1.1 - - [15/Mar/2023:19:15:49 +0000] "POST /api/products HTTP/1.1" 403 913 "-" "Mozilla/5.0 (Macintosh; Intel Mac OS X 10_15_7) AppleWebKit/537.36 (KHTML, like Gecko) Chrome/94.0.4606.81 Safari/537.36"
192.168.1.3 - - [15/Mar/2023:19:15:49 +0000] "PATCH /api/orders" 401 719 "-" "Mozilla/5.0 (Macintosh; Intel Mac OS X 10_15_7) AppleWebKit/537.36 (KHTML, like Gecko) Chrome/94.0.4606.81 Safari/537.36"
192.168.1.1 - - [15/Mar/2023:19:15:49 +0000] "PUT /api/customers HTTP/1.1" 500 844 "-" "Mozilla/5.0 (Macintosh; Intel Mac OS X 10_15_7) AppleWebKit/537.36 (KHTML, like Gecko) Chrome/94.0.4606.81 Safari/537.36"
192.168.1.4 - - [15/Mar/2023:19:15:49 +0000] "PUT /api/orders HTTP/1.1" 200 112 "-" "Mozilla/5.0 (Macintosh; Intel Mac OS X 10_15_7) AppleWebKit/537.36 (KHTML, like Gecko) Chrome/93.0.4577.63 Safari/537.36"
192.168.1.2 - - [15/Mar/2023:19:15:49 +0000] "PATCH /api/products" 403 516 "-" "Mozilla/5.0 (Macintosh; Intel Mac OS X 10_15_7) AppleWebKit/537.36 (KHTML, like Gecko) Chrome/93.0.4577.63 Safari/537.36"
192.168.1.3 - - [15/Mar/2023:19:15:49 +0000] "PUT /api/products HTTP/1.1" 500 640 "-" "Mozilla/5.0 (Macintosh; Intel Mac OS X 10_15_7) AppleWebKit/537.36 (KHTML, like Gecko) Chrome/93.0.4577.63 Safari/537.36"
192.168.1.5 - - [15/Mar/2023:19:15:49 +0000] "GET /api/orders HTTP/1.1" 500 387 "-" "Mozilla/5.0 (Windows NT 10.0; Win64; x64) AppleWebKit/537.36 (KHTML, like Gecko) Chrome/94.0.4606.81 Safari/537.36"
192.168.1.3 - - [15/Mar/2023:19:15:49 +0000] "GET /api/products HTTP/1.1" 204 57 "-" "Mozilla/5.0 (Windows NT 10.0; Win64; x64; rv:93.0) Gecko/20100101 Firefox/93.0"
192.168.1.2 - - [15/Mar/2023:19:15:49 +0000] "PATCH /api/invoices" 400 424 "-" "Mozilla/5.0 (Windows NT 10.0; Win64; x64; rv:94.0) Gecko/20100101 Firefox/94.0"
192.168.1.1 - - [15/Mar/2023:19:15:49 +0000] "POST /api/customers HTTP/1.1" 403 38 "-" "Mozilla/5.0 (Windows NT 10.0; Win64; x64) AppleWebKit/537.36 (KHTML, like Gecko) Chrome/93.0.4577.63 Safari/537.36"
192.168.1.5 - - [15/Mar/2023:19:15:49 +0000] "PATCH /api/products" 500 920 "-" "Mozilla/5.0 (Windows NT 10.0; Win64; x64) AppleWebKit/537.36 (KHTML, like Gecko) Chrome/93.0.4577.63 Safari/537.36"
192.168.1.5 - - [15/Mar/2023:19:15:49 +0000] "POST /api/products HTTP/1.1" 404 248 "-" "Mozilla/5.0 (Macintosh; Intel Mac OS X 10_15_7) AppleWebKit/537.36 (KHTML, like Gecko) Chrome/94.0.4606.81 Safari/537.36"
192.168.1.5 - - [15/Mar/2023:19:15:49 +0000] "GET /api/products HTTP/1.1" 400 601 "-" "Mozilla/5.0 (Macintosh; Intel Mac OS X 10_15_7) AppleWebKit/537.36 (KHTML, like Gecko) Chrome/94.0.4606.81 Safari/537.36"
192.168.1.2 - - [15/Mar/2023:19:15:49 +0000] "GET /api/orders HTTP/1.1" 400 481 "-" "Mozilla/5.0 (Windows NT 10.0; Win64; x64) AppleWebKit/537.36 (KHTML, like Gecko) Chrome/94.0.4606.81 Safari/537.36"
192.168.1.2 - - [15/Mar/2023:19:15:49 +0000] "POST /api/products HTTP/1.1" 204 376 "-" "Mozilla/5.0 (Windows NT 10.0; Win64; x64) AppleWebKit/537.36 (KHTML, like Gecko) Chrome/93.0.4577.63 Safari/537.36"
192.168.1.3 - - [15/Mar/2023:19:15:49 +0000] "DELETE /api/invoices HTTP/1.1" 200 674 "-" "Mozilla/5.0 (Windows NT 10.0; Win64; x64; rv:94.0) Gecko/20100101 Firefox/94.0"
192.168.1.4 - - [15/Mar/2023:19:15:49 +0000] "GET /api/orders HTTP/1.1" 401 868 "-" "Mozilla/5.0 (Windows NT 10.0; Win64; x64) AppleWebKit/537.36 (KHTML, like Gecko) Chrome/93.0.4577.63 Safari/537.36"
192.168.1.5 - - [15/Mar/2023:19:15:49 +0000] "DELETE /api/users HTTP/1.1" 404 679 "-" "Mozilla/5.0 (Macintosh; Intel Mac OS X 10_15_7) AppleWebKit/537.36 (KHTML, like Gecko) Chrome/94.0.4606.81 Safari/537.36"
192.168.1.1 - - [15/Mar/2023:19:15:49 +0000] "GET /api/users HTTP/1.1" 204 650 "-" "Mozilla/5.0 (Macintosh; Intel Mac OS X 10_15_7) AppleWebKit/537.36 (KHTML, like Gecko) Chrome/93.0.4577.63 Safari/537.36"
192.168.1.5 - - [15/Mar/2023:19:15:49 +0000] "PATCH /api/invoices" 201 222 "-" "Mozilla/5.0 (Windows NT 10.0; Win64; x64) AppleWebKit/537.36 (KHTML, like Gecko) Chrome/93.0.4577.63 Safari/537.36"
192.168.1.1 - - [15/Mar/2023:19:15:49 +0000] "DELETE /api/orders HTTP/1.1" 400 250 "-" "Mozilla/5.0 (Windows NT 10.0; Win64; x64; rv:94.0) Gecko/20100101 Firefox/94.0"
192.168.1.1 - - [15/Mar/2023:19:15:49 +0000] "PATCH /api/invoices" 401 839 "-" "Mozilla/5.0 (Windows NT 10.0; Win64; x64; rv:94.0) Gecko/20100101 Firefox/94.0"
192.168.1.3 - - [15/Mar/2023:19:15:49 +0000] "GET /api/orders HTTP/1.1" 400 445 "-" "Mozilla/5.0 (Windows NT 10.0; Win64; x64; rv:93.0) Gecko/20100101 Firefox/93.0"
192.168.1.1 - - [15/Mar/2023:19:15:49 +0000] "PATCH /api/invoices" 500 488 "-" "Mozilla/5.0 (Macintosh; Intel Mac OS X 10_15_7) AppleWebKit/537.36 (KHTML, like Gecko) Chrome/94.0.4606.81 Safari/537.36"
192.168.1.5 - - [15/Mar/2023:19:15:49 +0000] "PUT /api/invoices HTTP/1.1" 200 428 "-" "Mozilla/5.0 (Windows NT 10.0; Win64; x64; rv:94.0) Gecko/20100101 Firefox/94.0"
192.168.1.5 - - [15/Mar/2023:19:15:49 +0000] "GET /api/orders HTTP/1.1" 204 281 "-" "Mozilla/5.0 (Windows NT 10.0; Win64; x64) AppleWebKit/537.36 (KHTML, like Gecko) Chrome/93.0.4577.63 Safari/537.36"
192.168.1.2 - - [15/Mar/2023:19:15:49 +0000] "POST /api/customers HTTP/1.1" 404 499 "-" "Mozilla/5.0 (Macintosh; Intel Mac OS X 10_15_7) AppleWebKit/537.36 (KHTML, like Gecko) Chrome/93.0.4577.63 Safari/537.36"
192.168.1.5 - - [15/Mar/2023:19:15:49 +0000] "POST /api/invoices HTTP/1.1" 200 539 "-" "Mozilla/5.0 (Windows NT 10.0; Win64; x64) AppleWebKit/537.36 (KHTML, like Gecko) Chrome/94.0.4606.81 Safari/537.36"
192.168.1.3 - - [15/Mar/2023:19:15:49 +0000] "GET /api/products HTTP/1.1" 200 865 "-" "Mozilla/5.0 (Windows NT 10.0; Win64; x64; rv:94.0) Gecko/20100101 Firefox/94.0"
192.168.1.4 - - [15/Mar/2023:19:15:49 +0000] "GET /api/users HTTP/1.1" 404 483 "-" "Mozilla/5.0 (Macintosh; Intel Mac OS X 10_15_7) AppleWebKit/537.36 (KHTML, like Gecko) Chrome/94.0.4606.81 Safari/537.36"
192.168.1.1 - - [15/Mar/2023:19:15:49 +0000] "POST /api/invoices HTTP/1.1" 401 400 "-" "Mozilla/5.0 (Macintosh; Intel Mac OS X 10_15_7) AppleWebKit/537.36 (KHTML, like Gecko) Chrome/93.0.4577.63 Safari/537.36"
192.168.1.5 - - [15/Mar/2023:19:15:49 +0000] "GET /api/orders HTTP/1.1" 201 107 "-" "Mozilla/5.0 (Windows NT 10.0; Win64; x64; rv:93.0) Gecko/20100101 Firefox/93.0"
192.168.1.3 - - [15/Mar/2023:19:15:49 +0000] "PATCH /api/customers" 401 414 "-" "Mozilla/5.0 (Windows NT 10.0; Win64; x64) AppleWebKit/537.36 (KHTML, like Gecko) Chrome/93.0.4577.63 Safari/537.36"
192.168.1.3 - - [15/Mar/2023:19:15:49 +0000] "GET /api/customers HTTP/1.1" 400 194 "-" "Mozilla/5.0 (Windows NT 10.0; Win64; x64; rv:93.0) Gecko/20100101 Firefox/93.0"
192.168.1.4 - - [15/Mar/2023:19:15:49 +0000] "PUT /api/users HTTP/1.1" 200 639 "-" "Mozilla/5.0 (Macintosh; Intel Mac OS X 10_15_7) AppleWebKit/537.36 (KHTML, like Gecko) Chrome/93.0.4577.63 Safari/537.36"
192.168.1.2 - - [15/Mar/2023:19:15:49 +0000] "GET /api/users HTTP/1.1" 401 872 "-" "Mozilla/5.0 (Windows NT 10.0; Win64; x64; rv:94.0) Gecko/20100101 Firefox/94.0"
192.168.1.1 - - [15/Mar/2023:19:15:49 +0000] "DELETE /api/users HTTP/1.1" 201 471 "-" "Mozilla/5.0 (Windows NT 10.0; Win64; x64; rv:93.0) Gecko/20100101 Firefox/93.0"
192.168.1.4 - - [15/Mar/2023:19:15:49 +0000] "PATCH /api/users" 404 779 "-" "Mozilla/5.0 (Macintosh; Intel Mac OS X 10_15_7) AppleWebKit/537.36 (KHTML, like Gecko) Chrome/93.0.4577.63 Safari/537.36"
192.168.1.2 - - [15/Mar/2023:19:15:49 +0000] "POST /api/customers HTTP/1.1" 400 370 "-" "Mozilla/5.0 (Windows NT 10.0; Win64; x64) AppleWebKit/537.36 (KHTML, like Gecko) Chrome/94.0.4606.81 Safari/537.36"
192.168.1.5 - - [15/Mar/2023:19:15:49 +0000] "GET /api/orders HTTP/1.1" 201 571 "-" "Mozilla/5.0 (Macintosh; Intel Mac OS X 10_15_7) AppleWebKit/537.36 (KHTML, like Gecko) Chrome/94.0.4606.81 Safari/537.36"
192.168.1.3 - - [15/Mar/2023:19:15:49 +0000] "PUT /api/customers HTTP/1.1" 403 60 "-" "Mozilla/5.0 (Windows NT 10.0; Win64; x64) AppleWebKit/537.36 (KHTML, like Gecko) Chrome/94.0.4606.81 Safari/537.36"
192.168.1.1 - - [15/Mar/2023:19:15:49 +0000] "DELETE /api/products HTTP/1.1" 200 131 "-" "Mozilla/5.0 (Windows NT 10.0; Win64; x64; rv:93.0) Gecko/20100101 Firefox/93.0"
192.168.1.1 - - [15/Mar/2023:19:15:49 +0000] "GET /api/customers HTTP/1.1" 500 417 "-" "Mozilla/5.0 (Macintosh; Intel Mac OS X 10_15_7) AppleWebKit/537.36 (KHTML, like Gecko) Chrome/94.0.4606.81 Safari/537.36"
192.168.1.3 - - [15/Mar/2023:19:15:49 +0000] "GET /api/users HTTP/1.1" 201 453 "-" "Mozilla/5.0 (Windows NT 10.0; Win64; x64; rv:93.0) Gecko/20100101 Firefox/93.0"
192.168.1.5 - - [15/Mar/2023:19:15:49 +0000] "PATCH /api/customers" 404 374 "-" "Mozilla/5.0 (Windows NT 10.0; Win64; x64; rv:93.0) Gecko/20100101 Firefox/93.0"
192.168.1.2 - - [15/Mar/2023:19:15:49 +0000] "POST /api/products HTTP/1.1" 204 115 "-" "Mozilla/5.0 (Windows NT 10.0; Win64; x64) AppleWebKit/537.36 (KHTML, like Gecko) Chrome/94.0.4606.81 Safari/537.36"
192.168.1.3 - - [15/Mar/2023:19:15:49 +0000] "POST /api/customers HTTP/1.1" 201 699 "-" "Mozilla/5.0 (Windows NT 10.0; Win64; x64; rv:93.0) Gecko/20100101 Firefox/93.0"
192.168.1.1 - - [15/Mar/2023:19:15:49 +0000] "PUT /api/customers HTTP/1.1" 201 749 "-" "Mozilla/5.0 (Windows NT 10.0; Win64; x64) AppleWebKit/537.36 (KHTML, like Gecko) Chrome/93.0.4577.63 Safari/537.36"
192.168.1.2 - - [15/Mar/2023:19:15:49 +0000] "POST /api/users HTTP/1.1" 403 248 "-" "Mozilla/5.0 (Macintosh; Intel Mac OS X 10_15_7) AppleWebKit/537.36 (KHTML, like Gecko) Chrome/94.0.4606.81 Safari/537.36"
192.168.1.4 - - [15/Mar/2023:19:15:49 +0000] "PUT /api/orders HTTP/1.1" 500 859 "-" "Mozilla/5.0 (Windows NT 10.0; Win64; x64) AppleWebKit/537.36 (KHTML, like Gecko) Chrome/94.0.4606.81 Safari/537.36"
192.168.1.5 - - [15/Mar/2023:19:15:49 +0000] "POST /api/customers HTTP/1.1" 403 274 "-" "Mozilla/5.0 (Windows NT 10.0; Win64; x64; rv:94.0) Gecko/20100101 Firefox/94.0"
192.168.1.2 - - [15/Mar/2023:19:15:49 +0000] "DELETE /api/invoices HTTP/1.1" 204 503 "-" "Mozilla/5.0 (Windows NT 10.0; Win64; x64) AppleWebKit/537.36 (KHTML, like Gecko) Chrome/94.0.4606.81 Safari/537.36"
192.168.1.5 - - [15/Mar/2023:19:15:49 +0000] "DELETE /api/users HTTP/1.1" 403 176 "-" "Mozilla/5.0 (Windows NT 10.0; Win64; x64; rv:94.0) Gecko/20100101 Firefox/94.0"
192.168.1.3 - - [15/Mar/2023:19:15:49 +0000] "POST /api/customers HTTP/1.1" 204 866 "-" "Mozilla/5.0 (Windows NT 10.0; Win64; x64; rv:94.0) Gecko/20100101 Firefox/94.0"
192.168.1.1 - - [15/Mar/2023:19:15:49 +0000] "PUT /api/customers HTTP/1.1" 204 389 "-" "Mozilla/5.0 (Windows NT 10.0; Win64; x64; rv:93.0) Gecko/20100101 Firefox/93.0"
192.168.1.1 - - [15/Mar/2023:19:15:49 +0000] "PUT /api/customers HTTP/1.1" 404 828 "-" "Mozilla/5.0 (Windows NT 10.0; Win64; x64; rv:94.0) Gecko/20100101 Firefox/94.0"
192.168.1.4 - - [15/Mar/2023:19:15:49 +0000] "GET /api/products HTTP/1.1" 204 618 "-" "Mozilla/5.0 (Windows NT 10.0; Win64; x64) AppleWebKit/537.36 (KHTML, like Gecko) Chrome/94.0.4606.81 Safari/537.36"
192.168.1.1 - - [15/Mar/2023:19:15:49 +0000] "PATCH /api/users" 204 414 "-" "Mozilla/5.0 (Macintosh; Intel Mac OS X 10_15_7) AppleWebKit/537.36 (KHTML, like Gecko) Chrome/94.0.4606.81 Safari/537.36"
192.168.1.1 - - [15/Mar/2023:19:15:49 +0000] "GET /api/orders HTTP/1.1" 201 247 "-" "Mozilla/5.0 (Windows NT 10.0; Win64; x64; rv:93.0) Gecko/20100101 Firefox/93.0"
192.168.1.4 - - [15/Mar/2023:19:15:49 +0000] "POST /api/users HTTP/1.1" 404 465 "-" "Mozilla/5.0 (Windows NT 10.0; Win64; x64) AppleWebKit/537.36 (KHTML, like Gecko) Chrome/94.0.4606.81 Safari/537.36"
192.168.1.5 - - [15/Mar/2023:19:15:49 +0000] "GET /api/customers HTTP/1.1" 401 301 "-" "Mozilla/5.0 (Windows NT 10.0; Win64; x64; rv:93.0) Gecko/20100101 Firefox/93.0"
192.168.1.3 - - [15/Mar/2023:19:15:49 +0000] "GET /api/products HTTP/1.1" 201 127 "-" "Mozilla/5.0 (Macintosh; Intel Mac OS X 10_15_7) AppleWebKit/537.36 (KHTML, like Gecko) Chrome/94.0.4606.81 Safari/537.36"
192.168.1.1 - - [15/Mar/2023:19:15:49 +0000] "POST /api/customers HTTP/1.1" 500 10 "-" "Mozilla/5.0 (Windows NT 10.0; Win64; x64) AppleWebKit/537.36 (KHTML, like Gecko) Chrome/93.0.4577.63 Safari/537.36"
192.168.1.1 - - [15/Mar/2023:19:15:49 +0000] "PUT /api/orders HTTP/1.1" 404 128 "-" "Mozilla/5.0 (Windows NT 10.0; Win64; x64) AppleWebKit/537.36 (KHTML, like Gecko) Chrome/94.0.4606.81 Safari/537.36"
192.168.1.3 - - [15/Mar/2023:19:15:49 +0000] "POST /api/products HTTP/1.1" 401 399 "-" "Mozilla/5.0 (Macintosh; Intel Mac OS X 10_15_7) AppleWebKit/537.36 (KHTML, like Gecko) Chrome/93.0.4577.63 Safari/537.36"
192.168.1.5 - - [15/Mar/2023:19:15:49 +0000] "DELETE /api/users HTTP/1.1" 204 780 "-" "Mozilla/5.0 (Macintosh; Intel Mac OS X 10_15_7) AppleWebKit/537.36 (KHTML, like Gecko) Chrome/94.0.4606.81 Safari/537.36"
192.168.1.1 - - [15/Mar/2023:19:15:49 +0000] "DELETE /api/customers HTTP/1.1" 200 555 "-" "Mozilla/5.0 (Macintosh; Intel Mac OS X 10_15_7) AppleWebKit/537.36 (KHTML, like Gecko) Chrome/93.0.4577.63 Safari/537.36"
192.168.1.2 - - [15/Mar/2023:19:15:49 +0000] "DELETE /api/products HTTP/1.1" 404 430 "-" "Mozilla/5.0 (Windows NT 10.0; Win64; x64; rv:93.0) Gecko/20100101 Firefox/93.0"
192.168.1.2 - - [15/Mar/2023:19:15:49 +0000] "GET /api/orders HTTP/1.1" 204 601 "-" "Mozilla/5.0 (Windows NT 10.0; Win64; x64) AppleWebKit/537.36 (KHTML, like Gecko) Chrome/93.0.4577.63 Safari/537.36"
192.168.1.4 - - [15/Mar/2023:19:15:49 +0000] "GET /api/customers HTTP/1.1" 500 534 "-" "Mozilla/5.0 (Macintosh; Intel Mac OS X 10_15_7) AppleWebKit/537.36 (KHTML, like Gecko) Chrome/94.0.4606.81 Safari/537.36"
192.168.1.3 - - [15/Mar/2023:19:15:49 +0000] "PUT /api/invoices HTTP/1.1" 404 629 "-" "Mozilla/5.0 (Windows NT 10.0; Win64; x64) AppleWebKit/537.36 (KHTML, like Gecko) Chrome/94.0.4606.81 Safari/537.36"
192.168.1.4 - - [15/Mar/2023:19:15:49 +0000] "PATCH /api/orders" 201 361 "-" "Mozilla/5.0 (Windows NT 10.0; Win64; x64; rv:93.0) Gecko/20100101 Firefox/93.0"
192.168.1.1 - - [15/Mar/2023:19:15:49 +0000] "PUT /api/invoices HTTP/1.1" 200 451 "-" "Mozilla/5.0 (Windows NT 10.0; Win64; x64; rv:93.0) Gecko/20100101 Firefox/93.0"
192.168.1.1 - - [15/Mar/2023:19:15:49 +0000] "POST /api/orders HTTP/1.1" 201 661 "-" "Mozilla/5.0 (Windows NT 10.0; Win64; x64; rv:94.0) Gecko/20100101 Firefox/94.0"
192.168.1.3 - - [15/Mar/2023:19:15:49 +0000] "PUT /api/invoices HTTP/1.1" 403 15 "-" "Mozilla/5.0 (Windows NT 10.0; Win64; x64; rv:93.0) Gecko/20100101 Firefox/93.0"
192.168.1.1 - - [15/Mar/2023:19:15:49 +0000] "DELETE /api/invoices HTTP/1.1" 404 303 "-" "Mozilla/5.0 (Macintosh; Intel Mac OS X 10_15_7) AppleWebKit/537.36 (KHTML, like Gecko) Chrome/93.0.4577.63 Safari/537.36"
192.168.1.2 - - [15/Mar/2023:19:15:49 +0000] "POST /api/invoices HTTP/1.1" 201 804 "-" "Mozilla/5.0 (Windows NT 10.0; Win64; x64; rv:94.0) Gecko/20100101 Firefox/94.0"
192.168.1.5 - - [15/Mar/2023:19:15:49 +0000] "POST /api/orders HTTP/1.1" 201 846 "-" "Mozilla/5.0 (Macintosh; Intel Mac OS X 10_15_7) AppleWebKit/537.36 (KHTML, like Gecko) Chrome/93.0.4577.63 Safari/537.36"
192.168.1.3 - - [15/Mar/2023:19:15:49 +0000] "PATCH /api/invoices" 403 395 "-" "Mozilla/5.0 (Windows NT 10.0; Win64; x64) AppleWebKit/537.36 (KHTML, like Gecko) Chrome/94.0.4606.81 Safari/537.36"
192.168.1.4 - - [15/Mar/2023:19:15:49 +0000] "DELETE /api/invoices HTTP/1.1" 403 222 "-" "Mozilla/5.0 (Windows NT 10.0; Win64; x64; rv:93.0) Gecko/20100101 Firefox/93.0"
192.168.1.2 - - [15/Mar/2023:19:15:49 +0000] "PUT /api/orders HTTP/1.1" 403 535 "-" "Mozilla/5.0 (Macintosh; Intel Mac OS X 10_15_7) AppleWebKit/537.36 (KHTML, like Gecko) Chrome/94.0.4606.81 Safari/537.36"
192.168.1.3 - - [15/Mar/2023:19:15:49 +0000] "DELETE /api/products HTTP/1.1" 403 298 "-" "Mozilla/5.0 (Windows NT 10.0; Win64; x64) AppleWebKit/537.36 (KHTML, like Gecko) Chrome/94.0.4606.81 Safari/537.36"
192.168.1.4 - - [15/Mar/2023:19:15:49 +0000] "DELETE /api/customers HTTP/1.1" 403 958 "-" "Mozilla/5.0 (Windows NT 10.0; Win64; x64) AppleWebKit/537.36 (KHTML, like Gecko) Chrome/93.0.4577.63 Safari/537.36"
192.168.1.3 - - [15/Mar/2023:19:15:49 +0000] "DELETE /api/customers HTTP/1.1" 400 317 "-" "Mozilla/5.0 (Macintosh; Intel Mac OS X 10_15_7) AppleWebKit/537.36 (KHTML, like Gecko) Chrome/94.0.4606.81 Safari/537.36"
192.168.1.1 - - [15/Mar/2023:19:15:49 +0000] "GET /api/users HTTP/1.1" 201 153 "-" "Mozilla/5.0 (Windows NT 10.0; Win64; x64; rv:93.0) Gecko/20100101 Firefox/93.0"
192.168.1.5 - - [15/Mar/2023:19:15:49 +0000] "GET /api/products HTTP/1.1" 500 655 "-" "Mozilla/5.0 (Macintosh; Intel Mac OS X 10_15_7) AppleWebKit/537.36 (KHTML, like Gecko) Chrome/93.0.4577.63 Safari/537.36"
192.168.1.3 - - [15/Mar/2023:19:15:49 +0000] "GET /api/invoices HTTP/1.1" 400 510 "-" "Mozilla/5.0 (Windows NT 10.0; Win64; x64; rv:94.0) Gecko/20100101 Firefox/94.0"
192.168.1.2 - - [15/Mar/2023:19:15:49 +0000] "DELETE /api/users HTTP/1.1" 500 866 "-" "Mozilla/5.0 (Windows NT 10.0; Win64; x64; rv:93.0) Gecko/20100101 Firefox/93.0"
192.168.1.3 - - [15/Mar/2023:19:15:49 +0000] "GET /api/customers HTTP/1.1" 401 485 "-" "Mozilla/5.0 (Macintosh; Intel Mac OS X 10_15_7) AppleWebKit/537.36 (KHTML, like Gecko) Chrome/94.0.4606.81 Safari/537.36"
192.168.1.1 - - [15/Mar/2023:19:15:49 +0000] "POST /api/invoices HTTP/1.1" 204 266 "-" "Mozilla/5.0 (Windows NT 10.0; Win64; x64) AppleWebKit/537.36 (KHTML, like Gecko) Chrome/94.0.4606.81 Safari/537.36"
192.168.1.2 - - [15/Mar/2023:19:15:49 +0000] "POST /api/customers HTTP/1.1" 403 147 "-" "Mozilla/5.0 (Windows NT 10.0; Win64; x64; rv:94.0) Gecko/20100101 Firefox/94.0"
192.168.1.5 - - [15/Mar/2023:19:15:49 +0000] "PATCH /api/customers" 400 368 "-" "Mozilla/5.0 (Windows NT 10.0; Win64; x64) AppleWebKit/537.36 (KHTML, like Gecko) Chrome/94.0.4606.81 Safari/537.36"
192.168.1.4 - - [15/Mar/2023:19:15:49 +0000] "PATCH /api/users" 200 250 "-" "Mozilla/5.0 (Macintosh; Intel Mac OS X 10_15_7) AppleWebKit/537.36 (KHTML, like Gecko) Chrome/94.0.4606.81 Safari/537.36"
192.168.1.5 - - [15/Mar/2023:19:15:49 +0000] "GET /api/orders HTTP/1.1" 201 827 "-" "Mozilla/5.0 (Macintosh; Intel Mac OS X 10_15_7) AppleWebKit/537.36 (KHTML, like Gecko) Chrome/93.0.4577.63 Safari/537.36"
192.168.1.5 - - [15/Mar/2023:19:15:49 +0000] "PUT /api/users HTTP/1.1" 400 696 "-" "Mozilla/5.0 (Windows NT 10.0; Win64; x64) AppleWebKit/537.36 (KHTML, like Gecko) Chrome/93.0.4577.63 Safari/537.36"
192.168.1.5 - - [15/Mar/2023:19:15:49 +0000] "PATCH /api/products" 200 495 "-" "Mozilla/5.0 (Windows NT 10.0; Win64; x64; rv:93.0) Gecko/20100101 Firefox/93.0"
192.168.1.1 - - [15/Mar/2023:19:15:49 +0000] "PUT /api/customers HTTP/1.1" 201 643 "-" "Mozilla/5.0 (Macintosh; Intel Mac OS X 10_15_7) AppleWebKit/537.36 (KHTML, like Gecko) Chrome/94.0.4606.81 Safari/537.36"
192.168.1.1 - - [15/Mar/2023:19:15:49 +0000] "PATCH /api/invoices" 400 778 "-" "Mozilla/5.0 (Macintosh; Intel Mac OS X 10_15_7) AppleWebKit/537.36 (KHTML, like Gecko) Chrome/93.0.4577.63 Safari/537.36"
192.168.1.1 - - [15/Mar/2023:19:15:49 +0000] "POST /api/orders HTTP/1.1" 400 256 "-" "Mozilla/5.0 (Windows NT 10.0; Win64; x64) AppleWebKit/537.36 (KHTML, like Gecko) Chrome/93.0.4577.63 Safari/537.36"
192.168.1.3 - - [15/Mar/2023:19:15:49 +0000] "GET /api/users HTTP/1.1" 200 112 "-" "Mozilla/5.0 (Windows NT 10.0; Win64; x64) AppleWebKit/537.36 (KHTML, like Gecko) Chrome/93.0.4577.63 Safari/537.36"
192.168.1.2 - - [15/Mar/2023:19:15:49 +0000] "DELETE /api/orders HTTP/1.1" 403 34 "-" "Mozilla/5.0 (Windows NT 10.0; Win64; x64; rv:94.0) Gecko/20100101 Firefox/94.0"
192.168.1.2 - - [15/Mar/2023:19:15:49 +0000] "GET /api/orders HTTP/1.1" 201 273 "-" "Mozilla/5.0 (Macintosh; Intel Mac OS X 10_15_7) AppleWebKit/537.36 (KHTML, like Gecko) Chrome/94.0.4606.81 Safari/537.36"
192.168.1.2 - - [15/Mar/2023:19:15:49 +0000] "GET /api/users HTTP/1.1" 201 783 "-" "Mozilla/5.0 (Windows NT 10.0; Win64; x64) AppleWebKit/537.36 (KHTML, like Gecko) Chrome/94.0.4606.81 Safari/537.36"
192.168.1.1 - - [15/Mar/2023:19:15:49 +0000] "DELETE /api/orders HTTP/1.1" 204 406 "-" "Mozilla/5.0 (Macintosh; Intel Mac OS X 10_15_7) AppleWebKit/537.36 (KHTML, like Gecko) Chrome/94.0.4606.81 Safari/537.36"
192.168.1.4 - - [15/Mar/2023:19:15:49 +0000] "PATCH /api/customers" 400 204 "-" "Mozilla/5.0 (Windows NT 10.0; Win64; x64) AppleWebKit/537.36 (KHTML, like Gecko) Chrome/94.0.4606.81 Safari/537.36"
192.168.1.4 - - [15/Mar/2023:19:15:49 +0000] "DELETE /api/products HTTP/1.1" 201 509 "-" "Mozilla/5.0 (Windows NT 10.0; Win64; x64) AppleWebKit/537.36 (KHTML, like Gecko) Chrome/94.0.4606.81 Safari/537.36"
192.168.1.3 - - [15/Mar/2023:19:15:49 +0000] "PATCH /api/orders" 400 433 "-" "Mozilla/5.0 (Macintosh; Intel Mac OS X 10_15_7) AppleWebKit/537.36 (KHTML, like Gecko) Chrome/93.0.4577.63 Safari/537.36"
192.168.1.3 - - [15/Mar/2023:19:15:49 +0000] "POST /api/invoices HTTP/1.1" 500 496 "-" "Mozilla/5.0 (Macintosh; Intel Mac OS X 10_15_7) AppleWebKit/537.36 (KHTML, like Gecko) Chrome/94.0.4606.81 Safari/537.36"
192.168.1.1 - - [15/Mar/2023:19:15:49 +0000] "DELETE /api/customers HTTP/1.1" 404 378 "-" "Mozilla/5.0 (Macintosh; Intel Mac OS X 10_15_7) AppleWebKit/537.36 (KHTML, like Gecko) Chrome/93.0.4577.63 Safari/537.36"
192.168.1.4 - - [15/Mar/2023:19:15:49 +0000] "DELETE /api/products HTTP/1.1" 200 295 "-" "Mozilla/5.0 (Windows NT 10.0; Win64; x64) AppleWebKit/537.36 (KHTML, like Gecko) Chrome/93.0.4577.63 Safari/537.36"
192.168.1.1 - - [15/Mar/2023:19:15:49 +0000] "GET /api/users HTTP/1.1" 200 204 "-" "Mozilla/5.0 (Macintosh; Intel Mac OS X 10_15_7) AppleWebKit/537.36 (KHTML, like Gecko) Chrome/93.0.4577.63 Safari/537.36"
192.168.1.2 - - [15/Mar/2023:19:15:49 +0000] "PUT /api/products HTTP/1.1" 403 901 "-" "Mozilla/5.0 (Macintosh; Intel Mac OS X 10_15_7) AppleWebKit/537.36 (KHTML, like Gecko) Chrome/94.0.4606.81 Safari/537.36"
192.168.1.1 - - [15/Mar/2023:19:15:49 +0000] "DELETE /api/orders HTTP/1.1" 500 774 "-" "Mozilla/5.0 (Macintosh; Intel Mac OS X 10_15_7) AppleWebKit/537.36 (KHTML, like Gecko) Chrome/93.0.4577.63 Safari/537.36"
192.168.1.2 - - [15/Mar/2023:19:15:49 +0000] "PUT /api/products HTTP/1.1" 500 563 "-" "Mozilla/5.0 (Windows NT 10.0; Win64; x64; rv:93.0) Gecko/20100101 Firefox/93.0"
192.168.1.4 - - [15/Mar/2023:19:15:49 +0000] "PATCH /api/orders" 403 989 "-" "Mozilla/5.0 (Macintosh; Intel Mac OS X 10_15_7) AppleWebKit/537.36 (KHTML, like Gecko) Chrome/94.0.4606.81 Safari/537.36"
192.168.1.2 - - [15/Mar/2023:19:15:49 +0000] "POST /api/users HTTP/1.1" 401 890 "-" "Mozilla/5.0 (Macintosh; Intel Mac OS X 10_15_7) AppleWebKit/537.36 (KHTML, like Gecko) Chrome/94.0.4606.81 Safari/537.36"
192.168.1.3 - - [15/Mar/2023:19:15:49 +0000] "PUT /api/products HTTP/1.1" 403 623 "-" "Mozilla/5.0 (Windows NT 10.0; Win64; x64) AppleWebKit/537.36 (KHTML, like Gecko) Chrome/93.0.4577.63 Safari/537.36"
192.168.1.5 - - [15/Mar/2023:19:15:49 +0000] "DELETE /api/invoices HTTP/1.1" 404 767 "-" "Mozilla/5.0 (Windows NT 10.0; Win64; x64; rv:93.0) Gecko/20100101 Firefox/93.0"
192.168.1.1 - - [15/Mar/2023:19:15:49 +0000] "DELETE /api/orders HTTP/1.1" 200 887 "-" "Mozilla/5.0 (Macintosh; Intel Mac OS X 10_15_7) AppleWebKit/537.36 (KHTML, like Gecko) Chrome/94.0.4606.81 Safari/537.36"
192.168.1.5 - - [15/Mar/2023:19:15:49 +0000] "POST /api/invoices HTTP/1.1" 201 574 "-" "Mozilla/5.0 (Windows NT 10.0; Win64; x64) AppleWebKit/537.36 (KHTML, like Gecko) Chrome/94.0.4606.81 Safari/537.36"
192.168.1.2 - - [15/Mar/2023:19:15:49 +0000] "PATCH /api/orders" 204 339 "-" "Mozilla/5.0 (Windows NT 10.0; Win64; x64) AppleWebKit/537.36 (KHTML, like Gecko) Chrome/94.0.4606.81 Safari/537.36"
192.168.1.2 - - [15/Mar/2023:19:15:49 +0000] "PUT /api/orders HTTP/1.1" 401 504 "-" "Mozilla/5.0 (Windows NT 10.0; Win64; x64; rv:94.0) Gecko/20100101 Firefox/94.0"
192.168.1.2 - - [15/Mar/2023:19:15:49 +0000] "DELETE /api/customers HTTP/1.1" 201 414 "-" "Mozilla/5.0 (Windows NT 10.0; Win64; x64; rv:94.0) Gecko/20100101 Firefox/94.0"
192.168.1.5 - - [15/Mar/2023:19:15:49 +0000] "DELETE /api/customers HTTP/1.1" 201 983 "-" "Mozilla/5.0 (Macintosh; Intel Mac OS X 10_15_7) AppleWebKit/537.36 (KHTML, like Gecko) Chrome/94.0.4606.81 Safari/537.36"
192.168.1.2 - - [15/Mar/2023:19:15:49 +0000] "GET /api/orders HTTP/1.1" 200 283 "-" "Mozilla/5.0 (Macintosh; Intel Mac OS X 10_15_7) AppleWebKit/537.36 (KHTML, like Gecko) Chrome/93.0.4577.63 Safari/537.36"
192.168.1.4 - - [15/Mar/2023:19:15:49 +0000] "DELETE /api/users HTTP/1.1" 200 424 "-" "Mozilla/5.0 (Windows NT 10.0; Win64; x64; rv:93.0) Gecko/20100101 Firefox/93.0"
192.168.1.2 - - [15/Mar/2023:19:15:49 +0000] "POST /api/customers HTTP/1.1" 401 446 "-" "Mozilla/5.0 (Windows NT 10.0; Win64; x64; rv:94.0) Gecko/20100101 Firefox/94.0"
192.168.1.1 - - [15/Mar/2023:19:15:49 +0000] "GET /api/users HTTP/1.1" 204 204 "-" "Mozilla/5.0 (Macintosh; Intel Mac OS X 10_15_7) AppleWebKit/537.36 (KHTML, like Gecko) Chrome/93.0.4577.63 Safari/537.36"
