192.168.1.1 - - [18/Mar/2023:09:33:53 +0000] "GET /api/customers HTTP/1.1" 201 251 "-" "Mozilla/5.0 (Macintosh; Intel Mac OS X 10_15_7) AppleWebKit/537.36 (KHTML, like Gecko) Chrome/93.0.4577.63 Safari/537.36"
192.168.1.3 - - [18/Mar/2023:09:33:53 +0000] "PUT /api/users HTTP/1.1" 400 734 "-" "Mozilla/5.0 (Windows NT 10.0; Win64; x64) AppleWebKit/537.36 (KHTML, like Gecko) Chrome/94.0.4606.81 Safari/537.36"
192.168.1.2 - - [18/Mar/2023:09:33:53 +0000] "DELETE /api/users HTTP/1.1" 403 363 "-" "Mozilla/5.0 (Windows NT 10.0; Win64; x64) AppleWebKit/537.36 (KHTML, like Gecko) Chrome/93.0.4577.63 Safari/537.36"
192.168.1.1 - - [18/Mar/2023:09:33:53 +0000] "GET /api/products HTTP/1.1" 403 455 "-" "Mozilla/5.0 (Windows NT 10.0; Win64; x64) AppleWebKit/537.36 (KHTML, like Gecko) Chrome/94.0.4606.81 Safari/537.36"
192.168.1.4 - - [18/Mar/2023:09:33:53 +0000] "DELETE /api/invoices HTTP/1.1" 400 438 "-" "Mozilla/5.0 (Macintosh; Intel Mac OS X 10_15_7) AppleWebKit/537.36 (KHTML, like Gecko) Chrome/93.0.4577.63 Safari/537.36"
192.168.1.2 - - [18/Mar/2023:09:33:53 +0000] "GET /api/invoices HTTP/1.1" 201 595 "-" "Mozilla/5.0 (Windows NT 10.0; Win64; x64; rv:94.0) Gecko/20100101 Firefox/94.0"
192.168.1.4 - - [18/Mar/2023:09:33:53 +0000] "PUT /api/products HTTP/1.1" 200 740 "-" "Mozilla/5.0 (Windows NT 10.0; Win64; x64) AppleWebKit/537.36 (KHTML, like Gecko) Chrome/93.0.4577.63 Safari/537.36"
192.168.1.5 - - [18/Mar/2023:09:33:53 +0000] "POST /api/customers HTTP/1.1" 201 62 "-" "Mozilla/5.0 (Windows NT 10.0; Win64; x64) AppleWebKit/537.36 (KHTML, like Gecko) Chrome/93.0.4577.63 Safari/537.36"
192.168.1.1 - - [18/Mar/2023:09:33:53 +0000] "PATCH /api/users" 204 335 "-" "Mozilla/5.0 (Windows NT 10.0; Win64; x64; rv:93.0) Gecko/20100101 Firefox/93.0"
192.168.1.4 - - [18/Mar/2023:09:33:53 +0000] "POST /api/users HTTP/1.1" 401 926 "-" "Mozilla/5.0 (Windows NT 10.0; Win64; x64) AppleWebKit/537.36 (KHTML, like Gecko) Chrome/94.0.4606.81 Safari/537.36"
192.168.1.1 - - [18/Mar/2023:09:33:53 +0000] "GET /api/customers HTTP/1.1" 204 405 "-" "Mozilla/5.0 (Macintosh; Intel Mac OS X 10_15_7) AppleWebKit/537.36 (KHTML, like Gecko) Chrome/93.0.4577.63 Safari/537.36"
192.168.1.3 - - [18/Mar/2023:09:33:53 +0000] "PATCH /api/orders" 200 808 "-" "Mozilla/5.0 (Windows NT 10.0; Win64; x64; rv:93.0) Gecko/20100101 Firefox/93.0"
192.168.1.3 - - [18/Mar/2023:09:33:53 +0000] "PATCH /api/invoices" 400 210 "-" "Mozilla/5.0 (Windows NT 10.0; Win64; x64; rv:94.0) Gecko/20100101 Firefox/94.0"
192.168.1.2 - - [18/Mar/2023:09:33:53 +0000] "DELETE /api/products HTTP/1.1" 401 968 "-" "Mozilla/5.0 (Macintosh; Intel Mac OS X 10_15_7) AppleWebKit/537.36 (KHTML, like Gecko) Chrome/94.0.4606.81 Safari/537.36"
192.168.1.3 - - [18/Mar/2023:09:33:53 +0000] "POST /api/users HTTP/1.1" 404 601 "-" "Mozilla/5.0 (Windows NT 10.0; Win64; x64; rv:94.0) Gecko/20100101 Firefox/94.0"
192.168.1.1 - - [18/Mar/2023:09:33:53 +0000] "PATCH /api/customers" 404 415 "-" "Mozilla/5.0 (Windows NT 10.0; Win64; x64) AppleWebKit/537.36 (KHTML, like Gecko) Chrome/93.0.4577.63 Safari/537.36"
192.168.1.3 - - [18/Mar/2023:09:33:53 +0000] "PUT /api/products HTTP/1.1" 500 830 "-" "Mozilla/5.0 (Windows NT 10.0; Win64; x64) AppleWebKit/537.36 (KHTML, like Gecko) Chrome/94.0.4606.81 Safari/537.36"
192.168.1.1 - - [18/Mar/2023:09:33:53 +0000] "POST /api/customers HTTP/1.1" 500 799 "-" "Mozilla/5.0 (Macintosh; Intel Mac OS X 10_15_7) AppleWebKit/537.36 (KHTML, like Gecko) Chrome/93.0.4577.63 Safari/537.36"
192.168.1.4 - - [18/Mar/2023:09:33:53 +0000] "PUT /api/users HTTP/1.1" 400 796 "-" "Mozilla/5.0 (Windows NT 10.0; Win64; x64) AppleWebKit/537.36 (KHTML, like Gecko) Chrome/93.0.4577.63 Safari/537.36"
192.168.1.1 - - [18/Mar/2023:09:33:53 +0000] "GET /api/invoices HTTP/1.1" 204 694 "-" "Mozilla/5.0 (Windows NT 10.0; Win64; x64; rv:94.0) Gecko/20100101 Firefox/94.0"
192.168.1.1 - - [18/Mar/2023:09:33:53 +0000] "PUT /api/customers HTTP/1.1" 404 174 "-" "Mozilla/5.0 (Windows NT 10.0; Win64; x64; rv:93.0) Gecko/20100101 Firefox/93.0"
192.168.1.1 - - [18/Mar/2023:09:33:53 +0000] "POST /api/invoices HTTP/1.1" 200 517 "-" "Mozilla/5.0 (Windows NT 10.0; Win64; x64) AppleWebKit/537.36 (KHTML, like Gecko) Chrome/93.0.4577.63 Safari/537.36"
192.168.1.2 - - [18/Mar/2023:09:33:53 +0000] "GET /api/orders HTTP/1.1" 200 716 "-" "Mozilla/5.0 (Macintosh; Intel Mac OS X 10_15_7) AppleWebKit/537.36 (KHTML, like Gecko) Chrome/94.0.4606.81 Safari/537.36"
192.168.1.2 - - [18/Mar/2023:09:33:53 +0000] "POST /api/invoices HTTP/1.1" 404 800 "-" "Mozilla/5.0 (Macintosh; Intel Mac OS X 10_15_7) AppleWebKit/537.36 (KHTML, like Gecko) Chrome/93.0.4577.63 Safari/537.36"
192.168.1.3 - - [18/Mar/2023:09:33:53 +0000] "PUT /api/users HTTP/1.1" 403 577 "-" "Mozilla/5.0 (Windows NT 10.0; Win64; x64; rv:93.0) Gecko/20100101 Firefox/93.0"
192.168.1.4 - - [18/Mar/2023:09:33:53 +0000] "PATCH /api/products" 500 652 "-" "Mozilla/5.0 (Windows NT 10.0; Win64; x64; rv:94.0) Gecko/20100101 Firefox/94.0"
192.168.1.1 - - [18/Mar/2023:09:33:53 +0000] "PATCH /api/customers" 404 763 "-" "Mozilla/5.0 (Windows NT 10.0; Win64; x64; rv:94.0) Gecko/20100101 Firefox/94.0"
192.168.1.4 - - [18/Mar/2023:09:33:53 +0000] "DELETE /api/invoices HTTP/1.1" 404 278 "-" "Mozilla/5.0 (Macintosh; Intel Mac OS X 10_15_7) AppleWebKit/537.36 (KHTML, like Gecko) Chrome/93.0.4577.63 Safari/537.36"
192.168.1.5 - - [18/Mar/2023:09:33:53 +0000] "PATCH /api/users" 200 939 "-" "Mozilla/5.0 (Windows NT 10.0; Win64; x64; rv:94.0) Gecko/20100101 Firefox/94.0"
192.168.1.2 - - [18/Mar/2023:09:33:53 +0000] "GET /api/products HTTP/1.1" 500 306 "-" "Mozilla/5.0 (Macintosh; Intel Mac OS X 10_15_7) AppleWebKit/537.36 (KHTML, like Gecko) Chrome/93.0.4577.63 Safari/537.36"
192.168.1.5 - - [18/Mar/2023:09:33:53 +0000] "GET /api/users HTTP/1.1" 400 718 "-" "Mozilla/5.0 (Macintosh; Intel Mac OS X 10_15_7) AppleWebKit/537.36 (KHTML, like Gecko) Chrome/93.0.4577.63 Safari/537.36"
192.168.1.1 - - [18/Mar/2023:09:33:53 +0000] "PUT /api/products HTTP/1.1" 200 77 "-" "Mozilla/5.0 (Windows NT 10.0; Win64; x64; rv:93.0) Gecko/20100101 Firefox/93.0"
192.168.1.2 - - [18/Mar/2023:09:33:53 +0000] "PATCH /api/customers" 401 475 "-" "Mozilla/5.0 (Macintosh; Intel Mac OS X 10_15_7) AppleWebKit/537.36 (KHTML, like Gecko) Chrome/94.0.4606.81 Safari/537.36"
192.168.1.4 - - [18/Mar/2023:09:33:53 +0000] "PATCH /api/orders" 204 130 "-" "Mozilla/5.0 (Windows NT 10.0; Win64; x64) AppleWebKit/537.36 (KHTML, like Gecko) Chrome/93.0.4577.63 Safari/537.36"
192.168.1.5 - - [18/Mar/2023:09:33:53 +0000] "PATCH /api/products" 404 234 "-" "Mozilla/5.0 (Windows NT 10.0; Win64; x64; rv:93.0) Gecko/20100101 Firefox/93.0"
192.168.1.2 - - [18/Mar/2023:09:33:53 +0000] "PUT /api/orders HTTP/1.1" 201 961 "-" "Mozilla/5.0 (Windows NT 10.0; Win64; x64) AppleWebKit/537.36 (KHTML, like Gecko) Chrome/93.0.4577.63 Safari/537.36"
192.168.1.1 - - [18/Mar/2023:09:33:53 +0000] "POST /api/products HTTP/1.1" 500 572 "-" "Mozilla/5.0 (Windows NT 10.0; Win64; x64) AppleWebKit/537.36 (KHTML, like Gecko) Chrome/93.0.4577.63 Safari/537.36"
192.168.1.1 - - [18/Mar/2023:09:33:53 +0000] "PATCH /api/orders" 404 499 "-" "Mozilla/5.0 (Macintosh; Intel Mac OS X 10_15_7) AppleWebKit/537.36 (KHTML, like Gecko) Chrome/93.0.4577.63 Safari/537.36"
192.168.1.3 - - [18/Mar/2023:09:33:53 +0000] "GET /api/invoices HTTP/1.1" 401 154 "-" "Mozilla/5.0 (Macintosh; Intel Mac OS X 10_15_7) AppleWebKit/537.36 (KHTML, like Gecko) Chrome/94.0.4606.81 Safari/537.36"
192.168.1.3 - - [18/Mar/2023:09:33:53 +0000] "PATCH /api/products" 500 981 "-" "Mozilla/5.0 (Windows NT 10.0; Win64; x64) AppleWebKit/537.36 (KHTML, like Gecko) Chrome/94.0.4606.81 Safari/537.36"
192.168.1.1 - - [18/Mar/2023:09:33:53 +0000] "PATCH /api/invoices" 401 433 "-" "Mozilla/5.0 (Macintosh; Intel Mac OS X 10_15_7) AppleWebKit/537.36 (KHTML, like Gecko) Chrome/93.0.4577.63 Safari/537.36"
192.168.1.2 - - [18/Mar/2023:09:33:53 +0000] "PATCH /api/products" 400 352 "-" "Mozilla/5.0 (Windows NT 10.0; Win64; x64) AppleWebKit/537.36 (KHTML, like Gecko) Chrome/93.0.4577.63 Safari/537.36"
192.168.1.1 - - [18/Mar/2023:09:33:53 +0000] "PUT /api/users HTTP/1.1" 201 372 "-" "Mozilla/5.0 (Macintosh; Intel Mac OS X 10_15_7) AppleWebKit/537.36 (KHTML, like Gecko) Chrome/94.0.4606.81 Safari/537.36"
192.168.1.1 - - [18/Mar/2023:09:33:53 +0000] "DELETE /api/invoices HTTP/1.1" 201 722 "-" "Mozilla/5.0 (Macintosh; Intel Mac OS X 10_15_7) AppleWebKit/537.36 (KHTML, like Gecko) Chrome/94.0.4606.81 Safari/537.36"
192.168.1.1 - - [18/Mar/2023:09:33:53 +0000] "PATCH /api/customers" 500 92 "-" "Mozilla/5.0 (Windows NT 10.0; Win64; x64) AppleWebKit/537.36 (KHTML, like Gecko) Chrome/94.0.4606.81 Safari/537.36"
192.168.1.5 - - [18/Mar/2023:09:33:53 +0000] "POST /api/orders HTTP/1.1" 403 411 "-" "Mozilla/5.0 (Windows NT 10.0; Win64; x64; rv:94.0) Gecko/20100101 Firefox/94.0"
192.168.1.4 - - [18/Mar/2023:09:33:53 +0000] "PATCH /api/customers" 201 113 "-" "Mozilla/5.0 (Windows NT 10.0; Win64; x64) AppleWebKit/537.36 (KHTML, like Gecko) Chrome/94.0.4606.81 Safari/537.36"
192.168.1.5 - - [18/Mar/2023:09:33:53 +0000] "GET /api/users HTTP/1.1" 404 81 "-" "Mozilla/5.0 (Macintosh; Intel Mac OS X 10_15_7) AppleWebKit/537.36 (KHTML, like Gecko) Chrome/94.0.4606.81 Safari/537.36"
192.168.1.4 - - [18/Mar/2023:09:33:53 +0000] "PATCH /api/invoices" 404 544 "-" "Mozilla/5.0 (Windows NT 10.0; Win64; x64) AppleWebKit/537.36 (KHTML, like Gecko) Chrome/94.0.4606.81 Safari/537.36"
192.168.1.4 - - [18/Mar/2023:09:33:53 +0000] "DELETE /api/customers HTTP/1.1" 200 331 "-" "Mozilla/5.0 (Windows NT 10.0; Win64; x64; rv:93.0) Gecko/20100101 Firefox/93.0"
192.168.1.2 - - [18/Mar/2023:09:33:53 +0000] "PUT /api/invoices HTTP/1.1" 201 65 "-" "Mozilla/5.0 (Macintosh; Intel Mac OS X 10_15_7) AppleWebKit/537.36 (KHTML, like Gecko) Chrome/93.0.4577.63 Safari/537.36"
192.168.1.1 - - [18/Mar/2023:09:33:53 +0000] "POST /api/users HTTP/1.1" 404 547 "-" "Mozilla/5.0 (Macintosh; Intel Mac OS X 10_15_7) AppleWebKit/537.36 (KHTML, like Gecko) Chrome/93.0.4577.63 Safari/537.36"
192.168.1.3 - - [18/Mar/2023:09:33:53 +0000] "POST /api/customers HTTP/1.1" 200 679 "-" "Mozilla/5.0 (Windows NT 10.0; Win64; x64; rv:94.0) Gecko/20100101 Firefox/94.0"
192.168.1.2 - - [18/Mar/2023:09:33:53 +0000] "DELETE /api/products HTTP/1.1" 403 149 "-" "Mozilla/5.0 (Macintosh; Intel Mac OS X 10_15_7) AppleWebKit/537.36 (KHTML, like Gecko) Chrome/94.0.4606.81 Safari/537.36"
192.168.1.2 - - [18/Mar/2023:09:33:53 +0000] "PUT /api/orders HTTP/1.1" 204 189 "-" "Mozilla/5.0 (Windows NT 10.0; Win64; x64) AppleWebKit/537.36 (KHTML, like Gecko) Chrome/94.0.4606.81 Safari/537.36"
192.168.1.1 - - [18/Mar/2023:09:33:53 +0000] "PUT /api/users HTTP/1.1" 201 817 "-" "Mozilla/5.0 (Macintosh; Intel Mac OS X 10_15_7) AppleWebKit/537.36 (KHTML, like Gecko) Chrome/93.0.4577.63 Safari/537.36"
192.168.1.3 - - [18/Mar/2023:09:33:53 +0000] "DELETE /api/products HTTP/1.1" 204 672 "-" "Mozilla/5.0 (Windows NT 10.0; Win64; x64) AppleWebKit/537.36 (KHTML, like Gecko) Chrome/93.0.4577.63 Safari/537.36"
192.168.1.3 - - [18/Mar/2023:09:33:53 +0000] "POST /api/orders HTTP/1.1" 404 526 "-" "Mozilla/5.0 (Macintosh; Intel Mac OS X 10_15_7) AppleWebKit/537.36 (KHTML, like Gecko) Chrome/93.0.4577.63 Safari/537.36"
192.168.1.1 - - [18/Mar/2023:09:33:53 +0000] "POST /api/users HTTP/1.1" 500 932 "-" "Mozilla/5.0 (Macintosh; Intel Mac OS X 10_15_7) AppleWebKit/537.36 (KHTML, like Gecko) Chrome/93.0.4577.63 Safari/537.36"
192.168.1.5 - - [18/Mar/2023:09:33:53 +0000] "PATCH /api/users" 401 754 "-" "Mozilla/5.0 (Macintosh; Intel Mac OS X 10_15_7) AppleWebKit/537.36 (KHTML, like Gecko) Chrome/94.0.4606.81 Safari/537.36"
192.168.1.1 - - [18/Mar/2023:09:33:53 +0000] "PATCH /api/products" 404 158 "-" "Mozilla/5.0 (Windows NT 10.0; Win64; x64) AppleWebKit/537.36 (KHTML, like Gecko) Chrome/93.0.4577.63 Safari/537.36"
192.168.1.3 - - [18/Mar/2023:09:33:53 +0000] "PUT /api/orders HTTP/1.1" 200 181 "-" "Mozilla/5.0 (Macintosh; Intel Mac OS X 10_15_7) AppleWebKit/537.36 (KHTML, like Gecko) Chrome/94.0.4606.81 Safari/537.36"
192.168.1.5 - - [18/Mar/2023:09:33:53 +0000] "GET /api/invoices HTTP/1.1" 200 212 "-" "Mozilla/5.0 (Macintosh; Intel Mac OS X 10_15_7) AppleWebKit/537.36 (KHTML, like Gecko) Chrome/93.0.4577.63 Safari/537.36"
192.168.1.4 - - [18/Mar/2023:09:33:53 +0000] "POST /api/products HTTP/1.1" 204 937 "-" "Mozilla/5.0 (Windows NT 10.0; Win64; x64) AppleWebKit/537.36 (KHTML, like Gecko) Chrome/94.0.4606.81 Safari/537.36"
192.168.1.4 - - [18/Mar/2023:09:33:53 +0000] "PATCH /api/invoices" 201 750 "-" "Mozilla/5.0 (Windows NT 10.0; Win64; x64) AppleWebKit/537.36 (KHTML, like Gecko) Chrome/94.0.4606.81 Safari/537.36"
192.168.1.2 - - [18/Mar/2023:09:33:53 +0000] "DELETE /api/users HTTP/1.1" 201 497 "-" "Mozilla/5.0 (Windows NT 10.0; Win64; x64; rv:94.0) Gecko/20100101 Firefox/94.0"
192.168.1.5 - - [18/Mar/2023:09:33:53 +0000] "DELETE /api/customers HTTP/1.1" 201 493 "-" "Mozilla/5.0 (Macintosh; Intel Mac OS X 10_15_7) AppleWebKit/537.36 (KHTML, like Gecko) Chrome/94.0.4606.81 Safari/537.36"
192.168.1.3 - - [18/Mar/2023:09:33:53 +0000] "DELETE /api/invoices HTTP/1.1" 401 835 "-" "Mozilla/5.0 (Windows NT 10.0; Win64; x64) AppleWebKit/537.36 (KHTML, like Gecko) Chrome/93.0.4577.63 Safari/537.36"
192.168.1.2 - - [18/Mar/2023:09:33:53 +0000] "PATCH /api/customers" 500 728 "-" "Mozilla/5.0 (Windows NT 10.0; Win64; x64; rv:93.0) Gecko/20100101 Firefox/93.0"
192.168.1.3 - - [18/Mar/2023:09:33:53 +0000] "GET /api/invoices HTTP/1.1" 200 524 "-" "Mozilla/5.0 (Macintosh; Intel Mac OS X 10_15_7) AppleWebKit/537.36 (KHTML, like Gecko) Chrome/93.0.4577.63 Safari/537.36"
192.168.1.3 - - [18/Mar/2023:09:33:53 +0000] "PUT /api/customers HTTP/1.1" 401 280 "-" "Mozilla/5.0 (Macintosh; Intel Mac OS X 10_15_7) AppleWebKit/537.36 (KHTML, like Gecko) Chrome/94.0.4606.81 Safari/537.36"
192.168.1.3 - - [18/Mar/2023:09:33:53 +0000] "PUT /api/orders HTTP/1.1" 204 967 "-" "Mozilla/5.0 (Windows NT 10.0; Win64; x64; rv:93.0) Gecko/20100101 Firefox/93.0"
192.168.1.5 - - [18/Mar/2023:09:33:53 +0000] "GET /api/customers HTTP/1.1" 400 824 "-" "Mozilla/5.0 (Windows NT 10.0; Win64; x64) AppleWebKit/537.36 (KHTML, like Gecko) Chrome/94.0.4606.81 Safari/537.36"
192.168.1.1 - - [18/Mar/2023:09:33:53 +0000] "POST /api/invoices HTTP/1.1" 404 369 "-" "Mozilla/5.0 (Windows NT 10.0; Win64; x64) AppleWebKit/537.36 (KHTML, like Gecko) Chrome/93.0.4577.63 Safari/537.36"
192.168.1.1 - - [18/Mar/2023:09:33:53 +0000] "POST /api/users HTTP/1.1" 400 175 "-" "Mozilla/5.0 (Windows NT 10.0; Win64; x64; rv:93.0) Gecko/20100101 Firefox/93.0"
192.168.1.3 - - [18/Mar/2023:09:33:53 +0000] "PATCH /api/invoices" 204 348 "-" "Mozilla/5.0 (Windows NT 10.0; Win64; x64; rv:93.0) Gecko/20100101 Firefox/93.0"
192.168.1.1 - - [18/Mar/2023:09:33:53 +0000] "POST /api/orders HTTP/1.1" 200 565 "-" "Mozilla/5.0 (Macintosh; Intel Mac OS X 10_15_7) AppleWebKit/537.36 (KHTML, like Gecko) Chrome/93.0.4577.63 Safari/537.36"
192.168.1.3 - - [18/Mar/2023:09:33:53 +0000] "POST /api/customers HTTP/1.1" 400 11 "-" "Mozilla/5.0 (Macintosh; Intel Mac OS X 10_15_7) AppleWebKit/537.36 (KHTML, like Gecko) Chrome/94.0.4606.81 Safari/537.36"
192.168.1.4 - - [18/Mar/2023:09:33:53 +0000] "POST /api/users HTTP/1.1" 200 731 "-" "Mozilla/5.0 (Macintosh; Intel Mac OS X 10_15_7) AppleWebKit/537.36 (KHTML, like Gecko) Chrome/94.0.4606.81 Safari/537.36"
192.168.1.5 - - [18/Mar/2023:09:33:53 +0000] "GET /api/orders HTTP/1.1" 200 511 "-" "Mozilla/5.0 (Macintosh; Intel Mac OS X 10_15_7) AppleWebKit/537.36 (KHTML, like Gecko) Chrome/94.0.4606.81 Safari/537.36"
192.168.1.5 - - [18/Mar/2023:09:33:53 +0000] "PATCH /api/orders" 200 806 "-" "Mozilla/5.0 (Macintosh; Intel Mac OS X 10_15_7) AppleWebKit/537.36 (KHTML, like Gecko) Chrome/93.0.4577.63 Safari/537.36"
192.168.1.5 - - [18/Mar/2023:09:33:53 +0000] "PATCH /api/orders" 403 391 "-" "Mozilla/5.0 (Windows NT 10.0; Win64; x64) AppleWebKit/537.36 (KHTML, like Gecko) Chrome/93.0.4577.63 Safari/537.36"
192.168.1.3 - - [18/Mar/2023:09:33:53 +0000] "DELETE /api/products HTTP/1.1" 500 732 "-" "Mozilla/5.0 (Macintosh; Intel Mac OS X 10_15_7) AppleWebKit/537.36 (KHTML, like Gecko) Chrome/94.0.4606.81 Safari/537.36"
192.168.1.3 - - [18/Mar/2023:09:33:53 +0000] "POST /api/products HTTP/1.1" 400 300 "-" "Mozilla/5.0 (Windows NT 10.0; Win64; x64) AppleWebKit/537.36 (KHTML, like Gecko) Chrome/93.0.4577.63 Safari/537.36"
192.168.1.1 - - [18/Mar/2023:09:33:53 +0000] "PUT /api/customers HTTP/1.1" 201 93 "-" "Mozilla/5.0 (Windows NT 10.0; Win64; x64) AppleWebKit/537.36 (KHTML, like Gecko) Chrome/94.0.4606.81 Safari/537.36"
192.168.1.5 - - [18/Mar/2023:09:33:53 +0000] "POST /api/products HTTP/1.1" 403 33 "-" "Mozilla/5.0 (Macintosh; Intel Mac OS X 10_15_7) AppleWebKit/537.36 (KHTML, like Gecko) Chrome/94.0.4606.81 Safari/537.36"
192.168.1.5 - - [18/Mar/2023:09:33:53 +0000] "POST /api/users HTTP/1.1" 403 464 "-" "Mozilla/5.0 (Macintosh; Intel Mac OS X 10_15_7) AppleWebKit/537.36 (KHTML, like Gecko) Chrome/93.0.4577.63 Safari/537.36"
192.168.1.1 - - [18/Mar/2023:09:33:53 +0000] "PUT /api/orders HTTP/1.1" 404 87 "-" "Mozilla/5.0 (Macintosh; Intel Mac OS X 10_15_7) AppleWebKit/537.36 (KHTML, like Gecko) Chrome/93.0.4577.63 Safari/537.36"
192.168.1.5 - - [18/Mar/2023:09:33:53 +0000] "GET /api/invoices HTTP/1.1" 500 107 "-" "Mozilla/5.0 (Macintosh; Intel Mac OS X 10_15_7) AppleWebKit/537.36 (KHTML, like Gecko) Chrome/93.0.4577.63 Safari/537.36"
192.168.1.3 - - [18/Mar/2023:09:33:53 +0000] "GET /api/products HTTP/1.1" 500 583 "-" "Mozilla/5.0 (Windows NT 10.0; Win64; x64) AppleWebKit/537.36 (KHTML, like Gecko) Chrome/93.0.4577.63 Safari/537.36"
192.168.1.4 - - [18/Mar/2023:09:33:53 +0000] "PUT /api/customers HTTP/1.1" 403 482 "-" "Mozilla/5.0 (Macintosh; Intel Mac OS X 10_15_7) AppleWebKit/537.36 (KHTML, like Gecko) Chrome/93.0.4577.63 Safari/537.36"
192.168.1.1 - - [18/Mar/2023:09:33:53 +0000] "PATCH /api/customers" 200 148 "-" "Mozilla/5.0 (Windows NT 10.0; Win64; x64) AppleWebKit/537.36 (KHTML, like Gecko) Chrome/94.0.4606.81 Safari/537.36"
192.168.1.2 - - [18/Mar/2023:09:33:53 +0000] "POST /api/orders HTTP/1.1" 500 658 "-" "Mozilla/5.0 (Windows NT 10.0; Win64; x64; rv:93.0) Gecko/20100101 Firefox/93.0"
192.168.1.2 - - [18/Mar/2023:09:33:53 +0000] "PATCH /api/products" 200 259 "-" "Mozilla/5.0 (Macintosh; Intel Mac OS X 10_15_7) AppleWebKit/537.36 (KHTML, like Gecko) Chrome/94.0.4606.81 Safari/537.36"
192.168.1.4 - - [18/Mar/2023:09:33:53 +0000] "POST /api/products HTTP/1.1" 401 484 "-" "Mozilla/5.0 (Windows NT 10.0; Win64; x64; rv:94.0) Gecko/20100101 Firefox/94.0"
192.168.1.1 - - [18/Mar/2023:09:33:53 +0000] "PUT /api/customers HTTP/1.1" 400 497 "-" "Mozilla/5.0 (Macintosh; Intel Mac OS X 10_15_7) AppleWebKit/537.36 (KHTML, like Gecko) Chrome/93.0.4577.63 Safari/537.36"
192.168.1.2 - - [18/Mar/2023:09:33:53 +0000] "PATCH /api/invoices" 403 499 "-" "Mozilla/5.0 (Macintosh; Intel Mac OS X 10_15_7) AppleWebKit/537.36 (KHTML, like Gecko) Chrome/93.0.4577.63 Safari/537.36"
192.168.1.2 - - [18/Mar/2023:09:33:53 +0000] "PUT /api/users HTTP/1.1" 400 801 "-" "Mozilla/5.0 (Windows NT 10.0; Win64; x64; rv:94.0) Gecko/20100101 Firefox/94.0"
192.168.1.2 - - [18/Mar/2023:09:33:53 +0000] "DELETE /api/orders HTTP/1.1" 401 702 "-" "Mozilla/5.0 (Macintosh; Intel Mac OS X 10_15_7) AppleWebKit/537.36 (KHTML, like Gecko) Chrome/94.0.4606.81 Safari/537.36"
192.168.1.4 - - [18/Mar/2023:09:33:53 +0000] "GET /api/orders HTTP/1.1" 500 318 "-" "Mozilla/5.0 (Windows NT 10.0; Win64; x64) AppleWebKit/537.36 (KHTML, like Gecko) Chrome/94.0.4606.81 Safari/537.36"
192.168.1.2 - - [18/Mar/2023:09:33:53 +0000] "PUT /api/orders HTTP/1.1" 200 348 "-" "Mozilla/5.0 (Macintosh; Intel Mac OS X 10_15_7) AppleWebKit/537.36 (KHTML, like Gecko) Chrome/94.0.4606.81 Safari/537.36"
192.168.1.1 - - [18/Mar/2023:09:33:53 +0000] "GET /api/products HTTP/1.1" 200 741 "-" "Mozilla/5.0 (Windows NT 10.0; Win64; x64; rv:93.0) Gecko/20100101 Firefox/93.0"
192.168.1.2 - - [18/Mar/2023:09:33:53 +0000] "GET /api/users HTTP/1.1" 403 224 "-" "Mozilla/5.0 (Windows NT 10.0; Win64; x64; rv:93.0) Gecko/20100101 Firefox/93.0"
192.168.1.5 - - [18/Mar/2023:09:33:53 +0000] "PUT /api/products HTTP/1.1" 204 24 "-" "Mozilla/5.0 (Windows NT 10.0; Win64; x64) AppleWebKit/537.36 (KHTML, like Gecko) Chrome/93.0.4577.63 Safari/537.36"
192.168.1.1 - - [18/Mar/2023:09:33:53 +0000] "PATCH /api/users" 403 557 "-" "Mozilla/5.0 (Windows NT 10.0; Win64; x64; rv:93.0) Gecko/20100101 Firefox/93.0"
192.168.1.5 - - [18/Mar/2023:09:33:53 +0000] "PUT /api/users HTTP/1.1" 200 785 "-" "Mozilla/5.0 (Macintosh; Intel Mac OS X 10_15_7) AppleWebKit/537.36 (KHTML, like Gecko) Chrome/93.0.4577.63 Safari/537.36"
192.168.1.5 - - [18/Mar/2023:09:33:53 +0000] "POST /api/invoices HTTP/1.1" 400 403 "-" "Mozilla/5.0 (Windows NT 10.0; Win64; x64; rv:93.0) Gecko/20100101 Firefox/93.0"
192.168.1.3 - - [18/Mar/2023:09:33:53 +0000] "DELETE /api/users HTTP/1.1" 201 579 "-" "Mozilla/5.0 (Windows NT 10.0; Win64; x64) AppleWebKit/537.36 (KHTML, like Gecko) Chrome/94.0.4606.81 Safari/537.36"
192.168.1.1 - - [18/Mar/2023:09:33:53 +0000] "GET /api/products HTTP/1.1" 404 843 "-" "Mozilla/5.0 (Macintosh; Intel Mac OS X 10_15_7) AppleWebKit/537.36 (KHTML, like Gecko) Chrome/93.0.4577.63 Safari/537.36"
192.168.1.3 - - [18/Mar/2023:09:33:53 +0000] "DELETE /api/users HTTP/1.1" 404 108 "-" "Mozilla/5.0 (Macintosh; Intel Mac OS X 10_15_7) AppleWebKit/537.36 (KHTML, like Gecko) Chrome/94.0.4606.81 Safari/537.36"
192.168.1.2 - - [18/Mar/2023:09:33:53 +0000] "DELETE /api/customers HTTP/1.1" 401 847 "-" "Mozilla/5.0 (Windows NT 10.0; Win64; x64) AppleWebKit/537.36 (KHTML, like Gecko) Chrome/93.0.4577.63 Safari/537.36"
192.168.1.3 - - [18/Mar/2023:09:33:53 +0000] "PUT /api/invoices HTTP/1.1" 404 544 "-" "Mozilla/5.0 (Macintosh; Intel Mac OS X 10_15_7) AppleWebKit/537.36 (KHTML, like Gecko) Chrome/93.0.4577.63 Safari/537.36"
192.168.1.3 - - [18/Mar/2023:09:33:53 +0000] "GET /api/invoices HTTP/1.1" 500 399 "-" "Mozilla/5.0 (Macintosh; Intel Mac OS X 10_15_7) AppleWebKit/537.36 (KHTML, like Gecko) Chrome/94.0.4606.81 Safari/537.36"
192.168.1.4 - - [18/Mar/2023:09:33:53 +0000] "GET /api/orders HTTP/1.1" 403 21 "-" "Mozilla/5.0 (Windows NT 10.0; Win64; x64; rv:93.0) Gecko/20100101 Firefox/93.0"
192.168.1.4 - - [18/Mar/2023:09:33:53 +0000] "PUT /api/customers HTTP/1.1" 401 608 "-" "Mozilla/5.0 (Windows NT 10.0; Win64; x64; rv:94.0) Gecko/20100101 Firefox/94.0"
192.168.1.1 - - [18/Mar/2023:09:33:53 +0000] "GET /api/customers HTTP/1.1" 201 741 "-" "Mozilla/5.0 (Macintosh; Intel Mac OS X 10_15_7) AppleWebKit/537.36 (KHTML, like Gecko) Chrome/94.0.4606.81 Safari/537.36"
192.168.1.3 - - [18/Mar/2023:09:33:53 +0000] "DELETE /api/users HTTP/1.1" 204 790 "-" "Mozilla/5.0 (Windows NT 10.0; Win64; x64; rv:94.0) Gecko/20100101 Firefox/94.0"
192.168.1.3 - - [18/Mar/2023:09:33:53 +0000] "PATCH /api/customers" 200 370 "-" "Mozilla/5.0 (Windows NT 10.0; Win64; x64; rv:94.0) Gecko/20100101 Firefox/94.0"
192.168.1.1 - - [18/Mar/2023:09:33:53 +0000] "DELETE /api/customers HTTP/1.1" 201 805 "-" "Mozilla/5.0 (Windows NT 10.0; Win64; x64) AppleWebKit/537.36 (KHTML, like Gecko) Chrome/94.0.4606.81 Safari/537.36"
192.168.1.5 - - [18/Mar/2023:09:33:53 +0000] "DELETE /api/orders HTTP/1.1" 400 267 "-" "Mozilla/5.0 (Windows NT 10.0; Win64; x64; rv:93.0) Gecko/20100101 Firefox/93.0"
192.168.1.3 - - [18/Mar/2023:09:33:53 +0000] "GET /api/products HTTP/1.1" 404 658 "-" "Mozilla/5.0 (Windows NT 10.0; Win64; x64; rv:94.0) Gecko/20100101 Firefox/94.0"
192.168.1.5 - - [18/Mar/2023:09:33:53 +0000] "POST /api/products HTTP/1.1" 200 608 "-" "Mozilla/5.0 (Windows NT 10.0; Win64; x64) AppleWebKit/537.36 (KHTML, like Gecko) Chrome/94.0.4606.81 Safari/537.36"
192.168.1.4 - - [18/Mar/2023:09:33:53 +0000] "DELETE /api/users HTTP/1.1" 403 526 "-" "Mozilla/5.0 (Macintosh; Intel Mac OS X 10_15_7) AppleWebKit/537.36 (KHTML, like Gecko) Chrome/93.0.4577.63 Safari/537.36"
192.168.1.4 - - [18/Mar/2023:09:33:53 +0000] "POST /api/users HTTP/1.1" 204 255 "-" "Mozilla/5.0 (Windows NT 10.0; Win64; x64) AppleWebKit/537.36 (KHTML, like Gecko) Chrome/94.0.4606.81 Safari/537.36"
192.168.1.4 - - [18/Mar/2023:09:33:53 +0000] "PATCH /api/customers" 401 734 "-" "Mozilla/5.0 (Macintosh; Intel Mac OS X 10_15_7) AppleWebKit/537.36 (KHTML, like Gecko) Chrome/93.0.4577.63 Safari/537.36"
192.168.1.2 - - [18/Mar/2023:09:33:53 +0000] "POST /api/products HTTP/1.1" 200 900 "-" "Mozilla/5.0 (Macintosh; Intel Mac OS X 10_15_7) AppleWebKit/537.36 (KHTML, like Gecko) Chrome/94.0.4606.81 Safari/537.36"
192.168.1.3 - - [18/Mar/2023:09:33:53 +0000] "PUT /api/products HTTP/1.1" 201 316 "-" "Mozilla/5.0 (Macintosh; Intel Mac OS X 10_15_7) AppleWebKit/537.36 (KHTML, like Gecko) Chrome/94.0.4606.81 Safari/537.36"
192.168.1.1 - - [18/Mar/2023:09:33:53 +0000] "GET /api/products HTTP/1.1" 400 785 "-" "Mozilla/5.0 (Windows NT 10.0; Win64; x64) AppleWebKit/537.36 (KHTML, like Gecko) Chrome/93.0.4577.63 Safari/537.36"
192.168.1.1 - - [18/Mar/2023:09:33:53 +0000] "GET /api/customers HTTP/1.1" 403 911 "-" "Mozilla/5.0 (Macintosh; Intel Mac OS X 10_15_7) AppleWebKit/537.36 (KHTML, like Gecko) Chrome/94.0.4606.81 Safari/537.36"
192.168.1.2 - - [18/Mar/2023:09:33:53 +0000] "POST /api/users HTTP/1.1" 400 913 "-" "Mozilla/5.0 (Macintosh; Intel Mac OS X 10_15_7) AppleWebKit/537.36 (KHTML, like Gecko) Chrome/93.0.4577.63 Safari/537.36"
192.168.1.1 - - [18/Mar/2023:09:33:53 +0000] "PATCH /api/customers" 400 183 "-" "Mozilla/5.0 (Windows NT 10.0; Win64; x64; rv:93.0) Gecko/20100101 Firefox/93.0"
192.168.1.5 - - [18/Mar/2023:09:33:53 +0000] "PUT /api/products HTTP/1.1" 403 599 "-" "Mozilla/5.0 (Windows NT 10.0; Win64; x64) AppleWebKit/537.36 (KHTML, like Gecko) Chrome/94.0.4606.81 Safari/537.36"
192.168.1.5 - - [18/Mar/2023:09:33:53 +0000] "GET /api/products HTTP/1.1" 400 93 "-" "Mozilla/5.0 (Windows NT 10.0; Win64; x64; rv:93.0) Gecko/20100101 Firefox/93.0"
192.168.1.2 - - [18/Mar/2023:09:33:53 +0000] "POST /api/invoices HTTP/1.1" 401 771 "-" "Mozilla/5.0 (Windows NT 10.0; Win64; x64) AppleWebKit/537.36 (KHTML, like Gecko) Chrome/93.0.4577.63 Safari/537.36"
192.168.1.3 - - [18/Mar/2023:09:33:53 +0000] "PATCH /api/products" 201 85 "-" "Mozilla/5.0 (Windows NT 10.0; Win64; x64) AppleWebKit/537.36 (KHTML, like Gecko) Chrome/93.0.4577.63 Safari/537.36"
192.168.1.5 - - [18/Mar/2023:09:33:53 +0000] "GET /api/users HTTP/1.1" 200 959 "-" "Mozilla/5.0 (Windows NT 10.0; Win64; x64) AppleWebKit/537.36 (KHTML, like Gecko) Chrome/94.0.4606.81 Safari/537.36"
192.168.1.2 - - [18/Mar/2023:09:33:53 +0000] "POST /api/orders HTTP/1.1" 204 687 "-" "Mozilla/5.0 (Macintosh; Intel Mac OS X 10_15_7) AppleWebKit/537.36 (KHTML, like Gecko) Chrome/94.0.4606.81 Safari/537.36"
192.168.1.2 - - [18/Mar/2023:09:33:53 +0000] "PATCH /api/invoices" 200 918 "-" "Mozilla/5.0 (Windows NT 10.0; Win64; x64) AppleWebKit/537.36 (KHTML, like Gecko) Chrome/94.0.4606.81 Safari/537.36"
192.168.1.3 - - [18/Mar/2023:09:33:53 +0000] "PUT /api/orders HTTP/1.1" 201 798 "-" "Mozilla/5.0 (Windows NT 10.0; Win64; x64; rv:94.0) Gecko/20100101 Firefox/94.0"
192.168.1.4 - - [18/Mar/2023:09:33:53 +0000] "PATCH /api/users" 500 17 "-" "Mozilla/5.0 (Macintosh; Intel Mac OS X 10_15_7) AppleWebKit/537.36 (KHTML, like Gecko) Chrome/94.0.4606.81 Safari/537.36"
192.168.1.3 - - [18/Mar/2023:09:33:53 +0000] "PUT /api/users HTTP/1.1" 200 549 "-" "Mozilla/5.0 (Windows NT 10.0; Win64; x64; rv:94.0) Gecko/20100101 Firefox/94.0"
192.168.1.1 - - [18/Mar/2023:09:33:53 +0000] "DELETE /api/orders HTTP/1.1" 400 786 "-" "Mozilla/5.0 (Windows NT 10.0; Win64; x64; rv:94.0) Gecko/20100101 Firefox/94.0"
192.168.1.1 - - [18/Mar/2023:09:33:53 +0000] "PUT /api/customers HTTP/1.1" 200 662 "-" "Mozilla/5.0 (Windows NT 10.0; Win64; x64) AppleWebKit/537.36 (KHTML, like Gecko) Chrome/93.0.4577.63 Safari/537.36"
192.168.1.5 - - [18/Mar/2023:09:33:53 +0000] "GET /api/invoices HTTP/1.1" 204 696 "-" "Mozilla/5.0 (Windows NT 10.0; Win64; x64) AppleWebKit/537.36 (KHTML, like Gecko) Chrome/94.0.4606.81 Safari/537.36"
192.168.1.5 - - [18/Mar/2023:09:33:53 +0000] "PUT /api/products HTTP/1.1" 200 827 "-" "Mozilla/5.0 (Macintosh; Intel Mac OS X 10_15_7) AppleWebKit/537.36 (KHTML, like Gecko) Chrome/94.0.4606.81 Safari/537.36"
192.168.1.5 - - [18/Mar/2023:09:33:53 +0000] "PUT /api/products HTTP/1.1" 404 56 "-" "Mozilla/5.0 (Windows NT 10.0; Win64; x64; rv:94.0) Gecko/20100101 Firefox/94.0"
192.168.1.1 - - [18/Mar/2023:09:33:53 +0000] "PATCH /api/customers" 404 572 "-" "Mozilla/5.0 (Macintosh; Intel Mac OS X 10_15_7) AppleWebKit/537.36 (KHTML, like Gecko) Chrome/94.0.4606.81 Safari/537.36"
192.168.1.3 - - [18/Mar/2023:09:33:53 +0000] "PUT /api/products HTTP/1.1" 500 938 "-" "Mozilla/5.0 (Macintosh; Intel Mac OS X 10_15_7) AppleWebKit/537.36 (KHTML, like Gecko) Chrome/93.0.4577.63 Safari/537.36"
192.168.1.3 - - [18/Mar/2023:09:33:53 +0000] "POST /api/users HTTP/1.1" 400 647 "-" "Mozilla/5.0 (Windows NT 10.0; Win64; x64) AppleWebKit/537.36 (KHTML, like Gecko) Chrome/93.0.4577.63 Safari/537.36"
192.168.1.4 - - [18/Mar/2023:09:33:53 +0000] "POST /api/users HTTP/1.1" 404 29 "-" "Mozilla/5.0 (Macintosh; Intel Mac OS X 10_15_7) AppleWebKit/537.36 (KHTML, like Gecko) Chrome/93.0.4577.63 Safari/537.36"
192.168.1.2 - - [18/Mar/2023:09:33:53 +0000] "POST /api/customers HTTP/1.1" 404 749 "-" "Mozilla/5.0 (Windows NT 10.0; Win64; x64) AppleWebKit/537.36 (KHTML, like Gecko) Chrome/93.0.4577.63 Safari/537.36"
192.168.1.4 - - [18/Mar/2023:09:33:53 +0000] "PUT /api/products HTTP/1.1" 400 787 "-" "Mozilla/5.0 (Windows NT 10.0; Win64; x64; rv:93.0) Gecko/20100101 Firefox/93.0"
192.168.1.2 - - [18/Mar/2023:09:33:53 +0000] "POST /api/customers HTTP/1.1" 500 385 "-" "Mozilla/5.0 (Macintosh; Intel Mac OS X 10_15_7) AppleWebKit/537.36 (KHTML, like Gecko) Chrome/93.0.4577.63 Safari/537.36"
192.168.1.1 - - [18/Mar/2023:09:33:53 +0000] "DELETE /api/customers HTTP/1.1" 201 122 "-" "Mozilla/5.0 (Windows NT 10.0; Win64; x64) AppleWebKit/537.36 (KHTML, like Gecko) Chrome/93.0.4577.63 Safari/537.36"
192.168.1.1 - - [18/Mar/2023:09:33:53 +0000] "PUT /api/orders HTTP/1.1" 204 520 "-" "Mozilla/5.0 (Windows NT 10.0; Win64; x64; rv:94.0) Gecko/20100101 Firefox/94.0"
192.168.1.3 - - [18/Mar/2023:09:33:53 +0000] "DELETE /api/invoices HTTP/1.1" 201 527 "-" "Mozilla/5.0 (Windows NT 10.0; Win64; x64; rv:93.0) Gecko/20100101 Firefox/93.0"
192.168.1.5 - - [18/Mar/2023:09:33:53 +0000] "GET /api/orders HTTP/1.1" 500 593 "-" "Mozilla/5.0 (Windows NT 10.0; Win64; x64) AppleWebKit/537.36 (KHTML, like Gecko) Chrome/93.0.4577.63 Safari/537.36"
192.168.1.5 - - [18/Mar/2023:09:33:53 +0000] "POST /api/products HTTP/1.1" 401 697 "-" "Mozilla/5.0 (Windows NT 10.0; Win64; x64; rv:93.0) Gecko/20100101 Firefox/93.0"
192.168.1.1 - - [18/Mar/2023:09:33:53 +0000] "POST /api/users HTTP/1.1" 204 886 "-" "Mozilla/5.0 (Macintosh; Intel Mac OS X 10_15_7) AppleWebKit/537.36 (KHTML, like Gecko) Chrome/93.0.4577.63 Safari/537.36"
192.168.1.4 - - [18/Mar/2023:09:33:53 +0000] "PUT /api/orders HTTP/1.1" 204 814 "-" "Mozilla/5.0 (Windows NT 10.0; Win64; x64) AppleWebKit/537.36 (KHTML, like Gecko) Chrome/94.0.4606.81 Safari/537.36"
192.168.1.2 - - [18/Mar/2023:09:33:53 +0000] "DELETE /api/invoices HTTP/1.1" 401 292 "-" "Mozilla/5.0 (Windows NT 10.0; Win64; x64; rv:93.0) Gecko/20100101 Firefox/93.0"
192.168.1.2 - - [18/Mar/2023:09:33:53 +0000] "GET /api/orders HTTP/1.1" 401 296 "-" "Mozilla/5.0 (Windows NT 10.0; Win64; x64; rv:94.0) Gecko/20100101 Firefox/94.0"
192.168.1.1 - - [18/Mar/2023:09:33:53 +0000] "PUT /api/products HTTP/1.1" 500 755 "-" "Mozilla/5.0 (Windows NT 10.0; Win64; x64) AppleWebKit/537.36 (KHTML, like Gecko) Chrome/93.0.4577.63 Safari/537.36"
192.168.1.2 - - [18/Mar/2023:09:33:53 +0000] "GET /api/invoices HTTP/1.1" 500 218 "-" "Mozilla/5.0 (Windows NT 10.0; Win64; x64; rv:94.0) Gecko/20100101 Firefox/94.0"
192.168.1.2 - - [18/Mar/2023:09:33:53 +0000] "DELETE /api/orders HTTP/1.1" 401 385 "-" "Mozilla/5.0 (Windows NT 10.0; Win64; x64; rv:93.0) Gecko/20100101 Firefox/93.0"
192.168.1.2 - - [18/Mar/2023:09:33:53 +0000] "PATCH /api/products" 404 489 "-" "Mozilla/5.0 (Windows NT 10.0; Win64; x64; rv:94.0) Gecko/20100101 Firefox/94.0"
192.168.1.4 - - [18/Mar/2023:09:33:53 +0000] "DELETE /api/orders HTTP/1.1" 400 450 "-" "Mozilla/5.0 (Windows NT 10.0; Win64; x64) AppleWebKit/537.36 (KHTML, like Gecko) Chrome/94.0.4606.81 Safari/537.36"
192.168.1.2 - - [18/Mar/2023:09:33:53 +0000] "PATCH /api/customers" 200 861 "-" "Mozilla/5.0 (Macintosh; Intel Mac OS X 10_15_7) AppleWebKit/537.36 (KHTML, like Gecko) Chrome/93.0.4577.63 Safari/537.36"
192.168.1.1 - - [18/Mar/2023:09:33:53 +0000] "DELETE /api/invoices HTTP/1.1" 204 172 "-" "Mozilla/5.0 (Windows NT 10.0; Win64; x64; rv:93.0) Gecko/20100101 Firefox/93.0"
192.168.1.4 - - [18/Mar/2023:09:33:53 +0000] "POST /api/invoices HTTP/1.1" 403 156 "-" "Mozilla/5.0 (Windows NT 10.0; Win64; x64; rv:93.0) Gecko/20100101 Firefox/93.0"
192.168.1.4 - - [18/Mar/2023:09:33:53 +0000] "POST /api/users HTTP/1.1" 500 139 "-" "Mozilla/5.0 (Windows NT 10.0; Win64; x64) AppleWebKit/537.36 (KHTML, like Gecko) Chrome/94.0.4606.81 Safari/537.36"
192.168.1.4 - - [18/Mar/2023:09:33:53 +0000] "POST /api/products HTTP/1.1" 200 566 "-" "Mozilla/5.0 (Windows NT 10.0; Win64; x64; rv:94.0) Gecko/20100101 Firefox/94.0"
192.168.1.1 - - [18/Mar/2023:09:33:53 +0000] "GET /api/invoices HTTP/1.1" 401 573 "-" "Mozilla/5.0 (Windows NT 10.0; Win64; x64; rv:93.0) Gecko/20100101 Firefox/93.0"
192.168.1.4 - - [18/Mar/2023:09:33:53 +0000] "PATCH /api/users" 401 110 "-" "Mozilla/5.0 (Macintosh; Intel Mac OS X 10_15_7) AppleWebKit/537.36 (KHTML, like Gecko) Chrome/93.0.4577.63 Safari/537.36"
192.168.1.3 - - [18/Mar/2023:09:33:53 +0000] "GET /api/users HTTP/1.1" 401 642 "-" "Mozilla/5.0 (Windows NT 10.0; Win64; x64; rv:94.0) Gecko/20100101 Firefox/94.0"
192.168.1.3 - - [18/Mar/2023:09:33:53 +0000] "PATCH /api/users" 400 20 "-" "Mozilla/5.0 (Macintosh; Intel Mac OS X 10_15_7) AppleWebKit/537.36 (KHTML, like Gecko) Chrome/94.0.4606.81 Safari/537.36"
192.168.1.3 - - [18/Mar/2023:09:33:53 +0000] "POST /api/products HTTP/1.1" 404 218 "-" "Mozilla/5.0 (Windows NT 10.0; Win64; x64; rv:94.0) Gecko/20100101 Firefox/94.0"
192.168.1.5 - - [18/Mar/2023:09:33:53 +0000] "DELETE /api/products HTTP/1.1" 403 791 "-" "Mozilla/5.0 (Windows NT 10.0; Win64; x64) AppleWebKit/537.36 (KHTML, like Gecko) Chrome/93.0.4577.63 Safari/537.36"
192.168.1.4 - - [18/Mar/2023:09:33:53 +0000] "POST /api/invoices HTTP/1.1" 500 953 "-" "Mozilla/5.0 (Windows NT 10.0; Win64; x64) AppleWebKit/537.36 (KHTML, like Gecko) Chrome/94.0.4606.81 Safari/537.36"
192.168.1.2 - - [18/Mar/2023:09:33:53 +0000] "POST /api/invoices HTTP/1.1" 403 411 "-" "Mozilla/5.0 (Windows NT 10.0; Win64; x64) AppleWebKit/537.36 (KHTML, like Gecko) Chrome/94.0.4606.81 Safari/537.36"
192.168.1.1 - - [18/Mar/2023:09:33:53 +0000] "PATCH /api/users" 201 835 "-" "Mozilla/5.0 (Windows NT 10.0; Win64; x64; rv:93.0) Gecko/20100101 Firefox/93.0"
192.168.1.1 - - [18/Mar/2023:09:33:53 +0000] "PATCH /api/invoices" 401 876 "-" "Mozilla/5.0 (Windows NT 10.0; Win64; x64; rv:93.0) Gecko/20100101 Firefox/93.0"
192.168.1.3 - - [18/Mar/2023:09:33:53 +0000] "PATCH /api/users" 204 517 "-" "Mozilla/5.0 (Windows NT 10.0; Win64; x64; rv:93.0) Gecko/20100101 Firefox/93.0"
192.168.1.1 - - [18/Mar/2023:09:33:53 +0000] "DELETE /api/invoices HTTP/1.1" 403 679 "-" "Mozilla/5.0 (Macintosh; Intel Mac OS X 10_15_7) AppleWebKit/537.36 (KHTML, like Gecko) Chrome/93.0.4577.63 Safari/537.36"
192.168.1.5 - - [18/Mar/2023:09:33:53 +0000] "POST /api/customers HTTP/1.1" 500 340 "-" "Mozilla/5.0 (Windows NT 10.0; Win64; x64; rv:93.0) Gecko/20100101 Firefox/93.0"
192.168.1.3 - - [18/Mar/2023:09:33:53 +0000] "POST /api/orders HTTP/1.1" 403 484 "-" "Mozilla/5.0 (Macintosh; Intel Mac OS X 10_15_7) AppleWebKit/537.36 (KHTML, like Gecko) Chrome/93.0.4577.63 Safari/537.36"
192.168.1.1 - - [18/Mar/2023:09:33:53 +0000] "PUT /api/users HTTP/1.1" 200 127 "-" "Mozilla/5.0 (Macintosh; Intel Mac OS X 10_15_7) AppleWebKit/537.36 (KHTML, like Gecko) Chrome/93.0.4577.63 Safari/537.36"
192.168.1.4 - - [18/Mar/2023:09:33:53 +0000] "POST /api/customers HTTP/1.1" 200 445 "-" "Mozilla/5.0 (Windows NT 10.0; Win64; x64) AppleWebKit/537.36 (KHTML, like Gecko) Chrome/93.0.4577.63 Safari/537.36"
192.168.1.5 - - [18/Mar/2023:09:33:53 +0000] "POST /api/invoices HTTP/1.1" 500 900 "-" "Mozilla/5.0 (Macintosh; Intel Mac OS X 10_15_7) AppleWebKit/537.36 (KHTML, like Gecko) Chrome/93.0.4577.63 Safari/537.36"
192.168.1.1 - - [18/Mar/2023:09:33:53 +0000] "GET /api/invoices HTTP/1.1" 201 543 "-" "Mozilla/5.0 (Windows NT 10.0; Win64; x64; rv:94.0) Gecko/20100101 Firefox/94.0"
192.168.1.3 - - [18/Mar/2023:09:33:53 +0000] "DELETE /api/users HTTP/1.1" 401 526 "-" "Mozilla/5.0 (Windows NT 10.0; Win64; x64) AppleWebKit/537.36 (KHTML, like Gecko) Chrome/94.0.4606.81 Safari/537.36"
192.168.1.2 - - [18/Mar/2023:09:33:53 +0000] "GET /api/orders HTTP/1.1" 401 697 "-" "Mozilla/5.0 (Windows NT 10.0; Win64; x64) AppleWebKit/537.36 (KHTML, like Gecko) Chrome/93.0.4577.63 Safari/537.36"
192.168.1.3 - - [18/Mar/2023:09:33:53 +0000] "PATCH /api/customers" 401 284 "-" "Mozilla/5.0 (Windows NT 10.0; Win64; x64; rv:93.0) Gecko/20100101 Firefox/93.0"
192.168.1.2 - - [18/Mar/2023:09:33:53 +0000] "DELETE /api/products HTTP/1.1" 403 676 "-" "Mozilla/5.0 (Macintosh; Intel Mac OS X 10_15_7) AppleWebKit/537.36 (KHTML, like Gecko) Chrome/93.0.4577.63 Safari/537.36"
192.168.1.4 - - [18/Mar/2023:09:33:53 +0000] "POST /api/products HTTP/1.1" 400 854 "-" "Mozilla/5.0 (Macintosh; Intel Mac OS X 10_15_7) AppleWebKit/537.36 (KHTML, like Gecko) Chrome/93.0.4577.63 Safari/537.36"
192.168.1.5 - - [18/Mar/2023:09:33:53 +0000] "POST /api/users HTTP/1.1" 404 50 "-" "Mozilla/5.0 (Windows NT 10.0; Win64; x64) AppleWebKit/537.36 (KHTML, like Gecko) Chrome/93.0.4577.63 Safari/537.36"
192.168.1.3 - - [18/Mar/2023:09:33:53 +0000] "PATCH /api/invoices" 403 651 "-" "Mozilla/5.0 (Windows NT 10.0; Win64; x64) AppleWebKit/537.36 (KHTML, like Gecko) Chrome/94.0.4606.81 Safari/537.36"
192.168.1.1 - - [18/Mar/2023:09:33:53 +0000] "PUT /api/users HTTP/1.1" 404 47 "-" "Mozilla/5.0 (Windows NT 10.0; Win64; x64) AppleWebKit/537.36 (KHTML, like Gecko) Chrome/94.0.4606.81 Safari/537.36"
192.168.1.1 - - [18/Mar/2023:09:33:53 +0000] "DELETE /api/orders HTTP/1.1" 200 65 "-" "Mozilla/5.0 (Windows NT 10.0; Win64; x64; rv:93.0) Gecko/20100101 Firefox/93.0"
192.168.1.3 - - [18/Mar/2023:09:33:53 +0000] "POST /api/users HTTP/1.1" 500 675 "-" "Mozilla/5.0 (Macintosh; Intel Mac OS X 10_15_7) AppleWebKit/537.36 (KHTML, like Gecko) Chrome/93.0.4577.63 Safari/537.36"
192.168.1.3 - - [18/Mar/2023:09:33:53 +0000] "DELETE /api/orders HTTP/1.1" 500 275 "-" "Mozilla/5.0 (Windows NT 10.0; Win64; x64) AppleWebKit/537.36 (KHTML, like Gecko) Chrome/93.0.4577.63 Safari/537.36"
192.168.1.4 - - [18/Mar/2023:09:33:53 +0000] "GET /api/products HTTP/1.1" 204 605 "-" "Mozilla/5.0 (Windows NT 10.0; Win64; x64) AppleWebKit/537.36 (KHTML, like Gecko) Chrome/93.0.4577.63 Safari/537.36"
192.168.1.4 - - [18/Mar/2023:09:33:53 +0000] "PATCH /api/users" 201 220 "-" "Mozilla/5.0 (Windows NT 10.0; Win64; x64) AppleWebKit/537.36 (KHTML, like Gecko) Chrome/93.0.4577.63 Safari/537.36"
192.168.1.2 - - [18/Mar/2023:09:33:53 +0000] "GET /api/users HTTP/1.1" 403 76 "-" "Mozilla/5.0 (Macintosh; Intel Mac OS X 10_15_7) AppleWebKit/537.36 (KHTML, like Gecko) Chrome/93.0.4577.63 Safari/537.36"
192.168.1.2 - - [18/Mar/2023:09:33:53 +0000] "POST /api/invoices HTTP/1.1" 401 977 "-" "Mozilla/5.0 (Macintosh; Intel Mac OS X 10_15_7) AppleWebKit/537.36 (KHTML, like Gecko) Chrome/94.0.4606.81 Safari/537.36"
192.168.1.1 - - [18/Mar/2023:09:33:53 +0000] "DELETE /api/customers HTTP/1.1" 401 608 "-" "Mozilla/5.0 (Windows NT 10.0; Win64; x64; rv:93.0) Gecko/20100101 Firefox/93.0"
192.168.1.3 - - [18/Mar/2023:09:33:53 +0000] "PATCH /api/products" 201 20 "-" "Mozilla/5.0 (Windows NT 10.0; Win64; x64) AppleWebKit/537.36 (KHTML, like Gecko) Chrome/93.0.4577.63 Safari/537.36"
192.168.1.2 - - [18/Mar/2023:09:33:53 +0000] "PUT /api/products HTTP/1.1" 401 333 "-" "Mozilla/5.0 (Windows NT 10.0; Win64; x64) AppleWebKit/537.36 (KHTML, like Gecko) Chrome/94.0.4606.81 Safari/537.36"
192.168.1.5 - - [18/Mar/2023:09:33:53 +0000] "POST /api/users HTTP/1.1" 201 47 "-" "Mozilla/5.0 (Macintosh; Intel Mac OS X 10_15_7) AppleWebKit/537.36 (KHTML, like Gecko) Chrome/93.0.4577.63 Safari/537.36"
192.168.1.5 - - [18/Mar/2023:09:33:53 +0000] "PATCH /api/customers" 500 674 "-" "Mozilla/5.0 (Macintosh; Intel Mac OS X 10_15_7) AppleWebKit/537.36 (KHTML, like Gecko) Chrome/94.0.4606.81 Safari/537.36"
192.168.1.2 - - [18/Mar/2023:09:33:53 +0000] "PUT /api/orders HTTP/1.1" 400 755 "-" "Mozilla/5.0 (Macintosh; Intel Mac OS X 10_15_7) AppleWebKit/537.36 (KHTML, like Gecko) Chrome/94.0.4606.81 Safari/537.36"
192.168.1.1 - - [18/Mar/2023:09:33:53 +0000] "POST /api/customers HTTP/1.1" 200 781 "-" "Mozilla/5.0 (Windows NT 10.0; Win64; x64; rv:93.0) Gecko/20100101 Firefox/93.0"
192.168.1.5 - - [18/Mar/2023:09:33:53 +0000] "GET /api/customers HTTP/1.1" 401 776 "-" "Mozilla/5.0 (Windows NT 10.0; Win64; x64; rv:94.0) Gecko/20100101 Firefox/94.0"
192.168.1.2 - - [18/Mar/2023:09:33:53 +0000] "POST /api/products HTTP/1.1" 201 269 "-" "Mozilla/5.0 (Macintosh; Intel Mac OS X 10_15_7) AppleWebKit/537.36 (KHTML, like Gecko) Chrome/93.0.4577.63 Safari/537.36"
192.168.1.2 - - [18/Mar/2023:09:33:53 +0000] "DELETE /api/customers HTTP/1.1" 403 345 "-" "Mozilla/5.0 (Windows NT 10.0; Win64; x64; rv:93.0) Gecko/20100101 Firefox/93.0"
192.168.1.3 - - [18/Mar/2023:09:33:53 +0000] "PATCH /api/products" 403 691 "-" "Mozilla/5.0 (Windows NT 10.0; Win64; x64; rv:94.0) Gecko/20100101 Firefox/94.0"
192.168.1.5 - - [18/Mar/2023:09:33:53 +0000] "PATCH /api/products" 200 365 "-" "Mozilla/5.0 (Macintosh; Intel Mac OS X 10_15_7) AppleWebKit/537.36 (KHTML, like Gecko) Chrome/94.0.4606.81 Safari/537.36"
192.168.1.4 - - [18/Mar/2023:09:33:53 +0000] "DELETE /api/products HTTP/1.1" 401 140 "-" "Mozilla/5.0 (Macintosh; Intel Mac OS X 10_15_7) AppleWebKit/537.36 (KHTML, like Gecko) Chrome/93.0.4577.63 Safari/537.36"
192.168.1.1 - - [18/Mar/2023:09:33:53 +0000] "DELETE /api/orders HTTP/1.1" 404 14 "-" "Mozilla/5.0 (Windows NT 10.0; Win64; x64; rv:93.0) Gecko/20100101 Firefox/93.0"
192.168.1.4 - - [18/Mar/2023:09:33:53 +0000] "PATCH /api/products" 404 935 "-" "Mozilla/5.0 (Windows NT 10.0; Win64; x64; rv:93.0) Gecko/20100101 Firefox/93.0"
192.168.1.2 - - [18/Mar/2023:09:33:53 +0000] "PATCH /api/customers" 401 441 "-" "Mozilla/5.0 (Windows NT 10.0; Win64; x64; rv:93.0) Gecko/20100101 Firefox/93.0"
192.168.1.4 - - [18/Mar/2023:09:33:53 +0000] "PUT /api/invoices HTTP/1.1" 204 392 "-" "Mozilla/5.0 (Windows NT 10.0; Win64; x64) AppleWebKit/537.36 (KHTML, like Gecko) Chrome/94.0.4606.81 Safari/537.36"
192.168.1.4 - - [18/Mar/2023:09:33:53 +0000] "GET /api/invoices HTTP/1.1" 200 535 "-" "Mozilla/5.0 (Macintosh; Intel Mac OS X 10_15_7) AppleWebKit/537.36 (KHTML, like Gecko) Chrome/94.0.4606.81 Safari/537.36"
192.168.1.5 - - [18/Mar/2023:09:33:53 +0000] "DELETE /api/orders HTTP/1.1" 201 221 "-" "Mozilla/5.0 (Windows NT 10.0; Win64; x64) AppleWebKit/537.36 (KHTML, like Gecko) Chrome/94.0.4606.81 Safari/537.36"
192.168.1.1 - - [18/Mar/2023:09:33:53 +0000] "GET /api/orders HTTP/1.1" 403 176 "-" "Mozilla/5.0 (Macintosh; Intel Mac OS X 10_15_7) AppleWebKit/537.36 (KHTML, like Gecko) Chrome/94.0.4606.81 Safari/537.36"
192.168.1.4 - - [18/Mar/2023:09:33:53 +0000] "DELETE /api/orders HTTP/1.1" 200 450 "-" "Mozilla/5.0 (Macintosh; Intel Mac OS X 10_15_7) AppleWebKit/537.36 (KHTML, like Gecko) Chrome/93.0.4577.63 Safari/537.36"
192.168.1.5 - - [18/Mar/2023:09:33:53 +0000] "DELETE /api/products HTTP/1.1" 403 373 "-" "Mozilla/5.0 (Macintosh; Intel Mac OS X 10_15_7) AppleWebKit/537.36 (KHTML, like Gecko) Chrome/93.0.4577.63 Safari/537.36"
192.168.1.4 - - [18/Mar/2023:09:33:53 +0000] "DELETE /api/products HTTP/1.1" 403 751 "-" "Mozilla/5.0 (Windows NT 10.0; Win64; x64; rv:94.0) Gecko/20100101 Firefox/94.0"
192.168.1.3 - - [18/Mar/2023:09:33:53 +0000] "GET /api/customers HTTP/1.1" 500 861 "-" "Mozilla/5.0 (Windows NT 10.0; Win64; x64) AppleWebKit/537.36 (KHTML, like Gecko) Chrome/93.0.4577.63 Safari/537.36"
192.168.1.2 - - [18/Mar/2023:09:33:53 +0000] "POST /api/invoices HTTP/1.1" 400 144 "-" "Mozilla/5.0 (Macintosh; Intel Mac OS X 10_15_7) AppleWebKit/537.36 (KHTML, like Gecko) Chrome/94.0.4606.81 Safari/537.36"
192.168.1.5 - - [18/Mar/2023:09:33:53 +0000] "POST /api/orders HTTP/1.1" 204 30 "-" "Mozilla/5.0 (Windows NT 10.0; Win64; x64; rv:94.0) Gecko/20100101 Firefox/94.0"
192.168.1.5 - - [18/Mar/2023:09:33:53 +0000] "DELETE /api/customers HTTP/1.1" 404 463 "-" "Mozilla/5.0 (Macintosh; Intel Mac OS X 10_15_7) AppleWebKit/537.36 (KHTML, like Gecko) Chrome/94.0.4606.81 Safari/537.36"
192.168.1.5 - - [18/Mar/2023:09:33:53 +0000] "PUT /api/products HTTP/1.1" 201 71 "-" "Mozilla/5.0 (Windows NT 10.0; Win64; x64) AppleWebKit/537.36 (KHTML, like Gecko) Chrome/94.0.4606.81 Safari/537.36"
192.168.1.3 - - [18/Mar/2023:09:33:53 +0000] "PUT /api/users HTTP/1.1" 400 353 "-" "Mozilla/5.0 (Windows NT 10.0; Win64; x64; rv:94.0) Gecko/20100101 Firefox/94.0"
192.168.1.5 - - [18/Mar/2023:09:33:53 +0000] "PUT /api/orders HTTP/1.1" 403 246 "-" "Mozilla/5.0 (Windows NT 10.0; Win64; x64; rv:93.0) Gecko/20100101 Firefox/93.0"
192.168.1.4 - - [18/Mar/2023:09:33:53 +0000] "PUT /api/invoices HTTP/1.1" 401 863 "-" "Mozilla/5.0 (Windows NT 10.0; Win64; x64) AppleWebKit/537.36 (KHTML, like Gecko) Chrome/94.0.4606.81 Safari/537.36"
192.168.1.4 - - [18/Mar/2023:09:33:53 +0000] "POST /api/users HTTP/1.1" 403 241 "-" "Mozilla/5.0 (Macintosh; Intel Mac OS X 10_15_7) AppleWebKit/537.36 (KHTML, like Gecko) Chrome/93.0.4577.63 Safari/537.36"
192.168.1.3 - - [18/Mar/2023:09:33:53 +0000] "PUT /api/users HTTP/1.1" 404 323 "-" "Mozilla/5.0 (Windows NT 10.0; Win64; x64; rv:94.0) Gecko/20100101 Firefox/94.0"
192.168.1.5 - - [18/Mar/2023:09:33:53 +0000] "GET /api/users HTTP/1.1" 200 682 "-" "Mozilla/5.0 (Windows NT 10.0; Win64; x64; rv:93.0) Gecko/20100101 Firefox/93.0"
192.168.1.5 - - [18/Mar/2023:09:33:53 +0000] "POST /api/users HTTP/1.1" 204 905 "-" "Mozilla/5.0 (Windows NT 10.0; Win64; x64) AppleWebKit/537.36 (KHTML, like Gecko) Chrome/94.0.4606.81 Safari/537.36"
192.168.1.1 - - [18/Mar/2023:09:33:53 +0000] "DELETE /api/invoices HTTP/1.1" 201 863 "-" "Mozilla/5.0 (Windows NT 10.0; Win64; x64) AppleWebKit/537.36 (KHTML, like Gecko) Chrome/93.0.4577.63 Safari/537.36"
192.168.1.4 - - [18/Mar/2023:09:33:53 +0000] "PATCH /api/orders" 400 618 "-" "Mozilla/5.0 (Macintosh; Intel Mac OS X 10_15_7) AppleWebKit/537.36 (KHTML, like Gecko) Chrome/93.0.4577.63 Safari/537.36"
192.168.1.2 - - [18/Mar/2023:09:33:53 +0000] "PATCH /api/users" 400 830 "-" "Mozilla/5.0 (Windows NT 10.0; Win64; x64; rv:93.0) Gecko/20100101 Firefox/93.0"
192.168.1.3 - - [18/Mar/2023:09:33:53 +0000] "DELETE /api/customers HTTP/1.1" 200 932 "-" "Mozilla/5.0 (Windows NT 10.0; Win64; x64) AppleWebKit/537.36 (KHTML, like Gecko) Chrome/93.0.4577.63 Safari/537.36"
192.168.1.4 - - [18/Mar/2023:09:33:53 +0000] "DELETE /api/customers HTTP/1.1" 404 876 "-" "Mozilla/5.0 (Windows NT 10.0; Win64; x64; rv:94.0) Gecko/20100101 Firefox/94.0"
192.168.1.3 - - [18/Mar/2023:09:33:53 +0000] "POST /api/users HTTP/1.1" 401 798 "-" "Mozilla/5.0 (Windows NT 10.0; Win64; x64) AppleWebKit/537.36 (KHTML, like Gecko) Chrome/94.0.4606.81 Safari/537.36"
192.168.1.3 - - [18/Mar/2023:09:33:53 +0000] "PUT /api/users HTTP/1.1" 400 128 "-" "Mozilla/5.0 (Windows NT 10.0; Win64; x64) AppleWebKit/537.36 (KHTML, like Gecko) Chrome/93.0.4577.63 Safari/537.36"
192.168.1.2 - - [18/Mar/2023:09:33:53 +0000] "GET /api/users HTTP/1.1" 404 210 "-" "Mozilla/5.0 (Windows NT 10.0; Win64; x64; rv:94.0) Gecko/20100101 Firefox/94.0"
192.168.1.3 - - [18/Mar/2023:09:33:53 +0000] "POST /api/products HTTP/1.1" 200 176 "-" "Mozilla/5.0 (Windows NT 10.0; Win64; x64; rv:94.0) Gecko/20100101 Firefox/94.0"
192.168.1.1 - - [18/Mar/2023:09:33:53 +0000] "PUT /api/orders HTTP/1.1" 500 742 "-" "Mozilla/5.0 (Windows NT 10.0; Win64; x64) AppleWebKit/537.36 (KHTML, like Gecko) Chrome/93.0.4577.63 Safari/537.36"
192.168.1.3 - - [18/Mar/2023:09:33:53 +0000] "PATCH /api/customers" 204 705 "-" "Mozilla/5.0 (Macintosh; Intel Mac OS X 10_15_7) AppleWebKit/537.36 (KHTML, like Gecko) Chrome/93.0.4577.63 Safari/537.36"
192.168.1.4 - - [18/Mar/2023:09:33:53 +0000] "DELETE /api/users HTTP/1.1" 500 996 "-" "Mozilla/5.0 (Windows NT 10.0; Win64; x64; rv:93.0) Gecko/20100101 Firefox/93.0"
192.168.1.3 - - [18/Mar/2023:09:33:53 +0000] "GET /api/customers HTTP/1.1" 404 285 "-" "Mozilla/5.0 (Macintosh; Intel Mac OS X 10_15_7) AppleWebKit/537.36 (KHTML, like Gecko) Chrome/94.0.4606.81 Safari/537.36"
192.168.1.3 - - [18/Mar/2023:09:33:53 +0000] "PATCH /api/users" 500 489 "-" "Mozilla/5.0 (Windows NT 10.0; Win64; x64) AppleWebKit/537.36 (KHTML, like Gecko) Chrome/93.0.4577.63 Safari/537.36"
192.168.1.3 - - [18/Mar/2023:09:33:53 +0000] "PATCH /api/customers" 201 17 "-" "Mozilla/5.0 (Windows NT 10.0; Win64; x64; rv:93.0) Gecko/20100101 Firefox/93.0"
192.168.1.2 - - [18/Mar/2023:09:33:53 +0000] "POST /api/invoices HTTP/1.1" 201 390 "-" "Mozilla/5.0 (Windows NT 10.0; Win64; x64; rv:94.0) Gecko/20100101 Firefox/94.0"
192.168.1.3 - - [18/Mar/2023:09:33:53 +0000] "PUT /api/products HTTP/1.1" 204 56 "-" "Mozilla/5.0 (Windows NT 10.0; Win64; x64; rv:93.0) Gecko/20100101 Firefox/93.0"
192.168.1.5 - - [18/Mar/2023:09:33:53 +0000] "PUT /api/products HTTP/1.1" 403 721 "-" "Mozilla/5.0 (Windows NT 10.0; Win64; x64; rv:94.0) Gecko/20100101 Firefox/94.0"
192.168.1.4 - - [18/Mar/2023:09:33:53 +0000] "GET /api/products HTTP/1.1" 204 118 "-" "Mozilla/5.0 (Macintosh; Intel Mac OS X 10_15_7) AppleWebKit/537.36 (KHTML, like Gecko) Chrome/93.0.4577.63 Safari/537.36"
192.168.1.1 - - [18/Mar/2023:09:33:53 +0000] "GET /api/users HTTP/1.1" 201 450 "-" "Mozilla/5.0 (Windows NT 10.0; Win64; x64) AppleWebKit/537.36 (KHTML, like Gecko) Chrome/93.0.4577.63 Safari/537.36"
