192.168.1.5 - - [18/Mar/2023:09:33:53 +0000] "PUT /api/customers HTTP/1.1" 200 627 "-" "Mozilla/5.0 (Macintosh; Intel Mac OS X 10_15_7) AppleWebKit/537.36 (KHTML, like Gecko) Chrome/94.0.4606.81 Safari/537.36"
192.168.1.4 - - [18/Mar/2023:09:33:53 +0000] "PUT /api/customers HTTP/1.1" 403 581 "-" "Mozilla/5.0 (Macintosh; Intel Mac OS X 10_15_7) AppleWebKit/537.36 (KHTML, like Gecko) Chrome/93.0.4577.63 Safari/537.36"
192.168.1.1 - - [18/Mar/2023:09:33:53 +0000] "PUT /api/invoices HTTP/1.1" 200 647 "-" "Mozilla/5.0 (Macintosh; Intel Mac OS X 10_15_7) AppleWebKit/537.36 (KHTML, like Gecko) Chrome/94.0.4606.81 Safari/537.36"
192.168.1.5 - - [18/Mar/2023:09:33:53 +0000] "GET /api/orders HTTP/1.1" 401 585 "-" "Mozilla/5.0 (Macintosh; Intel Mac OS X 10_15_7) AppleWebKit/537.36 (KHTML, like Gecko) Chrome/93.0.4577.63 Safari/537.36"
192.168.1.2 - - [18/Mar/2023:09:33:53 +0000] "POST /api/products HTTP/1.1" 400 839 "-" "Mozilla/5.0 (Macintosh; Intel Mac OS X 10_15_7) AppleWebKit/537.36 (KHTML, like Gecko) Chrome/94.0.4606.81 Safari/537.36"
192.168.1.4 - - [18/Mar/2023:09:33:53 +0000] "PATCH /api/orders" 400 343 "-" "Mozilla/5.0 (Windows NT 10.0; Win64; x64; rv:93.0) Gecko/20100101 Firefox/93.0"
192.168.1.4 - - [18/Mar/2023:09:33:53 +0000] "GET /api/products HTTP/1.1" 204 247 "-" "Mozilla/5.0 (Windows NT 10.0; Win64; x64; rv:93.0) Gecko/20100101 Firefox/93.0"
192.168.1.5 - - [18/Mar/2023:09:33:53 +0000] "DELETE /api/orders HTTP/1.1" 401 508 "-" "Mozilla/5.0 (Macintosh; Intel Mac OS X 10_15_7) AppleWebKit/537.36 (KHTML, like Gecko) Chrome/93.0.4577.63 Safari/537.36"
192.168.1.1 - - [18/Mar/2023:09:33:53 +0000] "GET /api/products HTTP/1.1" 500 888 "-" "Mozilla/5.0 (Windows NT 10.0; Win64; x64) AppleWebKit/537.36 (KHTML, like Gecko) Chrome/94.0.4606.81 Safari/537.36"
192.168.1.1 - - [18/Mar/2023:09:33:53 +0000] "PATCH /api/orders" 401 581 "-" "Mozilla/5.0 (Windows NT 10.0; Win64; x64) AppleWebKit/537.36 (KHTML, like Gecko) Chrome/93.0.4577.63 Safari/537.36"
192.168.1.3 - - [18/Mar/2023:09:33:53 +0000] "DELETE /api/products HTTP/1.1" 200 649 "-" "Mozilla/5.0 (Macintosh; Intel Mac OS X 10_15_7) AppleWebKit/537.36 (KHTML, like Gecko) Chrome/93.0.4577.63 Safari/537.36"
192.168.1.4 - - [18/Mar/2023:09:33:53 +0000] "PATCH /api/products" 400 949 "-" "Mozilla/5.0 (Macintosh; Intel Mac OS X 10_15_7) AppleWebKit/537.36 (KHTML, like Gecko) Chrome/94.0.4606.81 Safari/537.36"
192.168.1.3 - - [18/Mar/2023:09:33:53 +0000] "POST /api/orders HTTP/1.1" 500 72 "-" "Mozilla/5.0 (Windows NT 10.0; Win64; x64) AppleWebKit/537.36 (KHTML, like Gecko) Chrome/93.0.4577.63 Safari/537.36"
192.168.1.4 - - [18/Mar/2023:09:33:53 +0000] "GET /api/customers HTTP/1.1" 401 385 "-" "Mozilla/5.0 (Windows NT 10.0; Win64; x64; rv:93.0) Gecko/20100101 Firefox/93.0"
192.168.1.4 - - [18/Mar/2023:09:33:53 +0000] "PATCH /api/orders" 400 900 "-" "Mozilla/5.0 (Windows NT 10.0; Win64; x64; rv:94.0) Gecko/20100101 Firefox/94.0"
192.168.1.1 - - [18/Mar/2023:09:33:53 +0000] "DELETE /api/invoices HTTP/1.1" 201 153 "-" "Mozilla/5.0 (Windows NT 10.0; Win64; x64; rv:93.0) Gecko/20100101 Firefox/93.0"
192.168.1.5 - - [18/Mar/2023:09:33:53 +0000] "DELETE /api/customers HTTP/1.1" 400 705 "-" "Mozilla/5.0 (Macintosh; Intel Mac OS X 10_15_7) AppleWebKit/537.36 (KHTML, like Gecko) Chrome/93.0.4577.63 Safari/537.36"
192.168.1.2 - - [18/Mar/2023:09:33:53 +0000] "DELETE /api/users HTTP/1.1" 400 570 "-" "Mozilla/5.0 (Windows NT 10.0; Win64; x64) AppleWebKit/537.36 (KHTML, like Gecko) Chrome/94.0.4606.81 Safari/537.36"
192.168.1.1 - - [18/Mar/2023:09:33:53 +0000] "POST /api/orders HTTP/1.1" 401 784 "-" "Mozilla/5.0 (Macintosh; Intel Mac OS X 10_15_7) AppleWebKit/537.36 (KHTML, like Gecko) Chrome/94.0.4606.81 Safari/537.36"
192.168.1.1 - - [18/Mar/2023:09:33:53 +0000] "PATCH /api/invoices" 201 483 "-" "Mozilla/5.0 (Windows NT 10.0; Win64; x64; rv:94.0) Gecko/20100101 Firefox/94.0"
192.168.1.5 - - [18/Mar/2023:09:33:53 +0000] "GET /api/products HTTP/1.1" 201 327 "-" "Mozilla/5.0 (Windows NT 10.0; Win64; x64) AppleWebKit/537.36 (KHTML, like Gecko) Chrome/94.0.4606.81 Safari/537.36"
192.168.1.2 - - [18/Mar/2023:09:33:53 +0000] "DELETE /api/users HTTP/1.1" 403 873 "-" "Mozilla/5.0 (Windows NT 10.0; Win64; x64; rv:94.0) Gecko/20100101 Firefox/94.0"
192.168.1.3 - - [18/Mar/2023:09:33:53 +0000] "PATCH /api/orders" 400 46 "-" "Mozilla/5.0 (Windows NT 10.0; Win64; x64) AppleWebKit/537.36 (KHTML, like Gecko) Chrome/94.0.4606.81 Safari/537.36"
192.168.1.4 - - [18/Mar/2023:09:33:53 +0000] "DELETE /api/customers HTTP/1.1" 204 148 "-" "Mozilla/5.0 (Windows NT 10.0; Win64; x64; rv:93.0) Gecko/20100101 Firefox/93.0"
192.168.1.1 - - [18/Mar/2023:09:33:53 +0000] "POST /api/products HTTP/1.1" 201 244 "-" "Mozilla/5.0 (Windows NT 10.0; Win64; x64) AppleWebKit/537.36 (KHTML, like Gecko) Chrome/93.0.4577.63 Safari/537.36"
192.168.1.5 - - [18/Mar/2023:09:33:53 +0000] "DELETE /api/invoices HTTP/1.1" 404 778 "-" "Mozilla/5.0 (Windows NT 10.0; Win64; x64) AppleWebKit/537.36 (KHTML, like Gecko) Chrome/94.0.4606.81 Safari/537.36"
192.168.1.4 - - [18/Mar/2023:09:33:53 +0000] "PATCH /api/users" 404 50 "-" "Mozilla/5.0 (Macintosh; Intel Mac OS X 10_15_7) AppleWebKit/537.36 (KHTML, like Gecko) Chrome/93.0.4577.63 Safari/537.36"
192.168.1.3 - - [18/Mar/2023:09:33:53 +0000] "PUT /api/orders HTTP/1.1" 204 915 "-" "Mozilla/5.0 (Windows NT 10.0; Win64; x64) AppleWebKit/537.36 (KHTML, like Gecko) Chrome/93.0.4577.63 Safari/537.36"
192.168.1.4 - - [18/Mar/2023:09:33:53 +0000] "DELETE /api/orders HTTP/1.1" 500 899 "-" "Mozilla/5.0 (Macintosh; Intel Mac OS X 10_15_7) AppleWebKit/537.36 (KHTML, like Gecko) Chrome/94.0.4606.81 Safari/537.36"
192.168.1.1 - - [18/Mar/2023:09:33:53 +0000] "PUT /api/products HTTP/1.1" 200 918 "-" "Mozilla/5.0 (Macintosh; Intel Mac OS X 10_15_7) AppleWebKit/537.36 (KHTML, like Gecko) Chrome/93.0.4577.63 Safari/537.36"
192.168.1.1 - - [18/Mar/2023:09:33:53 +0000] "POST /api/invoices HTTP/1.1" 400 87 "-" "Mozilla/5.0 (Windows NT 10.0; Win64; x64; rv:94.0) Gecko/20100101 Firefox/94.0"
192.168.1.4 - - [18/Mar/2023:09:33:53 +0000] "GET /api/users HTTP/1.1" 401 600 "-" "Mozilla/5.0 (Windows NT 10.0; Win64; x64) AppleWebKit/537.36 (KHTML, like Gecko) Chrome/94.0.4606.81 Safari/537.36"
192.168.1.4 - - [18/Mar/2023:09:33:53 +0000] "GET /api/orders HTTP/1.1" 500 681 "-" "Mozilla/5.0 (Macintosh; Intel Mac OS X 10_15_7) AppleWebKit/537.36 (KHTML, like Gecko) Chrome/94.0.4606.81 Safari/537.36"
192.168.1.1 - - [18/Mar/2023:09:33:53 +0000] "DELETE /api/customers HTTP/1.1" 204 836 "-" "Mozilla/5.0 (Windows NT 10.0; Win64; x64) AppleWebKit/537.36 (KHTML, like Gecko) Chrome/93.0.4577.63 Safari/537.36"
192.168.1.3 - - [18/Mar/2023:09:33:53 +0000] "DELETE /api/products HTTP/1.1" 500 414 "-" "Mozilla/5.0 (Windows NT 10.0; Win64; x64) AppleWebKit/537.36 (KHTML, like Gecko) Chrome/93.0.4577.63 Safari/537.36"
192.168.1.3 - - [18/Mar/2023:09:33:53 +0000] "DELETE /api/invoices HTTP/1.1" 200 706 "-" "Mozilla/5.0 (Macintosh; Intel Mac OS X 10_15_7) AppleWebKit/537.36 (KHTML, like Gecko) Chrome/93.0.4577.63 Safari/537.36"
192.168.1.5 - - [18/Mar/2023:09:33:53 +0000] "POST /api/customers HTTP/1.1" 500 147 "-" "Mozilla/5.0 (Windows NT 10.0; Win64; x64) AppleWebKit/537.36 (KHTML, like Gecko) Chrome/93.0.4577.63 Safari/537.36"
192.168.1.1 - - [18/Mar/2023:09:33:53 +0000] "GET /api/users HTTP/1.1" 403 360 "-" "Mozilla/5.0 (Macintosh; Intel Mac OS X 10_15_7) AppleWebKit/537.36 (KHTML, like Gecko) Chrome/93.0.4577.63 Safari/537.36"
192.168.1.4 - - [18/Mar/2023:09:33:53 +0000] "PATCH /api/invoices" 204 540 "-" "Mozilla/5.0 (Windows NT 10.0; Win64; x64; rv:94.0) Gecko/20100101 Firefox/94.0"
192.168.1.1 - - [18/Mar/2023:09:33:53 +0000] "POST /api/customers HTTP/1.1" 204 613 "-" "Mozilla/5.0 (Windows NT 10.0; Win64; x64) AppleWebKit/537.36 (KHTML, like Gecko) Chrome/93.0.4577.63 Safari/537.36"
192.168.1.4 - - [18/Mar/2023:09:33:53 +0000] "POST /api/users HTTP/1.1" 401 617 "-" "Mozilla/5.0 (Macintosh; Intel Mac OS X 10_15_7) AppleWebKit/537.36 (KHTML, like Gecko) Chrome/93.0.4577.63 Safari/537.36"
192.168.1.2 - - [18/Mar/2023:09:33:53 +0000] "PATCH /api/users" 200 997 "-" "Mozilla/5.0 (Windows NT 10.0; Win64; x64; rv:94.0) Gecko/20100101 Firefox/94.0"
192.168.1.3 - - [18/Mar/2023:09:33:53 +0000] "PATCH /api/invoices" 201 371 "-" "Mozilla/5.0 (Macintosh; Intel Mac OS X 10_15_7) AppleWebKit/537.36 (KHTML, like Gecko) Chrome/93.0.4577.63 Safari/537.36"
192.168.1.2 - - [18/Mar/2023:09:33:53 +0000] "PUT /api/invoices HTTP/1.1" 401 519 "-" "Mozilla/5.0 (Macintosh; Intel Mac OS X 10_15_7) AppleWebKit/537.36 (KHTML, like Gecko) Chrome/93.0.4577.63 Safari/537.36"
192.168.1.2 - - [18/Mar/2023:09:33:53 +0000] "GET /api/orders HTTP/1.1" 500 400 "-" "Mozilla/5.0 (Macintosh; Intel Mac OS X 10_15_7) AppleWebKit/537.36 (KHTML, like Gecko) Chrome/93.0.4577.63 Safari/537.36"
192.168.1.1 - - [18/Mar/2023:09:33:53 +0000] "PUT /api/users HTTP/1.1" 200 724 "-" "Mozilla/5.0 (Macintosh; Intel Mac OS X 10_15_7) AppleWebKit/537.36 (KHTML, like Gecko) Chrome/94.0.4606.81 Safari/537.36"
192.168.1.1 - - [18/Mar/2023:09:33:53 +0000] "PATCH /api/customers" 201 658 "-" "Mozilla/5.0 (Windows NT 10.0; Win64; x64; rv:94.0) Gecko/20100101 Firefox/94.0"
192.168.1.3 - - [18/Mar/2023:09:33:53 +0000] "PUT /api/invoices HTTP/1.1" 400 596 "-" "Mozilla/5.0 (Macintosh; Intel Mac OS X 10_15_7) AppleWebKit/537.36 (KHTML, like Gecko) Chrome/93.0.4577.63 Safari/537.36"
192.168.1.4 - - [18/Mar/2023:09:33:53 +0000] "PUT /api/invoices HTTP/1.1" 404 797 "-" "Mozilla/5.0 (Windows NT 10.0; Win64; x64; rv:94.0) Gecko/20100101 Firefox/94.0"
192.168.1.2 - - [18/Mar/2023:09:33:53 +0000] "POST /api/orders HTTP/1.1" 400 490 "-" "Mozilla/5.0 (Macintosh; Intel Mac OS X 10_15_7) AppleWebKit/537.36 (KHTML, like Gecko) Chrome/94.0.4606.81 Safari/537.36"
192.168.1.4 - - [18/Mar/2023:09:33:53 +0000] "GET /api/orders HTTP/1.1" 400 711 "-" "Mozilla/5.0 (Macintosh; Intel Mac OS X 10_15_7) AppleWebKit/537.36 (KHTML, like Gecko) Chrome/93.0.4577.63 Safari/537.36"
192.168.1.3 - - [18/Mar/2023:09:33:53 +0000] "DELETE /api/products HTTP/1.1" 401 219 "-" "Mozilla/5.0 (Windows NT 10.0; Win64; x64) AppleWebKit/537.36 (KHTML, like Gecko) Chrome/93.0.4577.63 Safari/537.36"
192.168.1.5 - - [18/Mar/2023:09:33:53 +0000] "PATCH /api/invoices" 500 511 "-" "Mozilla/5.0 (Macintosh; Intel Mac OS X 10_15_7) AppleWebKit/537.36 (KHTML, like Gecko) Chrome/93.0.4577.63 Safari/537.36"
192.168.1.3 - - [18/Mar/2023:09:33:53 +0000] "GET /api/customers HTTP/1.1" 201 863 "-" "Mozilla/5.0 (Macintosh; Intel Mac OS X 10_15_7) AppleWebKit/537.36 (KHTML, like Gecko) Chrome/93.0.4577.63 Safari/537.36"
192.168.1.3 - - [18/Mar/2023:09:33:53 +0000] "GET /api/invoices HTTP/1.1" 403 764 "-" "Mozilla/5.0 (Windows NT 10.0; Win64; x64; rv:94.0) Gecko/20100101 Firefox/94.0"
192.168.1.1 - - [18/Mar/2023:09:33:53 +0000] "PUT /api/users HTTP/1.1" 200 524 "-" "Mozilla/5.0 (Windows NT 10.0; Win64; x64) AppleWebKit/537.36 (KHTML, like Gecko) Chrome/93.0.4577.63 Safari/537.36"
192.168.1.4 - - [18/Mar/2023:09:33:53 +0000] "POST /api/orders HTTP/1.1" 401 454 "-" "Mozilla/5.0 (Windows NT 10.0; Win64; x64) AppleWebKit/537.36 (KHTML, like Gecko) Chrome/93.0.4577.63 Safari/537.36"
192.168.1.5 - - [18/Mar/2023:09:33:53 +0000] "DELETE /api/customers HTTP/1.1" 404 455 "-" "Mozilla/5.0 (Windows NT 10.0; Win64; x64) AppleWebKit/537.36 (KHTML, like Gecko) Chrome/94.0.4606.81 Safari/537.36"
192.168.1.2 - - [18/Mar/2023:09:33:53 +0000] "DELETE /api/users HTTP/1.1" 201 935 "-" "Mozilla/5.0 (Windows NT 10.0; Win64; x64) AppleWebKit/537.36 (KHTML, like Gecko) Chrome/94.0.4606.81 Safari/537.36"
192.168.1.1 - - [18/Mar/2023:09:33:53 +0000] "DELETE /api/customers HTTP/1.1" 401 641 "-" "Mozilla/5.0 (Windows NT 10.0; Win64; x64; rv:94.0) Gecko/20100101 Firefox/94.0"
192.168.1.2 - - [18/Mar/2023:09:33:53 +0000] "PATCH /api/customers" 500 831 "-" "Mozilla/5.0 (Windows NT 10.0; Win64; x64) AppleWebKit/537.36 (KHTML, like Gecko) Chrome/94.0.4606.81 Safari/537.36"
192.168.1.1 - - [18/Mar/2023:09:33:53 +0000] "DELETE /api/products HTTP/1.1" 200 663 "-" "Mozilla/5.0 (Windows NT 10.0; Win64; x64; rv:93.0) Gecko/20100101 Firefox/93.0"
192.168.1.1 - - [18/Mar/2023:09:33:53 +0000] "PUT /api/invoices HTTP/1.1" 401 711 "-" "Mozilla/5.0 (Windows NT 10.0; Win64; x64) AppleWebKit/537.36 (KHTML, like Gecko) Chrome/94.0.4606.81 Safari/537.36"
192.168.1.5 - - [18/Mar/2023:09:33:53 +0000] "DELETE /api/products HTTP/1.1" 200 177 "-" "Mozilla/5.0 (Macintosh; Intel Mac OS X 10_15_7) AppleWebKit/537.36 (KHTML, like Gecko) Chrome/94.0.4606.81 Safari/537.36"
192.168.1.4 - - [18/Mar/2023:09:33:53 +0000] "POST /api/invoices HTTP/1.1" 400 563 "-" "Mozilla/5.0 (Windows NT 10.0; Win64; x64) AppleWebKit/537.36 (KHTML, like Gecko) Chrome/94.0.4606.81 Safari/537.36"
192.168.1.2 - - [18/Mar/2023:09:33:53 +0000] "POST /api/orders HTTP/1.1" 500 499 "-" "Mozilla/5.0 (Macintosh; Intel Mac OS X 10_15_7) AppleWebKit/537.36 (KHTML, like Gecko) Chrome/94.0.4606.81 Safari/537.36"
192.168.1.3 - - [18/Mar/2023:09:33:53 +0000] "PATCH /api/orders" 200 358 "-" "Mozilla/5.0 (Macintosh; Intel Mac OS X 10_15_7) AppleWebKit/537.36 (KHTML, like Gecko) Chrome/94.0.4606.81 Safari/537.36"
192.168.1.2 - - [18/Mar/2023:09:33:53 +0000] "POST /api/products HTTP/1.1" 200 780 "-" "Mozilla/5.0 (Windows NT 10.0; Win64; x64) AppleWebKit/537.36 (KHTML, like Gecko) Chrome/94.0.4606.81 Safari/537.36"
192.168.1.3 - - [18/Mar/2023:09:33:53 +0000] "POST /api/orders HTTP/1.1" 500 287 "-" "Mozilla/5.0 (Windows NT 10.0; Win64; x64; rv:93.0) Gecko/20100101 Firefox/93.0"
192.168.1.1 - - [18/Mar/2023:09:33:53 +0000] "PATCH /api/products" 400 717 "-" "Mozilla/5.0 (Windows NT 10.0; Win64; x64; rv:93.0) Gecko/20100101 Firefox/93.0"
192.168.1.4 - - [18/Mar/2023:09:33:53 +0000] "POST /api/products HTTP/1.1" 201 933 "-" "Mozilla/5.0 (Macintosh; Intel Mac OS X 10_15_7) AppleWebKit/537.36 (KHTML, like Gecko) Chrome/93.0.4577.63 Safari/537.36"
192.168.1.3 - - [18/Mar/2023:09:33:53 +0000] "PATCH /api/orders" 400 329 "-" "Mozilla/5.0 (Windows NT 10.0; Win64; x64) AppleWebKit/537.36 (KHTML, like Gecko) Chrome/93.0.4577.63 Safari/537.36"
192.168.1.5 - - [18/Mar/2023:09:33:53 +0000] "GET /api/products HTTP/1.1" 500 406 "-" "Mozilla/5.0 (Macintosh; Intel Mac OS X 10_15_7) AppleWebKit/537.36 (KHTML, like Gecko) Chrome/93.0.4577.63 Safari/537.36"
192.168.1.3 - - [18/Mar/2023:09:33:53 +0000] "PUT /api/users HTTP/1.1" 401 390 "-" "Mozilla/5.0 (Windows NT 10.0; Win64; x64; rv:94.0) Gecko/20100101 Firefox/94.0"
192.168.1.2 - - [18/Mar/2023:09:33:53 +0000] "PUT /api/products HTTP/1.1" 404 993 "-" "Mozilla/5.0 (Windows NT 10.0; Win64; x64) AppleWebKit/537.36 (KHTML, like Gecko) Chrome/94.0.4606.81 Safari/537.36"
192.168.1.5 - - [18/Mar/2023:09:33:53 +0000] "DELETE /api/users HTTP/1.1" 200 971 "-" "Mozilla/5.0 (Macintosh; Intel Mac OS X 10_15_7) AppleWebKit/537.36 (KHTML, like Gecko) Chrome/94.0.4606.81 Safari/537.36"
192.168.1.4 - - [18/Mar/2023:09:33:53 +0000] "POST /api/products HTTP/1.1" 400 557 "-" "Mozilla/5.0 (Windows NT 10.0; Win64; x64) AppleWebKit/537.36 (KHTML, like Gecko) Chrome/93.0.4577.63 Safari/537.36"
192.168.1.1 - - [18/Mar/2023:09:33:53 +0000] "PUT /api/invoices HTTP/1.1" 201 139 "-" "Mozilla/5.0 (Windows NT 10.0; Win64; x64; rv:93.0) Gecko/20100101 Firefox/93.0"
192.168.1.2 - - [18/Mar/2023:09:33:53 +0000] "POST /api/customers HTTP/1.1" 200 748 "-" "Mozilla/5.0 (Macintosh; Intel Mac OS X 10_15_7) AppleWebKit/537.36 (KHTML, like Gecko) Chrome/93.0.4577.63 Safari/537.36"
192.168.1.3 - - [18/Mar/2023:09:33:53 +0000] "PUT /api/orders HTTP/1.1" 404 508 "-" "Mozilla/5.0 (Windows NT 10.0; Win64; x64; rv:93.0) Gecko/20100101 Firefox/93.0"
192.168.1.2 - - [18/Mar/2023:09:33:53 +0000] "DELETE /api/customers HTTP/1.1" 401 861 "-" "Mozilla/5.0 (Windows NT 10.0; Win64; x64) AppleWebKit/537.36 (KHTML, like Gecko) Chrome/94.0.4606.81 Safari/537.36"
192.168.1.2 - - [18/Mar/2023:09:33:53 +0000] "PUT /api/users HTTP/1.1" 201 554 "-" "Mozilla/5.0 (Windows NT 10.0; Win64; x64) AppleWebKit/537.36 (KHTML, like Gecko) Chrome/93.0.4577.63 Safari/537.36"
192.168.1.3 - - [18/Mar/2023:09:33:53 +0000] "PATCH /api/users" 201 565 "-" "Mozilla/5.0 (Windows NT 10.0; Win64; x64; rv:94.0) Gecko/20100101 Firefox/94.0"
192.168.1.1 - - [18/Mar/2023:09:33:53 +0000] "PUT /api/users HTTP/1.1" 403 817 "-" "Mozilla/5.0 (Windows NT 10.0; Win64; x64) AppleWebKit/537.36 (KHTML, like Gecko) Chrome/93.0.4577.63 Safari/537.36"
192.168.1.3 - - [18/Mar/2023:09:33:53 +0000] "DELETE /api/products HTTP/1.1" 401 476 "-" "Mozilla/5.0 (Windows NT 10.0; Win64; x64; rv:94.0) Gecko/20100101 Firefox/94.0"
192.168.1.1 - - [18/Mar/2023:09:33:53 +0000] "PATCH /api/products" 404 852 "-" "Mozilla/5.0 (Windows NT 10.0; Win64; x64; rv:93.0) Gecko/20100101 Firefox/93.0"
192.168.1.5 - - [18/Mar/2023:09:33:53 +0000] "PATCH /api/users" 404 798 "-" "Mozilla/5.0 (Windows NT 10.0; Win64; x64; rv:93.0) Gecko/20100101 Firefox/93.0"
192.168.1.2 - - [18/Mar/2023:09:33:53 +0000] "PUT /api/orders HTTP/1.1" 200 853 "-" "Mozilla/5.0 (Windows NT 10.0; Win64; x64) AppleWebKit/537.36 (KHTML, like Gecko) Chrome/93.0.4577.63 Safari/537.36"
192.168.1.2 - - [18/Mar/2023:09:33:53 +0000] "POST /api/customers HTTP/1.1" 401 726 "-" "Mozilla/5.0 (Windows NT 10.0; Win64; x64) AppleWebKit/537.36 (KHTML, like Gecko) Chrome/94.0.4606.81 Safari/537.36"
192.168.1.3 - - [18/Mar/2023:09:33:53 +0000] "PUT /api/products HTTP/1.1" 403 99 "-" "Mozilla/5.0 (Macintosh; Intel Mac OS X 10_15_7) AppleWebKit/537.36 (KHTML, like Gecko) Chrome/94.0.4606.81 Safari/537.36"
192.168.1.1 - - [18/Mar/2023:09:33:53 +0000] "PUT /api/orders HTTP/1.1" 201 919 "-" "Mozilla/5.0 (Windows NT 10.0; Win64; x64; rv:94.0) Gecko/20100101 Firefox/94.0"
192.168.1.5 - - [18/Mar/2023:09:33:53 +0000] "POST /api/invoices HTTP/1.1" 404 779 "-" "Mozilla/5.0 (Windows NT 10.0; Win64; x64; rv:93.0) Gecko/20100101 Firefox/93.0"
192.168.1.1 - - [18/Mar/2023:09:33:53 +0000] "DELETE /api/orders HTTP/1.1" 403 77 "-" "Mozilla/5.0 (Windows NT 10.0; Win64; x64; rv:93.0) Gecko/20100101 Firefox/93.0"
192.168.1.4 - - [18/Mar/2023:09:33:53 +0000] "PUT /api/orders HTTP/1.1" 400 484 "-" "Mozilla/5.0 (Windows NT 10.0; Win64; x64) AppleWebKit/537.36 (KHTML, like Gecko) Chrome/94.0.4606.81 Safari/537.36"
192.168.1.2 - - [18/Mar/2023:09:33:53 +0000] "DELETE /api/products HTTP/1.1" 204 749 "-" "Mozilla/5.0 (Windows NT 10.0; Win64; x64) AppleWebKit/537.36 (KHTML, like Gecko) Chrome/94.0.4606.81 Safari/537.36"
192.168.1.2 - - [18/Mar/2023:09:33:53 +0000] "PUT /api/orders HTTP/1.1" 401 538 "-" "Mozilla/5.0 (Windows NT 10.0; Win64; x64) AppleWebKit/537.36 (KHTML, like Gecko) Chrome/93.0.4577.63 Safari/537.36"
192.168.1.5 - - [18/Mar/2023:09:33:53 +0000] "PUT /api/orders HTTP/1.1" 403 32 "-" "Mozilla/5.0 (Windows NT 10.0; Win64; x64) AppleWebKit/537.36 (KHTML, like Gecko) Chrome/94.0.4606.81 Safari/537.36"
192.168.1.4 - - [18/Mar/2023:09:33:53 +0000] "PUT /api/products HTTP/1.1" 500 992 "-" "Mozilla/5.0 (Windows NT 10.0; Win64; x64; rv:93.0) Gecko/20100101 Firefox/93.0"
192.168.1.2 - - [18/Mar/2023:09:33:53 +0000] "PATCH /api/invoices" 404 40 "-" "Mozilla/5.0 (Windows NT 10.0; Win64; x64; rv:93.0) Gecko/20100101 Firefox/93.0"
192.168.1.1 - - [18/Mar/2023:09:33:53 +0000] "DELETE /api/orders HTTP/1.1" 500 621 "-" "Mozilla/5.0 (Macintosh; Intel Mac OS X 10_15_7) AppleWebKit/537.36 (KHTML, like Gecko) Chrome/94.0.4606.81 Safari/537.36"
192.168.1.4 - - [18/Mar/2023:09:33:53 +0000] "POST /api/invoices HTTP/1.1" 500 544 "-" "Mozilla/5.0 (Windows NT 10.0; Win64; x64; rv:94.0) Gecko/20100101 Firefox/94.0"
192.168.1.3 - - [18/Mar/2023:09:33:53 +0000] "PUT /api/invoices HTTP/1.1" 404 525 "-" "Mozilla/5.0 (Windows NT 10.0; Win64; x64; rv:93.0) Gecko/20100101 Firefox/93.0"
192.168.1.1 - - [18/Mar/2023:09:33:53 +0000] "POST /api/users HTTP/1.1" 204 567 "-" "Mozilla/5.0 (Windows NT 10.0; Win64; x64) AppleWebKit/537.36 (KHTML, like Gecko) Chrome/94.0.4606.81 Safari/537.36"
192.168.1.3 - - [18/Mar/2023:09:33:53 +0000] "DELETE /api/products HTTP/1.1" 500 173 "-" "Mozilla/5.0 (Windows NT 10.0; Win64; x64; rv:93.0) Gecko/20100101 Firefox/93.0"
192.168.1.5 - - [18/Mar/2023:09:33:53 +0000] "PUT /api/products HTTP/1.1" 204 936 "-" "Mozilla/5.0 (Macintosh; Intel Mac OS X 10_15_7) AppleWebKit/537.36 (KHTML, like Gecko) Chrome/94.0.4606.81 Safari/537.36"
192.168.1.3 - - [18/Mar/2023:09:33:53 +0000] "POST /api/products HTTP/1.1" 500 400 "-" "Mozilla/5.0 (Macintosh; Intel Mac OS X 10_15_7) AppleWebKit/537.36 (KHTML, like Gecko) Chrome/93.0.4577.63 Safari/537.36"
192.168.1.2 - - [18/Mar/2023:09:33:53 +0000] "PUT /api/users HTTP/1.1" 401 383 "-" "Mozilla/5.0 (Windows NT 10.0; Win64; x64) AppleWebKit/537.36 (KHTML, like Gecko) Chrome/94.0.4606.81 Safari/537.36"
192.168.1.4 - - [18/Mar/2023:09:33:53 +0000] "GET /api/users HTTP/1.1" 404 492 "-" "Mozilla/5.0 (Windows NT 10.0; Win64; x64) AppleWebKit/537.36 (KHTML, like Gecko) Chrome/93.0.4577.63 Safari/537.36"
192.168.1.1 - - [18/Mar/2023:09:33:53 +0000] "GET /api/orders HTTP/1.1" 201 620 "-" "Mozilla/5.0 (Windows NT 10.0; Win64; x64; rv:94.0) Gecko/20100101 Firefox/94.0"
192.168.1.5 - - [18/Mar/2023:09:33:53 +0000] "POST /api/customers HTTP/1.1" 500 684 "-" "Mozilla/5.0 (Windows NT 10.0; Win64; x64) AppleWebKit/537.36 (KHTML, like Gecko) Chrome/93.0.4577.63 Safari/537.36"
192.168.1.2 - - [18/Mar/2023:09:33:53 +0000] "GET /api/invoices HTTP/1.1" 204 905 "-" "Mozilla/5.0 (Windows NT 10.0; Win64; x64) AppleWebKit/537.36 (KHTML, like Gecko) Chrome/94.0.4606.81 Safari/537.36"
192.168.1.4 - - [18/Mar/2023:09:33:53 +0000] "DELETE /api/customers HTTP/1.1" 404 76 "-" "Mozilla/5.0 (Windows NT 10.0; Win64; x64; rv:94.0) Gecko/20100101 Firefox/94.0"
192.168.1.5 - - [18/Mar/2023:09:33:53 +0000] "GET /api/orders HTTP/1.1" 204 850 "-" "Mozilla/5.0 (Macintosh; Intel Mac OS X 10_15_7) AppleWebKit/537.36 (KHTML, like Gecko) Chrome/93.0.4577.63 Safari/537.36"
192.168.1.3 - - [18/Mar/2023:09:33:53 +0000] "DELETE /api/customers HTTP/1.1" 201 453 "-" "Mozilla/5.0 (Windows NT 10.0; Win64; x64; rv:93.0) Gecko/20100101 Firefox/93.0"
192.168.1.2 - - [18/Mar/2023:09:33:53 +0000] "POST /api/users HTTP/1.1" 500 314 "-" "Mozilla/5.0 (Windows NT 10.0; Win64; x64) AppleWebKit/537.36 (KHTML, like Gecko) Chrome/94.0.4606.81 Safari/537.36"
192.168.1.5 - - [18/Mar/2023:09:33:53 +0000] "PATCH /api/invoices" 403 138 "-" "Mozilla/5.0 (Windows NT 10.0; Win64; x64) AppleWebKit/537.36 (KHTML, like Gecko) Chrome/94.0.4606.81 Safari/537.36"
192.168.1.1 - - [18/Mar/2023:09:33:53 +0000] "DELETE /api/products HTTP/1.1" 401 131 "-" "Mozilla/5.0 (Windows NT 10.0; Win64; x64; rv:94.0) Gecko/20100101 Firefox/94.0"
192.168.1.3 - - [18/Mar/2023:09:33:53 +0000] "PATCH /api/users" 400 710 "-" "Mozilla/5.0 (Macintosh; Intel Mac OS X 10_15_7) AppleWebKit/537.36 (KHTML, like Gecko) Chrome/93.0.4577.63 Safari/537.36"
192.168.1.3 - - [18/Mar/2023:09:33:53 +0000] "GET /api/orders HTTP/1.1" 201 926 "-" "Mozilla/5.0 (Windows NT 10.0; Win64; x64) AppleWebKit/537.36 (KHTML, like Gecko) Chrome/93.0.4577.63 Safari/537.36"
192.168.1.5 - - [18/Mar/2023:09:33:53 +0000] "GET /api/users HTTP/1.1" 201 660 "-" "Mozilla/5.0 (Windows NT 10.0; Win64; x64; rv:94.0) Gecko/20100101 Firefox/94.0"
192.168.1.4 - - [18/Mar/2023:09:33:53 +0000] "PATCH /api/invoices" 201 56 "-" "Mozilla/5.0 (Windows NT 10.0; Win64; x64) AppleWebKit/537.36 (KHTML, like Gecko) Chrome/94.0.4606.81 Safari/537.36"
192.168.1.4 - - [18/Mar/2023:09:33:53 +0000] "POST /api/users HTTP/1.1" 401 949 "-" "Mozilla/5.0 (Windows NT 10.0; Win64; x64) AppleWebKit/537.36 (KHTML, like Gecko) Chrome/94.0.4606.81 Safari/537.36"
192.168.1.2 - - [18/Mar/2023:09:33:53 +0000] "POST /api/customers HTTP/1.1" 200 52 "-" "Mozilla/5.0 (Windows NT 10.0; Win64; x64; rv:93.0) Gecko/20100101 Firefox/93.0"
192.168.1.4 - - [18/Mar/2023:09:33:53 +0000] "PATCH /api/orders" 500 123 "-" "Mozilla/5.0 (Windows NT 10.0; Win64; x64) AppleWebKit/537.36 (KHTML, like Gecko) Chrome/93.0.4577.63 Safari/537.36"
192.168.1.3 - - [18/Mar/2023:09:33:53 +0000] "DELETE /api/users HTTP/1.1" 201 535 "-" "Mozilla/5.0 (Windows NT 10.0; Win64; x64) AppleWebKit/537.36 (KHTML, like Gecko) Chrome/93.0.4577.63 Safari/537.36"
192.168.1.2 - - [18/Mar/2023:09:33:53 +0000] "DELETE /api/customers HTTP/1.1" 403 79 "-" "Mozilla/5.0 (Windows NT 10.0; Win64; x64; rv:93.0) Gecko/20100101 Firefox/93.0"
192.168.1.1 - - [18/Mar/2023:09:33:53 +0000] "DELETE /api/invoices HTTP/1.1" 403 538 "-" "Mozilla/5.0 (Windows NT 10.0; Win64; x64; rv:94.0) Gecko/20100101 Firefox/94.0"
192.168.1.5 - - [18/Mar/2023:09:33:53 +0000] "POST /api/users HTTP/1.1" 204 793 "-" "Mozilla/5.0 (Macintosh; Intel Mac OS X 10_15_7) AppleWebKit/537.36 (KHTML, like Gecko) Chrome/94.0.4606.81 Safari/537.36"
192.168.1.3 - - [18/Mar/2023:09:33:53 +0000] "PUT /api/products HTTP/1.1" 400 758 "-" "Mozilla/5.0 (Windows NT 10.0; Win64; x64; rv:94.0) Gecko/20100101 Firefox/94.0"
192.168.1.5 - - [18/Mar/2023:09:33:53 +0000] "PATCH /api/orders" 401 739 "-" "Mozilla/5.0 (Windows NT 10.0; Win64; x64; rv:93.0) Gecko/20100101 Firefox/93.0"
192.168.1.4 - - [18/Mar/2023:09:33:53 +0000] "POST /api/users HTTP/1.1" 400 446 "-" "Mozilla/5.0 (Windows NT 10.0; Win64; x64) AppleWebKit/537.36 (KHTML, like Gecko) Chrome/94.0.4606.81 Safari/537.36"
192.168.1.2 - - [18/Mar/2023:09:33:53 +0000] "DELETE /api/customers HTTP/1.1" 403 776 "-" "Mozilla/5.0 (Windows NT 10.0; Win64; x64; rv:94.0) Gecko/20100101 Firefox/94.0"
192.168.1.3 - - [18/Mar/2023:09:33:53 +0000] "PUT /api/invoices HTTP/1.1" 400 928 "-" "Mozilla/5.0 (Macintosh; Intel Mac OS X 10_15_7) AppleWebKit/537.36 (KHTML, like Gecko) Chrome/94.0.4606.81 Safari/537.36"
192.168.1.4 - - [18/Mar/2023:09:33:53 +0000] "DELETE /api/customers HTTP/1.1" 400 927 "-" "Mozilla/5.0 (Macintosh; Intel Mac OS X 10_15_7) AppleWebKit/537.36 (KHTML, like Gecko) Chrome/93.0.4577.63 Safari/537.36"
192.168.1.1 - - [18/Mar/2023:09:33:53 +0000] "POST /api/invoices HTTP/1.1" 500 898 "-" "Mozilla/5.0 (Windows NT 10.0; Win64; x64) AppleWebKit/537.36 (KHTML, like Gecko) Chrome/93.0.4577.63 Safari/537.36"
192.168.1.1 - - [18/Mar/2023:09:33:53 +0000] "GET /api/customers HTTP/1.1" 201 145 "-" "Mozilla/5.0 (Windows NT 10.0; Win64; x64) AppleWebKit/537.36 (KHTML, like Gecko) Chrome/93.0.4577.63 Safari/537.36"
192.168.1.1 - - [18/Mar/2023:09:33:53 +0000] "PATCH /api/orders" 403 955 "-" "Mozilla/5.0 (Macintosh; Intel Mac OS X 10_15_7) AppleWebKit/537.36 (KHTML, like Gecko) Chrome/93.0.4577.63 Safari/537.36"
192.168.1.5 - - [18/Mar/2023:09:33:53 +0000] "PUT /api/products HTTP/1.1" 200 344 "-" "Mozilla/5.0 (Windows NT 10.0; Win64; x64; rv:93.0) Gecko/20100101 Firefox/93.0"
192.168.1.4 - - [18/Mar/2023:09:33:53 +0000] "PATCH /api/orders" 400 541 "-" "Mozilla/5.0 (Windows NT 10.0; Win64; x64) AppleWebKit/537.36 (KHTML, like Gecko) Chrome/93.0.4577.63 Safari/537.36"
192.168.1.5 - - [18/Mar/2023:09:33:53 +0000] "DELETE /api/orders HTTP/1.1" 404 312 "-" "Mozilla/5.0 (Macintosh; Intel Mac OS X 10_15_7) AppleWebKit/537.36 (KHTML, like Gecko) Chrome/94.0.4606.81 Safari/537.36"
192.168.1.2 - - [18/Mar/2023:09:33:53 +0000] "PUT /api/users HTTP/1.1" 201 348 "-" "Mozilla/5.0 (Windows NT 10.0; Win64; x64) AppleWebKit/537.36 (KHTML, like Gecko) Chrome/93.0.4577.63 Safari/537.36"
192.168.1.5 - - [18/Mar/2023:09:33:53 +0000] "PUT /api/products HTTP/1.1" 401 170 "-" "Mozilla/5.0 (Macintosh; Intel Mac OS X 10_15_7) AppleWebKit/537.36 (KHTML, like Gecko) Chrome/94.0.4606.81 Safari/537.36"
192.168.1.3 - - [18/Mar/2023:09:33:53 +0000] "DELETE /api/customers HTTP/1.1" 404 547 "-" "Mozilla/5.0 (Windows NT 10.0; Win64; x64; rv:93.0) Gecko/20100101 Firefox/93.0"
192.168.1.4 - - [18/Mar/2023:09:33:53 +0000] "GET /api/invoices HTTP/1.1" 500 52 "-" "Mozilla/5.0 (Macintosh; Intel Mac OS X 10_15_7) AppleWebKit/537.36 (KHTML, like Gecko) Chrome/93.0.4577.63 Safari/537.36"
192.168.1.3 - - [18/Mar/2023:09:33:53 +0000] "DELETE /api/users HTTP/1.1" 500 467 "-" "Mozilla/5.0 (Windows NT 10.0; Win64; x64; rv:93.0) Gecko/20100101 Firefox/93.0"
192.168.1.3 - - [18/Mar/2023:09:33:53 +0000] "GET /api/orders HTTP/1.1" 404 991 "-" "Mozilla/5.0 (Windows NT 10.0; Win64; x64; rv:94.0) Gecko/20100101 Firefox/94.0"
192.168.1.5 - - [18/Mar/2023:09:33:53 +0000] "PUT /api/customers HTTP/1.1" 401 717 "-" "Mozilla/5.0 (Windows NT 10.0; Win64; x64; rv:93.0) Gecko/20100101 Firefox/93.0"
192.168.1.1 - - [18/Mar/2023:09:33:53 +0000] "DELETE /api/products HTTP/1.1" 201 629 "-" "Mozilla/5.0 (Windows NT 10.0; Win64; x64) AppleWebKit/537.36 (KHTML, like Gecko) Chrome/94.0.4606.81 Safari/537.36"
192.168.1.2 - - [18/Mar/2023:09:33:53 +0000] "PUT /api/orders HTTP/1.1" 400 569 "-" "Mozilla/5.0 (Windows NT 10.0; Win64; x64; rv:94.0) Gecko/20100101 Firefox/94.0"
192.168.1.2 - - [18/Mar/2023:09:33:53 +0000] "POST /api/customers HTTP/1.1" 204 898 "-" "Mozilla/5.0 (Windows NT 10.0; Win64; x64; rv:94.0) Gecko/20100101 Firefox/94.0"
192.168.1.4 - - [18/Mar/2023:09:33:53 +0000] "GET /api/orders HTTP/1.1" 200 934 "-" "Mozilla/5.0 (Windows NT 10.0; Win64; x64) AppleWebKit/537.36 (KHTML, like Gecko) Chrome/94.0.4606.81 Safari/537.36"
192.168.1.1 - - [18/Mar/2023:09:33:53 +0000] "POST /api/invoices HTTP/1.1" 201 751 "-" "Mozilla/5.0 (Windows NT 10.0; Win64; x64; rv:93.0) Gecko/20100101 Firefox/93.0"
192.168.1.1 - - [18/Mar/2023:09:33:53 +0000] "DELETE /api/invoices HTTP/1.1" 201 613 "-" "Mozilla/5.0 (Windows NT 10.0; Win64; x64; rv:93.0) Gecko/20100101 Firefox/93.0"
192.168.1.4 - - [18/Mar/2023:09:33:53 +0000] "POST /api/invoices HTTP/1.1" 401 210 "-" "Mozilla/5.0 (Windows NT 10.0; Win64; x64) AppleWebKit/537.36 (KHTML, like Gecko) Chrome/93.0.4577.63 Safari/537.36"
192.168.1.4 - - [18/Mar/2023:09:33:53 +0000] "DELETE /api/products HTTP/1.1" 403 585 "-" "Mozilla/5.0 (Macintosh; Intel Mac OS X 10_15_7) AppleWebKit/537.36 (KHTML, like Gecko) Chrome/93.0.4577.63 Safari/537.36"
192.168.1.3 - - [18/Mar/2023:09:33:53 +0000] "GET /api/customers HTTP/1.1" 201 304 "-" "Mozilla/5.0 (Windows NT 10.0; Win64; x64; rv:94.0) Gecko/20100101 Firefox/94.0"
192.168.1.3 - - [18/Mar/2023:09:33:53 +0000] "PATCH /api/customers" 401 837 "-" "Mozilla/5.0 (Windows NT 10.0; Win64; x64) AppleWebKit/537.36 (KHTML, like Gecko) Chrome/93.0.4577.63 Safari/537.36"
192.168.1.1 - - [18/Mar/2023:09:33:53 +0000] "DELETE /api/invoices HTTP/1.1" 404 89 "-" "Mozilla/5.0 (Windows NT 10.0; Win64; x64) AppleWebKit/537.36 (KHTML, like Gecko) Chrome/93.0.4577.63 Safari/537.36"
192.168.1.3 - - [18/Mar/2023:09:33:53 +0000] "DELETE /api/users HTTP/1.1" 403 258 "-" "Mozilla/5.0 (Windows NT 10.0; Win64; x64) AppleWebKit/537.36 (KHTML, like Gecko) Chrome/93.0.4577.63 Safari/537.36"
192.168.1.1 - - [18/Mar/2023:09:33:53 +0000] "GET /api/users HTTP/1.1" 401 210 "-" "Mozilla/5.0 (Macintosh; Intel Mac OS X 10_15_7) AppleWebKit/537.36 (KHTML, like Gecko) Chrome/93.0.4577.63 Safari/537.36"
192.168.1.3 - - [18/Mar/2023:09:33:53 +0000] "PUT /api/invoices HTTP/1.1" 200 255 "-" "Mozilla/5.0 (Macintosh; Intel Mac OS X 10_15_7) AppleWebKit/537.36 (KHTML, like Gecko) Chrome/94.0.4606.81 Safari/537.36"
192.168.1.2 - - [18/Mar/2023:09:33:53 +0000] "POST /api/orders HTTP/1.1" 204 456 "-" "Mozilla/5.0 (Windows NT 10.0; Win64; x64) AppleWebKit/537.36 (KHTML, like Gecko) Chrome/94.0.4606.81 Safari/537.36"
192.168.1.1 - - [18/Mar/2023:09:33:53 +0000] "PUT /api/users HTTP/1.1" 204 604 "-" "Mozilla/5.0 (Windows NT 10.0; Win64; x64) AppleWebKit/537.36 (KHTML, like Gecko) Chrome/94.0.4606.81 Safari/537.36"
192.168.1.1 - - [18/Mar/2023:09:33:53 +0000] "PATCH /api/orders" 200 201 "-" "Mozilla/5.0 (Macintosh; Intel Mac OS X 10_15_7) AppleWebKit/537.36 (KHTML, like Gecko) Chrome/94.0.4606.81 Safari/537.36"
192.168.1.4 - - [18/Mar/2023:09:33:53 +0000] "PUT /api/users HTTP/1.1" 500 598 "-" "Mozilla/5.0 (Windows NT 10.0; Win64; x64; rv:94.0) Gecko/20100101 Firefox/94.0"
192.168.1.4 - - [18/Mar/2023:09:33:53 +0000] "PUT /api/invoices HTTP/1.1" 500 885 "-" "Mozilla/5.0 (Macintosh; Intel Mac OS X 10_15_7) AppleWebKit/537.36 (KHTML, like Gecko) Chrome/94.0.4606.81 Safari/537.36"
192.168.1.4 - - [18/Mar/2023:09:33:53 +0000] "PATCH /api/users" 200 505 "-" "Mozilla/5.0 (Macintosh; Intel Mac OS X 10_15_7) AppleWebKit/537.36 (KHTML, like Gecko) Chrome/94.0.4606.81 Safari/537.36"
192.168.1.1 - - [18/Mar/2023:09:33:53 +0000] "POST /api/users HTTP/1.1" 400 553 "-" "Mozilla/5.0 (Windows NT 10.0; Win64; x64) AppleWebKit/537.36 (KHTML, like Gecko) Chrome/93.0.4577.63 Safari/537.36"
192.168.1.3 - - [18/Mar/2023:09:33:53 +0000] "POST /api/invoices HTTP/1.1" 403 888 "-" "Mozilla/5.0 (Windows NT 10.0; Win64; x64) AppleWebKit/537.36 (KHTML, like Gecko) Chrome/93.0.4577.63 Safari/537.36"
192.168.1.1 - - [18/Mar/2023:09:33:53 +0000] "PATCH /api/customers" 201 312 "-" "Mozilla/5.0 (Macintosh; Intel Mac OS X 10_15_7) AppleWebKit/537.36 (KHTML, like Gecko) Chrome/94.0.4606.81 Safari/537.36"
192.168.1.5 - - [18/Mar/2023:09:33:53 +0000] "PATCH /api/users" 404 915 "-" "Mozilla/5.0 (Macintosh; Intel Mac OS X 10_15_7) AppleWebKit/537.36 (KHTML, like Gecko) Chrome/94.0.4606.81 Safari/537.36"
192.168.1.5 - - [18/Mar/2023:09:33:53 +0000] "GET /api/products HTTP/1.1" 403 724 "-" "Mozilla/5.0 (Windows NT 10.0; Win64; x64) AppleWebKit/537.36 (KHTML, like Gecko) Chrome/93.0.4577.63 Safari/537.36"
192.168.1.5 - - [18/Mar/2023:09:33:53 +0000] "DELETE /api/customers HTTP/1.1" 200 339 "-" "Mozilla/5.0 (Macintosh; Intel Mac OS X 10_15_7) AppleWebKit/537.36 (KHTML, like Gecko) Chrome/94.0.4606.81 Safari/537.36"
192.168.1.2 - - [18/Mar/2023:09:33:53 +0000] "PUT /api/invoices HTTP/1.1" 204 336 "-" "Mozilla/5.0 (Macintosh; Intel Mac OS X 10_15_7) AppleWebKit/537.36 (KHTML, like Gecko) Chrome/93.0.4577.63 Safari/537.36"
192.168.1.2 - - [18/Mar/2023:09:33:53 +0000] "GET /api/orders HTTP/1.1" 401 540 "-" "Mozilla/5.0 (Windows NT 10.0; Win64; x64; rv:93.0) Gecko/20100101 Firefox/93.0"
192.168.1.2 - - [18/Mar/2023:09:33:53 +0000] "PUT /api/products HTTP/1.1" 403 706 "-" "Mozilla/5.0 (Macintosh; Intel Mac OS X 10_15_7) AppleWebKit/537.36 (KHTML, like Gecko) Chrome/94.0.4606.81 Safari/537.36"
192.168.1.2 - - [18/Mar/2023:09:33:53 +0000] "PUT /api/invoices HTTP/1.1" 404 391 "-" "Mozilla/5.0 (Windows NT 10.0; Win64; x64; rv:93.0) Gecko/20100101 Firefox/93.0"
192.168.1.2 - - [18/Mar/2023:09:33:53 +0000] "GET /api/customers HTTP/1.1" 404 823 "-" "Mozilla/5.0 (Macintosh; Intel Mac OS X 10_15_7) AppleWebKit/537.36 (KHTML, like Gecko) Chrome/94.0.4606.81 Safari/537.36"
192.168.1.4 - - [18/Mar/2023:09:33:53 +0000] "POST /api/products HTTP/1.1" 401 132 "-" "Mozilla/5.0 (Windows NT 10.0; Win64; x64) AppleWebKit/537.36 (KHTML, like Gecko) Chrome/94.0.4606.81 Safari/537.36"
192.168.1.2 - - [18/Mar/2023:09:33:53 +0000] "PUT /api/invoices HTTP/1.1" 404 712 "-" "Mozilla/5.0 (Windows NT 10.0; Win64; x64) AppleWebKit/537.36 (KHTML, like Gecko) Chrome/94.0.4606.81 Safari/537.36"
192.168.1.4 - - [18/Mar/2023:09:33:53 +0000] "PATCH /api/customers" 403 729 "-" "Mozilla/5.0 (Windows NT 10.0; Win64; x64) AppleWebKit/537.36 (KHTML, like Gecko) Chrome/94.0.4606.81 Safari/537.36"
192.168.1.2 - - [18/Mar/2023:09:33:53 +0000] "POST /api/users HTTP/1.1" 201 871 "-" "Mozilla/5.0 (Macintosh; Intel Mac OS X 10_15_7) AppleWebKit/537.36 (KHTML, like Gecko) Chrome/94.0.4606.81 Safari/537.36"
192.168.1.5 - - [18/Mar/2023:09:33:53 +0000] "GET /api/invoices HTTP/1.1" 404 479 "-" "Mozilla/5.0 (Macintosh; Intel Mac OS X 10_15_7) AppleWebKit/537.36 (KHTML, like Gecko) Chrome/94.0.4606.81 Safari/537.36"
192.168.1.1 - - [18/Mar/2023:09:33:53 +0000] "DELETE /api/customers HTTP/1.1" 404 872 "-" "Mozilla/5.0 (Windows NT 10.0; Win64; x64) AppleWebKit/537.36 (KHTML, like Gecko) Chrome/93.0.4577.63 Safari/537.36"
192.168.1.1 - - [18/Mar/2023:09:33:53 +0000] "POST /api/invoices HTTP/1.1" 404 644 "-" "Mozilla/5.0 (Macintosh; Intel Mac OS X 10_15_7) AppleWebKit/537.36 (KHTML, like Gecko) Chrome/93.0.4577.63 Safari/537.36"
192.168.1.2 - - [18/Mar/2023:09:33:53 +0000] "DELETE /api/products HTTP/1.1" 404 293 "-" "Mozilla/5.0 (Windows NT 10.0; Win64; x64) AppleWebKit/537.36 (KHTML, like Gecko) Chrome/94.0.4606.81 Safari/537.36"
192.168.1.3 - - [18/Mar/2023:09:33:53 +0000] "PUT /api/customers HTTP/1.1" 401 107 "-" "Mozilla/5.0 (Windows NT 10.0; Win64; x64) AppleWebKit/537.36 (KHTML, like Gecko) Chrome/93.0.4577.63 Safari/537.36"
192.168.1.4 - - [18/Mar/2023:09:33:53 +0000] "DELETE /api/orders HTTP/1.1" 403 412 "-" "Mozilla/5.0 (Macintosh; Intel Mac OS X 10_15_7) AppleWebKit/537.36 (KHTML, like Gecko) Chrome/94.0.4606.81 Safari/537.36"
192.168.1.2 - - [18/Mar/2023:09:33:53 +0000] "PATCH /api/users" 200 781 "-" "Mozilla/5.0 (Macintosh; Intel Mac OS X 10_15_7) AppleWebKit/537.36 (KHTML, like Gecko) Chrome/93.0.4577.63 Safari/537.36"
192.168.1.3 - - [18/Mar/2023:09:33:53 +0000] "POST /api/customers HTTP/1.1" 403 519 "-" "Mozilla/5.0 (Windows NT 10.0; Win64; x64) AppleWebKit/537.36 (KHTML, like Gecko) Chrome/93.0.4577.63 Safari/537.36"
192.168.1.4 - - [18/Mar/2023:09:33:53 +0000] "PUT /api/users HTTP/1.1" 401 62 "-" "Mozilla/5.0 (Macintosh; Intel Mac OS X 10_15_7) AppleWebKit/537.36 (KHTML, like Gecko) Chrome/93.0.4577.63 Safari/537.36"
192.168.1.1 - - [18/Mar/2023:09:33:53 +0000] "PATCH /api/users" 500 198 "-" "Mozilla/5.0 (Macintosh; Intel Mac OS X 10_15_7) AppleWebKit/537.36 (KHTML, like Gecko) Chrome/94.0.4606.81 Safari/537.36"
192.168.1.4 - - [18/Mar/2023:09:33:53 +0000] "PATCH /api/orders" 400 164 "-" "Mozilla/5.0 (Windows NT 10.0; Win64; x64) AppleWebKit/537.36 (KHTML, like Gecko) Chrome/93.0.4577.63 Safari/537.36"
192.168.1.1 - - [18/Mar/2023:09:33:53 +0000] "GET /api/customers HTTP/1.1" 401 863 "-" "Mozilla/5.0 (Macintosh; Intel Mac OS X 10_15_7) AppleWebKit/537.36 (KHTML, like Gecko) Chrome/94.0.4606.81 Safari/537.36"
192.168.1.2 - - [18/Mar/2023:09:33:53 +0000] "DELETE /api/products HTTP/1.1" 200 769 "-" "Mozilla/5.0 (Macintosh; Intel Mac OS X 10_15_7) AppleWebKit/537.36 (KHTML, like Gecko) Chrome/93.0.4577.63 Safari/537.36"
192.168.1.1 - - [18/Mar/2023:09:33:53 +0000] "DELETE /api/users HTTP/1.1" 201 153 "-" "Mozilla/5.0 (Windows NT 10.0; Win64; x64; rv:93.0) Gecko/20100101 Firefox/93.0"
192.168.1.3 - - [18/Mar/2023:09:33:53 +0000] "DELETE /api/customers HTTP/1.1" 404 816 "-" "Mozilla/5.0 (Windows NT 10.0; Win64; x64) AppleWebKit/537.36 (KHTML, like Gecko) Chrome/93.0.4577.63 Safari/537.36"
192.168.1.3 - - [18/Mar/2023:09:33:53 +0000] "DELETE /api/products HTTP/1.1" 400 188 "-" "Mozilla/5.0 (Macintosh; Intel Mac OS X 10_15_7) AppleWebKit/537.36 (KHTML, like Gecko) Chrome/94.0.4606.81 Safari/537.36"
192.168.1.1 - - [18/Mar/2023:09:33:53 +0000] "PUT /api/orders HTTP/1.1" 200 667 "-" "Mozilla/5.0 (Macintosh; Intel Mac OS X 10_15_7) AppleWebKit/537.36 (KHTML, like Gecko) Chrome/93.0.4577.63 Safari/537.36"
192.168.1.1 - - [18/Mar/2023:09:33:53 +0000] "PATCH /api/orders" 204 986 "-" "Mozilla/5.0 (Windows NT 10.0; Win64; x64; rv:93.0) Gecko/20100101 Firefox/93.0"
192.168.1.1 - - [18/Mar/2023:09:33:53 +0000] "GET /api/products HTTP/1.1" 500 597 "-" "Mozilla/5.0 (Windows NT 10.0; Win64; x64) AppleWebKit/537.36 (KHTML, like Gecko) Chrome/93.0.4577.63 Safari/537.36"
192.168.1.4 - - [18/Mar/2023:09:33:53 +0000] "DELETE /api/products HTTP/1.1" 403 765 "-" "Mozilla/5.0 (Windows NT 10.0; Win64; x64) AppleWebKit/537.36 (KHTML, like Gecko) Chrome/94.0.4606.81 Safari/537.36"
192.168.1.3 - - [18/Mar/2023:09:33:53 +0000] "PATCH /api/invoices" 204 92 "-" "Mozilla/5.0 (Windows NT 10.0; Win64; x64) AppleWebKit/537.36 (KHTML, like Gecko) Chrome/93.0.4577.63 Safari/537.36"
192.168.1.5 - - [18/Mar/2023:09:33:53 +0000] "POST /api/users HTTP/1.1" 500 740 "-" "Mozilla/5.0 (Windows NT 10.0; Win64; x64; rv:94.0) Gecko/20100101 Firefox/94.0"
192.168.1.5 - - [18/Mar/2023:09:33:53 +0000] "GET /api/orders HTTP/1.1" 201 587 "-" "Mozilla/5.0 (Macintosh; Intel Mac OS X 10_15_7) AppleWebKit/537.36 (KHTML, like Gecko) Chrome/94.0.4606.81 Safari/537.36"
192.168.1.4 - - [18/Mar/2023:09:33:53 +0000] "DELETE /api/users HTTP/1.1" 401 198 "-" "Mozilla/5.0 (Windows NT 10.0; Win64; x64) AppleWebKit/537.36 (KHTML, like Gecko) Chrome/94.0.4606.81 Safari/537.36"
192.168.1.4 - - [18/Mar/2023:09:33:53 +0000] "GET /api/orders HTTP/1.1" 201 665 "-" "Mozilla/5.0 (Macintosh; Intel Mac OS X 10_15_7) AppleWebKit/537.36 (KHTML, like Gecko) Chrome/93.0.4577.63 Safari/537.36"
192.168.1.4 - - [18/Mar/2023:09:33:53 +0000] "PUT /api/invoices HTTP/1.1" 400 378 "-" "Mozilla/5.0 (Windows NT 10.0; Win64; x64; rv:94.0) Gecko/20100101 Firefox/94.0"
192.168.1.4 - - [18/Mar/2023:09:33:53 +0000] "GET /api/users HTTP/1.1" 403 757 "-" "Mozilla/5.0 (Macintosh; Intel Mac OS X 10_15_7) AppleWebKit/537.36 (KHTML, like Gecko) Chrome/94.0.4606.81 Safari/537.36"
192.168.1.3 - - [18/Mar/2023:09:33:53 +0000] "PATCH /api/products" 204 700 "-" "Mozilla/5.0 (Windows NT 10.0; Win64; x64) AppleWebKit/537.36 (KHTML, like Gecko) Chrome/93.0.4577.63 Safari/537.36"
192.168.1.5 - - [18/Mar/2023:09:33:53 +0000] "PATCH /api/products" 200 702 "-" "Mozilla/5.0 (Windows NT 10.0; Win64; x64) AppleWebKit/537.36 (KHTML, like Gecko) Chrome/94.0.4606.81 Safari/537.36"
192.168.1.1 - - [18/Mar/2023:09:33:53 +0000] "POST /api/customers HTTP/1.1" 201 763 "-" "Mozilla/5.0 (Macintosh; Intel Mac OS X 10_15_7) AppleWebKit/537.36 (KHTML, like Gecko) Chrome/94.0.4606.81 Safari/537.36"
192.168.1.4 - - [18/Mar/2023:09:33:53 +0000] "POST /api/invoices HTTP/1.1" 500 789 "-" "Mozilla/5.0 (Macintosh; Intel Mac OS X 10_15_7) AppleWebKit/537.36 (KHTML, like Gecko) Chrome/94.0.4606.81 Safari/537.36"
192.168.1.5 - - [18/Mar/2023:09:33:53 +0000] "PATCH /api/orders" 204 157 "-" "Mozilla/5.0 (Macintosh; Intel Mac OS X 10_15_7) AppleWebKit/537.36 (KHTML, like Gecko) Chrome/93.0.4577.63 Safari/537.36"
192.168.1.1 - - [18/Mar/2023:09:33:53 +0000] "PUT /api/invoices HTTP/1.1" 403 906 "-" "Mozilla/5.0 (Windows NT 10.0; Win64; x64; rv:93.0) Gecko/20100101 Firefox/93.0"
192.168.1.1 - - [18/Mar/2023:09:33:53 +0000] "POST /api/invoices HTTP/1.1" 200 918 "-" "Mozilla/5.0 (Windows NT 10.0; Win64; x64) AppleWebKit/537.36 (KHTML, like Gecko) Chrome/93.0.4577.63 Safari/537.36"
192.168.1.5 - - [18/Mar/2023:09:33:53 +0000] "POST /api/orders HTTP/1.1" 500 680 "-" "Mozilla/5.0 (Windows NT 10.0; Win64; x64) AppleWebKit/537.36 (KHTML, like Gecko) Chrome/94.0.4606.81 Safari/537.36"
192.168.1.2 - - [18/Mar/2023:09:33:53 +0000] "DELETE /api/products HTTP/1.1" 500 440 "-" "Mozilla/5.0 (Macintosh; Intel Mac OS X 10_15_7) AppleWebKit/537.36 (KHTML, like Gecko) Chrome/94.0.4606.81 Safari/537.36"
192.168.1.1 - - [18/Mar/2023:09:33:53 +0000] "PUT /api/products HTTP/1.1" 404 844 "-" "Mozilla/5.0 (Windows NT 10.0; Win64; x64) AppleWebKit/537.36 (KHTML, like Gecko) Chrome/94.0.4606.81 Safari/537.36"
192.168.1.4 - - [18/Mar/2023:09:33:53 +0000] "PATCH /api/invoices" 204 163 "-" "Mozilla/5.0 (Windows NT 10.0; Win64; x64) AppleWebKit/537.36 (KHTML, like Gecko) Chrome/93.0.4577.63 Safari/537.36"
192.168.1.1 - - [18/Mar/2023:09:33:53 +0000] "PATCH /api/invoices" 403 225 "-" "Mozilla/5.0 (Macintosh; Intel Mac OS X 10_15_7) AppleWebKit/537.36 (KHTML, like Gecko) Chrome/94.0.4606.81 Safari/537.36"
192.168.1.4 - - [18/Mar/2023:09:33:53 +0000] "POST /api/customers HTTP/1.1" 201 288 "-" "Mozilla/5.0 (Windows NT 10.0; Win64; x64) AppleWebKit/537.36 (KHTML, like Gecko) Chrome/93.0.4577.63 Safari/537.36"
192.168.1.2 - - [18/Mar/2023:09:33:53 +0000] "DELETE /api/customers HTTP/1.1" 400 595 "-" "Mozilla/5.0 (Macintosh; Intel Mac OS X 10_15_7) AppleWebKit/537.36 (KHTML, like Gecko) Chrome/94.0.4606.81 Safari/537.36"
192.168.1.5 - - [18/Mar/2023:09:33:53 +0000] "POST /api/orders HTTP/1.1" 201 569 "-" "Mozilla/5.0 (Windows NT 10.0; Win64; x64; rv:94.0) Gecko/20100101 Firefox/94.0"
192.168.1.1 - - [18/Mar/2023:09:33:53 +0000] "PUT /api/invoices HTTP/1.1" 403 828 "-" "Mozilla/5.0 (Macintosh; Intel Mac OS X 10_15_7) AppleWebKit/537.36 (KHTML, like Gecko) Chrome/93.0.4577.63 Safari/537.36"
192.168.1.1 - - [18/Mar/2023:09:33:53 +0000] "DELETE /api/orders HTTP/1.1" 204 74 "-" "Mozilla/5.0 (Windows NT 10.0; Win64; x64; rv:94.0) Gecko/20100101 Firefox/94.0"
192.168.1.3 - - [18/Mar/2023:09:33:53 +0000] "PATCH /api/orders" 400 789 "-" "Mozilla/5.0 (Windows NT 10.0; Win64; x64; rv:93.0) Gecko/20100101 Firefox/93.0"
192.168.1.4 - - [18/Mar/2023:09:33:53 +0000] "DELETE /api/products HTTP/1.1" 400 329 "-" "Mozilla/5.0 (Windows NT 10.0; Win64; x64) AppleWebKit/537.36 (KHTML, like Gecko) Chrome/94.0.4606.81 Safari/537.36"
192.168.1.4 - - [18/Mar/2023:09:33:53 +0000] "PUT /api/products HTTP/1.1" 400 46 "-" "Mozilla/5.0 (Macintosh; Intel Mac OS X 10_15_7) AppleWebKit/537.36 (KHTML, like Gecko) Chrome/93.0.4577.63 Safari/537.36"
192.168.1.5 - - [18/Mar/2023:09:33:53 +0000] "POST /api/orders HTTP/1.1" 403 102 "-" "Mozilla/5.0 (Windows NT 10.0; Win64; x64) AppleWebKit/537.36 (KHTML, like Gecko) Chrome/94.0.4606.81 Safari/537.36"
192.168.1.3 - - [18/Mar/2023:09:33:53 +0000] "GET /api/orders HTTP/1.1" 404 680 "-" "Mozilla/5.0 (Windows NT 10.0; Win64; x64; rv:94.0) Gecko/20100101 Firefox/94.0"
192.168.1.1 - - [18/Mar/2023:09:33:53 +0000] "POST /api/orders HTTP/1.1" 200 152 "-" "Mozilla/5.0 (Windows NT 10.0; Win64; x64; rv:94.0) Gecko/20100101 Firefox/94.0"
192.168.1.1 - - [18/Mar/2023:09:33:53 +0000] "POST /api/customers HTTP/1.1" 201 130 "-" "Mozilla/5.0 (Macintosh; Intel Mac OS X 10_15_7) AppleWebKit/537.36 (KHTML, like Gecko) Chrome/94.0.4606.81 Safari/537.36"
192.168.1.4 - - [18/Mar/2023:09:33:53 +0000] "PUT /api/customers HTTP/1.1" 201 538 "-" "Mozilla/5.0 (Windows NT 10.0; Win64; x64; rv:94.0) Gecko/20100101 Firefox/94.0"
192.168.1.4 - - [18/Mar/2023:09:33:53 +0000] "GET /api/products HTTP/1.1" 403 375 "-" "Mozilla/5.0 (Macintosh; Intel Mac OS X 10_15_7) AppleWebKit/537.36 (KHTML, like Gecko) Chrome/94.0.4606.81 Safari/537.36"
192.168.1.1 - - [18/Mar/2023:09:33:53 +0000] "PATCH /api/customers" 201 875 "-" "Mozilla/5.0 (Windows NT 10.0; Win64; x64) AppleWebKit/537.36 (KHTML, like Gecko) Chrome/94.0.4606.81 Safari/537.36"
192.168.1.5 - - [18/Mar/2023:09:33:53 +0000] "POST /api/orders HTTP/1.1" 403 868 "-" "Mozilla/5.0 (Windows NT 10.0; Win64; x64; rv:94.0) Gecko/20100101 Firefox/94.0"
192.168.1.5 - - [18/Mar/2023:09:33:53 +0000] "DELETE /api/products HTTP/1.1" 500 581 "-" "Mozilla/5.0 (Macintosh; Intel Mac OS X 10_15_7) AppleWebKit/537.36 (KHTML, like Gecko) Chrome/93.0.4577.63 Safari/537.36"
192.168.1.4 - - [18/Mar/2023:09:33:53 +0000] "DELETE /api/orders HTTP/1.1" 200 483 "-" "Mozilla/5.0 (Macintosh; Intel Mac OS X 10_15_7) AppleWebKit/537.36 (KHTML, like Gecko) Chrome/93.0.4577.63 Safari/537.36"
192.168.1.2 - - [18/Mar/2023:09:33:53 +0000] "POST /api/users HTTP/1.1" 400 727 "-" "Mozilla/5.0 (Windows NT 10.0; Win64; x64; rv:93.0) Gecko/20100101 Firefox/93.0"
192.168.1.1 - - [18/Mar/2023:09:33:53 +0000] "DELETE /api/users HTTP/1.1" 200 928 "-" "Mozilla/5.0 (Macintosh; Intel Mac OS X 10_15_7) AppleWebKit/537.36 (KHTML, like Gecko) Chrome/94.0.4606.81 Safari/537.36"
192.168.1.4 - - [18/Mar/2023:09:33:53 +0000] "GET /api/orders HTTP/1.1" 204 583 "-" "Mozilla/5.0 (Windows NT 10.0; Win64; x64; rv:93.0) Gecko/20100101 Firefox/93.0"
192.168.1.4 - - [18/Mar/2023:09:33:53 +0000] "DELETE /api/orders HTTP/1.1" 204 323 "-" "Mozilla/5.0 (Macintosh; Intel Mac OS X 10_15_7) AppleWebKit/537.36 (KHTML, like Gecko) Chrome/94.0.4606.81 Safari/537.36"
192.168.1.4 - - [18/Mar/2023:09:33:53 +0000] "DELETE /api/products HTTP/1.1" 201 257 "-" "Mozilla/5.0 (Windows NT 10.0; Win64; x64; rv:94.0) Gecko/20100101 Firefox/94.0"
192.168.1.4 - - [18/Mar/2023:09:33:53 +0000] "PATCH /api/orders" 401 713 "-" "Mozilla/5.0 (Windows NT 10.0; Win64; x64; rv:94.0) Gecko/20100101 Firefox/94.0"
192.168.1.2 - - [18/Mar/2023:09:33:53 +0000] "PUT /api/products HTTP/1.1" 201 254 "-" "Mozilla/5.0 (Windows NT 10.0; Win64; x64; rv:93.0) Gecko/20100101 Firefox/93.0"
192.168.1.1 - - [18/Mar/2023:09:33:53 +0000] "DELETE /api/users HTTP/1.1" 204 581 "-" "Mozilla/5.0 (Macintosh; Intel Mac OS X 10_15_7) AppleWebKit/537.36 (KHTML, like Gecko) Chrome/93.0.4577.63 Safari/537.36"
192.168.1.5 - - [18/Mar/2023:09:33:53 +0000] "PUT /api/users HTTP/1.1" 404 846 "-" "Mozilla/5.0 (Windows NT 10.0; Win64; x64; rv:93.0) Gecko/20100101 Firefox/93.0"
192.168.1.1 - - [18/Mar/2023:09:33:53 +0000] "GET /api/customers HTTP/1.1" 403 398 "-" "Mozilla/5.0 (Macintosh; Intel Mac OS X 10_15_7) AppleWebKit/537.36 (KHTML, like Gecko) Chrome/93.0.4577.63 Safari/537.36"
192.168.1.4 - - [18/Mar/2023:09:33:53 +0000] "PUT /api/products HTTP/1.1" 201 16 "-" "Mozilla/5.0 (Windows NT 10.0; Win64; x64) AppleWebKit/537.36 (KHTML, like Gecko) Chrome/94.0.4606.81 Safari/537.36"
192.168.1.3 - - [18/Mar/2023:09:33:53 +0000] "PATCH /api/invoices" 204 90 "-" "Mozilla/5.0 (Windows NT 10.0; Win64; x64; rv:93.0) Gecko/20100101 Firefox/93.0"
192.168.1.5 - - [18/Mar/2023:09:33:53 +0000] "DELETE /api/users HTTP/1.1" 401 390 "-" "Mozilla/5.0 (Macintosh; Intel Mac OS X 10_15_7) AppleWebKit/537.36 (KHTML, like Gecko) Chrome/93.0.4577.63 Safari/537.36"
192.168.1.3 - - [18/Mar/2023:09:33:53 +0000] "PATCH /api/users" 404 199 "-" "Mozilla/5.0 (Windows NT 10.0; Win64; x64; rv:93.0) Gecko/20100101 Firefox/93.0"
192.168.1.1 - - [18/Mar/2023:09:33:53 +0000] "PATCH /api/users" 404 742 "-" "Mozilla/5.0 (Macintosh; Intel Mac OS X 10_15_7) AppleWebKit/537.36 (KHTML, like Gecko) Chrome/93.0.4577.63 Safari/537.36"
192.168.1.1 - - [18/Mar/2023:09:33:53 +0000] "POST /api/users HTTP/1.1" 404 819 "-" "Mozilla/5.0 (Windows NT 10.0; Win64; x64) AppleWebKit/537.36 (KHTML, like Gecko) Chrome/94.0.4606.81 Safari/537.36"
192.168.1.3 - - [18/Mar/2023:09:33:53 +0000] "POST /api/customers HTTP/1.1" 200 662 "-" "Mozilla/5.0 (Windows NT 10.0; Win64; x64; rv:94.0) Gecko/20100101 Firefox/94.0"
192.168.1.2 - - [18/Mar/2023:09:33:53 +0000] "PUT /api/users HTTP/1.1" 204 222 "-" "Mozilla/5.0 (Macintosh; Intel Mac OS X 10_15_7) AppleWebKit/537.36 (KHTML, like Gecko) Chrome/94.0.4606.81 Safari/537.36"
192.168.1.4 - - [18/Mar/2023:09:33:53 +0000] "POST /api/customers HTTP/1.1" 201 522 "-" "Mozilla/5.0 (Windows NT 10.0; Win64; x64) AppleWebKit/537.36 (KHTML, like Gecko) Chrome/94.0.4606.81 Safari/537.36"
192.168.1.1 - - [18/Mar/2023:09:33:53 +0000] "PATCH /api/invoices" 200 874 "-" "Mozilla/5.0 (Windows NT 10.0; Win64; x64) AppleWebKit/537.36 (KHTML, like Gecko) Chrome/94.0.4606.81 Safari/537.36"
