192.168.1.4 - john [18/Mar/2023:11:11:36 +0000] "GET /api/users HTTP/1.1" 201 276 "-" "Mozilla/5.0 (Windows NT 10.0; Win64; x64) AppleWebKit/537.36 (KHTML, like Gecko) Chrome/94.0.4606.81 Safari/537.36"
192.168.1.5 - mike [18/Mar/2023:11:11:36 +0000] "GET /api/invoices HTTP/1.1" 201 438 "-" "Mozilla/5.0 (Windows NT 10.0; Win64; x64; rv:94.0) Gecko/20100101 Firefox/94.0"
192.168.1.3 - mike [18/Mar/2023:11:11:36 +0000] "PUT /api/products HTTP/1.1" 401 151 "-" "Mozilla/5.0 (Windows NT 10.0; Win64; x64) AppleWebKit/537.36 (KHTML, like Gecko) Chrome/94.0.4606.81 Safari/537.36"
192.168.1.5 - emily [18/Mar/2023:11:11:36 +0000] "GET /api/invoices HTTP/1.1" 204 840 "-" "Mozilla/5.0 (Macintosh; Intel Mac OS X 10_15_7) AppleWebKit/537.36 (KHTML, like Gecko) Chrome/94.0.4606.81 Safari/537.36"
192.168.1.5 - emily [18/Mar/2023:11:11:36 +0000] "DELETE /api/products HTTP/1.1" 400 672 "-" "Mozilla/5.0 (Windows NT 10.0; Win64; x64; rv:94.0) Gecko/20100101 Firefox/94.0"
192.168.1.3 - chris [18/Mar/2023:11:11:36 +0000] "GET /api/orders HTTP/1.1" 403 676 "-" "Mozilla/5.0 (Windows NT 10.0; Win64; x64) AppleWebKit/537.36 (KHTML, like Gecko) Chrome/93.0.4577.63 Safari/537.36"
192.168.1.3 - emily [18/Mar/2023:11:11:36 +0000] "POST /api/users HTTP/1.1" 401 177 "-" "Mozilla/5.0 (Macintosh; Intel Mac OS X 10_15_7) AppleWebKit/537.36 (KHTML, like Gecko) Chrome/93.0.4577.63 Safari/537.36"
192.168.1.4 - emily [18/Mar/2023:11:11:36 +0000] "POST /api/customers HTTP/1.1" 200 972 "-" "Mozilla/5.0 (Macintosh; Intel Mac OS X 10_15_7) AppleWebKit/537.36 (KHTML, like Gecko) Chrome/94.0.4606.81 Safari/537.36"
192.168.1.4 - mike [18/Mar/2023:11:11:36 +0000] "DELETE /api/products HTTP/1.1" 204 809 "-" "Mozilla/5.0 (Windows NT 10.0; Win64; x64; rv:94.0) Gecko/20100101 Firefox/94.0"
192.168.1.3 - sarah [18/Mar/2023:11:11:36 +0000] "DELETE /api/invoices HTTP/1.1" 200 131 "-" "Mozilla/5.0 (Windows NT 10.0; Win64; x64) AppleWebKit/537.36 (KHTML, like Gecko) Chrome/94.0.4606.81 Safari/537.36"
192.168.1.4 - mike [18/Mar/2023:11:11:36 +0000] "PATCH /api/customers" 201 623 "-" "Mozilla/5.0 (Windows NT 10.0; Win64; x64) AppleWebKit/537.36 (KHTML, like Gecko) Chrome/94.0.4606.81 Safari/537.36"
192.168.1.4 - mike [18/Mar/2023:11:11:36 +0000] "GET /api/products HTTP/1.1" 200 737 "-" "Mozilla/5.0 (Macintosh; Intel Mac OS X 10_15_7) AppleWebKit/537.36 (KHTML, like Gecko) Chrome/94.0.4606.81 Safari/537.36"
192.168.1.4 - mike [18/Mar/2023:11:11:36 +0000] "PATCH /api/customers" 403 783 "-" "Mozilla/5.0 (Macintosh; Intel Mac OS X 10_15_7) AppleWebKit/537.36 (KHTML, like Gecko) Chrome/93.0.4577.63 Safari/537.36"
192.168.1.2 - sarah [18/Mar/2023:11:11:36 +0000] "GET /api/orders HTTP/1.1" 200 653 "-" "Mozilla/5.0 (Windows NT 10.0; Win64; x64) AppleWebKit/537.36 (KHTML, like Gecko) Chrome/94.0.4606.81 Safari/537.36"
192.168.1.1 - john [18/Mar/2023:11:11:36 +0000] "PATCH /api/products" 400 327 "-" "Mozilla/5.0 (Windows NT 10.0; Win64; x64; rv:94.0) Gecko/20100101 Firefox/94.0"
192.168.1.2 - sarah [18/Mar/2023:11:11:36 +0000] "DELETE /api/orders HTTP/1.1" 404 507 "-" "Mozilla/5.0 (Windows NT 10.0; Win64; x64) AppleWebKit/537.36 (KHTML, like Gecko) Chrome/94.0.4606.81 Safari/537.36"
192.168.1.1 - john [18/Mar/2023:11:11:36 +0000] "PUT /api/invoices HTTP/1.1" 401 476 "-" "Mozilla/5.0 (Windows NT 10.0; Win64; x64) AppleWebKit/537.36 (KHTML, like Gecko) Chrome/94.0.4606.81 Safari/537.36"
192.168.1.5 - sarah [18/Mar/2023:11:11:36 +0000] "PUT /api/customers HTTP/1.1" 201 641 "-" "Mozilla/5.0 (Macintosh; Intel Mac OS X 10_15_7) AppleWebKit/537.36 (KHTML, like Gecko) Chrome/93.0.4577.63 Safari/537.36"
192.168.1.1 - chris [18/Mar/2023:11:11:36 +0000] "GET /api/products HTTP/1.1" 403 783 "-" "Mozilla/5.0 (Macintosh; Intel Mac OS X 10_15_7) AppleWebKit/537.36 (KHTML, like Gecko) Chrome/93.0.4577.63 Safari/537.36"
192.168.1.3 - john [18/Mar/2023:11:11:36 +0000] "PUT /api/invoices HTTP/1.1" 401 165 "-" "Mozilla/5.0 (Windows NT 10.0; Win64; x64) AppleWebKit/537.36 (KHTML, like Gecko) Chrome/93.0.4577.63 Safari/537.36"
192.168.1.2 - emily [18/Mar/2023:11:11:36 +0000] "POST /api/users HTTP/1.1" 404 88 "-" "Mozilla/5.0 (Windows NT 10.0; Win64; x64) AppleWebKit/537.36 (KHTML, like Gecko) Chrome/93.0.4577.63 Safari/537.36"
192.168.1.2 - mike [18/Mar/2023:11:11:36 +0000] "DELETE /api/users HTTP/1.1" 400 690 "-" "Mozilla/5.0 (Windows NT 10.0; Win64; x64) AppleWebKit/537.36 (KHTML, like Gecko) Chrome/93.0.4577.63 Safari/537.36"
192.168.1.5 - john [18/Mar/2023:11:11:36 +0000] "DELETE /api/orders HTTP/1.1" 204 173 "-" "Mozilla/5.0 (Windows NT 10.0; Win64; x64) AppleWebKit/537.36 (KHTML, like Gecko) Chrome/94.0.4606.81 Safari/537.36"
192.168.1.3 - mike [18/Mar/2023:11:11:36 +0000] "PATCH /api/products" 403 806 "-" "Mozilla/5.0 (Windows NT 10.0; Win64; x64) AppleWebKit/537.36 (KHTML, like Gecko) Chrome/93.0.4577.63 Safari/537.36"
192.168.1.5 - chris [18/Mar/2023:11:11:36 +0000] "GET /api/customers HTTP/1.1" 500 158 "-" "Mozilla/5.0 (Windows NT 10.0; Win64; x64) AppleWebKit/537.36 (KHTML, like Gecko) Chrome/94.0.4606.81 Safari/537.36"
192.168.1.3 - emily [18/Mar/2023:11:11:36 +0000] "PUT /api/orders HTTP/1.1" 403 288 "-" "Mozilla/5.0 (Windows NT 10.0; Win64; x64; rv:94.0) Gecko/20100101 Firefox/94.0"
192.168.1.1 - chris [18/Mar/2023:11:11:36 +0000] "PATCH /api/invoices" 204 767 "-" "Mozilla/5.0 (Windows NT 10.0; Win64; x64) AppleWebKit/537.36 (KHTML, like Gecko) Chrome/94.0.4606.81 Safari/537.36"
192.168.1.5 - mike [18/Mar/2023:11:11:36 +0000] "DELETE /api/products HTTP/1.1" 404 161 "-" "Mozilla/5.0 (Windows NT 10.0; Win64; x64; rv:94.0) Gecko/20100101 Firefox/94.0"
192.168.1.4 - emily [18/Mar/2023:11:11:36 +0000] "POST /api/orders HTTP/1.1" 403 663 "-" "Mozilla/5.0 (Macintosh; Intel Mac OS X 10_15_7) AppleWebKit/537.36 (KHTML, like Gecko) Chrome/94.0.4606.81 Safari/537.36"
192.168.1.1 - sarah [18/Mar/2023:11:11:36 +0000] "DELETE /api/orders HTTP/1.1" 404 855 "-" "Mozilla/5.0 (Windows NT 10.0; Win64; x64; rv:94.0) Gecko/20100101 Firefox/94.0"
192.168.1.4 - chris [18/Mar/2023:11:11:36 +0000] "GET /api/users HTTP/1.1" 200 311 "-" "Mozilla/5.0 (Macintosh; Intel Mac OS X 10_15_7) AppleWebKit/537.36 (KHTML, like Gecko) Chrome/94.0.4606.81 Safari/537.36"
192.168.1.4 - sarah [18/Mar/2023:11:11:36 +0000] "GET /api/customers HTTP/1.1" 204 538 "-" "Mozilla/5.0 (Windows NT 10.0; Win64; x64) AppleWebKit/537.36 (KHTML, like Gecko) Chrome/94.0.4606.81 Safari/537.36"
192.168.1.2 - chris [18/Mar/2023:11:11:36 +0000] "PUT /api/orders HTTP/1.1" 403 330 "-" "Mozilla/5.0 (Windows NT 10.0; Win64; x64) AppleWebKit/537.36 (KHTML, like Gecko) Chrome/94.0.4606.81 Safari/537.36"
192.168.1.1 - sarah [18/Mar/2023:11:11:36 +0000] "PATCH /api/orders" 200 863 "-" "Mozilla/5.0 (Windows NT 10.0; Win64; x64; rv:93.0) Gecko/20100101 Firefox/93.0"
192.168.1.3 - john [18/Mar/2023:11:11:36 +0000] "DELETE /api/products HTTP/1.1" 201 468 "-" "Mozilla/5.0 (Windows NT 10.0; Win64; x64; rv:93.0) Gecko/20100101 Firefox/93.0"
192.168.1.2 - mike [18/Mar/2023:11:11:36 +0000] "PATCH /api/products" 201 237 "-" "Mozilla/5.0 (Windows NT 10.0; Win64; x64; rv:93.0) Gecko/20100101 Firefox/93.0"
192.168.1.1 - mike [18/Mar/2023:11:11:36 +0000] "DELETE /api/invoices HTTP/1.1" 401 260 "-" "Mozilla/5.0 (Windows NT 10.0; Win64; x64; rv:93.0) Gecko/20100101 Firefox/93.0"
192.168.1.1 - john [18/Mar/2023:11:11:36 +0000] "PUT /api/users HTTP/1.1" 200 562 "-" "Mozilla/5.0 (Windows NT 10.0; Win64; x64; rv:93.0) Gecko/20100101 Firefox/93.0"
192.168.1.4 - mike [18/Mar/2023:11:11:36 +0000] "PUT /api/invoices HTTP/1.1" 201 297 "-" "Mozilla/5.0 (Windows NT 10.0; Win64; x64; rv:94.0) Gecko/20100101 Firefox/94.0"
192.168.1.4 - mike [18/Mar/2023:11:11:36 +0000] "GET /api/customers HTTP/1.1" 204 26 "-" "Mozilla/5.0 (Macintosh; Intel Mac OS X 10_15_7) AppleWebKit/537.36 (KHTML, like Gecko) Chrome/93.0.4577.63 Safari/537.36"
192.168.1.3 - chris [18/Mar/2023:11:11:36 +0000] "POST /api/products HTTP/1.1" 201 694 "-" "Mozilla/5.0 (Windows NT 10.0; Win64; x64) AppleWebKit/537.36 (KHTML, like Gecko) Chrome/93.0.4577.63 Safari/537.36"
192.168.1.1 - emily [18/Mar/2023:11:11:36 +0000] "DELETE /api/customers HTTP/1.1" 500 880 "-" "Mozilla/5.0 (Macintosh; Intel Mac OS X 10_15_7) AppleWebKit/537.36 (KHTML, like Gecko) Chrome/94.0.4606.81 Safari/537.36"
192.168.1.3 - emily [18/Mar/2023:11:11:36 +0000] "PATCH /api/users" 400 708 "-" "Mozilla/5.0 (Windows NT 10.0; Win64; x64) AppleWebKit/537.36 (KHTML, like Gecko) Chrome/93.0.4577.63 Safari/537.36"
192.168.1.5 - john [18/Mar/2023:11:11:36 +0000] "DELETE /api/customers HTTP/1.1" 404 512 "-" "Mozilla/5.0 (Windows NT 10.0; Win64; x64) AppleWebKit/537.36 (KHTML, like Gecko) Chrome/93.0.4577.63 Safari/537.36"
192.168.1.4 - sarah [18/Mar/2023:11:11:36 +0000] "DELETE /api/products HTTP/1.1" 204 271 "-" "Mozilla/5.0 (Windows NT 10.0; Win64; x64) AppleWebKit/537.36 (KHTML, like Gecko) Chrome/93.0.4577.63 Safari/537.36"
192.168.1.1 - mike [18/Mar/2023:11:11:36 +0000] "PUT /api/invoices HTTP/1.1" 401 71 "-" "Mozilla/5.0 (Windows NT 10.0; Win64; x64) AppleWebKit/537.36 (KHTML, like Gecko) Chrome/94.0.4606.81 Safari/537.36"
192.168.1.5 - chris [18/Mar/2023:11:11:36 +0000] "GET /api/customers HTTP/1.1" 204 484 "-" "Mozilla/5.0 (Macintosh; Intel Mac OS X 10_15_7) AppleWebKit/537.36 (KHTML, like Gecko) Chrome/94.0.4606.81 Safari/537.36"
192.168.1.4 - sarah [18/Mar/2023:11:11:36 +0000] "POST /api/users HTTP/1.1" 403 253 "-" "Mozilla/5.0 (Windows NT 10.0; Win64; x64) AppleWebKit/537.36 (KHTML, like Gecko) Chrome/93.0.4577.63 Safari/537.36"
192.168.1.4 - emily [18/Mar/2023:11:11:36 +0000] "GET /api/users HTTP/1.1" 201 601 "-" "Mozilla/5.0 (Windows NT 10.0; Win64; x64) AppleWebKit/537.36 (KHTML, like Gecko) Chrome/94.0.4606.81 Safari/537.36"
192.168.1.2 - chris [18/Mar/2023:11:11:36 +0000] "PUT /api/orders HTTP/1.1" 500 971 "-" "Mozilla/5.0 (Windows NT 10.0; Win64; x64) AppleWebKit/537.36 (KHTML, like Gecko) Chrome/93.0.4577.63 Safari/537.36"
192.168.1.5 - emily [18/Mar/2023:11:11:36 +0000] "GET /api/orders HTTP/1.1" 201 812 "-" "Mozilla/5.0 (Macintosh; Intel Mac OS X 10_15_7) AppleWebKit/537.36 (KHTML, like Gecko) Chrome/93.0.4577.63 Safari/537.36"
192.168.1.2 - mike [18/Mar/2023:11:11:36 +0000] "PATCH /api/invoices" 404 140 "-" "Mozilla/5.0 (Windows NT 10.0; Win64; x64; rv:94.0) Gecko/20100101 Firefox/94.0"
192.168.1.5 - john [18/Mar/2023:11:11:36 +0000] "GET /api/orders HTTP/1.1" 400 333 "-" "Mozilla/5.0 (Macintosh; Intel Mac OS X 10_15_7) AppleWebKit/537.36 (KHTML, like Gecko) Chrome/94.0.4606.81 Safari/537.36"
192.168.1.2 - sarah [18/Mar/2023:11:11:36 +0000] "DELETE /api/invoices HTTP/1.1" 400 872 "-" "Mozilla/5.0 (Windows NT 10.0; Win64; x64; rv:93.0) Gecko/20100101 Firefox/93.0"
192.168.1.2 - sarah [18/Mar/2023:11:11:36 +0000] "POST /api/customers HTTP/1.1" 200 678 "-" "Mozilla/5.0 (Macintosh; Intel Mac OS X 10_15_7) AppleWebKit/537.36 (KHTML, like Gecko) Chrome/94.0.4606.81 Safari/537.36"
192.168.1.4 - mike [18/Mar/2023:11:11:36 +0000] "PATCH /api/orders" 403 365 "-" "Mozilla/5.0 (Windows NT 10.0; Win64; x64) AppleWebKit/537.36 (KHTML, like Gecko) Chrome/94.0.4606.81 Safari/537.36"
192.168.1.3 - emily [18/Mar/2023:11:11:36 +0000] "PATCH /api/customers" 201 420 "-" "Mozilla/5.0 (Windows NT 10.0; Win64; x64) AppleWebKit/537.36 (KHTML, like Gecko) Chrome/93.0.4577.63 Safari/537.36"
192.168.1.2 - sarah [18/Mar/2023:11:11:36 +0000] "POST /api/users HTTP/1.1" 400 239 "-" "Mozilla/5.0 (Windows NT 10.0; Win64; x64; rv:93.0) Gecko/20100101 Firefox/93.0"
192.168.1.4 - sarah [18/Mar/2023:11:11:36 +0000] "GET /api/users HTTP/1.1" 400 328 "-" "Mozilla/5.0 (Windows NT 10.0; Win64; x64; rv:93.0) Gecko/20100101 Firefox/93.0"
192.168.1.1 - emily [18/Mar/2023:11:11:36 +0000] "PUT /api/products HTTP/1.1" 201 824 "-" "Mozilla/5.0 (Macintosh; Intel Mac OS X 10_15_7) AppleWebKit/537.36 (KHTML, like Gecko) Chrome/93.0.4577.63 Safari/537.36"
192.168.1.3 - mike [18/Mar/2023:11:11:36 +0000] "PUT /api/invoices HTTP/1.1" 200 301 "-" "Mozilla/5.0 (Windows NT 10.0; Win64; x64; rv:93.0) Gecko/20100101 Firefox/93.0"
192.168.1.4 - sarah [18/Mar/2023:11:11:36 +0000] "DELETE /api/products HTTP/1.1" 204 842 "-" "Mozilla/5.0 (Macintosh; Intel Mac OS X 10_15_7) AppleWebKit/537.36 (KHTML, like Gecko) Chrome/93.0.4577.63 Safari/537.36"
192.168.1.1 - sarah [18/Mar/2023:11:11:36 +0000] "PATCH /api/products" 204 999 "-" "Mozilla/5.0 (Windows NT 10.0; Win64; x64; rv:93.0) Gecko/20100101 Firefox/93.0"
192.168.1.5 - emily [18/Mar/2023:11:11:36 +0000] "PUT /api/users HTTP/1.1" 403 362 "-" "Mozilla/5.0 (Macintosh; Intel Mac OS X 10_15_7) AppleWebKit/537.36 (KHTML, like Gecko) Chrome/94.0.4606.81 Safari/537.36"
192.168.1.3 - chris [18/Mar/2023:11:11:36 +0000] "PATCH /api/users" 403 496 "-" "Mozilla/5.0 (Windows NT 10.0; Win64; x64; rv:94.0) Gecko/20100101 Firefox/94.0"
192.168.1.2 - john [18/Mar/2023:11:11:36 +0000] "POST /api/customers HTTP/1.1" 200 484 "-" "Mozilla/5.0 (Macintosh; Intel Mac OS X 10_15_7) AppleWebKit/537.36 (KHTML, like Gecko) Chrome/93.0.4577.63 Safari/537.36"
192.168.1.3 - mike [18/Mar/2023:11:11:36 +0000] "PUT /api/invoices HTTP/1.1" 204 909 "-" "Mozilla/5.0 (Windows NT 10.0; Win64; x64; rv:93.0) Gecko/20100101 Firefox/93.0"
192.168.1.1 - sarah [18/Mar/2023:11:11:36 +0000] "DELETE /api/invoices HTTP/1.1" 403 764 "-" "Mozilla/5.0 (Windows NT 10.0; Win64; x64) AppleWebKit/537.36 (KHTML, like Gecko) Chrome/94.0.4606.81 Safari/537.36"
192.168.1.1 - mike [18/Mar/2023:11:11:36 +0000] "GET /api/products HTTP/1.1" 400 101 "-" "Mozilla/5.0 (Windows NT 10.0; Win64; x64; rv:93.0) Gecko/20100101 Firefox/93.0"
192.168.1.5 - sarah [18/Mar/2023:11:11:36 +0000] "DELETE /api/customers HTTP/1.1" 400 146 "-" "Mozilla/5.0 (Windows NT 10.0; Win64; x64) AppleWebKit/537.36 (KHTML, like Gecko) Chrome/94.0.4606.81 Safari/537.36"
192.168.1.2 - emily [18/Mar/2023:11:11:36 +0000] "POST /api/products HTTP/1.1" 404 97 "-" "Mozilla/5.0 (Windows NT 10.0; Win64; x64; rv:93.0) Gecko/20100101 Firefox/93.0"
192.168.1.3 - mike [18/Mar/2023:11:11:36 +0000] "PATCH /api/products" 401 799 "-" "Mozilla/5.0 (Macintosh; Intel Mac OS X 10_15_7) AppleWebKit/537.36 (KHTML, like Gecko) Chrome/93.0.4577.63 Safari/537.36"
192.168.1.1 - chris [18/Mar/2023:11:11:36 +0000] "PUT /api/users HTTP/1.1" 204 414 "-" "Mozilla/5.0 (Macintosh; Intel Mac OS X 10_15_7) AppleWebKit/537.36 (KHTML, like Gecko) Chrome/94.0.4606.81 Safari/537.36"
192.168.1.4 - mike [18/Mar/2023:11:11:36 +0000] "PUT /api/invoices HTTP/1.1" 401 916 "-" "Mozilla/5.0 (Windows NT 10.0; Win64; x64) AppleWebKit/537.36 (KHTML, like Gecko) Chrome/93.0.4577.63 Safari/537.36"
192.168.1.4 - chris [18/Mar/2023:11:11:36 +0000] "POST /api/orders HTTP/1.1" 201 61 "-" "Mozilla/5.0 (Windows NT 10.0; Win64; x64; rv:94.0) Gecko/20100101 Firefox/94.0"
192.168.1.1 - emily [18/Mar/2023:11:11:36 +0000] "GET /api/users HTTP/1.1" 404 577 "-" "Mozilla/5.0 (Windows NT 10.0; Win64; x64; rv:93.0) Gecko/20100101 Firefox/93.0"
192.168.1.4 - chris [18/Mar/2023:11:11:36 +0000] "PUT /api/products HTTP/1.1" 200 568 "-" "Mozilla/5.0 (Macintosh; Intel Mac OS X 10_15_7) AppleWebKit/537.36 (KHTML, like Gecko) Chrome/93.0.4577.63 Safari/537.36"
192.168.1.1 - emily [18/Mar/2023:11:11:36 +0000] "GET /api/customers HTTP/1.1" 201 47 "-" "Mozilla/5.0 (Macintosh; Intel Mac OS X 10_15_7) AppleWebKit/537.36 (KHTML, like Gecko) Chrome/93.0.4577.63 Safari/537.36"
192.168.1.1 - mike [18/Mar/2023:11:11:36 +0000] "POST /api/invoices HTTP/1.1" 403 215 "-" "Mozilla/5.0 (Windows NT 10.0; Win64; x64) AppleWebKit/537.36 (KHTML, like Gecko) Chrome/93.0.4577.63 Safari/537.36"
192.168.1.4 - sarah [18/Mar/2023:11:11:36 +0000] "DELETE /api/orders HTTP/1.1" 403 902 "-" "Mozilla/5.0 (Windows NT 10.0; Win64; x64) AppleWebKit/537.36 (KHTML, like Gecko) Chrome/93.0.4577.63 Safari/537.36"
192.168.1.4 - sarah [18/Mar/2023:11:11:36 +0000] "POST /api/invoices HTTP/1.1" 403 250 "-" "Mozilla/5.0 (Windows NT 10.0; Win64; x64) AppleWebKit/537.36 (KHTML, like Gecko) Chrome/93.0.4577.63 Safari/537.36"
192.168.1.3 - john [18/Mar/2023:11:11:36 +0000] "PUT /api/customers HTTP/1.1" 401 481 "-" "Mozilla/5.0 (Windows NT 10.0; Win64; x64) AppleWebKit/537.36 (KHTML, like Gecko) Chrome/94.0.4606.81 Safari/537.36"
192.168.1.1 - emily [18/Mar/2023:11:11:36 +0000] "POST /api/products HTTP/1.1" 201 856 "-" "Mozilla/5.0 (Macintosh; Intel Mac OS X 10_15_7) AppleWebKit/537.36 (KHTML, like Gecko) Chrome/93.0.4577.63 Safari/537.36"
192.168.1.5 - chris [18/Mar/2023:11:11:36 +0000] "GET /api/invoices HTTP/1.1" 200 868 "-" "Mozilla/5.0 (Windows NT 10.0; Win64; x64) AppleWebKit/537.36 (KHTML, like Gecko) Chrome/93.0.4577.63 Safari/537.36"
192.168.1.3 - mike [18/Mar/2023:11:11:36 +0000] "GET /api/users HTTP/1.1" 500 90 "-" "Mozilla/5.0 (Macintosh; Intel Mac OS X 10_15_7) AppleWebKit/537.36 (KHTML, like Gecko) Chrome/93.0.4577.63 Safari/537.36"
192.168.1.2 - mike [18/Mar/2023:11:11:36 +0000] "PATCH /api/products" 404 410 "-" "Mozilla/5.0 (Macintosh; Intel Mac OS X 10_15_7) AppleWebKit/537.36 (KHTML, like Gecko) Chrome/93.0.4577.63 Safari/537.36"
192.168.1.2 - sarah [18/Mar/2023:11:11:36 +0000] "POST /api/orders HTTP/1.1" 204 918 "-" "Mozilla/5.0 (Windows NT 10.0; Win64; x64) AppleWebKit/537.36 (KHTML, like Gecko) Chrome/93.0.4577.63 Safari/537.36"
192.168.1.1 - john [18/Mar/2023:11:11:36 +0000] "DELETE /api/customers HTTP/1.1" 404 70 "-" "Mozilla/5.0 (Macintosh; Intel Mac OS X 10_15_7) AppleWebKit/537.36 (KHTML, like Gecko) Chrome/94.0.4606.81 Safari/537.36"
192.168.1.1 - emily [18/Mar/2023:11:11:36 +0000] "PATCH /api/users" 404 645 "-" "Mozilla/5.0 (Windows NT 10.0; Win64; x64; rv:94.0) Gecko/20100101 Firefox/94.0"
192.168.1.4 - chris [18/Mar/2023:11:11:36 +0000] "POST /api/customers HTTP/1.1" 404 324 "-" "Mozilla/5.0 (Macintosh; Intel Mac OS X 10_15_7) AppleWebKit/537.36 (KHTML, like Gecko) Chrome/94.0.4606.81 Safari/537.36"
192.168.1.3 - emily [18/Mar/2023:11:11:36 +0000] "DELETE /api/orders HTTP/1.1" 200 98 "-" "Mozilla/5.0 (Macintosh; Intel Mac OS X 10_15_7) AppleWebKit/537.36 (KHTML, like Gecko) Chrome/93.0.4577.63 Safari/537.36"
192.168.1.5 - chris [18/Mar/2023:11:11:36 +0000] "PUT /api/users HTTP/1.1" 201 574 "-" "Mozilla/5.0 (Windows NT 10.0; Win64; x64; rv:94.0) Gecko/20100101 Firefox/94.0"
192.168.1.5 - chris [18/Mar/2023:11:11:36 +0000] "PUT /api/invoices HTTP/1.1" 401 271 "-" "Mozilla/5.0 (Windows NT 10.0; Win64; x64; rv:93.0) Gecko/20100101 Firefox/93.0"
192.168.1.5 - emily [18/Mar/2023:11:11:36 +0000] "PUT /api/orders HTTP/1.1" 201 301 "-" "Mozilla/5.0 (Windows NT 10.0; Win64; x64; rv:94.0) Gecko/20100101 Firefox/94.0"
192.168.1.4 - john [18/Mar/2023:11:11:36 +0000] "DELETE /api/products HTTP/1.1" 204 530 "-" "Mozilla/5.0 (Windows NT 10.0; Win64; x64; rv:93.0) Gecko/20100101 Firefox/93.0"
192.168.1.3 - sarah [18/Mar/2023:11:11:36 +0000] "PUT /api/customers HTTP/1.1" 404 34 "-" "Mozilla/5.0 (Windows NT 10.0; Win64; x64) AppleWebKit/537.36 (KHTML, like Gecko) Chrome/94.0.4606.81 Safari/537.36"
192.168.1.3 - john [18/Mar/2023:11:11:36 +0000] "DELETE /api/orders HTTP/1.1" 200 585 "-" "Mozilla/5.0 (Macintosh; Intel Mac OS X 10_15_7) AppleWebKit/537.36 (KHTML, like Gecko) Chrome/93.0.4577.63 Safari/537.36"
192.168.1.5 - emily [18/Mar/2023:11:11:36 +0000] "DELETE /api/users HTTP/1.1" 204 542 "-" "Mozilla/5.0 (Macintosh; Intel Mac OS X 10_15_7) AppleWebKit/537.36 (KHTML, like Gecko) Chrome/94.0.4606.81 Safari/537.36"
192.168.1.5 - mike [18/Mar/2023:11:11:36 +0000] "PUT /api/products HTTP/1.1" 201 690 "-" "Mozilla/5.0 (Windows NT 10.0; Win64; x64; rv:93.0) Gecko/20100101 Firefox/93.0"
192.168.1.5 - sarah [18/Mar/2023:11:11:36 +0000] "PATCH /api/products" 403 431 "-" "Mozilla/5.0 (Macintosh; Intel Mac OS X 10_15_7) AppleWebKit/537.36 (KHTML, like Gecko) Chrome/94.0.4606.81 Safari/537.36"
192.168.1.3 - chris [18/Mar/2023:11:11:36 +0000] "PATCH /api/orders" 201 301 "-" "Mozilla/5.0 (Macintosh; Intel Mac OS X 10_15_7) AppleWebKit/537.36 (KHTML, like Gecko) Chrome/94.0.4606.81 Safari/537.36"
192.168.1.5 - john [18/Mar/2023:11:11:36 +0000] "DELETE /api/invoices HTTP/1.1" 200 868 "-" "Mozilla/5.0 (Windows NT 10.0; Win64; x64) AppleWebKit/537.36 (KHTML, like Gecko) Chrome/94.0.4606.81 Safari/537.36"
192.168.1.3 - mike [18/Mar/2023:11:11:36 +0000] "PATCH /api/products" 404 726 "-" "Mozilla/5.0 (Windows NT 10.0; Win64; x64) AppleWebKit/537.36 (KHTML, like Gecko) Chrome/94.0.4606.81 Safari/537.36"
192.168.1.5 - sarah [18/Mar/2023:11:11:36 +0000] "PATCH /api/products" 403 975 "-" "Mozilla/5.0 (Macintosh; Intel Mac OS X 10_15_7) AppleWebKit/537.36 (KHTML, like Gecko) Chrome/94.0.4606.81 Safari/537.36"
192.168.1.3 - emily [18/Mar/2023:11:11:36 +0000] "GET /api/products HTTP/1.1" 200 326 "-" "Mozilla/5.0 (Windows NT 10.0; Win64; x64) AppleWebKit/537.36 (KHTML, like Gecko) Chrome/94.0.4606.81 Safari/537.36"
192.168.1.2 - john [18/Mar/2023:11:11:36 +0000] "POST /api/invoices HTTP/1.1" 201 734 "-" "Mozilla/5.0 (Windows NT 10.0; Win64; x64; rv:94.0) Gecko/20100101 Firefox/94.0"
192.168.1.4 - mike [18/Mar/2023:11:11:36 +0000] "PATCH /api/users" 204 465 "-" "Mozilla/5.0 (Windows NT 10.0; Win64; x64) AppleWebKit/537.36 (KHTML, like Gecko) Chrome/93.0.4577.63 Safari/537.36"
192.168.1.3 - emily [18/Mar/2023:11:11:36 +0000] "PATCH /api/users" 204 731 "-" "Mozilla/5.0 (Windows NT 10.0; Win64; x64) AppleWebKit/537.36 (KHTML, like Gecko) Chrome/93.0.4577.63 Safari/537.36"
192.168.1.2 - chris [18/Mar/2023:11:11:36 +0000] "POST /api/customers HTTP/1.1" 204 384 "-" "Mozilla/5.0 (Macintosh; Intel Mac OS X 10_15_7) AppleWebKit/537.36 (KHTML, like Gecko) Chrome/93.0.4577.63 Safari/537.36"
192.168.1.5 - emily [18/Mar/2023:11:11:36 +0000] "DELETE /api/users HTTP/1.1" 201 394 "-" "Mozilla/5.0 (Macintosh; Intel Mac OS X 10_15_7) AppleWebKit/537.36 (KHTML, like Gecko) Chrome/93.0.4577.63 Safari/537.36"
192.168.1.2 - mike [18/Mar/2023:11:11:36 +0000] "DELETE /api/users HTTP/1.1" 500 394 "-" "Mozilla/5.0 (Windows NT 10.0; Win64; x64; rv:94.0) Gecko/20100101 Firefox/94.0"
192.168.1.5 - john [18/Mar/2023:11:11:36 +0000] "POST /api/invoices HTTP/1.1" 500 596 "-" "Mozilla/5.0 (Macintosh; Intel Mac OS X 10_15_7) AppleWebKit/537.36 (KHTML, like Gecko) Chrome/93.0.4577.63 Safari/537.36"
192.168.1.2 - chris [18/Mar/2023:11:11:36 +0000] "POST /api/orders HTTP/1.1" 204 325 "-" "Mozilla/5.0 (Macintosh; Intel Mac OS X 10_15_7) AppleWebKit/537.36 (KHTML, like Gecko) Chrome/94.0.4606.81 Safari/537.36"
192.168.1.3 - emily [18/Mar/2023:11:11:36 +0000] "DELETE /api/invoices HTTP/1.1" 200 211 "-" "Mozilla/5.0 (Windows NT 10.0; Win64; x64; rv:94.0) Gecko/20100101 Firefox/94.0"
192.168.1.4 - emily [18/Mar/2023:11:11:36 +0000] "DELETE /api/customers HTTP/1.1" 204 995 "-" "Mozilla/5.0 (Windows NT 10.0; Win64; x64) AppleWebKit/537.36 (KHTML, like Gecko) Chrome/93.0.4577.63 Safari/537.36"
192.168.1.4 - john [18/Mar/2023:11:11:36 +0000] "PATCH /api/customers" 400 508 "-" "Mozilla/5.0 (Windows NT 10.0; Win64; x64) AppleWebKit/537.36 (KHTML, like Gecko) Chrome/94.0.4606.81 Safari/537.36"
192.168.1.2 - john [18/Mar/2023:11:11:36 +0000] "POST /api/products HTTP/1.1" 204 635 "-" "Mozilla/5.0 (Windows NT 10.0; Win64; x64) AppleWebKit/537.36 (KHTML, like Gecko) Chrome/94.0.4606.81 Safari/537.36"
192.168.1.2 - sarah [18/Mar/2023:11:11:36 +0000] "POST /api/users HTTP/1.1" 404 620 "-" "Mozilla/5.0 (Macintosh; Intel Mac OS X 10_15_7) AppleWebKit/537.36 (KHTML, like Gecko) Chrome/93.0.4577.63 Safari/537.36"
192.168.1.4 - chris [18/Mar/2023:11:11:36 +0000] "GET /api/orders HTTP/1.1" 403 436 "-" "Mozilla/5.0 (Windows NT 10.0; Win64; x64; rv:93.0) Gecko/20100101 Firefox/93.0"
192.168.1.2 - chris [18/Mar/2023:11:11:36 +0000] "DELETE /api/orders HTTP/1.1" 400 286 "-" "Mozilla/5.0 (Macintosh; Intel Mac OS X 10_15_7) AppleWebKit/537.36 (KHTML, like Gecko) Chrome/94.0.4606.81 Safari/537.36"
192.168.1.4 - john [18/Mar/2023:11:11:36 +0000] "GET /api/users HTTP/1.1" 401 220 "-" "Mozilla/5.0 (Macintosh; Intel Mac OS X 10_15_7) AppleWebKit/537.36 (KHTML, like Gecko) Chrome/94.0.4606.81 Safari/537.36"
192.168.1.2 - chris [18/Mar/2023:11:11:36 +0000] "GET /api/users HTTP/1.1" 401 179 "-" "Mozilla/5.0 (Windows NT 10.0; Win64; x64; rv:93.0) Gecko/20100101 Firefox/93.0"
192.168.1.4 - chris [18/Mar/2023:11:11:36 +0000] "PUT /api/orders HTTP/1.1" 401 373 "-" "Mozilla/5.0 (Macintosh; Intel Mac OS X 10_15_7) AppleWebKit/537.36 (KHTML, like Gecko) Chrome/93.0.4577.63 Safari/537.36"
192.168.1.1 - mike [18/Mar/2023:11:11:36 +0000] "GET /api/products HTTP/1.1" 401 712 "-" "Mozilla/5.0 (Windows NT 10.0; Win64; x64; rv:93.0) Gecko/20100101 Firefox/93.0"
192.168.1.2 - emily [18/Mar/2023:11:11:36 +0000] "POST /api/invoices HTTP/1.1" 403 302 "-" "Mozilla/5.0 (Windows NT 10.0; Win64; x64; rv:93.0) Gecko/20100101 Firefox/93.0"
192.168.1.2 - sarah [18/Mar/2023:11:11:36 +0000] "PUT /api/customers HTTP/1.1" 401 121 "-" "Mozilla/5.0 (Windows NT 10.0; Win64; x64) AppleWebKit/537.36 (KHTML, like Gecko) Chrome/94.0.4606.81 Safari/537.36"
192.168.1.1 - sarah [18/Mar/2023:11:11:36 +0000] "POST /api/products HTTP/1.1" 404 818 "-" "Mozilla/5.0 (Windows NT 10.0; Win64; x64; rv:93.0) Gecko/20100101 Firefox/93.0"
192.168.1.2 - john [18/Mar/2023:11:11:36 +0000] "GET /api/customers HTTP/1.1" 201 313 "-" "Mozilla/5.0 (Windows NT 10.0; Win64; x64) AppleWebKit/537.36 (KHTML, like Gecko) Chrome/93.0.4577.63 Safari/537.36"
192.168.1.2 - john [18/Mar/2023:11:11:36 +0000] "PATCH /api/orders" 200 604 "-" "Mozilla/5.0 (Macintosh; Intel Mac OS X 10_15_7) AppleWebKit/537.36 (KHTML, like Gecko) Chrome/94.0.4606.81 Safari/537.36"
192.168.1.5 - sarah [18/Mar/2023:11:11:36 +0000] "DELETE /api/products HTTP/1.1" 401 39 "-" "Mozilla/5.0 (Macintosh; Intel Mac OS X 10_15_7) AppleWebKit/537.36 (KHTML, like Gecko) Chrome/94.0.4606.81 Safari/537.36"
192.168.1.3 - mike [18/Mar/2023:11:11:36 +0000] "DELETE /api/users HTTP/1.1" 204 34 "-" "Mozilla/5.0 (Macintosh; Intel Mac OS X 10_15_7) AppleWebKit/537.36 (KHTML, like Gecko) Chrome/93.0.4577.63 Safari/537.36"
192.168.1.3 - sarah [18/Mar/2023:11:11:36 +0000] "POST /api/products HTTP/1.1" 404 832 "-" "Mozilla/5.0 (Macintosh; Intel Mac OS X 10_15_7) AppleWebKit/537.36 (KHTML, like Gecko) Chrome/93.0.4577.63 Safari/537.36"
192.168.1.4 - john [18/Mar/2023:11:11:36 +0000] "PATCH /api/orders" 401 493 "-" "Mozilla/5.0 (Macintosh; Intel Mac OS X 10_15_7) AppleWebKit/537.36 (KHTML, like Gecko) Chrome/94.0.4606.81 Safari/537.36"
192.168.1.3 - chris [18/Mar/2023:11:11:36 +0000] "PATCH /api/invoices" 404 580 "-" "Mozilla/5.0 (Windows NT 10.0; Win64; x64; rv:94.0) Gecko/20100101 Firefox/94.0"
192.168.1.4 - chris [18/Mar/2023:11:11:36 +0000] "DELETE /api/customers HTTP/1.1" 500 539 "-" "Mozilla/5.0 (Macintosh; Intel Mac OS X 10_15_7) AppleWebKit/537.36 (KHTML, like Gecko) Chrome/94.0.4606.81 Safari/537.36"
192.168.1.1 - sarah [18/Mar/2023:11:11:36 +0000] "PATCH /api/users" 204 540 "-" "Mozilla/5.0 (Windows NT 10.0; Win64; x64; rv:94.0) Gecko/20100101 Firefox/94.0"
192.168.1.2 - chris [18/Mar/2023:11:11:36 +0000] "PUT /api/customers HTTP/1.1" 403 967 "-" "Mozilla/5.0 (Macintosh; Intel Mac OS X 10_15_7) AppleWebKit/537.36 (KHTML, like Gecko) Chrome/93.0.4577.63 Safari/537.36"
192.168.1.2 - chris [18/Mar/2023:11:11:36 +0000] "GET /api/users HTTP/1.1" 401 137 "-" "Mozilla/5.0 (Windows NT 10.0; Win64; x64; rv:93.0) Gecko/20100101 Firefox/93.0"
192.168.1.2 - sarah [18/Mar/2023:11:11:36 +0000] "DELETE /api/invoices HTTP/1.1" 401 68 "-" "Mozilla/5.0 (Windows NT 10.0; Win64; x64; rv:93.0) Gecko/20100101 Firefox/93.0"
192.168.1.1 - mike [18/Mar/2023:11:11:36 +0000] "GET /api/users HTTP/1.1" 404 596 "-" "Mozilla/5.0 (Windows NT 10.0; Win64; x64; rv:94.0) Gecko/20100101 Firefox/94.0"
192.168.1.1 - emily [18/Mar/2023:11:11:36 +0000] "POST /api/orders HTTP/1.1" 404 396 "-" "Mozilla/5.0 (Windows NT 10.0; Win64; x64; rv:94.0) Gecko/20100101 Firefox/94.0"
192.168.1.5 - mike [18/Mar/2023:11:11:36 +0000] "PATCH /api/orders" 404 683 "-" "Mozilla/5.0 (Windows NT 10.0; Win64; x64) AppleWebKit/537.36 (KHTML, like Gecko) Chrome/94.0.4606.81 Safari/537.36"
192.168.1.4 - sarah [18/Mar/2023:11:11:36 +0000] "POST /api/products HTTP/1.1" 200 106 "-" "Mozilla/5.0 (Macintosh; Intel Mac OS X 10_15_7) AppleWebKit/537.36 (KHTML, like Gecko) Chrome/94.0.4606.81 Safari/537.36"
192.168.1.3 - emily [18/Mar/2023:11:11:36 +0000] "PUT /api/customers HTTP/1.1" 201 609 "-" "Mozilla/5.0 (Macintosh; Intel Mac OS X 10_15_7) AppleWebKit/537.36 (KHTML, like Gecko) Chrome/93.0.4577.63 Safari/537.36"
192.168.1.2 - chris [18/Mar/2023:11:11:36 +0000] "PATCH /api/customers" 403 539 "-" "Mozilla/5.0 (Windows NT 10.0; Win64; x64) AppleWebKit/537.36 (KHTML, like Gecko) Chrome/93.0.4577.63 Safari/537.36"
192.168.1.4 - emily [18/Mar/2023:11:11:36 +0000] "PATCH /api/customers" 401 869 "-" "Mozilla/5.0 (Windows NT 10.0; Win64; x64) AppleWebKit/537.36 (KHTML, like Gecko) Chrome/94.0.4606.81 Safari/537.36"
192.168.1.3 - chris [18/Mar/2023:11:11:36 +0000] "GET /api/customers HTTP/1.1" 500 669 "-" "Mozilla/5.0 (Windows NT 10.0; Win64; x64) AppleWebKit/537.36 (KHTML, like Gecko) Chrome/93.0.4577.63 Safari/537.36"
192.168.1.4 - sarah [18/Mar/2023:11:11:36 +0000] "PATCH /api/invoices" 201 327 "-" "Mozilla/5.0 (Windows NT 10.0; Win64; x64; rv:94.0) Gecko/20100101 Firefox/94.0"
192.168.1.2 - mike [18/Mar/2023:11:11:36 +0000] "POST /api/customers HTTP/1.1" 404 383 "-" "Mozilla/5.0 (Windows NT 10.0; Win64; x64) AppleWebKit/537.36 (KHTML, like Gecko) Chrome/94.0.4606.81 Safari/537.36"
192.168.1.3 - john [18/Mar/2023:11:11:36 +0000] "GET /api/invoices HTTP/1.1" 400 581 "-" "Mozilla/5.0 (Windows NT 10.0; Win64; x64; rv:94.0) Gecko/20100101 Firefox/94.0"
192.168.1.3 - emily [18/Mar/2023:11:11:36 +0000] "DELETE /api/orders HTTP/1.1" 200 469 "-" "Mozilla/5.0 (Windows NT 10.0; Win64; x64; rv:94.0) Gecko/20100101 Firefox/94.0"
192.168.1.1 - sarah [18/Mar/2023:11:11:36 +0000] "PATCH /api/orders" 401 882 "-" "Mozilla/5.0 (Windows NT 10.0; Win64; x64) AppleWebKit/537.36 (KHTML, like Gecko) Chrome/94.0.4606.81 Safari/537.36"
192.168.1.4 - chris [18/Mar/2023:11:11:36 +0000] "GET /api/customers HTTP/1.1" 200 548 "-" "Mozilla/5.0 (Macintosh; Intel Mac OS X 10_15_7) AppleWebKit/537.36 (KHTML, like Gecko) Chrome/94.0.4606.81 Safari/537.36"
192.168.1.4 - sarah [18/Mar/2023:11:11:36 +0000] "POST /api/invoices HTTP/1.1" 500 93 "-" "Mozilla/5.0 (Windows NT 10.0; Win64; x64; rv:93.0) Gecko/20100101 Firefox/93.0"
192.168.1.3 - chris [18/Mar/2023:11:11:36 +0000] "PUT /api/users HTTP/1.1" 404 321 "-" "Mozilla/5.0 (Windows NT 10.0; Win64; x64) AppleWebKit/537.36 (KHTML, like Gecko) Chrome/93.0.4577.63 Safari/537.36"
192.168.1.5 - mike [18/Mar/2023:11:11:36 +0000] "PATCH /api/customers" 201 181 "-" "Mozilla/5.0 (Macintosh; Intel Mac OS X 10_15_7) AppleWebKit/537.36 (KHTML, like Gecko) Chrome/94.0.4606.81 Safari/537.36"
192.168.1.5 - john [18/Mar/2023:11:11:36 +0000] "PUT /api/users HTTP/1.1" 400 282 "-" "Mozilla/5.0 (Windows NT 10.0; Win64; x64; rv:94.0) Gecko/20100101 Firefox/94.0"
192.168.1.4 - mike [18/Mar/2023:11:11:36 +0000] "POST /api/customers HTTP/1.1" 204 374 "-" "Mozilla/5.0 (Macintosh; Intel Mac OS X 10_15_7) AppleWebKit/537.36 (KHTML, like Gecko) Chrome/94.0.4606.81 Safari/537.36"
192.168.1.3 - emily [18/Mar/2023:11:11:36 +0000] "PATCH /api/invoices" 204 165 "-" "Mozilla/5.0 (Macintosh; Intel Mac OS X 10_15_7) AppleWebKit/537.36 (KHTML, like Gecko) Chrome/94.0.4606.81 Safari/537.36"
192.168.1.2 - emily [18/Mar/2023:11:11:36 +0000] "GET /api/orders HTTP/1.1" 401 964 "-" "Mozilla/5.0 (Windows NT 10.0; Win64; x64) AppleWebKit/537.36 (KHTML, like Gecko) Chrome/94.0.4606.81 Safari/537.36"
192.168.1.4 - mike [18/Mar/2023:11:11:36 +0000] "PUT /api/orders HTTP/1.1" 401 346 "-" "Mozilla/5.0 (Macintosh; Intel Mac OS X 10_15_7) AppleWebKit/537.36 (KHTML, like Gecko) Chrome/93.0.4577.63 Safari/537.36"
192.168.1.5 - mike [18/Mar/2023:11:11:36 +0000] "GET /api/invoices HTTP/1.1" 204 830 "-" "Mozilla/5.0 (Windows NT 10.0; Win64; x64) AppleWebKit/537.36 (KHTML, like Gecko) Chrome/94.0.4606.81 Safari/537.36"
192.168.1.3 - sarah [18/Mar/2023:11:11:36 +0000] "POST /api/invoices HTTP/1.1" 500 942 "-" "Mozilla/5.0 (Windows NT 10.0; Win64; x64; rv:94.0) Gecko/20100101 Firefox/94.0"
192.168.1.2 - mike [18/Mar/2023:11:11:36 +0000] "PATCH /api/products" 400 426 "-" "Mozilla/5.0 (Windows NT 10.0; Win64; x64) AppleWebKit/537.36 (KHTML, like Gecko) Chrome/94.0.4606.81 Safari/537.36"
192.168.1.4 - emily [18/Mar/2023:11:11:36 +0000] "POST /api/orders HTTP/1.1" 401 142 "-" "Mozilla/5.0 (Windows NT 10.0; Win64; x64) AppleWebKit/537.36 (KHTML, like Gecko) Chrome/93.0.4577.63 Safari/537.36"
192.168.1.4 - john [18/Mar/2023:11:11:36 +0000] "POST /api/orders HTTP/1.1" 204 289 "-" "Mozilla/5.0 (Windows NT 10.0; Win64; x64) AppleWebKit/537.36 (KHTML, like Gecko) Chrome/94.0.4606.81 Safari/537.36"
192.168.1.5 - emily [18/Mar/2023:11:11:36 +0000] "DELETE /api/customers HTTP/1.1" 200 365 "-" "Mozilla/5.0 (Windows NT 10.0; Win64; x64) AppleWebKit/537.36 (KHTML, like Gecko) Chrome/93.0.4577.63 Safari/537.36"
192.168.1.4 - emily [18/Mar/2023:11:11:36 +0000] "POST /api/users HTTP/1.1" 500 954 "-" "Mozilla/5.0 (Windows NT 10.0; Win64; x64) AppleWebKit/537.36 (KHTML, like Gecko) Chrome/93.0.4577.63 Safari/537.36"
192.168.1.1 - mike [18/Mar/2023:11:11:36 +0000] "POST /api/products HTTP/1.1" 200 613 "-" "Mozilla/5.0 (Macintosh; Intel Mac OS X 10_15_7) AppleWebKit/537.36 (KHTML, like Gecko) Chrome/94.0.4606.81 Safari/537.36"
192.168.1.3 - john [18/Mar/2023:11:11:36 +0000] "GET /api/invoices HTTP/1.1" 403 142 "-" "Mozilla/5.0 (Macintosh; Intel Mac OS X 10_15_7) AppleWebKit/537.36 (KHTML, like Gecko) Chrome/94.0.4606.81 Safari/537.36"
192.168.1.4 - sarah [18/Mar/2023:11:11:36 +0000] "POST /api/orders HTTP/1.1" 404 90 "-" "Mozilla/5.0 (Windows NT 10.0; Win64; x64) AppleWebKit/537.36 (KHTML, like Gecko) Chrome/93.0.4577.63 Safari/537.36"
192.168.1.2 - mike [18/Mar/2023:11:11:36 +0000] "PATCH /api/users" 403 960 "-" "Mozilla/5.0 (Windows NT 10.0; Win64; x64; rv:94.0) Gecko/20100101 Firefox/94.0"
192.168.1.5 - john [18/Mar/2023:11:11:36 +0000] "GET /api/invoices HTTP/1.1" 200 305 "-" "Mozilla/5.0 (Windows NT 10.0; Win64; x64) AppleWebKit/537.36 (KHTML, like Gecko) Chrome/94.0.4606.81 Safari/537.36"
192.168.1.1 - john [18/Mar/2023:11:11:36 +0000] "GET /api/products HTTP/1.1" 201 999 "-" "Mozilla/5.0 (Macintosh; Intel Mac OS X 10_15_7) AppleWebKit/537.36 (KHTML, like Gecko) Chrome/93.0.4577.63 Safari/537.36"
192.168.1.1 - john [18/Mar/2023:11:11:36 +0000] "PUT /api/products HTTP/1.1" 500 881 "-" "Mozilla/5.0 (Macintosh; Intel Mac OS X 10_15_7) AppleWebKit/537.36 (KHTML, like Gecko) Chrome/94.0.4606.81 Safari/537.36"
192.168.1.1 - john [18/Mar/2023:11:11:36 +0000] "DELETE /api/invoices HTTP/1.1" 400 921 "-" "Mozilla/5.0 (Macintosh; Intel Mac OS X 10_15_7) AppleWebKit/537.36 (KHTML, like Gecko) Chrome/93.0.4577.63 Safari/537.36"
192.168.1.4 - sarah [18/Mar/2023:11:11:36 +0000] "PATCH /api/invoices" 500 828 "-" "Mozilla/5.0 (Macintosh; Intel Mac OS X 10_15_7) AppleWebKit/537.36 (KHTML, like Gecko) Chrome/93.0.4577.63 Safari/537.36"
192.168.1.5 - mike [18/Mar/2023:11:11:36 +0000] "DELETE /api/orders HTTP/1.1" 204 687 "-" "Mozilla/5.0 (Macintosh; Intel Mac OS X 10_15_7) AppleWebKit/537.36 (KHTML, like Gecko) Chrome/93.0.4577.63 Safari/537.36"
192.168.1.1 - john [18/Mar/2023:11:11:36 +0000] "POST /api/customers HTTP/1.1" 500 396 "-" "Mozilla/5.0 (Macintosh; Intel Mac OS X 10_15_7) AppleWebKit/537.36 (KHTML, like Gecko) Chrome/94.0.4606.81 Safari/537.36"
192.168.1.1 - mike [18/Mar/2023:11:11:36 +0000] "DELETE /api/products HTTP/1.1" 401 362 "-" "Mozilla/5.0 (Windows NT 10.0; Win64; x64; rv:94.0) Gecko/20100101 Firefox/94.0"
192.168.1.2 - chris [18/Mar/2023:11:11:36 +0000] "PATCH /api/products" 204 478 "-" "Mozilla/5.0 (Macintosh; Intel Mac OS X 10_15_7) AppleWebKit/537.36 (KHTML, like Gecko) Chrome/94.0.4606.81 Safari/537.36"
192.168.1.3 - sarah [18/Mar/2023:11:11:36 +0000] "POST /api/products HTTP/1.1" 404 500 "-" "Mozilla/5.0 (Windows NT 10.0; Win64; x64) AppleWebKit/537.36 (KHTML, like Gecko) Chrome/93.0.4577.63 Safari/537.36"
192.168.1.1 - john [18/Mar/2023:11:11:36 +0000] "GET /api/invoices HTTP/1.1" 403 324 "-" "Mozilla/5.0 (Windows NT 10.0; Win64; x64; rv:94.0) Gecko/20100101 Firefox/94.0"
192.168.1.5 - chris [18/Mar/2023:11:11:36 +0000] "POST /api/users HTTP/1.1" 404 945 "-" "Mozilla/5.0 (Macintosh; Intel Mac OS X 10_15_7) AppleWebKit/537.36 (KHTML, like Gecko) Chrome/94.0.4606.81 Safari/537.36"
192.168.1.4 - chris [18/Mar/2023:11:11:36 +0000] "POST /api/products HTTP/1.1" 400 84 "-" "Mozilla/5.0 (Macintosh; Intel Mac OS X 10_15_7) AppleWebKit/537.36 (KHTML, like Gecko) Chrome/94.0.4606.81 Safari/537.36"
192.168.1.5 - john [18/Mar/2023:11:11:36 +0000] "PUT /api/invoices HTTP/1.1" 403 287 "-" "Mozilla/5.0 (Windows NT 10.0; Win64; x64) AppleWebKit/537.36 (KHTML, like Gecko) Chrome/93.0.4577.63 Safari/537.36"
192.168.1.5 - john [18/Mar/2023:11:11:36 +0000] "GET /api/invoices HTTP/1.1" 401 857 "-" "Mozilla/5.0 (Windows NT 10.0; Win64; x64; rv:94.0) Gecko/20100101 Firefox/94.0"
192.168.1.2 - emily [18/Mar/2023:11:11:36 +0000] "DELETE /api/invoices HTTP/1.1" 200 388 "-" "Mozilla/5.0 (Windows NT 10.0; Win64; x64) AppleWebKit/537.36 (KHTML, like Gecko) Chrome/94.0.4606.81 Safari/537.36"
192.168.1.1 - sarah [18/Mar/2023:11:11:36 +0000] "PUT /api/invoices HTTP/1.1" 201 678 "-" "Mozilla/5.0 (Windows NT 10.0; Win64; x64) AppleWebKit/537.36 (KHTML, like Gecko) Chrome/94.0.4606.81 Safari/537.36"
192.168.1.3 - emily [18/Mar/2023:11:11:36 +0000] "PUT /api/users HTTP/1.1" 204 71 "-" "Mozilla/5.0 (Windows NT 10.0; Win64; x64) AppleWebKit/537.36 (KHTML, like Gecko) Chrome/94.0.4606.81 Safari/537.36"
192.168.1.4 - mike [18/Mar/2023:11:11:36 +0000] "PATCH /api/products" 404 21 "-" "Mozilla/5.0 (Windows NT 10.0; Win64; x64; rv:94.0) Gecko/20100101 Firefox/94.0"
192.168.1.5 - john [18/Mar/2023:11:11:36 +0000] "PATCH /api/customers" 204 280 "-" "Mozilla/5.0 (Windows NT 10.0; Win64; x64) AppleWebKit/537.36 (KHTML, like Gecko) Chrome/93.0.4577.63 Safari/537.36"
192.168.1.2 - mike [18/Mar/2023:11:11:36 +0000] "PUT /api/users HTTP/1.1" 403 394 "-" "Mozilla/5.0 (Windows NT 10.0; Win64; x64) AppleWebKit/537.36 (KHTML, like Gecko) Chrome/93.0.4577.63 Safari/537.36"
192.168.1.5 - chris [18/Mar/2023:11:11:36 +0000] "GET /api/invoices HTTP/1.1" 403 182 "-" "Mozilla/5.0 (Macintosh; Intel Mac OS X 10_15_7) AppleWebKit/537.36 (KHTML, like Gecko) Chrome/94.0.4606.81 Safari/537.36"
192.168.1.2 - emily [18/Mar/2023:11:11:36 +0000] "PATCH /api/invoices" 204 717 "-" "Mozilla/5.0 (Windows NT 10.0; Win64; x64) AppleWebKit/537.36 (KHTML, like Gecko) Chrome/93.0.4577.63 Safari/537.36"
192.168.1.2 - john [18/Mar/2023:11:11:36 +0000] "PUT /api/products HTTP/1.1" 404 457 "-" "Mozilla/5.0 (Windows NT 10.0; Win64; x64; rv:94.0) Gecko/20100101 Firefox/94.0"
192.168.1.4 - sarah [18/Mar/2023:11:11:36 +0000] "POST /api/products HTTP/1.1" 401 945 "-" "Mozilla/5.0 (Windows NT 10.0; Win64; x64) AppleWebKit/537.36 (KHTML, like Gecko) Chrome/93.0.4577.63 Safari/537.36"
192.168.1.1 - chris [18/Mar/2023:11:11:36 +0000] "POST /api/users HTTP/1.1" 500 287 "-" "Mozilla/5.0 (Macintosh; Intel Mac OS X 10_15_7) AppleWebKit/537.36 (KHTML, like Gecko) Chrome/93.0.4577.63 Safari/537.36"
192.168.1.3 - emily [18/Mar/2023:11:11:36 +0000] "GET /api/customers HTTP/1.1" 400 58 "-" "Mozilla/5.0 (Windows NT 10.0; Win64; x64) AppleWebKit/537.36 (KHTML, like Gecko) Chrome/93.0.4577.63 Safari/537.36"
192.168.1.2 - chris [18/Mar/2023:11:11:36 +0000] "POST /api/invoices HTTP/1.1" 401 851 "-" "Mozilla/5.0 (Windows NT 10.0; Win64; x64) AppleWebKit/537.36 (KHTML, like Gecko) Chrome/93.0.4577.63 Safari/537.36"
192.168.1.1 - chris [18/Mar/2023:11:11:36 +0000] "POST /api/orders HTTP/1.1" 400 659 "-" "Mozilla/5.0 (Windows NT 10.0; Win64; x64) AppleWebKit/537.36 (KHTML, like Gecko) Chrome/93.0.4577.63 Safari/537.36"
192.168.1.4 - chris [18/Mar/2023:11:11:36 +0000] "DELETE /api/products HTTP/1.1" 403 915 "-" "Mozilla/5.0 (Windows NT 10.0; Win64; x64) AppleWebKit/537.36 (KHTML, like Gecko) Chrome/93.0.4577.63 Safari/537.36"
192.168.1.4 - chris [18/Mar/2023:11:11:36 +0000] "POST /api/users HTTP/1.1" 200 593 "-" "Mozilla/5.0 (Windows NT 10.0; Win64; x64; rv:94.0) Gecko/20100101 Firefox/94.0"
192.168.1.5 - john [18/Mar/2023:11:11:36 +0000] "POST /api/customers HTTP/1.1" 204 203 "-" "Mozilla/5.0 (Windows NT 10.0; Win64; x64; rv:93.0) Gecko/20100101 Firefox/93.0"
192.168.1.3 - sarah [18/Mar/2023:11:11:36 +0000] "GET /api/customers HTTP/1.1" 201 129 "-" "Mozilla/5.0 (Macintosh; Intel Mac OS X 10_15_7) AppleWebKit/537.36 (KHTML, like Gecko) Chrome/94.0.4606.81 Safari/537.36"
192.168.1.4 - mike [18/Mar/2023:11:11:36 +0000] "PATCH /api/orders" 403 463 "-" "Mozilla/5.0 (Windows NT 10.0; Win64; x64) AppleWebKit/537.36 (KHTML, like Gecko) Chrome/93.0.4577.63 Safari/537.36"
192.168.1.3 - john [18/Mar/2023:11:11:36 +0000] "GET /api/customers HTTP/1.1" 400 65 "-" "Mozilla/5.0 (Windows NT 10.0; Win64; x64) AppleWebKit/537.36 (KHTML, like Gecko) Chrome/94.0.4606.81 Safari/537.36"
192.168.1.4 - john [18/Mar/2023:11:11:36 +0000] "DELETE /api/invoices HTTP/1.1" 401 601 "-" "Mozilla/5.0 (Windows NT 10.0; Win64; x64) AppleWebKit/537.36 (KHTML, like Gecko) Chrome/94.0.4606.81 Safari/537.36"
192.168.1.2 - emily [18/Mar/2023:11:11:36 +0000] "GET /api/customers HTTP/1.1" 500 664 "-" "Mozilla/5.0 (Windows NT 10.0; Win64; x64) AppleWebKit/537.36 (KHTML, like Gecko) Chrome/94.0.4606.81 Safari/537.36"
192.168.1.2 - emily [18/Mar/2023:11:11:36 +0000] "GET /api/invoices HTTP/1.1" 403 892 "-" "Mozilla/5.0 (Macintosh; Intel Mac OS X 10_15_7) AppleWebKit/537.36 (KHTML, like Gecko) Chrome/94.0.4606.81 Safari/537.36"
192.168.1.4 - john [18/Mar/2023:11:11:36 +0000] "DELETE /api/orders HTTP/1.1" 400 900 "-" "Mozilla/5.0 (Windows NT 10.0; Win64; x64) AppleWebKit/537.36 (KHTML, like Gecko) Chrome/93.0.4577.63 Safari/537.36"
192.168.1.1 - chris [18/Mar/2023:11:11:36 +0000] "PUT /api/invoices HTTP/1.1" 401 634 "-" "Mozilla/5.0 (Windows NT 10.0; Win64; x64; rv:93.0) Gecko/20100101 Firefox/93.0"
192.168.1.3 - john [18/Mar/2023:11:11:36 +0000] "GET /api/users HTTP/1.1" 204 238 "-" "Mozilla/5.0 (Macintosh; Intel Mac OS X 10_15_7) AppleWebKit/537.36 (KHTML, like Gecko) Chrome/93.0.4577.63 Safari/537.36"
192.168.1.2 - mike [18/Mar/2023:11:11:36 +0000] "POST /api/products HTTP/1.1" 403 376 "-" "Mozilla/5.0 (Windows NT 10.0; Win64; x64; rv:94.0) Gecko/20100101 Firefox/94.0"
192.168.1.1 - emily [18/Mar/2023:11:11:36 +0000] "DELETE /api/customers HTTP/1.1" 400 828 "-" "Mozilla/5.0 (Windows NT 10.0; Win64; x64) AppleWebKit/537.36 (KHTML, like Gecko) Chrome/94.0.4606.81 Safari/537.36"
192.168.1.4 - john [18/Mar/2023:11:11:36 +0000] "PUT /api/customers HTTP/1.1" 200 992 "-" "Mozilla/5.0 (Windows NT 10.0; Win64; x64) AppleWebKit/537.36 (KHTML, like Gecko) Chrome/94.0.4606.81 Safari/537.36"
192.168.1.1 - emily [18/Mar/2023:11:11:36 +0000] "PATCH /api/customers" 200 844 "-" "Mozilla/5.0 (Macintosh; Intel Mac OS X 10_15_7) AppleWebKit/537.36 (KHTML, like Gecko) Chrome/93.0.4577.63 Safari/537.36"
192.168.1.5 - mike [18/Mar/2023:11:11:36 +0000] "PATCH /api/invoices" 204 137 "-" "Mozilla/5.0 (Windows NT 10.0; Win64; x64; rv:94.0) Gecko/20100101 Firefox/94.0"
192.168.1.3 - chris [18/Mar/2023:11:11:36 +0000] "DELETE /api/users HTTP/1.1" 201 634 "-" "Mozilla/5.0 (Windows NT 10.0; Win64; x64) AppleWebKit/537.36 (KHTML, like Gecko) Chrome/94.0.4606.81 Safari/537.36"
192.168.1.2 - sarah [18/Mar/2023:11:11:36 +0000] "DELETE /api/users HTTP/1.1" 403 23 "-" "Mozilla/5.0 (Windows NT 10.0; Win64; x64) AppleWebKit/537.36 (KHTML, like Gecko) Chrome/93.0.4577.63 Safari/537.36"
192.168.1.5 - chris [18/Mar/2023:11:11:36 +0000] "GET /api/users HTTP/1.1" 204 111 "-" "Mozilla/5.0 (Windows NT 10.0; Win64; x64) AppleWebKit/537.36 (KHTML, like Gecko) Chrome/93.0.4577.63 Safari/537.36"
192.168.1.4 - sarah [18/Mar/2023:11:11:36 +0000] "PATCH /api/products" 401 954 "-" "Mozilla/5.0 (Windows NT 10.0; Win64; x64) AppleWebKit/537.36 (KHTML, like Gecko) Chrome/93.0.4577.63 Safari/537.36"
192.168.1.4 - sarah [18/Mar/2023:11:11:36 +0000] "PUT /api/orders HTTP/1.1" 404 260 "-" "Mozilla/5.0 (Windows NT 10.0; Win64; x64; rv:93.0) Gecko/20100101 Firefox/93.0"
192.168.1.3 - chris [18/Mar/2023:11:11:36 +0000] "DELETE /api/invoices HTTP/1.1" 200 529 "-" "Mozilla/5.0 (Windows NT 10.0; Win64; x64; rv:94.0) Gecko/20100101 Firefox/94.0"
192.168.1.5 - sarah [18/Mar/2023:11:11:36 +0000] "DELETE /api/invoices HTTP/1.1" 200 175 "-" "Mozilla/5.0 (Windows NT 10.0; Win64; x64) AppleWebKit/537.36 (KHTML, like Gecko) Chrome/93.0.4577.63 Safari/537.36"
192.168.1.4 - chris [18/Mar/2023:11:11:36 +0000] "GET /api/invoices HTTP/1.1" 200 956 "-" "Mozilla/5.0 (Macintosh; Intel Mac OS X 10_15_7) AppleWebKit/537.36 (KHTML, like Gecko) Chrome/94.0.4606.81 Safari/537.36"
192.168.1.1 - chris [18/Mar/2023:11:11:36 +0000] "GET /api/users HTTP/1.1" 200 671 "-" "Mozilla/5.0 (Macintosh; Intel Mac OS X 10_15_7) AppleWebKit/537.36 (KHTML, like Gecko) Chrome/93.0.4577.63 Safari/537.36"
192.168.1.4 - john [18/Mar/2023:11:11:36 +0000] "DELETE /api/orders HTTP/1.1" 403 754 "-" "Mozilla/5.0 (Macintosh; Intel Mac OS X 10_15_7) AppleWebKit/537.36 (KHTML, like Gecko) Chrome/94.0.4606.81 Safari/537.36"
192.168.1.3 - sarah [18/Mar/2023:11:11:36 +0000] "PUT /api/invoices HTTP/1.1" 401 53 "-" "Mozilla/5.0 (Windows NT 10.0; Win64; x64; rv:94.0) Gecko/20100101 Firefox/94.0"
192.168.1.2 - sarah [18/Mar/2023:11:11:36 +0000] "PATCH /api/users" 400 301 "-" "Mozilla/5.0 (Macintosh; Intel Mac OS X 10_15_7) AppleWebKit/537.36 (KHTML, like Gecko) Chrome/94.0.4606.81 Safari/537.36"
192.168.1.5 - chris [18/Mar/2023:11:11:36 +0000] "GET /api/users HTTP/1.1" 400 236 "-" "Mozilla/5.0 (Windows NT 10.0; Win64; x64; rv:93.0) Gecko/20100101 Firefox/93.0"
192.168.1.4 - sarah [18/Mar/2023:11:11:36 +0000] "GET /api/products HTTP/1.1" 404 517 "-" "Mozilla/5.0 (Windows NT 10.0; Win64; x64) AppleWebKit/537.36 (KHTML, like Gecko) Chrome/94.0.4606.81 Safari/537.36"
192.168.1.4 - john [18/Mar/2023:11:11:36 +0000] "POST /api/invoices HTTP/1.1" 403 338 "-" "Mozilla/5.0 (Macintosh; Intel Mac OS X 10_15_7) AppleWebKit/537.36 (KHTML, like Gecko) Chrome/93.0.4577.63 Safari/537.36"
192.168.1.4 - emily [18/Mar/2023:11:11:36 +0000] "DELETE /api/invoices HTTP/1.1" 200 84 "-" "Mozilla/5.0 (Windows NT 10.0; Win64; x64) AppleWebKit/537.36 (KHTML, like Gecko) Chrome/93.0.4577.63 Safari/537.36"
192.168.1.5 - chris [18/Mar/2023:11:11:36 +0000] "POST /api/orders HTTP/1.1" 500 234 "-" "Mozilla/5.0 (Macintosh; Intel Mac OS X 10_15_7) AppleWebKit/537.36 (KHTML, like Gecko) Chrome/93.0.4577.63 Safari/537.36"
192.168.1.2 - emily [18/Mar/2023:11:11:36 +0000] "GET /api/invoices HTTP/1.1" 403 190 "-" "Mozilla/5.0 (Macintosh; Intel Mac OS X 10_15_7) AppleWebKit/537.36 (KHTML, like Gecko) Chrome/94.0.4606.81 Safari/537.36"
192.168.1.2 - sarah [18/Mar/2023:11:11:36 +0000] "GET /api/users HTTP/1.1" 500 245 "-" "Mozilla/5.0 (Macintosh; Intel Mac OS X 10_15_7) AppleWebKit/537.36 (KHTML, like Gecko) Chrome/93.0.4577.63 Safari/537.36"
192.168.1.2 - mike [18/Mar/2023:11:11:36 +0000] "PUT /api/orders HTTP/1.1" 500 100 "-" "Mozilla/5.0 (Macintosh; Intel Mac OS X 10_15_7) AppleWebKit/537.36 (KHTML, like Gecko) Chrome/93.0.4577.63 Safari/537.36"
192.168.1.2 - john [18/Mar/2023:11:11:36 +0000] "POST /api/invoices HTTP/1.1" 401 362 "-" "Mozilla/5.0 (Macintosh; Intel Mac OS X 10_15_7) AppleWebKit/537.36 (KHTML, like Gecko) Chrome/93.0.4577.63 Safari/537.36"
192.168.1.2 - mike [18/Mar/2023:11:11:36 +0000] "PUT /api/invoices HTTP/1.1" 400 190 "-" "Mozilla/5.0 (Windows NT 10.0; Win64; x64) AppleWebKit/537.36 (KHTML, like Gecko) Chrome/94.0.4606.81 Safari/537.36"
192.168.1.1 - emily [18/Mar/2023:11:11:36 +0000] "PUT /api/invoices HTTP/1.1" 401 959 "-" "Mozilla/5.0 (Windows NT 10.0; Win64; x64) AppleWebKit/537.36 (KHTML, like Gecko) Chrome/93.0.4577.63 Safari/537.36"
192.168.1.1 - emily [18/Mar/2023:11:11:36 +0000] "GET /api/invoices HTTP/1.1" 400 665 "-" "Mozilla/5.0 (Macintosh; Intel Mac OS X 10_15_7) AppleWebKit/537.36 (KHTML, like Gecko) Chrome/93.0.4577.63 Safari/537.36"
192.168.1.2 - sarah [18/Mar/2023:11:11:36 +0000] "POST /api/customers HTTP/1.1" 500 231 "-" "Mozilla/5.0 (Windows NT 10.0; Win64; x64) AppleWebKit/537.36 (KHTML, like Gecko) Chrome/93.0.4577.63 Safari/537.36"
192.168.1.1 - mike [18/Mar/2023:11:11:36 +0000] "PUT /api/orders HTTP/1.1" 200 613 "-" "Mozilla/5.0 (Macintosh; Intel Mac OS X 10_15_7) AppleWebKit/537.36 (KHTML, like Gecko) Chrome/94.0.4606.81 Safari/537.36"
192.168.1.1 - john [18/Mar/2023:11:11:36 +0000] "DELETE /api/users HTTP/1.1" 404 418 "-" "Mozilla/5.0 (Windows NT 10.0; Win64; x64; rv:93.0) Gecko/20100101 Firefox/93.0"
192.168.1.1 - chris [18/Mar/2023:11:11:36 +0000] "PATCH /api/orders" 401 979 "-" "Mozilla/5.0 (Windows NT 10.0; Win64; x64) AppleWebKit/537.36 (KHTML, like Gecko) Chrome/94.0.4606.81 Safari/537.36"
192.168.1.3 - john [18/Mar/2023:11:11:36 +0000] "PUT /api/invoices HTTP/1.1" 204 252 "-" "Mozilla/5.0 (Macintosh; Intel Mac OS X 10_15_7) AppleWebKit/537.36 (KHTML, like Gecko) Chrome/93.0.4577.63 Safari/537.36"
192.168.1.3 - sarah [18/Mar/2023:11:11:36 +0000] "GET /api/customers HTTP/1.1" 403 330 "-" "Mozilla/5.0 (Windows NT 10.0; Win64; x64; rv:93.0) Gecko/20100101 Firefox/93.0"
192.168.1.1 - emily [18/Mar/2023:11:11:36 +0000] "GET /api/invoices HTTP/1.1" 500 326 "-" "Mozilla/5.0 (Macintosh; Intel Mac OS X 10_15_7) AppleWebKit/537.36 (KHTML, like Gecko) Chrome/93.0.4577.63 Safari/537.36"
192.168.1.1 - john [18/Mar/2023:11:11:36 +0000] "PUT /api/invoices HTTP/1.1" 400 470 "-" "Mozilla/5.0 (Windows NT 10.0; Win64; x64) AppleWebKit/537.36 (KHTML, like Gecko) Chrome/94.0.4606.81 Safari/537.36"
192.168.1.4 - emily [18/Mar/2023:11:11:36 +0000] "PATCH /api/invoices" 201 184 "-" "Mozilla/5.0 (Windows NT 10.0; Win64; x64) AppleWebKit/537.36 (KHTML, like Gecko) Chrome/94.0.4606.81 Safari/537.36"
192.168.1.4 - sarah [18/Mar/2023:11:11:36 +0000] "GET /api/users HTTP/1.1" 400 190 "-" "Mozilla/5.0 (Macintosh; Intel Mac OS X 10_15_7) AppleWebKit/537.36 (KHTML, like Gecko) Chrome/94.0.4606.81 Safari/537.36"
