192.168.1.3 - - [15/Mar/2023:19:15:49 +0000] "DELETE /api/orders HTTP/1.1" 200 816 "-" "Mozilla/5.0 (Windows NT 10.0; Win64; x64) AppleWebKit/537.36 (KHTML, like Gecko) Chrome/93.0.4577.63 Safari/537.36"
192.168.1.1 - - [15/Mar/2023:19:15:49 +0000] "PATCH /api/customers" 404 146 "-" "Mozilla/5.0 (Macintosh; Intel Mac OS X 10_15_7) AppleWebKit/537.36 (KHTML, like Gecko) Chrome/93.0.4577.63 Safari/537.36"
192.168.1.3 - - [15/Mar/2023:19:15:49 +0000] "DELETE /api/invoices HTTP/1.1" 404 898 "-" "Mozilla/5.0 (Windows NT 10.0; Win64; x64) AppleWebKit/537.36 (KHTML, like Gecko) Chrome/93.0.4577.63 Safari/537.36"
192.168.1.3 - - [15/Mar/2023:19:15:49 +0000] "DELETE /api/products HTTP/1.1" 401 532 "-" "Mozilla/5.0 (Windows NT 10.0; Win64; x64; rv:93.0) Gecko/20100101 Firefox/93.0"
192.168.1.4 - - [15/Mar/2023:19:15:49 +0000] "PUT /api/products HTTP/1.1" 500 1000 "-" "Mozilla/5.0 (Macintosh; Intel Mac OS X 10_15_7) AppleWebKit/537.36 (KHTML, like Gecko) Chrome/93.0.4577.63 Safari/537.36"
192.168.1.4 - - [15/Mar/2023:19:15:49 +0000] "DELETE /api/orders HTTP/1.1" 403 295 "-" "Mozilla/5.0 (Windows NT 10.0; Win64; x64; rv:93.0) Gecko/20100101 Firefox/93.0"
192.168.1.2 - - [15/Mar/2023:19:15:49 +0000] "DELETE /api/products HTTP/1.1" 200 114 "-" "Mozilla/5.0 (Macintosh; Intel Mac OS X 10_15_7) AppleWebKit/537.36 (KHTML, like Gecko) Chrome/94.0.4606.81 Safari/537.36"
192.168.1.4 - - [15/Mar/2023:19:15:49 +0000] "GET /api/invoices HTTP/1.1" 403 573 "-" "Mozilla/5.0 (Windows NT 10.0; Win64; x64; rv:93.0) Gecko/20100101 Firefox/93.0"
192.168.1.3 - - [15/Mar/2023:19:15:49 +0000] "POST /api/customers HTTP/1.1" 404 568 "-" "Mozilla/5.0 (Macintosh; Intel Mac OS X 10_15_7) AppleWebKit/537.36 (KHTML, like Gecko) Chrome/93.0.4577.63 Safari/537.36"
192.168.1.5 - - [15/Mar/2023:19:15:49 +0000] "DELETE /api/customers HTTP/1.1" 404 892 "-" "Mozilla/5.0 (Macintosh; Intel Mac OS X 10_15_7) AppleWebKit/537.36 (KHTML, like Gecko) Chrome/93.0.4577.63 Safari/537.36"
192.168.1.5 - - [15/Mar/2023:19:15:49 +0000] "PUT /api/invoices HTTP/1.1" 201 459 "-" "Mozilla/5.0 (Macintosh; Intel Mac OS X 10_15_7) AppleWebKit/537.36 (KHTML, like Gecko) Chrome/93.0.4577.63 Safari/537.36"
192.168.1.1 - - [15/Mar/2023:19:15:49 +0000] "GET /api/users HTTP/1.1" 204 944 "-" "Mozilla/5.0 (Windows NT 10.0; Win64; x64; rv:94.0) Gecko/20100101 Firefox/94.0"
192.168.1.5 - - [15/Mar/2023:19:15:49 +0000] "GET /api/orders HTTP/1.1" 201 822 "-" "Mozilla/5.0 (Macintosh; Intel Mac OS X 10_15_7) AppleWebKit/537.36 (KHTML, like Gecko) Chrome/93.0.4577.63 Safari/537.36"
192.168.1.3 - - [15/Mar/2023:19:15:49 +0000] "GET /api/invoices HTTP/1.1" 404 910 "-" "Mozilla/5.0 (Windows NT 10.0; Win64; x64; rv:93.0) Gecko/20100101 Firefox/93.0"
192.168.1.2 - - [15/Mar/2023:19:15:49 +0000] "PATCH /api/orders" 200 594 "-" "Mozilla/5.0 (Windows NT 10.0; Win64; x64; rv:93.0) Gecko/20100101 Firefox/93.0"
192.168.1.2 - - [15/Mar/2023:19:15:49 +0000] "DELETE /api/invoices HTTP/1.1" 403 526 "-" "Mozilla/5.0 (Windows NT 10.0; Win64; x64; rv:93.0) Gecko/20100101 Firefox/93.0"
192.168.1.2 - - [15/Mar/2023:19:15:49 +0000] "GET /api/users HTTP/1.1" 400 785 "-" "Mozilla/5.0 (Windows NT 10.0; Win64; x64; rv:93.0) Gecko/20100101 Firefox/93.0"
192.168.1.4 - - [15/Mar/2023:19:15:49 +0000] "PATCH /api/orders" 400 802 "-" "Mozilla/5.0 (Windows NT 10.0; Win64; x64) AppleWebKit/537.36 (KHTML, like Gecko) Chrome/94.0.4606.81 Safari/537.36"
192.168.1.4 - - [15/Mar/2023:19:15:49 +0000] "DELETE /api/users HTTP/1.1" 404 999 "-" "Mozilla/5.0 (Windows NT 10.0; Win64; x64) AppleWebKit/537.36 (KHTML, like Gecko) Chrome/93.0.4577.63 Safari/537.36"
192.168.1.4 - - [15/Mar/2023:19:15:49 +0000] "PUT /api/invoices HTTP/1.1" 404 703 "-" "Mozilla/5.0 (Macintosh; Intel Mac OS X 10_15_7) AppleWebKit/537.36 (KHTML, like Gecko) Chrome/94.0.4606.81 Safari/537.36"
192.168.1.2 - - [15/Mar/2023:19:15:49 +0000] "PUT /api/customers HTTP/1.1" 400 341 "-" "Mozilla/5.0 (Windows NT 10.0; Win64; x64) AppleWebKit/537.36 (KHTML, like Gecko) Chrome/93.0.4577.63 Safari/537.36"
192.168.1.2 - - [15/Mar/2023:19:15:49 +0000] "POST /api/customers HTTP/1.1" 401 136 "-" "Mozilla/5.0 (Macintosh; Intel Mac OS X 10_15_7) AppleWebKit/537.36 (KHTML, like Gecko) Chrome/94.0.4606.81 Safari/537.36"
192.168.1.1 - - [15/Mar/2023:19:15:49 +0000] "GET /api/orders HTTP/1.1" 404 100 "-" "Mozilla/5.0 (Windows NT 10.0; Win64; x64; rv:94.0) Gecko/20100101 Firefox/94.0"
192.168.1.2 - - [15/Mar/2023:19:15:49 +0000] "PUT /api/customers HTTP/1.1" 403 137 "-" "Mozilla/5.0 (Windows NT 10.0; Win64; x64; rv:93.0) Gecko/20100101 Firefox/93.0"
192.168.1.2 - - [15/Mar/2023:19:15:49 +0000] "DELETE /api/invoices HTTP/1.1" 204 12 "-" "Mozilla/5.0 (Windows NT 10.0; Win64; x64; rv:94.0) Gecko/20100101 Firefox/94.0"
192.168.1.2 - - [15/Mar/2023:19:15:49 +0000] "POST /api/products HTTP/1.1" 403 281 "-" "Mozilla/5.0 (Windows NT 10.0; Win64; x64) AppleWebKit/537.36 (KHTML, like Gecko) Chrome/94.0.4606.81 Safari/537.36"
192.168.1.1 - - [15/Mar/2023:19:15:49 +0000] "PUT /api/orders HTTP/1.1" 400 196 "-" "Mozilla/5.0 (Macintosh; Intel Mac OS X 10_15_7) AppleWebKit/537.36 (KHTML, like Gecko) Chrome/94.0.4606.81 Safari/537.36"
192.168.1.3 - - [15/Mar/2023:19:15:49 +0000] "PUT /api/products HTTP/1.1" 400 554 "-" "Mozilla/5.0 (Macintosh; Intel Mac OS X 10_15_7) AppleWebKit/537.36 (KHTML, like Gecko) Chrome/93.0.4577.63 Safari/537.36"
192.168.1.4 - - [15/Mar/2023:19:15:49 +0000] "DELETE /api/orders HTTP/1.1" 401 362 "-" "Mozilla/5.0 (Windows NT 10.0; Win64; x64; rv:93.0) Gecko/20100101 Firefox/93.0"
192.168.1.5 - - [15/Mar/2023:19:15:49 +0000] "PATCH /api/orders" 200 278 "-" "Mozilla/5.0 (Macintosh; Intel Mac OS X 10_15_7) AppleWebKit/537.36 (KHTML, like Gecko) Chrome/94.0.4606.81 Safari/537.36"
192.168.1.4 - - [15/Mar/2023:19:15:49 +0000] "POST /api/invoices HTTP/1.1" 401 219 "-" "Mozilla/5.0 (Windows NT 10.0; Win64; x64; rv:93.0) Gecko/20100101 Firefox/93.0"
192.168.1.4 - - [15/Mar/2023:19:15:49 +0000] "GET /api/invoices HTTP/1.1" 200 163 "-" "Mozilla/5.0 (Macintosh; Intel Mac OS X 10_15_7) AppleWebKit/537.36 (KHTML, like Gecko) Chrome/94.0.4606.81 Safari/537.36"
192.168.1.1 - - [15/Mar/2023:19:15:49 +0000] "GET /api/users HTTP/1.1" 201 993 "-" "Mozilla/5.0 (Windows NT 10.0; Win64; x64) AppleWebKit/537.36 (KHTML, like Gecko) Chrome/94.0.4606.81 Safari/537.36"
192.168.1.4 - - [15/Mar/2023:19:15:49 +0000] "DELETE /api/orders HTTP/1.1" 201 525 "-" "Mozilla/5.0 (Macintosh; Intel Mac OS X 10_15_7) AppleWebKit/537.36 (KHTML, like Gecko) Chrome/93.0.4577.63 Safari/537.36"
192.168.1.3 - - [15/Mar/2023:19:15:49 +0000] "DELETE /api/users HTTP/1.1" 201 263 "-" "Mozilla/5.0 (Windows NT 10.0; Win64; x64; rv:93.0) Gecko/20100101 Firefox/93.0"
192.168.1.2 - - [15/Mar/2023:19:15:49 +0000] "PATCH /api/invoices" 400 939 "-" "Mozilla/5.0 (Windows NT 10.0; Win64; x64) AppleWebKit/537.36 (KHTML, like Gecko) Chrome/93.0.4577.63 Safari/537.36"
192.168.1.4 - - [15/Mar/2023:19:15:49 +0000] "PUT /api/users HTTP/1.1" 201 967 "-" "Mozilla/5.0 (Windows NT 10.0; Win64; x64; rv:93.0) Gecko/20100101 Firefox/93.0"
192.168.1.5 - - [15/Mar/2023:19:15:49 +0000] "POST /api/customers HTTP/1.1" 200 394 "-" "Mozilla/5.0 (Windows NT 10.0; Win64; x64; rv:94.0) Gecko/20100101 Firefox/94.0"
192.168.1.5 - - [15/Mar/2023:19:15:49 +0000] "POST /api/products HTTP/1.1" 204 580 "-" "Mozilla/5.0 (Windows NT 10.0; Win64; x64) AppleWebKit/537.36 (KHTML, like Gecko) Chrome/93.0.4577.63 Safari/537.36"
192.168.1.1 - - [15/Mar/2023:19:15:49 +0000] "PUT /api/orders HTTP/1.1" 500 807 "-" "Mozilla/5.0 (Windows NT 10.0; Win64; x64; rv:93.0) Gecko/20100101 Firefox/93.0"
192.168.1.2 - - [15/Mar/2023:19:15:49 +0000] "DELETE /api/customers HTTP/1.1" 500 40 "-" "Mozilla/5.0 (Windows NT 10.0; Win64; x64; rv:94.0) Gecko/20100101 Firefox/94.0"
192.168.1.4 - - [15/Mar/2023:19:15:49 +0000] "PUT /api/invoices HTTP/1.1" 401 307 "-" "Mozilla/5.0 (Windows NT 10.0; Win64; x64) AppleWebKit/537.36 (KHTML, like Gecko) Chrome/94.0.4606.81 Safari/537.36"
192.168.1.4 - - [15/Mar/2023:19:15:49 +0000] "PATCH /api/products" 201 757 "-" "Mozilla/5.0 (Windows NT 10.0; Win64; x64; rv:94.0) Gecko/20100101 Firefox/94.0"
192.168.1.5 - - [15/Mar/2023:19:15:49 +0000] "GET /api/invoices HTTP/1.1" 200 850 "-" "Mozilla/5.0 (Windows NT 10.0; Win64; x64; rv:93.0) Gecko/20100101 Firefox/93.0"
192.168.1.1 - - [15/Mar/2023:19:15:49 +0000] "POST /api/users HTTP/1.1" 404 331 "-" "Mozilla/5.0 (Windows NT 10.0; Win64; x64) AppleWebKit/537.36 (KHTML, like Gecko) Chrome/94.0.4606.81 Safari/537.36"
192.168.1.4 - - [15/Mar/2023:19:15:49 +0000] "GET /api/users HTTP/1.1" 404 454 "-" "Mozilla/5.0 (Windows NT 10.0; Win64; x64; rv:93.0) Gecko/20100101 Firefox/93.0"
192.168.1.5 - - [15/Mar/2023:19:15:49 +0000] "POST /api/invoices HTTP/1.1" 400 37 "-" "Mozilla/5.0 (Windows NT 10.0; Win64; x64; rv:93.0) Gecko/20100101 Firefox/93.0"
192.168.1.1 - - [15/Mar/2023:19:15:49 +0000] "PATCH /api/customers" 403 596 "-" "Mozilla/5.0 (Macintosh; Intel Mac OS X 10_15_7) AppleWebKit/537.36 (KHTML, like Gecko) Chrome/94.0.4606.81 Safari/537.36"
192.168.1.1 - - [15/Mar/2023:19:15:49 +0000] "POST /api/customers HTTP/1.1" 401 847 "-" "Mozilla/5.0 (Windows NT 10.0; Win64; x64; rv:93.0) Gecko/20100101 Firefox/93.0"
192.168.1.3 - - [15/Mar/2023:19:15:49 +0000] "PUT /api/customers HTTP/1.1" 404 80 "-" "Mozilla/5.0 (Windows NT 10.0; Win64; x64; rv:94.0) Gecko/20100101 Firefox/94.0"
192.168.1.4 - - [15/Mar/2023:19:15:49 +0000] "GET /api/customers HTTP/1.1" 400 189 "-" "Mozilla/5.0 (Macintosh; Intel Mac OS X 10_15_7) AppleWebKit/537.36 (KHTML, like Gecko) Chrome/94.0.4606.81 Safari/537.36"
192.168.1.3 - - [15/Mar/2023:19:15:49 +0000] "PATCH /api/customers" 404 10 "-" "Mozilla/5.0 (Windows NT 10.0; Win64; x64; rv:93.0) Gecko/20100101 Firefox/93.0"
192.168.1.3 - - [15/Mar/2023:19:15:49 +0000] "GET /api/customers HTTP/1.1" 200 481 "-" "Mozilla/5.0 (Windows NT 10.0; Win64; x64) AppleWebKit/537.36 (KHTML, like Gecko) Chrome/93.0.4577.63 Safari/537.36"
192.168.1.4 - - [15/Mar/2023:19:15:49 +0000] "PUT /api/users HTTP/1.1" 204 351 "-" "Mozilla/5.0 (Windows NT 10.0; Win64; x64; rv:94.0) Gecko/20100101 Firefox/94.0"
192.168.1.1 - - [15/Mar/2023:19:15:49 +0000] "GET /api/orders HTTP/1.1" 401 749 "-" "Mozilla/5.0 (Windows NT 10.0; Win64; x64; rv:93.0) Gecko/20100101 Firefox/93.0"
192.168.1.5 - - [15/Mar/2023:19:15:49 +0000] "DELETE /api/orders HTTP/1.1" 403 169 "-" "Mozilla/5.0 (Macintosh; Intel Mac OS X 10_15_7) AppleWebKit/537.36 (KHTML, like Gecko) Chrome/93.0.4577.63 Safari/537.36"
192.168.1.4 - - [15/Mar/2023:19:15:49 +0000] "POST /api/orders HTTP/1.1" 500 973 "-" "Mozilla/5.0 (Windows NT 10.0; Win64; x64; rv:94.0) Gecko/20100101 Firefox/94.0"
192.168.1.2 - - [15/Mar/2023:19:15:49 +0000] "POST /api/customers HTTP/1.1" 400 659 "-" "Mozilla/5.0 (Windows NT 10.0; Win64; x64; rv:93.0) Gecko/20100101 Firefox/93.0"
192.168.1.2 - - [15/Mar/2023:19:15:49 +0000] "GET /api/orders HTTP/1.1" 403 437 "-" "Mozilla/5.0 (Windows NT 10.0; Win64; x64) AppleWebKit/537.36 (KHTML, like Gecko) Chrome/94.0.4606.81 Safari/537.36"
192.168.1.4 - - [15/Mar/2023:19:15:49 +0000] "PUT /api/invoices HTTP/1.1" 404 624 "-" "Mozilla/5.0 (Macintosh; Intel Mac OS X 10_15_7) AppleWebKit/537.36 (KHTML, like Gecko) Chrome/93.0.4577.63 Safari/537.36"
192.168.1.2 - - [15/Mar/2023:19:15:49 +0000] "POST /api/customers HTTP/1.1" 400 862 "-" "Mozilla/5.0 (Windows NT 10.0; Win64; x64) AppleWebKit/537.36 (KHTML, like Gecko) Chrome/93.0.4577.63 Safari/537.36"
192.168.1.1 - - [15/Mar/2023:19:15:49 +0000] "POST /api/orders HTTP/1.1" 201 656 "-" "Mozilla/5.0 (Windows NT 10.0; Win64; x64; rv:93.0) Gecko/20100101 Firefox/93.0"
192.168.1.4 - - [15/Mar/2023:19:15:49 +0000] "PUT /api/customers HTTP/1.1" 500 872 "-" "Mozilla/5.0 (Macintosh; Intel Mac OS X 10_15_7) AppleWebKit/537.36 (KHTML, like Gecko) Chrome/93.0.4577.63 Safari/537.36"
192.168.1.1 - - [15/Mar/2023:19:15:49 +0000] "DELETE /api/customers HTTP/1.1" 201 245 "-" "Mozilla/5.0 (Windows NT 10.0; Win64; x64; rv:94.0) Gecko/20100101 Firefox/94.0"
192.168.1.1 - - [15/Mar/2023:19:15:49 +0000] "DELETE /api/customers HTTP/1.1" 403 473 "-" "Mozilla/5.0 (Macintosh; Intel Mac OS X 10_15_7) AppleWebKit/537.36 (KHTML, like Gecko) Chrome/93.0.4577.63 Safari/537.36"
192.168.1.5 - - [15/Mar/2023:19:15:49 +0000] "PATCH /api/customers" 500 907 "-" "Mozilla/5.0 (Windows NT 10.0; Win64; x64) AppleWebKit/537.36 (KHTML, like Gecko) Chrome/94.0.4606.81 Safari/537.36"
192.168.1.1 - - [15/Mar/2023:19:15:49 +0000] "PUT /api/invoices HTTP/1.1" 400 757 "-" "Mozilla/5.0 (Windows NT 10.0; Win64; x64) AppleWebKit/537.36 (KHTML, like Gecko) Chrome/93.0.4577.63 Safari/537.36"
192.168.1.2 - - [15/Mar/2023:19:15:49 +0000] "POST /api/products HTTP/1.1" 201 241 "-" "Mozilla/5.0 (Windows NT 10.0; Win64; x64; rv:94.0) Gecko/20100101 Firefox/94.0"
192.168.1.1 - - [15/Mar/2023:19:15:49 +0000] "POST /api/orders HTTP/1.1" 401 142 "-" "Mozilla/5.0 (Macintosh; Intel Mac OS X 10_15_7) AppleWebKit/537.36 (KHTML, like Gecko) Chrome/93.0.4577.63 Safari/537.36"
192.168.1.2 - - [15/Mar/2023:19:15:49 +0000] "GET /api/orders HTTP/1.1" 401 52 "-" "Mozilla/5.0 (Windows NT 10.0; Win64; x64; rv:93.0) Gecko/20100101 Firefox/93.0"
192.168.1.3 - - [15/Mar/2023:19:15:49 +0000] "DELETE /api/products HTTP/1.1" 201 618 "-" "Mozilla/5.0 (Windows NT 10.0; Win64; x64) AppleWebKit/537.36 (KHTML, like Gecko) Chrome/93.0.4577.63 Safari/537.36"
192.168.1.4 - - [15/Mar/2023:19:15:49 +0000] "GET /api/products HTTP/1.1" 401 354 "-" "Mozilla/5.0 (Windows NT 10.0; Win64; x64) AppleWebKit/537.36 (KHTML, like Gecko) Chrome/94.0.4606.81 Safari/537.36"
192.168.1.4 - - [15/Mar/2023:19:15:49 +0000] "GET /api/products HTTP/1.1" 500 53 "-" "Mozilla/5.0 (Windows NT 10.0; Win64; x64; rv:94.0) Gecko/20100101 Firefox/94.0"
192.168.1.3 - - [15/Mar/2023:19:15:49 +0000] "PUT /api/invoices HTTP/1.1" 404 910 "-" "Mozilla/5.0 (Windows NT 10.0; Win64; x64) AppleWebKit/537.36 (KHTML, like Gecko) Chrome/94.0.4606.81 Safari/537.36"
192.168.1.1 - - [15/Mar/2023:19:15:49 +0000] "GET /api/invoices HTTP/1.1" 401 401 "-" "Mozilla/5.0 (Macintosh; Intel Mac OS X 10_15_7) AppleWebKit/537.36 (KHTML, like Gecko) Chrome/93.0.4577.63 Safari/537.36"
192.168.1.2 - - [15/Mar/2023:19:15:49 +0000] "POST /api/products HTTP/1.1" 204 637 "-" "Mozilla/5.0 (Macintosh; Intel Mac OS X 10_15_7) AppleWebKit/537.36 (KHTML, like Gecko) Chrome/94.0.4606.81 Safari/537.36"
192.168.1.5 - - [15/Mar/2023:19:15:49 +0000] "DELETE /api/invoices HTTP/1.1" 500 384 "-" "Mozilla/5.0 (Windows NT 10.0; Win64; x64) AppleWebKit/537.36 (KHTML, like Gecko) Chrome/94.0.4606.81 Safari/537.36"
192.168.1.2 - - [15/Mar/2023:19:15:49 +0000] "PATCH /api/customers" 500 565 "-" "Mozilla/5.0 (Macintosh; Intel Mac OS X 10_15_7) AppleWebKit/537.36 (KHTML, like Gecko) Chrome/94.0.4606.81 Safari/537.36"
192.168.1.1 - - [15/Mar/2023:19:15:49 +0000] "GET /api/products HTTP/1.1" 204 75 "-" "Mozilla/5.0 (Macintosh; Intel Mac OS X 10_15_7) AppleWebKit/537.36 (KHTML, like Gecko) Chrome/94.0.4606.81 Safari/537.36"
192.168.1.4 - - [15/Mar/2023:19:15:49 +0000] "DELETE /api/customers HTTP/1.1" 500 904 "-" "Mozilla/5.0 (Windows NT 10.0; Win64; x64; rv:94.0) Gecko/20100101 Firefox/94.0"
192.168.1.4 - - [15/Mar/2023:19:15:49 +0000] "DELETE /api/users HTTP/1.1" 404 370 "-" "Mozilla/5.0 (Windows NT 10.0; Win64; x64; rv:93.0) Gecko/20100101 Firefox/93.0"
192.168.1.4 - - [15/Mar/2023:19:15:49 +0000] "PATCH /api/users" 204 432 "-" "Mozilla/5.0 (Macintosh; Intel Mac OS X 10_15_7) AppleWebKit/537.36 (KHTML, like Gecko) Chrome/93.0.4577.63 Safari/537.36"
192.168.1.5 - - [15/Mar/2023:19:15:49 +0000] "PATCH /api/orders" 401 760 "-" "Mozilla/5.0 (Windows NT 10.0; Win64; x64) AppleWebKit/537.36 (KHTML, like Gecko) Chrome/93.0.4577.63 Safari/537.36"
192.168.1.1 - - [15/Mar/2023:19:15:49 +0000] "GET /api/products HTTP/1.1" 201 452 "-" "Mozilla/5.0 (Windows NT 10.0; Win64; x64; rv:94.0) Gecko/20100101 Firefox/94.0"
192.168.1.1 - - [15/Mar/2023:19:15:49 +0000] "PATCH /api/orders" 403 494 "-" "Mozilla/5.0 (Windows NT 10.0; Win64; x64) AppleWebKit/537.36 (KHTML, like Gecko) Chrome/93.0.4577.63 Safari/537.36"
192.168.1.3 - - [15/Mar/2023:19:15:49 +0000] "GET /api/invoices HTTP/1.1" 404 282 "-" "Mozilla/5.0 (Windows NT 10.0; Win64; x64; rv:94.0) Gecko/20100101 Firefox/94.0"
192.168.1.2 - - [15/Mar/2023:19:15:49 +0000] "GET /api/users HTTP/1.1" 200 630 "-" "Mozilla/5.0 (Windows NT 10.0; Win64; x64; rv:94.0) Gecko/20100101 Firefox/94.0"
192.168.1.1 - - [15/Mar/2023:19:15:49 +0000] "GET /api/products HTTP/1.1" 403 935 "-" "Mozilla/5.0 (Macintosh; Intel Mac OS X 10_15_7) AppleWebKit/537.36 (KHTML, like Gecko) Chrome/93.0.4577.63 Safari/537.36"
192.168.1.2 - - [15/Mar/2023:19:15:49 +0000] "GET /api/users HTTP/1.1" 201 814 "-" "Mozilla/5.0 (Windows NT 10.0; Win64; x64) AppleWebKit/537.36 (KHTML, like Gecko) Chrome/94.0.4606.81 Safari/537.36"
192.168.1.3 - - [15/Mar/2023:19:15:49 +0000] "GET /api/customers HTTP/1.1" 401 778 "-" "Mozilla/5.0 (Windows NT 10.0; Win64; x64; rv:94.0) Gecko/20100101 Firefox/94.0"
192.168.1.1 - - [15/Mar/2023:19:15:49 +0000] "PUT /api/products HTTP/1.1" 401 858 "-" "Mozilla/5.0 (Macintosh; Intel Mac OS X 10_15_7) AppleWebKit/537.36 (KHTML, like Gecko) Chrome/93.0.4577.63 Safari/537.36"
192.168.1.5 - - [15/Mar/2023:19:15:49 +0000] "PUT /api/orders HTTP/1.1" 204 302 "-" "Mozilla/5.0 (Windows NT 10.0; Win64; x64; rv:93.0) Gecko/20100101 Firefox/93.0"
192.168.1.2 - - [15/Mar/2023:19:15:49 +0000] "GET /api/products HTTP/1.1" 500 801 "-" "Mozilla/5.0 (Windows NT 10.0; Win64; x64) AppleWebKit/537.36 (KHTML, like Gecko) Chrome/94.0.4606.81 Safari/537.36"
192.168.1.5 - - [15/Mar/2023:19:15:49 +0000] "PATCH /api/users" 200 826 "-" "Mozilla/5.0 (Windows NT 10.0; Win64; x64; rv:93.0) Gecko/20100101 Firefox/93.0"
192.168.1.4 - - [15/Mar/2023:19:15:49 +0000] "PUT /api/invoices HTTP/1.1" 201 871 "-" "Mozilla/5.0 (Windows NT 10.0; Win64; x64; rv:94.0) Gecko/20100101 Firefox/94.0"
192.168.1.4 - - [15/Mar/2023:19:15:49 +0000] "PUT /api/orders HTTP/1.1" 500 436 "-" "Mozilla/5.0 (Macintosh; Intel Mac OS X 10_15_7) AppleWebKit/537.36 (KHTML, like Gecko) Chrome/94.0.4606.81 Safari/537.36"
192.168.1.1 - - [15/Mar/2023:19:15:49 +0000] "DELETE /api/products HTTP/1.1" 401 210 "-" "Mozilla/5.0 (Windows NT 10.0; Win64; x64; rv:93.0) Gecko/20100101 Firefox/93.0"
192.168.1.3 - - [15/Mar/2023:19:15:49 +0000] "DELETE /api/invoices HTTP/1.1" 403 411 "-" "Mozilla/5.0 (Macintosh; Intel Mac OS X 10_15_7) AppleWebKit/537.36 (KHTML, like Gecko) Chrome/93.0.4577.63 Safari/537.36"
192.168.1.3 - - [15/Mar/2023:19:15:49 +0000] "GET /api/orders HTTP/1.1" 400 149 "-" "Mozilla/5.0 (Windows NT 10.0; Win64; x64; rv:94.0) Gecko/20100101 Firefox/94.0"
192.168.1.3 - - [15/Mar/2023:19:15:49 +0000] "PATCH /api/products" 403 720 "-" "Mozilla/5.0 (Windows NT 10.0; Win64; x64) AppleWebKit/537.36 (KHTML, like Gecko) Chrome/94.0.4606.81 Safari/537.36"
192.168.1.5 - - [15/Mar/2023:19:15:49 +0000] "DELETE /api/products HTTP/1.1" 201 563 "-" "Mozilla/5.0 (Windows NT 10.0; Win64; x64) AppleWebKit/537.36 (KHTML, like Gecko) Chrome/94.0.4606.81 Safari/537.36"
192.168.1.5 - - [15/Mar/2023:19:15:49 +0000] "PATCH /api/customers" 401 185 "-" "Mozilla/5.0 (Macintosh; Intel Mac OS X 10_15_7) AppleWebKit/537.36 (KHTML, like Gecko) Chrome/93.0.4577.63 Safari/537.36"
192.168.1.1 - - [15/Mar/2023:19:15:49 +0000] "PUT /api/users HTTP/1.1" 404 197 "-" "Mozilla/5.0 (Macintosh; Intel Mac OS X 10_15_7) AppleWebKit/537.36 (KHTML, like Gecko) Chrome/93.0.4577.63 Safari/537.36"
192.168.1.1 - - [15/Mar/2023:19:15:49 +0000] "DELETE /api/orders HTTP/1.1" 401 333 "-" "Mozilla/5.0 (Windows NT 10.0; Win64; x64) AppleWebKit/537.36 (KHTML, like Gecko) Chrome/93.0.4577.63 Safari/537.36"
192.168.1.1 - - [15/Mar/2023:19:15:49 +0000] "PUT /api/users HTTP/1.1" 200 750 "-" "Mozilla/5.0 (Windows NT 10.0; Win64; x64; rv:93.0) Gecko/20100101 Firefox/93.0"
192.168.1.1 - - [15/Mar/2023:19:15:49 +0000] "POST /api/users HTTP/1.1" 404 469 "-" "Mozilla/5.0 (Macintosh; Intel Mac OS X 10_15_7) AppleWebKit/537.36 (KHTML, like Gecko) Chrome/93.0.4577.63 Safari/537.36"
192.168.1.4 - - [15/Mar/2023:19:15:49 +0000] "PATCH /api/customers" 403 646 "-" "Mozilla/5.0 (Windows NT 10.0; Win64; x64) AppleWebKit/537.36 (KHTML, like Gecko) Chrome/93.0.4577.63 Safari/537.36"
192.168.1.1 - - [15/Mar/2023:19:15:49 +0000] "DELETE /api/orders HTTP/1.1" 201 643 "-" "Mozilla/5.0 (Windows NT 10.0; Win64; x64) AppleWebKit/537.36 (KHTML, like Gecko) Chrome/94.0.4606.81 Safari/537.36"
192.168.1.2 - - [15/Mar/2023:19:15:49 +0000] "PATCH /api/orders" 500 767 "-" "Mozilla/5.0 (Windows NT 10.0; Win64; x64) AppleWebKit/537.36 (KHTML, like Gecko) Chrome/94.0.4606.81 Safari/537.36"
192.168.1.1 - - [15/Mar/2023:19:15:49 +0000] "GET /api/users HTTP/1.1" 204 557 "-" "Mozilla/5.0 (Windows NT 10.0; Win64; x64) AppleWebKit/537.36 (KHTML, like Gecko) Chrome/94.0.4606.81 Safari/537.36"
192.168.1.1 - - [15/Mar/2023:19:15:49 +0000] "POST /api/customers HTTP/1.1" 403 604 "-" "Mozilla/5.0 (Windows NT 10.0; Win64; x64) AppleWebKit/537.36 (KHTML, like Gecko) Chrome/93.0.4577.63 Safari/537.36"
192.168.1.2 - - [15/Mar/2023:19:15:49 +0000] "POST /api/invoices HTTP/1.1" 404 407 "-" "Mozilla/5.0 (Macintosh; Intel Mac OS X 10_15_7) AppleWebKit/537.36 (KHTML, like Gecko) Chrome/93.0.4577.63 Safari/537.36"
192.168.1.2 - - [15/Mar/2023:19:15:49 +0000] "PUT /api/orders HTTP/1.1" 204 598 "-" "Mozilla/5.0 (Windows NT 10.0; Win64; x64; rv:94.0) Gecko/20100101 Firefox/94.0"
192.168.1.1 - - [15/Mar/2023:19:15:49 +0000] "POST /api/users HTTP/1.1" 400 602 "-" "Mozilla/5.0 (Macintosh; Intel Mac OS X 10_15_7) AppleWebKit/537.36 (KHTML, like Gecko) Chrome/93.0.4577.63 Safari/537.36"
192.168.1.3 - - [15/Mar/2023:19:15:49 +0000] "POST /api/invoices HTTP/1.1" 404 84 "-" "Mozilla/5.0 (Windows NT 10.0; Win64; x64) AppleWebKit/537.36 (KHTML, like Gecko) Chrome/94.0.4606.81 Safari/537.36"
192.168.1.5 - - [15/Mar/2023:19:15:49 +0000] "PUT /api/customers HTTP/1.1" 204 120 "-" "Mozilla/5.0 (Macintosh; Intel Mac OS X 10_15_7) AppleWebKit/537.36 (KHTML, like Gecko) Chrome/93.0.4577.63 Safari/537.36"
192.168.1.2 - - [15/Mar/2023:19:15:49 +0000] "POST /api/orders HTTP/1.1" 204 790 "-" "Mozilla/5.0 (Windows NT 10.0; Win64; x64) AppleWebKit/537.36 (KHTML, like Gecko) Chrome/94.0.4606.81 Safari/537.36"
192.168.1.3 - - [15/Mar/2023:19:15:49 +0000] "PUT /api/orders HTTP/1.1" 403 753 "-" "Mozilla/5.0 (Windows NT 10.0; Win64; x64; rv:94.0) Gecko/20100101 Firefox/94.0"
192.168.1.3 - - [15/Mar/2023:19:15:49 +0000] "PUT /api/products HTTP/1.1" 404 158 "-" "Mozilla/5.0 (Windows NT 10.0; Win64; x64) AppleWebKit/537.36 (KHTML, like Gecko) Chrome/94.0.4606.81 Safari/537.36"
192.168.1.1 - - [15/Mar/2023:19:15:49 +0000] "GET /api/invoices HTTP/1.1" 401 560 "-" "Mozilla/5.0 (Macintosh; Intel Mac OS X 10_15_7) AppleWebKit/537.36 (KHTML, like Gecko) Chrome/93.0.4577.63 Safari/537.36"
192.168.1.5 - - [15/Mar/2023:19:15:49 +0000] "POST /api/invoices HTTP/1.1" 404 87 "-" "Mozilla/5.0 (Macintosh; Intel Mac OS X 10_15_7) AppleWebKit/537.36 (KHTML, like Gecko) Chrome/93.0.4577.63 Safari/537.36"
192.168.1.1 - - [15/Mar/2023:19:15:49 +0000] "PATCH /api/users" 403 616 "-" "Mozilla/5.0 (Windows NT 10.0; Win64; x64) AppleWebKit/537.36 (KHTML, like Gecko) Chrome/93.0.4577.63 Safari/537.36"
192.168.1.5 - - [15/Mar/2023:19:15:49 +0000] "PUT /api/invoices HTTP/1.1" 403 492 "-" "Mozilla/5.0 (Windows NT 10.0; Win64; x64; rv:94.0) Gecko/20100101 Firefox/94.0"
192.168.1.3 - - [15/Mar/2023:19:15:49 +0000] "PATCH /api/users" 500 162 "-" "Mozilla/5.0 (Macintosh; Intel Mac OS X 10_15_7) AppleWebKit/537.36 (KHTML, like Gecko) Chrome/94.0.4606.81 Safari/537.36"
192.168.1.1 - - [15/Mar/2023:19:15:49 +0000] "GET /api/customers HTTP/1.1" 201 273 "-" "Mozilla/5.0 (Macintosh; Intel Mac OS X 10_15_7) AppleWebKit/537.36 (KHTML, like Gecko) Chrome/94.0.4606.81 Safari/537.36"
192.168.1.1 - - [15/Mar/2023:19:15:49 +0000] "GET /api/invoices HTTP/1.1" 200 275 "-" "Mozilla/5.0 (Windows NT 10.0; Win64; x64; rv:93.0) Gecko/20100101 Firefox/93.0"
192.168.1.4 - - [15/Mar/2023:19:15:49 +0000] "PATCH /api/orders" 200 922 "-" "Mozilla/5.0 (Macintosh; Intel Mac OS X 10_15_7) AppleWebKit/537.36 (KHTML, like Gecko) Chrome/94.0.4606.81 Safari/537.36"
192.168.1.3 - - [15/Mar/2023:19:15:49 +0000] "PATCH /api/orders" 401 749 "-" "Mozilla/5.0 (Macintosh; Intel Mac OS X 10_15_7) AppleWebKit/537.36 (KHTML, like Gecko) Chrome/94.0.4606.81 Safari/537.36"
192.168.1.1 - - [15/Mar/2023:19:15:49 +0000] "PUT /api/invoices HTTP/1.1" 401 487 "-" "Mozilla/5.0 (Macintosh; Intel Mac OS X 10_15_7) AppleWebKit/537.36 (KHTML, like Gecko) Chrome/93.0.4577.63 Safari/537.36"
192.168.1.2 - - [15/Mar/2023:19:15:49 +0000] "POST /api/orders HTTP/1.1" 200 364 "-" "Mozilla/5.0 (Windows NT 10.0; Win64; x64; rv:94.0) Gecko/20100101 Firefox/94.0"
192.168.1.1 - - [15/Mar/2023:19:15:49 +0000] "DELETE /api/orders HTTP/1.1" 404 387 "-" "Mozilla/5.0 (Windows NT 10.0; Win64; x64) AppleWebKit/537.36 (KHTML, like Gecko) Chrome/93.0.4577.63 Safari/537.36"
192.168.1.1 - - [15/Mar/2023:19:15:49 +0000] "POST /api/products HTTP/1.1" 400 244 "-" "Mozilla/5.0 (Windows NT 10.0; Win64; x64) AppleWebKit/537.36 (KHTML, like Gecko) Chrome/94.0.4606.81 Safari/537.36"
192.168.1.4 - - [15/Mar/2023:19:15:49 +0000] "POST /api/invoices HTTP/1.1" 403 120 "-" "Mozilla/5.0 (Macintosh; Intel Mac OS X 10_15_7) AppleWebKit/537.36 (KHTML, like Gecko) Chrome/94.0.4606.81 Safari/537.36"
192.168.1.3 - - [15/Mar/2023:19:15:49 +0000] "POST /api/customers HTTP/1.1" 400 68 "-" "Mozilla/5.0 (Windows NT 10.0; Win64; x64; rv:93.0) Gecko/20100101 Firefox/93.0"
192.168.1.1 - - [15/Mar/2023:19:15:49 +0000] "POST /api/users HTTP/1.1" 403 983 "-" "Mozilla/5.0 (Windows NT 10.0; Win64; x64) AppleWebKit/537.36 (KHTML, like Gecko) Chrome/93.0.4577.63 Safari/537.36"
192.168.1.1 - - [15/Mar/2023:19:15:49 +0000] "POST /api/users HTTP/1.1" 400 208 "-" "Mozilla/5.0 (Macintosh; Intel Mac OS X 10_15_7) AppleWebKit/537.36 (KHTML, like Gecko) Chrome/93.0.4577.63 Safari/537.36"
192.168.1.5 - - [15/Mar/2023:19:15:49 +0000] "PUT /api/products HTTP/1.1" 403 941 "-" "Mozilla/5.0 (Macintosh; Intel Mac OS X 10_15_7) AppleWebKit/537.36 (KHTML, like Gecko) Chrome/93.0.4577.63 Safari/537.36"
192.168.1.3 - - [15/Mar/2023:19:15:49 +0000] "GET /api/customers HTTP/1.1" 404 928 "-" "Mozilla/5.0 (Windows NT 10.0; Win64; x64) AppleWebKit/537.36 (KHTML, like Gecko) Chrome/94.0.4606.81 Safari/537.36"
192.168.1.3 - - [15/Mar/2023:19:15:49 +0000] "POST /api/orders HTTP/1.1" 401 66 "-" "Mozilla/5.0 (Windows NT 10.0; Win64; x64) AppleWebKit/537.36 (KHTML, like Gecko) Chrome/94.0.4606.81 Safari/537.36"
192.168.1.1 - - [15/Mar/2023:19:15:49 +0000] "PUT /api/products HTTP/1.1" 500 18 "-" "Mozilla/5.0 (Macintosh; Intel Mac OS X 10_15_7) AppleWebKit/537.36 (KHTML, like Gecko) Chrome/93.0.4577.63 Safari/537.36"
192.168.1.4 - - [15/Mar/2023:19:15:49 +0000] "DELETE /api/users HTTP/1.1" 404 283 "-" "Mozilla/5.0 (Windows NT 10.0; Win64; x64; rv:93.0) Gecko/20100101 Firefox/93.0"
192.168.1.5 - - [15/Mar/2023:19:15:49 +0000] "GET /api/invoices HTTP/1.1" 400 801 "-" "Mozilla/5.0 (Macintosh; Intel Mac OS X 10_15_7) AppleWebKit/537.36 (KHTML, like Gecko) Chrome/94.0.4606.81 Safari/537.36"
192.168.1.2 - - [15/Mar/2023:19:15:49 +0000] "PATCH /api/invoices" 204 498 "-" "Mozilla/5.0 (Windows NT 10.0; Win64; x64) AppleWebKit/537.36 (KHTML, like Gecko) Chrome/94.0.4606.81 Safari/537.36"
192.168.1.5 - - [15/Mar/2023:19:15:49 +0000] "GET /api/invoices HTTP/1.1" 200 845 "-" "Mozilla/5.0 (Windows NT 10.0; Win64; x64) AppleWebKit/537.36 (KHTML, like Gecko) Chrome/94.0.4606.81 Safari/537.36"
192.168.1.5 - - [15/Mar/2023:19:15:49 +0000] "GET /api/invoices HTTP/1.1" 401 34 "-" "Mozilla/5.0 (Windows NT 10.0; Win64; x64) AppleWebKit/537.36 (KHTML, like Gecko) Chrome/93.0.4577.63 Safari/537.36"
192.168.1.1 - - [15/Mar/2023:19:15:49 +0000] "PATCH /api/invoices" 204 535 "-" "Mozilla/5.0 (Windows NT 10.0; Win64; x64) AppleWebKit/537.36 (KHTML, like Gecko) Chrome/94.0.4606.81 Safari/537.36"
192.168.1.4 - - [15/Mar/2023:19:15:49 +0000] "DELETE /api/products HTTP/1.1" 500 397 "-" "Mozilla/5.0 (Windows NT 10.0; Win64; x64) AppleWebKit/537.36 (KHTML, like Gecko) Chrome/93.0.4577.63 Safari/537.36"
192.168.1.3 - - [15/Mar/2023:19:15:49 +0000] "POST /api/users HTTP/1.1" 201 526 "-" "Mozilla/5.0 (Windows NT 10.0; Win64; x64) AppleWebKit/537.36 (KHTML, like Gecko) Chrome/93.0.4577.63 Safari/537.36"
192.168.1.3 - - [15/Mar/2023:19:15:49 +0000] "DELETE /api/invoices HTTP/1.1" 404 698 "-" "Mozilla/5.0 (Macintosh; Intel Mac OS X 10_15_7) AppleWebKit/537.36 (KHTML, like Gecko) Chrome/93.0.4577.63 Safari/537.36"
192.168.1.3 - - [15/Mar/2023:19:15:49 +0000] "PUT /api/orders HTTP/1.1" 204 311 "-" "Mozilla/5.0 (Macintosh; Intel Mac OS X 10_15_7) AppleWebKit/537.36 (KHTML, like Gecko) Chrome/94.0.4606.81 Safari/537.36"
192.168.1.2 - - [15/Mar/2023:19:15:49 +0000] "DELETE /api/customers HTTP/1.1" 201 941 "-" "Mozilla/5.0 (Windows NT 10.0; Win64; x64; rv:94.0) Gecko/20100101 Firefox/94.0"
192.168.1.4 - - [15/Mar/2023:19:15:49 +0000] "DELETE /api/customers HTTP/1.1" 400 979 "-" "Mozilla/5.0 (Windows NT 10.0; Win64; x64; rv:93.0) Gecko/20100101 Firefox/93.0"
192.168.1.4 - - [15/Mar/2023:19:15:49 +0000] "PUT /api/customers HTTP/1.1" 500 993 "-" "Mozilla/5.0 (Windows NT 10.0; Win64; x64; rv:93.0) Gecko/20100101 Firefox/93.0"
192.168.1.1 - - [15/Mar/2023:19:15:49 +0000] "PUT /api/invoices HTTP/1.1" 404 817 "-" "Mozilla/5.0 (Windows NT 10.0; Win64; x64) AppleWebKit/537.36 (KHTML, like Gecko) Chrome/94.0.4606.81 Safari/537.36"
192.168.1.3 - - [15/Mar/2023:19:15:49 +0000] "GET /api/users HTTP/1.1" 200 840 "-" "Mozilla/5.0 (Macintosh; Intel Mac OS X 10_15_7) AppleWebKit/537.36 (KHTML, like Gecko) Chrome/93.0.4577.63 Safari/537.36"
192.168.1.5 - - [15/Mar/2023:19:15:49 +0000] "GET /api/users HTTP/1.1" 401 30 "-" "Mozilla/5.0 (Windows NT 10.0; Win64; x64; rv:93.0) Gecko/20100101 Firefox/93.0"
192.168.1.2 - - [15/Mar/2023:19:15:49 +0000] "PATCH /api/orders" 201 242 "-" "Mozilla/5.0 (Macintosh; Intel Mac OS X 10_15_7) AppleWebKit/537.36 (KHTML, like Gecko) Chrome/93.0.4577.63 Safari/537.36"
192.168.1.4 - - [15/Mar/2023:19:15:49 +0000] "PATCH /api/invoices" 400 817 "-" "Mozilla/5.0 (Windows NT 10.0; Win64; x64; rv:94.0) Gecko/20100101 Firefox/94.0"
192.168.1.5 - - [15/Mar/2023:19:15:49 +0000] "POST /api/orders HTTP/1.1" 500 253 "-" "Mozilla/5.0 (Windows NT 10.0; Win64; x64; rv:93.0) Gecko/20100101 Firefox/93.0"
192.168.1.3 - - [15/Mar/2023:19:15:49 +0000] "GET /api/products HTTP/1.1" 500 303 "-" "Mozilla/5.0 (Macintosh; Intel Mac OS X 10_15_7) AppleWebKit/537.36 (KHTML, like Gecko) Chrome/94.0.4606.81 Safari/537.36"
192.168.1.1 - - [15/Mar/2023:19:15:49 +0000] "PUT /api/users HTTP/1.1" 401 225 "-" "Mozilla/5.0 (Windows NT 10.0; Win64; x64) AppleWebKit/537.36 (KHTML, like Gecko) Chrome/94.0.4606.81 Safari/537.36"
192.168.1.5 - - [15/Mar/2023:19:15:49 +0000] "POST /api/users HTTP/1.1" 200 893 "-" "Mozilla/5.0 (Windows NT 10.0; Win64; x64; rv:94.0) Gecko/20100101 Firefox/94.0"
192.168.1.1 - - [15/Mar/2023:19:15:49 +0000] "GET /api/invoices HTTP/1.1" 401 652 "-" "Mozilla/5.0 (Macintosh; Intel Mac OS X 10_15_7) AppleWebKit/537.36 (KHTML, like Gecko) Chrome/94.0.4606.81 Safari/537.36"
192.168.1.2 - - [15/Mar/2023:19:15:49 +0000] "DELETE /api/customers HTTP/1.1" 400 806 "-" "Mozilla/5.0 (Windows NT 10.0; Win64; x64; rv:93.0) Gecko/20100101 Firefox/93.0"
192.168.1.5 - - [15/Mar/2023:19:15:49 +0000] "DELETE /api/customers HTTP/1.1" 204 298 "-" "Mozilla/5.0 (Windows NT 10.0; Win64; x64; rv:94.0) Gecko/20100101 Firefox/94.0"
192.168.1.5 - - [15/Mar/2023:19:15:49 +0000] "GET /api/orders HTTP/1.1" 201 895 "-" "Mozilla/5.0 (Windows NT 10.0; Win64; x64; rv:94.0) Gecko/20100101 Firefox/94.0"
192.168.1.5 - - [15/Mar/2023:19:15:49 +0000] "PUT /api/invoices HTTP/1.1" 200 247 "-" "Mozilla/5.0 (Windows NT 10.0; Win64; x64; rv:94.0) Gecko/20100101 Firefox/94.0"
192.168.1.4 - - [15/Mar/2023:19:15:49 +0000] "DELETE /api/orders HTTP/1.1" 401 470 "-" "Mozilla/5.0 (Windows NT 10.0; Win64; x64; rv:94.0) Gecko/20100101 Firefox/94.0"
192.168.1.1 - - [15/Mar/2023:19:15:49 +0000] "GET /api/users HTTP/1.1" 400 339 "-" "Mozilla/5.0 (Macintosh; Intel Mac OS X 10_15_7) AppleWebKit/537.36 (KHTML, like Gecko) Chrome/93.0.4577.63 Safari/537.36"
192.168.1.1 - - [15/Mar/2023:19:15:49 +0000] "POST /api/products HTTP/1.1" 404 838 "-" "Mozilla/5.0 (Macintosh; Intel Mac OS X 10_15_7) AppleWebKit/537.36 (KHTML, like Gecko) Chrome/94.0.4606.81 Safari/537.36"
192.168.1.2 - - [15/Mar/2023:19:15:49 +0000] "PUT /api/users HTTP/1.1" 201 36 "-" "Mozilla/5.0 (Windows NT 10.0; Win64; x64; rv:94.0) Gecko/20100101 Firefox/94.0"
192.168.1.1 - - [15/Mar/2023:19:15:49 +0000] "PUT /api/products HTTP/1.1" 401 647 "-" "Mozilla/5.0 (Windows NT 10.0; Win64; x64) AppleWebKit/537.36 (KHTML, like Gecko) Chrome/93.0.4577.63 Safari/537.36"
192.168.1.2 - - [15/Mar/2023:19:15:49 +0000] "POST /api/products HTTP/1.1" 204 777 "-" "Mozilla/5.0 (Windows NT 10.0; Win64; x64; rv:93.0) Gecko/20100101 Firefox/93.0"
192.168.1.5 - - [15/Mar/2023:19:15:49 +0000] "GET /api/orders HTTP/1.1" 204 634 "-" "Mozilla/5.0 (Windows NT 10.0; Win64; x64; rv:94.0) Gecko/20100101 Firefox/94.0"
192.168.1.4 - - [15/Mar/2023:19:15:49 +0000] "PUT /api/products HTTP/1.1" 500 644 "-" "Mozilla/5.0 (Windows NT 10.0; Win64; x64; rv:93.0) Gecko/20100101 Firefox/93.0"
192.168.1.4 - - [15/Mar/2023:19:15:49 +0000] "DELETE /api/orders HTTP/1.1" 403 275 "-" "Mozilla/5.0 (Windows NT 10.0; Win64; x64; rv:93.0) Gecko/20100101 Firefox/93.0"
192.168.1.2 - - [15/Mar/2023:19:15:49 +0000] "POST /api/products HTTP/1.1" 404 598 "-" "Mozilla/5.0 (Windows NT 10.0; Win64; x64) AppleWebKit/537.36 (KHTML, like Gecko) Chrome/94.0.4606.81 Safari/537.36"
192.168.1.2 - - [15/Mar/2023:19:15:49 +0000] "DELETE /api/orders HTTP/1.1" 204 895 "-" "Mozilla/5.0 (Windows NT 10.0; Win64; x64) AppleWebKit/537.36 (KHTML, like Gecko) Chrome/94.0.4606.81 Safari/537.36"
192.168.1.4 - - [15/Mar/2023:19:15:49 +0000] "POST /api/orders HTTP/1.1" 201 839 "-" "Mozilla/5.0 (Macintosh; Intel Mac OS X 10_15_7) AppleWebKit/537.36 (KHTML, like Gecko) Chrome/94.0.4606.81 Safari/537.36"
192.168.1.4 - - [15/Mar/2023:19:15:49 +0000] "POST /api/orders HTTP/1.1" 403 263 "-" "Mozilla/5.0 (Macintosh; Intel Mac OS X 10_15_7) AppleWebKit/537.36 (KHTML, like Gecko) Chrome/93.0.4577.63 Safari/537.36"
192.168.1.5 - - [15/Mar/2023:19:15:49 +0000] "PATCH /api/users" 500 560 "-" "Mozilla/5.0 (Windows NT 10.0; Win64; x64) AppleWebKit/537.36 (KHTML, like Gecko) Chrome/93.0.4577.63 Safari/537.36"
192.168.1.4 - - [15/Mar/2023:19:15:49 +0000] "POST /api/orders HTTP/1.1" 204 37 "-" "Mozilla/5.0 (Windows NT 10.0; Win64; x64) AppleWebKit/537.36 (KHTML, like Gecko) Chrome/94.0.4606.81 Safari/537.36"
192.168.1.5 - - [15/Mar/2023:19:15:49 +0000] "GET /api/customers HTTP/1.1" 400 27 "-" "Mozilla/5.0 (Windows NT 10.0; Win64; x64; rv:94.0) Gecko/20100101 Firefox/94.0"
192.168.1.5 - - [15/Mar/2023:19:15:49 +0000] "PATCH /api/orders" 200 123 "-" "Mozilla/5.0 (Windows NT 10.0; Win64; x64; rv:94.0) Gecko/20100101 Firefox/94.0"
192.168.1.1 - - [15/Mar/2023:19:15:49 +0000] "GET /api/products HTTP/1.1" 404 736 "-" "Mozilla/5.0 (Windows NT 10.0; Win64; x64) AppleWebKit/537.36 (KHTML, like Gecko) Chrome/94.0.4606.81 Safari/537.36"
192.168.1.3 - - [15/Mar/2023:19:15:49 +0000] "PUT /api/orders HTTP/1.1" 401 370 "-" "Mozilla/5.0 (Macintosh; Intel Mac OS X 10_15_7) AppleWebKit/537.36 (KHTML, like Gecko) Chrome/93.0.4577.63 Safari/537.36"
192.168.1.5 - - [15/Mar/2023:19:15:49 +0000] "PUT /api/products HTTP/1.1" 204 236 "-" "Mozilla/5.0 (Windows NT 10.0; Win64; x64; rv:93.0) Gecko/20100101 Firefox/93.0"
192.168.1.1 - - [15/Mar/2023:19:15:49 +0000] "DELETE /api/invoices HTTP/1.1" 200 705 "-" "Mozilla/5.0 (Windows NT 10.0; Win64; x64; rv:94.0) Gecko/20100101 Firefox/94.0"
192.168.1.5 - - [15/Mar/2023:19:15:49 +0000] "GET /api/users HTTP/1.1" 403 661 "-" "Mozilla/5.0 (Windows NT 10.0; Win64; x64) AppleWebKit/537.36 (KHTML, like Gecko) Chrome/94.0.4606.81 Safari/537.36"
192.168.1.2 - - [15/Mar/2023:19:15:49 +0000] "PUT /api/orders HTTP/1.1" 401 139 "-" "Mozilla/5.0 (Windows NT 10.0; Win64; x64; rv:93.0) Gecko/20100101 Firefox/93.0"
192.168.1.1 - - [15/Mar/2023:19:15:49 +0000] "POST /api/users HTTP/1.1" 204 400 "-" "Mozilla/5.0 (Windows NT 10.0; Win64; x64) AppleWebKit/537.36 (KHTML, like Gecko) Chrome/94.0.4606.81 Safari/537.36"
192.168.1.4 - - [15/Mar/2023:19:15:49 +0000] "DELETE /api/products HTTP/1.1" 401 923 "-" "Mozilla/5.0 (Windows NT 10.0; Win64; x64; rv:94.0) Gecko/20100101 Firefox/94.0"
192.168.1.4 - - [15/Mar/2023:19:15:49 +0000] "POST /api/orders HTTP/1.1" 200 575 "-" "Mozilla/5.0 (Windows NT 10.0; Win64; x64; rv:94.0) Gecko/20100101 Firefox/94.0"
192.168.1.2 - - [15/Mar/2023:19:15:49 +0000] "GET /api/users HTTP/1.1" 401 483 "-" "Mozilla/5.0 (Windows NT 10.0; Win64; x64; rv:93.0) Gecko/20100101 Firefox/93.0"
192.168.1.3 - - [15/Mar/2023:19:15:49 +0000] "PATCH /api/customers" 400 976 "-" "Mozilla/5.0 (Windows NT 10.0; Win64; x64; rv:93.0) Gecko/20100101 Firefox/93.0"
192.168.1.2 - - [15/Mar/2023:19:15:49 +0000] "DELETE /api/orders HTTP/1.1" 400 805 "-" "Mozilla/5.0 (Windows NT 10.0; Win64; x64) AppleWebKit/537.36 (KHTML, like Gecko) Chrome/93.0.4577.63 Safari/537.36"
192.168.1.1 - - [15/Mar/2023:19:15:49 +0000] "PATCH /api/products" 200 39 "-" "Mozilla/5.0 (Windows NT 10.0; Win64; x64) AppleWebKit/537.36 (KHTML, like Gecko) Chrome/93.0.4577.63 Safari/537.36"
192.168.1.2 - - [15/Mar/2023:19:15:49 +0000] "POST /api/customers HTTP/1.1" 400 681 "-" "Mozilla/5.0 (Windows NT 10.0; Win64; x64; rv:93.0) Gecko/20100101 Firefox/93.0"
192.168.1.2 - - [15/Mar/2023:19:15:49 +0000] "PUT /api/invoices HTTP/1.1" 404 40 "-" "Mozilla/5.0 (Macintosh; Intel Mac OS X 10_15_7) AppleWebKit/537.36 (KHTML, like Gecko) Chrome/94.0.4606.81 Safari/537.36"
192.168.1.4 - - [15/Mar/2023:19:15:49 +0000] "PUT /api/products HTTP/1.1" 403 208 "-" "Mozilla/5.0 (Windows NT 10.0; Win64; x64; rv:93.0) Gecko/20100101 Firefox/93.0"
192.168.1.1 - - [15/Mar/2023:19:15:49 +0000] "DELETE /api/orders HTTP/1.1" 200 257 "-" "Mozilla/5.0 (Windows NT 10.0; Win64; x64; rv:93.0) Gecko/20100101 Firefox/93.0"
192.168.1.4 - - [15/Mar/2023:19:15:49 +0000] "PUT /api/products HTTP/1.1" 500 796 "-" "Mozilla/5.0 (Windows NT 10.0; Win64; x64) AppleWebKit/537.36 (KHTML, like Gecko) Chrome/94.0.4606.81 Safari/537.36"
192.168.1.2 - - [15/Mar/2023:19:15:49 +0000] "PATCH /api/invoices" 500 722 "-" "Mozilla/5.0 (Windows NT 10.0; Win64; x64; rv:94.0) Gecko/20100101 Firefox/94.0"
192.168.1.3 - - [15/Mar/2023:19:15:49 +0000] "DELETE /api/invoices HTTP/1.1" 500 670 "-" "Mozilla/5.0 (Windows NT 10.0; Win64; x64; rv:94.0) Gecko/20100101 Firefox/94.0"
192.168.1.2 - - [15/Mar/2023:19:15:49 +0000] "DELETE /api/orders HTTP/1.1" 400 782 "-" "Mozilla/5.0 (Macintosh; Intel Mac OS X 10_15_7) AppleWebKit/537.36 (KHTML, like Gecko) Chrome/94.0.4606.81 Safari/537.36"
192.168.1.5 - - [15/Mar/2023:19:15:49 +0000] "PATCH /api/products" 500 578 "-" "Mozilla/5.0 (Windows NT 10.0; Win64; x64; rv:94.0) Gecko/20100101 Firefox/94.0"
192.168.1.1 - - [15/Mar/2023:19:15:49 +0000] "POST /api/users HTTP/1.1" 204 605 "-" "Mozilla/5.0 (Macintosh; Intel Mac OS X 10_15_7) AppleWebKit/537.36 (KHTML, like Gecko) Chrome/94.0.4606.81 Safari/537.36"
192.168.1.5 - - [15/Mar/2023:19:15:49 +0000] "PUT /api/orders HTTP/1.1" 403 61 "-" "Mozilla/5.0 (Macintosh; Intel Mac OS X 10_15_7) AppleWebKit/537.36 (KHTML, like Gecko) Chrome/93.0.4577.63 Safari/537.36"
192.168.1.5 - - [15/Mar/2023:19:15:49 +0000] "PATCH /api/invoices" 404 880 "-" "Mozilla/5.0 (Macintosh; Intel Mac OS X 10_15_7) AppleWebKit/537.36 (KHTML, like Gecko) Chrome/94.0.4606.81 Safari/537.36"
192.168.1.2 - - [15/Mar/2023:19:15:49 +0000] "PUT /api/orders HTTP/1.1" 204 829 "-" "Mozilla/5.0 (Windows NT 10.0; Win64; x64; rv:94.0) Gecko/20100101 Firefox/94.0"
192.168.1.4 - - [15/Mar/2023:19:15:49 +0000] "POST /api/products HTTP/1.1" 201 834 "-" "Mozilla/5.0 (Windows NT 10.0; Win64; x64; rv:94.0) Gecko/20100101 Firefox/94.0"
192.168.1.1 - - [15/Mar/2023:19:15:49 +0000] "PUT /api/invoices HTTP/1.1" 401 470 "-" "Mozilla/5.0 (Macintosh; Intel Mac OS X 10_15_7) AppleWebKit/537.36 (KHTML, like Gecko) Chrome/93.0.4577.63 Safari/537.36"
192.168.1.1 - - [15/Mar/2023:19:15:49 +0000] "DELETE /api/orders HTTP/1.1" 401 784 "-" "Mozilla/5.0 (Windows NT 10.0; Win64; x64) AppleWebKit/537.36 (KHTML, like Gecko) Chrome/94.0.4606.81 Safari/537.36"
192.168.1.1 - - [15/Mar/2023:19:15:49 +0000] "DELETE /api/customers HTTP/1.1" 201 987 "-" "Mozilla/5.0 (Windows NT 10.0; Win64; x64) AppleWebKit/537.36 (KHTML, like Gecko) Chrome/94.0.4606.81 Safari/537.36"
192.168.1.1 - - [15/Mar/2023:19:15:49 +0000] "POST /api/products HTTP/1.1" 201 547 "-" "Mozilla/5.0 (Windows NT 10.0; Win64; x64; rv:94.0) Gecko/20100101 Firefox/94.0"
192.168.1.3 - - [15/Mar/2023:19:15:49 +0000] "GET /api/products HTTP/1.1" 401 760 "-" "Mozilla/5.0 (Windows NT 10.0; Win64; x64) AppleWebKit/537.36 (KHTML, like Gecko) Chrome/94.0.4606.81 Safari/537.36"
192.168.1.1 - - [15/Mar/2023:19:15:49 +0000] "DELETE /api/customers HTTP/1.1" 401 634 "-" "Mozilla/5.0 (Windows NT 10.0; Win64; x64) AppleWebKit/537.36 (KHTML, like Gecko) Chrome/94.0.4606.81 Safari/537.36"
192.168.1.2 - - [15/Mar/2023:19:15:49 +0000] "GET /api/customers HTTP/1.1" 401 440 "-" "Mozilla/5.0 (Windows NT 10.0; Win64; x64) AppleWebKit/537.36 (KHTML, like Gecko) Chrome/94.0.4606.81 Safari/537.36"
192.168.1.3 - - [15/Mar/2023:19:15:49 +0000] "PATCH /api/invoices" 403 728 "-" "Mozilla/5.0 (Windows NT 10.0; Win64; x64; rv:94.0) Gecko/20100101 Firefox/94.0"
192.168.1.4 - - [15/Mar/2023:19:15:49 +0000] "DELETE /api/invoices HTTP/1.1" 404 330 "-" "Mozilla/5.0 (Macintosh; Intel Mac OS X 10_15_7) AppleWebKit/537.36 (KHTML, like Gecko) Chrome/94.0.4606.81 Safari/537.36"
192.168.1.5 - - [15/Mar/2023:19:15:49 +0000] "POST /api/products HTTP/1.1" 404 294 "-" "Mozilla/5.0 (Macintosh; Intel Mac OS X 10_15_7) AppleWebKit/537.36 (KHTML, like Gecko) Chrome/93.0.4577.63 Safari/537.36"
192.168.1.3 - - [15/Mar/2023:19:15:49 +0000] "POST /api/orders HTTP/1.1" 201 241 "-" "Mozilla/5.0 (Windows NT 10.0; Win64; x64) AppleWebKit/537.36 (KHTML, like Gecko) Chrome/94.0.4606.81 Safari/537.36"
192.168.1.3 - - [15/Mar/2023:19:15:49 +0000] "PATCH /api/orders" 200 183 "-" "Mozilla/5.0 (Windows NT 10.0; Win64; x64; rv:93.0) Gecko/20100101 Firefox/93.0"
192.168.1.5 - - [15/Mar/2023:19:15:49 +0000] "PUT /api/products HTTP/1.1" 200 980 "-" "Mozilla/5.0 (Macintosh; Intel Mac OS X 10_15_7) AppleWebKit/537.36 (KHTML, like Gecko) Chrome/93.0.4577.63 Safari/537.36"
192.168.1.1 - - [15/Mar/2023:19:15:49 +0000] "POST /api/invoices HTTP/1.1" 204 353 "-" "Mozilla/5.0 (Windows NT 10.0; Win64; x64; rv:94.0) Gecko/20100101 Firefox/94.0"
192.168.1.5 - - [15/Mar/2023:19:15:49 +0000] "DELETE /api/products HTTP/1.1" 201 438 "-" "Mozilla/5.0 (Windows NT 10.0; Win64; x64) AppleWebKit/537.36 (KHTML, like Gecko) Chrome/94.0.4606.81 Safari/537.36"
192.168.1.3 - - [15/Mar/2023:19:15:49 +0000] "DELETE /api/customers HTTP/1.1" 200 856 "-" "Mozilla/5.0 (Windows NT 10.0; Win64; x64; rv:94.0) Gecko/20100101 Firefox/94.0"
192.168.1.1 - - [15/Mar/2023:19:15:49 +0000] "POST /api/customers HTTP/1.1" 401 837 "-" "Mozilla/5.0 (Windows NT 10.0; Win64; x64; rv:93.0) Gecko/20100101 Firefox/93.0"
192.168.1.5 - - [15/Mar/2023:19:15:49 +0000] "GET /api/invoices HTTP/1.1" 403 430 "-" "Mozilla/5.0 (Macintosh; Intel Mac OS X 10_15_7) AppleWebKit/537.36 (KHTML, like Gecko) Chrome/94.0.4606.81 Safari/537.36"
192.168.1.3 - - [15/Mar/2023:19:15:49 +0000] "PATCH /api/products" 204 271 "-" "Mozilla/5.0 (Windows NT 10.0; Win64; x64) AppleWebKit/537.36 (KHTML, like Gecko) Chrome/94.0.4606.81 Safari/537.36"
192.168.1.2 - - [15/Mar/2023:19:15:49 +0000] "GET /api/products HTTP/1.1" 401 414 "-" "Mozilla/5.0 (Windows NT 10.0; Win64; x64; rv:94.0) Gecko/20100101 Firefox/94.0"
192.168.1.2 - - [15/Mar/2023:19:15:49 +0000] "GET /api/users HTTP/1.1" 200 239 "-" "Mozilla/5.0 (Windows NT 10.0; Win64; x64) AppleWebKit/537.36 (KHTML, like Gecko) Chrome/93.0.4577.63 Safari/537.36"
192.168.1.2 - - [15/Mar/2023:19:15:49 +0000] "PATCH /api/invoices" 403 100 "-" "Mozilla/5.0 (Windows NT 10.0; Win64; x64; rv:93.0) Gecko/20100101 Firefox/93.0"
192.168.1.3 - - [15/Mar/2023:19:15:49 +0000] "POST /api/orders HTTP/1.1" 201 284 "-" "Mozilla/5.0 (Windows NT 10.0; Win64; x64) AppleWebKit/537.36 (KHTML, like Gecko) Chrome/93.0.4577.63 Safari/537.36"
192.168.1.5 - - [15/Mar/2023:19:15:49 +0000] "DELETE /api/orders HTTP/1.1" 403 18 "-" "Mozilla/5.0 (Windows NT 10.0; Win64; x64; rv:94.0) Gecko/20100101 Firefox/94.0"
192.168.1.4 - - [15/Mar/2023:19:15:49 +0000] "POST /api/users HTTP/1.1" 404 449 "-" "Mozilla/5.0 (Macintosh; Intel Mac OS X 10_15_7) AppleWebKit/537.36 (KHTML, like Gecko) Chrome/94.0.4606.81 Safari/537.36"
192.168.1.2 - - [15/Mar/2023:19:15:49 +0000] "POST /api/products HTTP/1.1" 500 372 "-" "Mozilla/5.0 (Windows NT 10.0; Win64; x64) AppleWebKit/537.36 (KHTML, like Gecko) Chrome/94.0.4606.81 Safari/537.36"
192.168.1.1 - - [15/Mar/2023:19:15:49 +0000] "GET /api/orders HTTP/1.1" 500 995 "-" "Mozilla/5.0 (Macintosh; Intel Mac OS X 10_15_7) AppleWebKit/537.36 (KHTML, like Gecko) Chrome/93.0.4577.63 Safari/537.36"
192.168.1.5 - - [15/Mar/2023:19:15:49 +0000] "PUT /api/users HTTP/1.1" 404 767 "-" "Mozilla/5.0 (Windows NT 10.0; Win64; x64) AppleWebKit/537.36 (KHTML, like Gecko) Chrome/94.0.4606.81 Safari/537.36"
192.168.1.2 - - [15/Mar/2023:19:15:49 +0000] "POST /api/users HTTP/1.1" 201 596 "-" "Mozilla/5.0 (Windows NT 10.0; Win64; x64) AppleWebKit/537.36 (KHTML, like Gecko) Chrome/94.0.4606.81 Safari/537.36"
192.168.1.5 - - [15/Mar/2023:19:15:49 +0000] "PATCH /api/orders" 201 253 "-" "Mozilla/5.0 (Windows NT 10.0; Win64; x64; rv:93.0) Gecko/20100101 Firefox/93.0"
192.168.1.2 - - [15/Mar/2023:19:15:49 +0000] "DELETE /api/orders HTTP/1.1" 400 986 "-" "Mozilla/5.0 (Windows NT 10.0; Win64; x64; rv:94.0) Gecko/20100101 Firefox/94.0"
192.168.1.3 - - [15/Mar/2023:19:15:49 +0000] "POST /api/customers HTTP/1.1" 403 977 "-" "Mozilla/5.0 (Windows NT 10.0; Win64; x64; rv:93.0) Gecko/20100101 Firefox/93.0"
192.168.1.5 - - [15/Mar/2023:19:15:49 +0000] "PUT /api/customers HTTP/1.1" 200 926 "-" "Mozilla/5.0 (Windows NT 10.0; Win64; x64) AppleWebKit/537.36 (KHTML, like Gecko) Chrome/94.0.4606.81 Safari/537.36"
192.168.1.5 - - [15/Mar/2023:19:15:49 +0000] "PATCH /api/invoices" 403 961 "-" "Mozilla/5.0 (Windows NT 10.0; Win64; x64) AppleWebKit/537.36 (KHTML, like Gecko) Chrome/93.0.4577.63 Safari/537.36"
192.168.1.3 - - [15/Mar/2023:19:15:49 +0000] "PATCH /api/products" 401 306 "-" "Mozilla/5.0 (Windows NT 10.0; Win64; x64) AppleWebKit/537.36 (KHTML, like Gecko) Chrome/93.0.4577.63 Safari/537.36"
192.168.1.1 - - [15/Mar/2023:19:15:49 +0000] "PUT /api/customers HTTP/1.1" 404 656 "-" "Mozilla/5.0 (Windows NT 10.0; Win64; x64) AppleWebKit/537.36 (KHTML, like Gecko) Chrome/93.0.4577.63 Safari/537.36"
192.168.1.3 - - [15/Mar/2023:19:15:49 +0000] "DELETE /api/invoices HTTP/1.1" 200 626 "-" "Mozilla/5.0 (Macintosh; Intel Mac OS X 10_15_7) AppleWebKit/537.36 (KHTML, like Gecko) Chrome/94.0.4606.81 Safari/537.36"
192.168.1.1 - - [15/Mar/2023:19:15:49 +0000] "GET /api/invoices HTTP/1.1" 404 500 "-" "Mozilla/5.0 (Windows NT 10.0; Win64; x64) AppleWebKit/537.36 (KHTML, like Gecko) Chrome/93.0.4577.63 Safari/537.36"
192.168.1.1 - - [15/Mar/2023:19:15:49 +0000] "PUT /api/users HTTP/1.1" 500 472 "-" "Mozilla/5.0 (Windows NT 10.0; Win64; x64; rv:93.0) Gecko/20100101 Firefox/93.0"
192.168.1.1 - - [15/Mar/2023:19:15:49 +0000] "DELETE /api/orders HTTP/1.1" 401 566 "-" "Mozilla/5.0 (Windows NT 10.0; Win64; x64) AppleWebKit/537.36 (KHTML, like Gecko) Chrome/94.0.4606.81 Safari/537.36"
192.168.1.4 - - [15/Mar/2023:19:15:49 +0000] "PATCH /api/orders" 500 638 "-" "Mozilla/5.0 (Windows NT 10.0; Win64; x64) AppleWebKit/537.36 (KHTML, like Gecko) Chrome/93.0.4577.63 Safari/537.36"
192.168.1.4 - - [15/Mar/2023:19:15:49 +0000] "PATCH /api/users" 500 259 "-" "Mozilla/5.0 (Windows NT 10.0; Win64; x64; rv:93.0) Gecko/20100101 Firefox/93.0"
192.168.1.1 - - [15/Mar/2023:19:15:49 +0000] "DELETE /api/invoices HTTP/1.1" 403 426 "-" "Mozilla/5.0 (Windows NT 10.0; Win64; x64) AppleWebKit/537.36 (KHTML, like Gecko) Chrome/94.0.4606.81 Safari/537.36"
192.168.1.4 - - [15/Mar/2023:19:15:49 +0000] "PATCH /api/customers" 500 500 "-" "Mozilla/5.0 (Macintosh; Intel Mac OS X 10_15_7) AppleWebKit/537.36 (KHTML, like Gecko) Chrome/93.0.4577.63 Safari/537.36"
192.168.1.1 - - [15/Mar/2023:19:15:49 +0000] "DELETE /api/orders HTTP/1.1" 201 182 "-" "Mozilla/5.0 (Windows NT 10.0; Win64; x64) AppleWebKit/537.36 (KHTML, like Gecko) Chrome/93.0.4577.63 Safari/537.36"
192.168.1.1 - - [15/Mar/2023:19:15:49 +0000] "PATCH /api/users" 201 587 "-" "Mozilla/5.0 (Windows NT 10.0; Win64; x64) AppleWebKit/537.36 (KHTML, like Gecko) Chrome/93.0.4577.63 Safari/537.36"
192.168.1.3 - - [15/Mar/2023:19:15:49 +0000] "PATCH /api/products" 200 907 "-" "Mozilla/5.0 (Windows NT 10.0; Win64; x64; rv:94.0) Gecko/20100101 Firefox/94.0"
192.168.1.1 - - [15/Mar/2023:19:15:49 +0000] "DELETE /api/invoices HTTP/1.1" 403 958 "-" "Mozilla/5.0 (Windows NT 10.0; Win64; x64) AppleWebKit/537.36 (KHTML, like Gecko) Chrome/93.0.4577.63 Safari/537.36"
192.168.1.5 - - [15/Mar/2023:19:15:49 +0000] "PUT /api/products HTTP/1.1" 404 517 "-" "Mozilla/5.0 (Macintosh; Intel Mac OS X 10_15_7) AppleWebKit/537.36 (KHTML, like Gecko) Chrome/94.0.4606.81 Safari/537.36"
192.168.1.1 - - [15/Mar/2023:19:15:49 +0000] "POST /api/orders HTTP/1.1" 204 722 "-" "Mozilla/5.0 (Macintosh; Intel Mac OS X 10_15_7) AppleWebKit/537.36 (KHTML, like Gecko) Chrome/93.0.4577.63 Safari/537.36"
192.168.1.4 - - [15/Mar/2023:19:15:49 +0000] "POST /api/invoices HTTP/1.1" 403 873 "-" "Mozilla/5.0 (Windows NT 10.0; Win64; x64) AppleWebKit/537.36 (KHTML, like Gecko) Chrome/94.0.4606.81 Safari/537.36"
192.168.1.2 - - [15/Mar/2023:19:15:49 +0000] "PUT /api/orders HTTP/1.1" 200 707 "-" "Mozilla/5.0 (Windows NT 10.0; Win64; x64) AppleWebKit/537.36 (KHTML, like Gecko) Chrome/93.0.4577.63 Safari/537.36"
