192.168.1.1 - - [15/Mar/2023:19:15:49 +0000] "DELETE /api/users HTTP/1.1" 404 413 "-" "Mozilla/5.0 (Windows NT 10.0; Win64; x64) AppleWebKit/537.36 (KHTML, like Gecko) Chrome/94.0.4606.81 Safari/537.36"
192.168.1.5 - - [15/Mar/2023:19:15:49 +0000] "DELETE /api/products HTTP/1.1" 404 146 "-" "Mozilla/5.0 (Windows NT 10.0; Win64; x64; rv:93.0) Gecko/20100101 Firefox/93.0"
192.168.1.4 - - [15/Mar/2023:19:15:49 +0000] "PATCH /api/users" 401 689 "-" "Mozilla/5.0 (Macintosh; Intel Mac OS X 10_15_7) AppleWebKit/537.36 (KHTML, like Gecko) Chrome/93.0.4577.63 Safari/537.36"
192.168.1.5 - - [15/Mar/2023:19:15:49 +0000] "DELETE /api/customers HTTP/1.1" 204 432 "-" "Mozilla/5.0 (Macintosh; Intel Mac OS X 10_15_7) AppleWebKit/537.36 (KHTML, like Gecko) Chrome/94.0.4606.81 Safari/537.36"
192.168.1.1 - - [15/Mar/2023:19:15:49 +0000] "POST /api/orders HTTP/1.1" 404 163 "-" "Mozilla/5.0 (Windows NT 10.0; Win64; x64; rv:94.0) Gecko/20100101 Firefox/94.0"
192.168.1.3 - - [15/Mar/2023:19:15:49 +0000] "POST /api/users HTTP/1.1" 204 842 "-" "Mozilla/5.0 (Macintosh; Intel Mac OS X 10_15_7) AppleWebKit/537.36 (KHTML, like Gecko) Chrome/94.0.4606.81 Safari/537.36"
192.168.1.3 - - [15/Mar/2023:19:15:49 +0000] "DELETE /api/products HTTP/1.1" 500 961 "-" "Mozilla/5.0 (Windows NT 10.0; Win64; x64) AppleWebKit/537.36 (KHTML, like Gecko) Chrome/93.0.4577.63 Safari/537.36"
192.168.1.1 - - [15/Mar/2023:19:15:49 +0000] "PUT /api/orders HTTP/1.1" 201 74 "-" "Mozilla/5.0 (Macintosh; Intel Mac OS X 10_15_7) AppleWebKit/537.36 (KHTML, like Gecko) Chrome/94.0.4606.81 Safari/537.36"
192.168.1.2 - - [15/Mar/2023:19:15:49 +0000] "DELETE /api/users HTTP/1.1" 401 992 "-" "Mozilla/5.0 (Windows NT 10.0; Win64; x64; rv:93.0) Gecko/20100101 Firefox/93.0"
192.168.1.4 - - [15/Mar/2023:19:15:49 +0000] "PATCH /api/users" 201 529 "-" "Mozilla/5.0 (Macintosh; Intel Mac OS X 10_15_7) AppleWebKit/537.36 (KHTML, like Gecko) Chrome/93.0.4577.63 Safari/537.36"
192.168.1.4 - - [15/Mar/2023:19:15:49 +0000] "GET /api/customers HTTP/1.1" 400 574 "-" "Mozilla/5.0 (Macintosh; Intel Mac OS X 10_15_7) AppleWebKit/537.36 (KHTML, like Gecko) Chrome/94.0.4606.81 Safari/537.36"
192.168.1.2 - - [15/Mar/2023:19:15:49 +0000] "PUT /api/customers HTTP/1.1" 403 305 "-" "Mozilla/5.0 (Windows NT 10.0; Win64; x64) AppleWebKit/537.36 (KHTML, like Gecko) Chrome/94.0.4606.81 Safari/537.36"
192.168.1.2 - - [15/Mar/2023:19:15:49 +0000] "PUT /api/products HTTP/1.1" 401 803 "-" "Mozilla/5.0 (Windows NT 10.0; Win64; x64) AppleWebKit/537.36 (KHTML, like Gecko) Chrome/94.0.4606.81 Safari/537.36"
192.168.1.1 - - [15/Mar/2023:19:15:49 +0000] "PUT /api/products HTTP/1.1" 500 552 "-" "Mozilla/5.0 (Macintosh; Intel Mac OS X 10_15_7) AppleWebKit/537.36 (KHTML, like Gecko) Chrome/93.0.4577.63 Safari/537.36"
192.168.1.5 - - [15/Mar/2023:19:15:49 +0000] "DELETE /api/users HTTP/1.1" 403 486 "-" "Mozilla/5.0 (Windows NT 10.0; Win64; x64) AppleWebKit/537.36 (KHTML, like Gecko) Chrome/94.0.4606.81 Safari/537.36"
192.168.1.3 - - [15/Mar/2023:19:15:49 +0000] "GET /api/users HTTP/1.1" 500 586 "-" "Mozilla/5.0 (Windows NT 10.0; Win64; x64; rv:93.0) Gecko/20100101 Firefox/93.0"
192.168.1.1 - - [15/Mar/2023:19:15:49 +0000] "POST /api/invoices HTTP/1.1" 400 181 "-" "Mozilla/5.0 (Macintosh; Intel Mac OS X 10_15_7) AppleWebKit/537.36 (KHTML, like Gecko) Chrome/93.0.4577.63 Safari/537.36"
192.168.1.1 - - [15/Mar/2023:19:15:49 +0000] "PATCH /api/users" 204 113 "-" "Mozilla/5.0 (Windows NT 10.0; Win64; x64; rv:94.0) Gecko/20100101 Firefox/94.0"
192.168.1.3 - - [15/Mar/2023:19:15:49 +0000] "PUT /api/products HTTP/1.1" 403 196 "-" "Mozilla/5.0 (Macintosh; Intel Mac OS X 10_15_7) AppleWebKit/537.36 (KHTML, like Gecko) Chrome/94.0.4606.81 Safari/537.36"
192.168.1.2 - - [15/Mar/2023:19:15:49 +0000] "PUT /api/products HTTP/1.1" 201 900 "-" "Mozilla/5.0 (Windows NT 10.0; Win64; x64; rv:93.0) Gecko/20100101 Firefox/93.0"
192.168.1.4 - - [15/Mar/2023:19:15:49 +0000] "PUT /api/products HTTP/1.1" 201 17 "-" "Mozilla/5.0 (Windows NT 10.0; Win64; x64; rv:94.0) Gecko/20100101 Firefox/94.0"
192.168.1.4 - - [15/Mar/2023:19:15:49 +0000] "POST /api/products HTTP/1.1" 403 980 "-" "Mozilla/5.0 (Windows NT 10.0; Win64; x64) AppleWebKit/537.36 (KHTML, like Gecko) Chrome/93.0.4577.63 Safari/537.36"
192.168.1.3 - - [15/Mar/2023:19:15:49 +0000] "GET /api/users HTTP/1.1" 400 541 "-" "Mozilla/5.0 (Macintosh; Intel Mac OS X 10_15_7) AppleWebKit/537.36 (KHTML, like Gecko) Chrome/94.0.4606.81 Safari/537.36"
192.168.1.3 - - [15/Mar/2023:19:15:49 +0000] "DELETE /api/invoices HTTP/1.1" 500 763 "-" "Mozilla/5.0 (Macintosh; Intel Mac OS X 10_15_7) AppleWebKit/537.36 (KHTML, like Gecko) Chrome/94.0.4606.81 Safari/537.36"
192.168.1.1 - - [15/Mar/2023:19:15:49 +0000] "PUT /api/users HTTP/1.1" 204 349 "-" "Mozilla/5.0 (Windows NT 10.0; Win64; x64; rv:93.0) Gecko/20100101 Firefox/93.0"
192.168.1.1 - - [15/Mar/2023:19:15:49 +0000] "GET /api/users HTTP/1.1" 403 503 "-" "Mozilla/5.0 (Windows NT 10.0; Win64; x64) AppleWebKit/537.36 (KHTML, like Gecko) Chrome/93.0.4577.63 Safari/537.36"
192.168.1.2 - - [15/Mar/2023:19:15:49 +0000] "PUT /api/products HTTP/1.1" 201 677 "-" "Mozilla/5.0 (Windows NT 10.0; Win64; x64; rv:94.0) Gecko/20100101 Firefox/94.0"
192.168.1.4 - - [15/Mar/2023:19:15:49 +0000] "PUT /api/products HTTP/1.1" 404 676 "-" "Mozilla/5.0 (Windows NT 10.0; Win64; x64) AppleWebKit/537.36 (KHTML, like Gecko) Chrome/93.0.4577.63 Safari/537.36"
192.168.1.3 - - [15/Mar/2023:19:15:49 +0000] "DELETE /api/users HTTP/1.1" 404 314 "-" "Mozilla/5.0 (Windows NT 10.0; Win64; x64; rv:93.0) Gecko/20100101 Firefox/93.0"
192.168.1.2 - - [15/Mar/2023:19:15:49 +0000] "POST /api/customers HTTP/1.1" 204 558 "-" "Mozilla/5.0 (Windows NT 10.0; Win64; x64) AppleWebKit/537.36 (KHTML, like Gecko) Chrome/93.0.4577.63 Safari/537.36"
192.168.1.3 - - [15/Mar/2023:19:15:49 +0000] "PATCH /api/products" 404 348 "-" "Mozilla/5.0 (Macintosh; Intel Mac OS X 10_15_7) AppleWebKit/537.36 (KHTML, like Gecko) Chrome/93.0.4577.63 Safari/537.36"
192.168.1.4 - - [15/Mar/2023:19:15:49 +0000] "PUT /api/customers HTTP/1.1" 404 798 "-" "Mozilla/5.0 (Windows NT 10.0; Win64; x64) AppleWebKit/537.36 (KHTML, like Gecko) Chrome/93.0.4577.63 Safari/537.36"
192.168.1.5 - - [15/Mar/2023:19:15:49 +0000] "PATCH /api/products" 404 188 "-" "Mozilla/5.0 (Windows NT 10.0; Win64; x64; rv:93.0) Gecko/20100101 Firefox/93.0"
192.168.1.4 - - [15/Mar/2023:19:15:49 +0000] "DELETE /api/users HTTP/1.1" 200 605 "-" "Mozilla/5.0 (Windows NT 10.0; Win64; x64) AppleWebKit/537.36 (KHTML, like Gecko) Chrome/94.0.4606.81 Safari/537.36"
192.168.1.3 - - [15/Mar/2023:19:15:49 +0000] "POST /api/customers HTTP/1.1" 400 859 "-" "Mozilla/5.0 (Macintosh; Intel Mac OS X 10_15_7) AppleWebKit/537.36 (KHTML, like Gecko) Chrome/93.0.4577.63 Safari/537.36"
192.168.1.5 - - [15/Mar/2023:19:15:49 +0000] "GET /api/users HTTP/1.1" 403 740 "-" "Mozilla/5.0 (Macintosh; Intel Mac OS X 10_15_7) AppleWebKit/537.36 (KHTML, like Gecko) Chrome/93.0.4577.63 Safari/537.36"
192.168.1.4 - - [15/Mar/2023:19:15:49 +0000] "DELETE /api/products HTTP/1.1" 404 622 "-" "Mozilla/5.0 (Macintosh; Intel Mac OS X 10_15_7) AppleWebKit/537.36 (KHTML, like Gecko) Chrome/94.0.4606.81 Safari/537.36"
192.168.1.1 - - [15/Mar/2023:19:15:49 +0000] "POST /api/products HTTP/1.1" 204 380 "-" "Mozilla/5.0 (Windows NT 10.0; Win64; x64) AppleWebKit/537.36 (KHTML, like Gecko) Chrome/94.0.4606.81 Safari/537.36"
192.168.1.2 - - [15/Mar/2023:19:15:49 +0000] "PUT /api/orders HTTP/1.1" 400 136 "-" "Mozilla/5.0 (Macintosh; Intel Mac OS X 10_15_7) AppleWebKit/537.36 (KHTML, like Gecko) Chrome/94.0.4606.81 Safari/537.36"
192.168.1.5 - - [15/Mar/2023:19:15:49 +0000] "DELETE /api/invoices HTTP/1.1" 200 863 "-" "Mozilla/5.0 (Windows NT 10.0; Win64; x64) AppleWebKit/537.36 (KHTML, like Gecko) Chrome/94.0.4606.81 Safari/537.36"
192.168.1.1 - - [15/Mar/2023:19:15:49 +0000] "GET /api/invoices HTTP/1.1" 400 812 "-" "Mozilla/5.0 (Windows NT 10.0; Win64; x64; rv:94.0) Gecko/20100101 Firefox/94.0"
192.168.1.4 - - [15/Mar/2023:19:15:49 +0000] "PUT /api/customers HTTP/1.1" 403 439 "-" "Mozilla/5.0 (Macintosh; Intel Mac OS X 10_15_7) AppleWebKit/537.36 (KHTML, like Gecko) Chrome/93.0.4577.63 Safari/537.36"
192.168.1.5 - - [15/Mar/2023:19:15:49 +0000] "PATCH /api/invoices" 500 49 "-" "Mozilla/5.0 (Windows NT 10.0; Win64; x64) AppleWebKit/537.36 (KHTML, like Gecko) Chrome/93.0.4577.63 Safari/537.36"
192.168.1.3 - - [15/Mar/2023:19:15:49 +0000] "PUT /api/users HTTP/1.1" 400 698 "-" "Mozilla/5.0 (Macintosh; Intel Mac OS X 10_15_7) AppleWebKit/537.36 (KHTML, like Gecko) Chrome/94.0.4606.81 Safari/537.36"
192.168.1.4 - - [15/Mar/2023:19:15:49 +0000] "PUT /api/customers HTTP/1.1" 400 222 "-" "Mozilla/5.0 (Windows NT 10.0; Win64; x64; rv:94.0) Gecko/20100101 Firefox/94.0"
192.168.1.1 - - [15/Mar/2023:19:15:49 +0000] "PATCH /api/products" 403 714 "-" "Mozilla/5.0 (Windows NT 10.0; Win64; x64) AppleWebKit/537.36 (KHTML, like Gecko) Chrome/94.0.4606.81 Safari/537.36"
192.168.1.5 - - [15/Mar/2023:19:15:49 +0000] "GET /api/customers HTTP/1.1" 200 848 "-" "Mozilla/5.0 (Windows NT 10.0; Win64; x64) AppleWebKit/537.36 (KHTML, like Gecko) Chrome/94.0.4606.81 Safari/537.36"
192.168.1.5 - - [15/Mar/2023:19:15:49 +0000] "PATCH /api/invoices" 200 752 "-" "Mozilla/5.0 (Windows NT 10.0; Win64; x64) AppleWebKit/537.36 (KHTML, like Gecko) Chrome/94.0.4606.81 Safari/537.36"
192.168.1.1 - - [15/Mar/2023:19:15:49 +0000] "PATCH /api/orders" 201 767 "-" "Mozilla/5.0 (Windows NT 10.0; Win64; x64; rv:94.0) Gecko/20100101 Firefox/94.0"
192.168.1.1 - - [15/Mar/2023:19:15:49 +0000] "PATCH /api/customers" 403 875 "-" "Mozilla/5.0 (Macintosh; Intel Mac OS X 10_15_7) AppleWebKit/537.36 (KHTML, like Gecko) Chrome/93.0.4577.63 Safari/537.36"
192.168.1.4 - - [15/Mar/2023:19:15:49 +0000] "DELETE /api/invoices HTTP/1.1" 200 388 "-" "Mozilla/5.0 (Windows NT 10.0; Win64; x64) AppleWebKit/537.36 (KHTML, like Gecko) Chrome/93.0.4577.63 Safari/537.36"
192.168.1.4 - - [15/Mar/2023:19:15:49 +0000] "GET /api/users HTTP/1.1" 200 127 "-" "Mozilla/5.0 (Macintosh; Intel Mac OS X 10_15_7) AppleWebKit/537.36 (KHTML, like Gecko) Chrome/93.0.4577.63 Safari/537.36"
192.168.1.4 - - [15/Mar/2023:19:15:49 +0000] "PUT /api/invoices HTTP/1.1" 401 942 "-" "Mozilla/5.0 (Macintosh; Intel Mac OS X 10_15_7) AppleWebKit/537.36 (KHTML, like Gecko) Chrome/93.0.4577.63 Safari/537.36"
192.168.1.4 - - [15/Mar/2023:19:15:49 +0000] "PUT /api/products HTTP/1.1" 500 236 "-" "Mozilla/5.0 (Windows NT 10.0; Win64; x64) AppleWebKit/537.36 (KHTML, like Gecko) Chrome/94.0.4606.81 Safari/537.36"
192.168.1.3 - - [15/Mar/2023:19:15:49 +0000] "GET /api/products HTTP/1.1" 400 91 "-" "Mozilla/5.0 (Windows NT 10.0; Win64; x64; rv:94.0) Gecko/20100101 Firefox/94.0"
192.168.1.4 - - [15/Mar/2023:19:15:49 +0000] "POST /api/customers HTTP/1.1" 404 754 "-" "Mozilla/5.0 (Macintosh; Intel Mac OS X 10_15_7) AppleWebKit/537.36 (KHTML, like Gecko) Chrome/94.0.4606.81 Safari/537.36"
192.168.1.2 - - [15/Mar/2023:19:15:49 +0000] "DELETE /api/customers HTTP/1.1" 404 567 "-" "Mozilla/5.0 (Windows NT 10.0; Win64; x64; rv:93.0) Gecko/20100101 Firefox/93.0"
192.168.1.1 - - [15/Mar/2023:19:15:49 +0000] "PATCH /api/orders" 401 772 "-" "Mozilla/5.0 (Windows NT 10.0; Win64; x64) AppleWebKit/537.36 (KHTML, like Gecko) Chrome/94.0.4606.81 Safari/537.36"
192.168.1.1 - - [15/Mar/2023:19:15:49 +0000] "PATCH /api/customers" 204 476 "-" "Mozilla/5.0 (Windows NT 10.0; Win64; x64; rv:93.0) Gecko/20100101 Firefox/93.0"
192.168.1.1 - - [15/Mar/2023:19:15:49 +0000] "POST /api/orders HTTP/1.1" 204 275 "-" "Mozilla/5.0 (Macintosh; Intel Mac OS X 10_15_7) AppleWebKit/537.36 (KHTML, like Gecko) Chrome/93.0.4577.63 Safari/537.36"
192.168.1.1 - - [15/Mar/2023:19:15:49 +0000] "DELETE /api/products HTTP/1.1" 401 206 "-" "Mozilla/5.0 (Windows NT 10.0; Win64; x64) AppleWebKit/537.36 (KHTML, like Gecko) Chrome/93.0.4577.63 Safari/537.36"
192.168.1.1 - - [15/Mar/2023:19:15:49 +0000] "DELETE /api/invoices HTTP/1.1" 404 832 "-" "Mozilla/5.0 (Windows NT 10.0; Win64; x64; rv:94.0) Gecko/20100101 Firefox/94.0"
192.168.1.1 - - [15/Mar/2023:19:15:49 +0000] "PATCH /api/customers" 200 301 "-" "Mozilla/5.0 (Windows NT 10.0; Win64; x64; rv:93.0) Gecko/20100101 Firefox/93.0"
192.168.1.4 - - [15/Mar/2023:19:15:49 +0000] "PATCH /api/users" 403 276 "-" "Mozilla/5.0 (Windows NT 10.0; Win64; x64; rv:93.0) Gecko/20100101 Firefox/93.0"
192.168.1.3 - - [15/Mar/2023:19:15:49 +0000] "GET /api/orders HTTP/1.1" 401 783 "-" "Mozilla/5.0 (Macintosh; Intel Mac OS X 10_15_7) AppleWebKit/537.36 (KHTML, like Gecko) Chrome/93.0.4577.63 Safari/537.36"
192.168.1.4 - - [15/Mar/2023:19:15:49 +0000] "DELETE /api/users HTTP/1.1" 500 840 "-" "Mozilla/5.0 (Windows NT 10.0; Win64; x64; rv:94.0) Gecko/20100101 Firefox/94.0"
192.168.1.3 - - [15/Mar/2023:19:15:49 +0000] "GET /api/orders HTTP/1.1" 403 228 "-" "Mozilla/5.0 (Windows NT 10.0; Win64; x64) AppleWebKit/537.36 (KHTML, like Gecko) Chrome/93.0.4577.63 Safari/537.36"
192.168.1.1 - - [15/Mar/2023:19:15:49 +0000] "DELETE /api/customers HTTP/1.1" 400 499 "-" "Mozilla/5.0 (Windows NT 10.0; Win64; x64; rv:93.0) Gecko/20100101 Firefox/93.0"
192.168.1.5 - - [15/Mar/2023:19:15:49 +0000] "PUT /api/users HTTP/1.1" 500 587 "-" "Mozilla/5.0 (Windows NT 10.0; Win64; x64) AppleWebKit/537.36 (KHTML, like Gecko) Chrome/93.0.4577.63 Safari/537.36"
192.168.1.1 - - [15/Mar/2023:19:15:49 +0000] "PATCH /api/users" 400 986 "-" "Mozilla/5.0 (Macintosh; Intel Mac OS X 10_15_7) AppleWebKit/537.36 (KHTML, like Gecko) Chrome/94.0.4606.81 Safari/537.36"
192.168.1.5 - - [15/Mar/2023:19:15:49 +0000] "PUT /api/users HTTP/1.1" 400 185 "-" "Mozilla/5.0 (Macintosh; Intel Mac OS X 10_15_7) AppleWebKit/537.36 (KHTML, like Gecko) Chrome/93.0.4577.63 Safari/537.36"
192.168.1.5 - - [15/Mar/2023:19:15:49 +0000] "GET /api/users HTTP/1.1" 201 300 "-" "Mozilla/5.0 (Windows NT 10.0; Win64; x64) AppleWebKit/537.36 (KHTML, like Gecko) Chrome/93.0.4577.63 Safari/537.36"
192.168.1.4 - - [15/Mar/2023:19:15:49 +0000] "PATCH /api/users" 404 849 "-" "Mozilla/5.0 (Macintosh; Intel Mac OS X 10_15_7) AppleWebKit/537.36 (KHTML, like Gecko) Chrome/93.0.4577.63 Safari/537.36"
192.168.1.2 - - [15/Mar/2023:19:15:49 +0000] "PUT /api/customers HTTP/1.1" 403 397 "-" "Mozilla/5.0 (Macintosh; Intel Mac OS X 10_15_7) AppleWebKit/537.36 (KHTML, like Gecko) Chrome/94.0.4606.81 Safari/537.36"
192.168.1.2 - - [15/Mar/2023:19:15:49 +0000] "POST /api/invoices HTTP/1.1" 201 623 "-" "Mozilla/5.0 (Windows NT 10.0; Win64; x64; rv:94.0) Gecko/20100101 Firefox/94.0"
192.168.1.4 - - [15/Mar/2023:19:15:49 +0000] "PUT /api/customers HTTP/1.1" 400 441 "-" "Mozilla/5.0 (Windows NT 10.0; Win64; x64) AppleWebKit/537.36 (KHTML, like Gecko) Chrome/93.0.4577.63 Safari/537.36"
192.168.1.5 - - [15/Mar/2023:19:15:49 +0000] "GET /api/invoices HTTP/1.1" 401 700 "-" "Mozilla/5.0 (Windows NT 10.0; Win64; x64; rv:94.0) Gecko/20100101 Firefox/94.0"
192.168.1.1 - - [15/Mar/2023:19:15:49 +0000] "DELETE /api/products HTTP/1.1" 400 671 "-" "Mozilla/5.0 (Windows NT 10.0; Win64; x64) AppleWebKit/537.36 (KHTML, like Gecko) Chrome/93.0.4577.63 Safari/537.36"
192.168.1.1 - - [15/Mar/2023:19:15:49 +0000] "DELETE /api/invoices HTTP/1.1" 403 168 "-" "Mozilla/5.0 (Windows NT 10.0; Win64; x64) AppleWebKit/537.36 (KHTML, like Gecko) Chrome/94.0.4606.81 Safari/537.36"
192.168.1.1 - - [15/Mar/2023:19:15:49 +0000] "PUT /api/invoices HTTP/1.1" 200 284 "-" "Mozilla/5.0 (Windows NT 10.0; Win64; x64; rv:93.0) Gecko/20100101 Firefox/93.0"
192.168.1.1 - - [15/Mar/2023:19:15:49 +0000] "DELETE /api/users HTTP/1.1" 401 815 "-" "Mozilla/5.0 (Macintosh; Intel Mac OS X 10_15_7) AppleWebKit/537.36 (KHTML, like Gecko) Chrome/94.0.4606.81 Safari/537.36"
192.168.1.4 - - [15/Mar/2023:19:15:49 +0000] "POST /api/products HTTP/1.1" 401 926 "-" "Mozilla/5.0 (Windows NT 10.0; Win64; x64) AppleWebKit/537.36 (KHTML, like Gecko) Chrome/93.0.4577.63 Safari/537.36"
192.168.1.3 - - [15/Mar/2023:19:15:49 +0000] "POST /api/products HTTP/1.1" 204 296 "-" "Mozilla/5.0 (Macintosh; Intel Mac OS X 10_15_7) AppleWebKit/537.36 (KHTML, like Gecko) Chrome/93.0.4577.63 Safari/537.36"
192.168.1.3 - - [15/Mar/2023:19:15:49 +0000] "PATCH /api/orders" 404 371 "-" "Mozilla/5.0 (Windows NT 10.0; Win64; x64; rv:94.0) Gecko/20100101 Firefox/94.0"
192.168.1.5 - - [15/Mar/2023:19:15:49 +0000] "PATCH /api/customers" 200 794 "-" "Mozilla/5.0 (Macintosh; Intel Mac OS X 10_15_7) AppleWebKit/537.36 (KHTML, like Gecko) Chrome/94.0.4606.81 Safari/537.36"
192.168.1.1 - - [15/Mar/2023:19:15:49 +0000] "DELETE /api/invoices HTTP/1.1" 500 680 "-" "Mozilla/5.0 (Windows NT 10.0; Win64; x64) AppleWebKit/537.36 (KHTML, like Gecko) Chrome/93.0.4577.63 Safari/537.36"
192.168.1.5 - - [15/Mar/2023:19:15:49 +0000] "GET /api/users HTTP/1.1" 200 294 "-" "Mozilla/5.0 (Windows NT 10.0; Win64; x64; rv:94.0) Gecko/20100101 Firefox/94.0"
192.168.1.5 - - [15/Mar/2023:19:15:49 +0000] "PUT /api/invoices HTTP/1.1" 401 562 "-" "Mozilla/5.0 (Windows NT 10.0; Win64; x64) AppleWebKit/537.36 (KHTML, like Gecko) Chrome/93.0.4577.63 Safari/537.36"
192.168.1.3 - - [15/Mar/2023:19:15:49 +0000] "PATCH /api/orders" 200 356 "-" "Mozilla/5.0 (Windows NT 10.0; Win64; x64; rv:94.0) Gecko/20100101 Firefox/94.0"
192.168.1.4 - - [15/Mar/2023:19:15:49 +0000] "GET /api/products HTTP/1.1" 200 35 "-" "Mozilla/5.0 (Windows NT 10.0; Win64; x64; rv:93.0) Gecko/20100101 Firefox/93.0"
192.168.1.4 - - [15/Mar/2023:19:15:49 +0000] "PUT /api/orders HTTP/1.1" 403 715 "-" "Mozilla/5.0 (Windows NT 10.0; Win64; x64) AppleWebKit/537.36 (KHTML, like Gecko) Chrome/93.0.4577.63 Safari/537.36"
192.168.1.2 - - [15/Mar/2023:19:15:49 +0000] "POST /api/orders HTTP/1.1" 404 202 "-" "Mozilla/5.0 (Windows NT 10.0; Win64; x64) AppleWebKit/537.36 (KHTML, like Gecko) Chrome/93.0.4577.63 Safari/537.36"
192.168.1.4 - - [15/Mar/2023:19:15:49 +0000] "PATCH /api/customers" 201 736 "-" "Mozilla/5.0 (Macintosh; Intel Mac OS X 10_15_7) AppleWebKit/537.36 (KHTML, like Gecko) Chrome/94.0.4606.81 Safari/537.36"
192.168.1.4 - - [15/Mar/2023:19:15:49 +0000] "PUT /api/customers HTTP/1.1" 200 181 "-" "Mozilla/5.0 (Windows NT 10.0; Win64; x64) AppleWebKit/537.36 (KHTML, like Gecko) Chrome/93.0.4577.63 Safari/537.36"
192.168.1.3 - - [15/Mar/2023:19:15:49 +0000] "POST /api/users HTTP/1.1" 200 726 "-" "Mozilla/5.0 (Macintosh; Intel Mac OS X 10_15_7) AppleWebKit/537.36 (KHTML, like Gecko) Chrome/94.0.4606.81 Safari/537.36"
192.168.1.5 - - [15/Mar/2023:19:15:49 +0000] "PUT /api/customers HTTP/1.1" 404 73 "-" "Mozilla/5.0 (Windows NT 10.0; Win64; x64; rv:94.0) Gecko/20100101 Firefox/94.0"
192.168.1.1 - - [15/Mar/2023:19:15:49 +0000] "DELETE /api/products HTTP/1.1" 404 88 "-" "Mozilla/5.0 (Macintosh; Intel Mac OS X 10_15_7) AppleWebKit/537.36 (KHTML, like Gecko) Chrome/93.0.4577.63 Safari/537.36"
192.168.1.3 - - [15/Mar/2023:19:15:49 +0000] "POST /api/customers HTTP/1.1" 403 190 "-" "Mozilla/5.0 (Macintosh; Intel Mac OS X 10_15_7) AppleWebKit/537.36 (KHTML, like Gecko) Chrome/93.0.4577.63 Safari/537.36"
192.168.1.3 - - [15/Mar/2023:19:15:49 +0000] "POST /api/invoices HTTP/1.1" 400 127 "-" "Mozilla/5.0 (Macintosh; Intel Mac OS X 10_15_7) AppleWebKit/537.36 (KHTML, like Gecko) Chrome/93.0.4577.63 Safari/537.36"
192.168.1.1 - - [15/Mar/2023:19:15:49 +0000] "DELETE /api/users HTTP/1.1" 403 507 "-" "Mozilla/5.0 (Windows NT 10.0; Win64; x64) AppleWebKit/537.36 (KHTML, like Gecko) Chrome/93.0.4577.63 Safari/537.36"
192.168.1.3 - - [15/Mar/2023:19:15:49 +0000] "PATCH /api/customers" 204 657 "-" "Mozilla/5.0 (Windows NT 10.0; Win64; x64) AppleWebKit/537.36 (KHTML, like Gecko) Chrome/94.0.4606.81 Safari/537.36"
192.168.1.2 - - [15/Mar/2023:19:15:49 +0000] "GET /api/products HTTP/1.1" 204 882 "-" "Mozilla/5.0 (Windows NT 10.0; Win64; x64) AppleWebKit/537.36 (KHTML, like Gecko) Chrome/93.0.4577.63 Safari/537.36"
192.168.1.4 - - [15/Mar/2023:19:15:49 +0000] "PATCH /api/orders" 200 86 "-" "Mozilla/5.0 (Windows NT 10.0; Win64; x64) AppleWebKit/537.36 (KHTML, like Gecko) Chrome/94.0.4606.81 Safari/537.36"
192.168.1.3 - - [15/Mar/2023:19:15:49 +0000] "PATCH /api/products" 200 492 "-" "Mozilla/5.0 (Windows NT 10.0; Win64; x64; rv:93.0) Gecko/20100101 Firefox/93.0"
192.168.1.1 - - [15/Mar/2023:19:15:49 +0000] "PUT /api/users HTTP/1.1" 400 134 "-" "Mozilla/5.0 (Windows NT 10.0; Win64; x64; rv:94.0) Gecko/20100101 Firefox/94.0"
192.168.1.2 - - [15/Mar/2023:19:15:49 +0000] "PUT /api/products HTTP/1.1" 401 621 "-" "Mozilla/5.0 (Macintosh; Intel Mac OS X 10_15_7) AppleWebKit/537.36 (KHTML, like Gecko) Chrome/94.0.4606.81 Safari/537.36"
192.168.1.5 - - [15/Mar/2023:19:15:49 +0000] "PUT /api/orders HTTP/1.1" 401 630 "-" "Mozilla/5.0 (Windows NT 10.0; Win64; x64) AppleWebKit/537.36 (KHTML, like Gecko) Chrome/93.0.4577.63 Safari/537.36"
192.168.1.1 - - [15/Mar/2023:19:15:49 +0000] "PATCH /api/users" 400 364 "-" "Mozilla/5.0 (Windows NT 10.0; Win64; x64; rv:93.0) Gecko/20100101 Firefox/93.0"
192.168.1.2 - - [15/Mar/2023:19:15:49 +0000] "POST /api/users HTTP/1.1" 204 464 "-" "Mozilla/5.0 (Macintosh; Intel Mac OS X 10_15_7) AppleWebKit/537.36 (KHTML, like Gecko) Chrome/94.0.4606.81 Safari/537.36"
192.168.1.4 - - [15/Mar/2023:19:15:49 +0000] "DELETE /api/orders HTTP/1.1" 400 518 "-" "Mozilla/5.0 (Macintosh; Intel Mac OS X 10_15_7) AppleWebKit/537.36 (KHTML, like Gecko) Chrome/94.0.4606.81 Safari/537.36"
192.168.1.3 - - [15/Mar/2023:19:15:49 +0000] "PUT /api/users HTTP/1.1" 400 752 "-" "Mozilla/5.0 (Windows NT 10.0; Win64; x64) AppleWebKit/537.36 (KHTML, like Gecko) Chrome/93.0.4577.63 Safari/537.36"
192.168.1.3 - - [15/Mar/2023:19:15:49 +0000] "GET /api/invoices HTTP/1.1" 204 714 "-" "Mozilla/5.0 (Macintosh; Intel Mac OS X 10_15_7) AppleWebKit/537.36 (KHTML, like Gecko) Chrome/93.0.4577.63 Safari/537.36"
192.168.1.5 - - [15/Mar/2023:19:15:49 +0000] "PATCH /api/invoices" 500 588 "-" "Mozilla/5.0 (Windows NT 10.0; Win64; x64) AppleWebKit/537.36 (KHTML, like Gecko) Chrome/93.0.4577.63 Safari/537.36"
192.168.1.2 - - [15/Mar/2023:19:15:49 +0000] "GET /api/customers HTTP/1.1" 403 369 "-" "Mozilla/5.0 (Windows NT 10.0; Win64; x64) AppleWebKit/537.36 (KHTML, like Gecko) Chrome/93.0.4577.63 Safari/537.36"
192.168.1.4 - - [15/Mar/2023:19:15:49 +0000] "DELETE /api/users HTTP/1.1" 404 722 "-" "Mozilla/5.0 (Windows NT 10.0; Win64; x64) AppleWebKit/537.36 (KHTML, like Gecko) Chrome/93.0.4577.63 Safari/537.36"
192.168.1.3 - - [15/Mar/2023:19:15:49 +0000] "PATCH /api/invoices" 404 93 "-" "Mozilla/5.0 (Windows NT 10.0; Win64; x64; rv:94.0) Gecko/20100101 Firefox/94.0"
192.168.1.2 - - [15/Mar/2023:19:15:49 +0000] "GET /api/orders HTTP/1.1" 201 728 "-" "Mozilla/5.0 (Windows NT 10.0; Win64; x64) AppleWebKit/537.36 (KHTML, like Gecko) Chrome/94.0.4606.81 Safari/537.36"
192.168.1.2 - - [15/Mar/2023:19:15:49 +0000] "DELETE /api/invoices HTTP/1.1" 404 922 "-" "Mozilla/5.0 (Windows NT 10.0; Win64; x64) AppleWebKit/537.36 (KHTML, like Gecko) Chrome/94.0.4606.81 Safari/537.36"
192.168.1.1 - - [15/Mar/2023:19:15:49 +0000] "PATCH /api/customers" 204 424 "-" "Mozilla/5.0 (Windows NT 10.0; Win64; x64; rv:94.0) Gecko/20100101 Firefox/94.0"
192.168.1.4 - - [15/Mar/2023:19:15:49 +0000] "DELETE /api/users HTTP/1.1" 401 299 "-" "Mozilla/5.0 (Windows NT 10.0; Win64; x64) AppleWebKit/537.36 (KHTML, like Gecko) Chrome/93.0.4577.63 Safari/537.36"
192.168.1.5 - - [15/Mar/2023:19:15:49 +0000] "GET /api/invoices HTTP/1.1" 200 81 "-" "Mozilla/5.0 (Windows NT 10.0; Win64; x64) AppleWebKit/537.36 (KHTML, like Gecko) Chrome/94.0.4606.81 Safari/537.36"
192.168.1.1 - - [15/Mar/2023:19:15:49 +0000] "PATCH /api/users" 500 444 "-" "Mozilla/5.0 (Windows NT 10.0; Win64; x64) AppleWebKit/537.36 (KHTML, like Gecko) Chrome/93.0.4577.63 Safari/537.36"
192.168.1.1 - - [15/Mar/2023:19:15:49 +0000] "DELETE /api/orders HTTP/1.1" 200 975 "-" "Mozilla/5.0 (Windows NT 10.0; Win64; x64) AppleWebKit/537.36 (KHTML, like Gecko) Chrome/94.0.4606.81 Safari/537.36"
192.168.1.5 - - [15/Mar/2023:19:15:49 +0000] "DELETE /api/products HTTP/1.1" 200 654 "-" "Mozilla/5.0 (Macintosh; Intel Mac OS X 10_15_7) AppleWebKit/537.36 (KHTML, like Gecko) Chrome/93.0.4577.63 Safari/537.36"
192.168.1.1 - - [15/Mar/2023:19:15:49 +0000] "PATCH /api/invoices" 404 727 "-" "Mozilla/5.0 (Macintosh; Intel Mac OS X 10_15_7) AppleWebKit/537.36 (KHTML, like Gecko) Chrome/94.0.4606.81 Safari/537.36"
192.168.1.4 - - [15/Mar/2023:19:15:49 +0000] "PATCH /api/customers" 400 161 "-" "Mozilla/5.0 (Windows NT 10.0; Win64; x64; rv:93.0) Gecko/20100101 Firefox/93.0"
192.168.1.4 - - [15/Mar/2023:19:15:49 +0000] "POST /api/invoices HTTP/1.1" 400 722 "-" "Mozilla/5.0 (Macintosh; Intel Mac OS X 10_15_7) AppleWebKit/537.36 (KHTML, like Gecko) Chrome/93.0.4577.63 Safari/537.36"
192.168.1.4 - - [15/Mar/2023:19:15:49 +0000] "PATCH /api/invoices" 200 705 "-" "Mozilla/5.0 (Windows NT 10.0; Win64; x64; rv:93.0) Gecko/20100101 Firefox/93.0"
192.168.1.2 - - [15/Mar/2023:19:15:49 +0000] "PUT /api/orders HTTP/1.1" 404 164 "-" "Mozilla/5.0 (Windows NT 10.0; Win64; x64) AppleWebKit/537.36 (KHTML, like Gecko) Chrome/93.0.4577.63 Safari/537.36"
192.168.1.1 - - [15/Mar/2023:19:15:49 +0000] "PATCH /api/customers" 401 671 "-" "Mozilla/5.0 (Windows NT 10.0; Win64; x64; rv:93.0) Gecko/20100101 Firefox/93.0"
192.168.1.1 - - [15/Mar/2023:19:15:49 +0000] "GET /api/products HTTP/1.1" 500 325 "-" "Mozilla/5.0 (Macintosh; Intel Mac OS X 10_15_7) AppleWebKit/537.36 (KHTML, like Gecko) Chrome/94.0.4606.81 Safari/537.36"
192.168.1.4 - - [15/Mar/2023:19:15:49 +0000] "GET /api/customers HTTP/1.1" 500 952 "-" "Mozilla/5.0 (Windows NT 10.0; Win64; x64) AppleWebKit/537.36 (KHTML, like Gecko) Chrome/93.0.4577.63 Safari/537.36"
192.168.1.4 - - [15/Mar/2023:19:15:49 +0000] "GET /api/products HTTP/1.1" 403 238 "-" "Mozilla/5.0 (Windows NT 10.0; Win64; x64; rv:94.0) Gecko/20100101 Firefox/94.0"
192.168.1.5 - - [15/Mar/2023:19:15:49 +0000] "POST /api/users HTTP/1.1" 201 978 "-" "Mozilla/5.0 (Windows NT 10.0; Win64; x64) AppleWebKit/537.36 (KHTML, like Gecko) Chrome/94.0.4606.81 Safari/537.36"
192.168.1.1 - - [15/Mar/2023:19:15:49 +0000] "PATCH /api/users" 204 222 "-" "Mozilla/5.0 (Windows NT 10.0; Win64; x64) AppleWebKit/537.36 (KHTML, like Gecko) Chrome/94.0.4606.81 Safari/537.36"
192.168.1.2 - - [15/Mar/2023:19:15:49 +0000] "DELETE /api/users HTTP/1.1" 201 345 "-" "Mozilla/5.0 (Windows NT 10.0; Win64; x64) AppleWebKit/537.36 (KHTML, like Gecko) Chrome/94.0.4606.81 Safari/537.36"
192.168.1.5 - - [15/Mar/2023:19:15:49 +0000] "PUT /api/users HTTP/1.1" 201 596 "-" "Mozilla/5.0 (Macintosh; Intel Mac OS X 10_15_7) AppleWebKit/537.36 (KHTML, like Gecko) Chrome/93.0.4577.63 Safari/537.36"
192.168.1.2 - - [15/Mar/2023:19:15:49 +0000] "PATCH /api/orders" 401 209 "-" "Mozilla/5.0 (Windows NT 10.0; Win64; x64) AppleWebKit/537.36 (KHTML, like Gecko) Chrome/93.0.4577.63 Safari/537.36"
192.168.1.5 - - [15/Mar/2023:19:15:49 +0000] "GET /api/users HTTP/1.1" 401 922 "-" "Mozilla/5.0 (Windows NT 10.0; Win64; x64) AppleWebKit/537.36 (KHTML, like Gecko) Chrome/93.0.4577.63 Safari/537.36"
192.168.1.2 - - [15/Mar/2023:19:15:49 +0000] "DELETE /api/orders HTTP/1.1" 401 199 "-" "Mozilla/5.0 (Macintosh; Intel Mac OS X 10_15_7) AppleWebKit/537.36 (KHTML, like Gecko) Chrome/93.0.4577.63 Safari/537.36"
192.168.1.5 - - [15/Mar/2023:19:15:49 +0000] "PUT /api/products HTTP/1.1" 400 878 "-" "Mozilla/5.0 (Windows NT 10.0; Win64; x64; rv:93.0) Gecko/20100101 Firefox/93.0"
192.168.1.1 - - [15/Mar/2023:19:15:49 +0000] "GET /api/orders HTTP/1.1" 201 551 "-" "Mozilla/5.0 (Windows NT 10.0; Win64; x64; rv:93.0) Gecko/20100101 Firefox/93.0"
192.168.1.2 - - [15/Mar/2023:19:15:49 +0000] "GET /api/customers HTTP/1.1" 500 275 "-" "Mozilla/5.0 (Macintosh; Intel Mac OS X 10_15_7) AppleWebKit/537.36 (KHTML, like Gecko) Chrome/93.0.4577.63 Safari/537.36"
192.168.1.3 - - [15/Mar/2023:19:15:49 +0000] "POST /api/customers HTTP/1.1" 400 249 "-" "Mozilla/5.0 (Windows NT 10.0; Win64; x64; rv:94.0) Gecko/20100101 Firefox/94.0"
192.168.1.1 - - [15/Mar/2023:19:15:49 +0000] "GET /api/users HTTP/1.1" 204 634 "-" "Mozilla/5.0 (Windows NT 10.0; Win64; x64; rv:94.0) Gecko/20100101 Firefox/94.0"
192.168.1.1 - - [15/Mar/2023:19:15:49 +0000] "GET /api/orders HTTP/1.1" 204 712 "-" "Mozilla/5.0 (Macintosh; Intel Mac OS X 10_15_7) AppleWebKit/537.36 (KHTML, like Gecko) Chrome/94.0.4606.81 Safari/537.36"
192.168.1.3 - - [15/Mar/2023:19:15:49 +0000] "PUT /api/users HTTP/1.1" 401 289 "-" "Mozilla/5.0 (Windows NT 10.0; Win64; x64; rv:94.0) Gecko/20100101 Firefox/94.0"
192.168.1.5 - - [15/Mar/2023:19:15:49 +0000] "GET /api/invoices HTTP/1.1" 500 142 "-" "Mozilla/5.0 (Macintosh; Intel Mac OS X 10_15_7) AppleWebKit/537.36 (KHTML, like Gecko) Chrome/94.0.4606.81 Safari/537.36"
192.168.1.1 - - [15/Mar/2023:19:15:49 +0000] "DELETE /api/orders HTTP/1.1" 500 305 "-" "Mozilla/5.0 (Windows NT 10.0; Win64; x64) AppleWebKit/537.36 (KHTML, like Gecko) Chrome/94.0.4606.81 Safari/537.36"
192.168.1.5 - - [15/Mar/2023:19:15:49 +0000] "POST /api/products HTTP/1.1" 400 498 "-" "Mozilla/5.0 (Windows NT 10.0; Win64; x64) AppleWebKit/537.36 (KHTML, like Gecko) Chrome/93.0.4577.63 Safari/537.36"
192.168.1.3 - - [15/Mar/2023:19:15:49 +0000] "PATCH /api/users" 204 651 "-" "Mozilla/5.0 (Windows NT 10.0; Win64; x64) AppleWebKit/537.36 (KHTML, like Gecko) Chrome/93.0.4577.63 Safari/537.36"
192.168.1.4 - - [15/Mar/2023:19:15:49 +0000] "PUT /api/invoices HTTP/1.1" 201 924 "-" "Mozilla/5.0 (Windows NT 10.0; Win64; x64) AppleWebKit/537.36 (KHTML, like Gecko) Chrome/93.0.4577.63 Safari/537.36"
192.168.1.4 - - [15/Mar/2023:19:15:49 +0000] "DELETE /api/customers HTTP/1.1" 201 23 "-" "Mozilla/5.0 (Windows NT 10.0; Win64; x64; rv:93.0) Gecko/20100101 Firefox/93.0"
192.168.1.5 - - [15/Mar/2023:19:15:49 +0000] "PUT /api/invoices HTTP/1.1" 403 721 "-" "Mozilla/5.0 (Windows NT 10.0; Win64; x64; rv:94.0) Gecko/20100101 Firefox/94.0"
192.168.1.5 - - [15/Mar/2023:19:15:49 +0000] "PATCH /api/users" 500 578 "-" "Mozilla/5.0 (Windows NT 10.0; Win64; x64; rv:93.0) Gecko/20100101 Firefox/93.0"
192.168.1.4 - - [15/Mar/2023:19:15:49 +0000] "POST /api/orders HTTP/1.1" 200 75 "-" "Mozilla/5.0 (Windows NT 10.0; Win64; x64; rv:94.0) Gecko/20100101 Firefox/94.0"
192.168.1.4 - - [15/Mar/2023:19:15:49 +0000] "POST /api/invoices HTTP/1.1" 404 337 "-" "Mozilla/5.0 (Windows NT 10.0; Win64; x64; rv:93.0) Gecko/20100101 Firefox/93.0"
192.168.1.4 - - [15/Mar/2023:19:15:49 +0000] "PUT /api/customers HTTP/1.1" 204 424 "-" "Mozilla/5.0 (Windows NT 10.0; Win64; x64; rv:93.0) Gecko/20100101 Firefox/93.0"
192.168.1.2 - - [15/Mar/2023:19:15:49 +0000] "GET /api/invoices HTTP/1.1" 200 840 "-" "Mozilla/5.0 (Windows NT 10.0; Win64; x64; rv:93.0) Gecko/20100101 Firefox/93.0"
192.168.1.2 - - [15/Mar/2023:19:15:49 +0000] "GET /api/orders HTTP/1.1" 401 895 "-" "Mozilla/5.0 (Windows NT 10.0; Win64; x64; rv:94.0) Gecko/20100101 Firefox/94.0"
192.168.1.4 - - [15/Mar/2023:19:15:49 +0000] "DELETE /api/products HTTP/1.1" 400 242 "-" "Mozilla/5.0 (Macintosh; Intel Mac OS X 10_15_7) AppleWebKit/537.36 (KHTML, like Gecko) Chrome/94.0.4606.81 Safari/537.36"
192.168.1.1 - - [15/Mar/2023:19:15:49 +0000] "GET /api/customers HTTP/1.1" 401 46 "-" "Mozilla/5.0 (Windows NT 10.0; Win64; x64; rv:93.0) Gecko/20100101 Firefox/93.0"
192.168.1.3 - - [15/Mar/2023:19:15:49 +0000] "PATCH /api/users" 500 666 "-" "Mozilla/5.0 (Windows NT 10.0; Win64; x64) AppleWebKit/537.36 (KHTML, like Gecko) Chrome/94.0.4606.81 Safari/537.36"
192.168.1.2 - - [15/Mar/2023:19:15:49 +0000] "DELETE /api/orders HTTP/1.1" 401 336 "-" "Mozilla/5.0 (Windows NT 10.0; Win64; x64) AppleWebKit/537.36 (KHTML, like Gecko) Chrome/94.0.4606.81 Safari/537.36"
192.168.1.4 - - [15/Mar/2023:19:15:49 +0000] "GET /api/customers HTTP/1.1" 500 884 "-" "Mozilla/5.0 (Macintosh; Intel Mac OS X 10_15_7) AppleWebKit/537.36 (KHTML, like Gecko) Chrome/94.0.4606.81 Safari/537.36"
192.168.1.2 - - [15/Mar/2023:19:15:49 +0000] "PUT /api/users HTTP/1.1" 201 765 "-" "Mozilla/5.0 (Macintosh; Intel Mac OS X 10_15_7) AppleWebKit/537.36 (KHTML, like Gecko) Chrome/94.0.4606.81 Safari/537.36"
192.168.1.2 - - [15/Mar/2023:19:15:49 +0000] "DELETE /api/orders HTTP/1.1" 403 223 "-" "Mozilla/5.0 (Windows NT 10.0; Win64; x64; rv:94.0) Gecko/20100101 Firefox/94.0"
192.168.1.1 - - [15/Mar/2023:19:15:49 +0000] "POST /api/products HTTP/1.1" 400 891 "-" "Mozilla/5.0 (Macintosh; Intel Mac OS X 10_15_7) AppleWebKit/537.36 (KHTML, like Gecko) Chrome/94.0.4606.81 Safari/537.36"
192.168.1.5 - - [15/Mar/2023:19:15:49 +0000] "GET /api/products HTTP/1.1" 204 158 "-" "Mozilla/5.0 (Windows NT 10.0; Win64; x64) AppleWebKit/537.36 (KHTML, like Gecko) Chrome/94.0.4606.81 Safari/537.36"
192.168.1.5 - - [15/Mar/2023:19:15:49 +0000] "PUT /api/users HTTP/1.1" 403 405 "-" "Mozilla/5.0 (Windows NT 10.0; Win64; x64) AppleWebKit/537.36 (KHTML, like Gecko) Chrome/93.0.4577.63 Safari/537.36"
192.168.1.4 - - [15/Mar/2023:19:15:49 +0000] "POST /api/users HTTP/1.1" 204 860 "-" "Mozilla/5.0 (Windows NT 10.0; Win64; x64; rv:93.0) Gecko/20100101 Firefox/93.0"
192.168.1.2 - - [15/Mar/2023:19:15:49 +0000] "PATCH /api/customers" 201 587 "-" "Mozilla/5.0 (Macintosh; Intel Mac OS X 10_15_7) AppleWebKit/537.36 (KHTML, like Gecko) Chrome/93.0.4577.63 Safari/537.36"
192.168.1.5 - - [15/Mar/2023:19:15:49 +0000] "POST /api/products HTTP/1.1" 400 70 "-" "Mozilla/5.0 (Windows NT 10.0; Win64; x64) AppleWebKit/537.36 (KHTML, like Gecko) Chrome/94.0.4606.81 Safari/537.36"
192.168.1.2 - - [15/Mar/2023:19:15:49 +0000] "PUT /api/users HTTP/1.1" 200 753 "-" "Mozilla/5.0 (Macintosh; Intel Mac OS X 10_15_7) AppleWebKit/537.36 (KHTML, like Gecko) Chrome/93.0.4577.63 Safari/537.36"
192.168.1.4 - - [15/Mar/2023:19:15:49 +0000] "GET /api/users HTTP/1.1" 401 111 "-" "Mozilla/5.0 (Windows NT 10.0; Win64; x64) AppleWebKit/537.36 (KHTML, like Gecko) Chrome/94.0.4606.81 Safari/537.36"
192.168.1.2 - - [15/Mar/2023:19:15:49 +0000] "DELETE /api/orders HTTP/1.1" 403 700 "-" "Mozilla/5.0 (Windows NT 10.0; Win64; x64; rv:93.0) Gecko/20100101 Firefox/93.0"
192.168.1.5 - - [15/Mar/2023:19:15:49 +0000] "POST /api/customers HTTP/1.1" 204 240 "-" "Mozilla/5.0 (Windows NT 10.0; Win64; x64; rv:94.0) Gecko/20100101 Firefox/94.0"
192.168.1.3 - - [15/Mar/2023:19:15:49 +0000] "DELETE /api/invoices HTTP/1.1" 403 232 "-" "Mozilla/5.0 (Macintosh; Intel Mac OS X 10_15_7) AppleWebKit/537.36 (KHTML, like Gecko) Chrome/94.0.4606.81 Safari/537.36"
192.168.1.1 - - [15/Mar/2023:19:15:49 +0000] "PUT /api/users HTTP/1.1" 200 597 "-" "Mozilla/5.0 (Windows NT 10.0; Win64; x64) AppleWebKit/537.36 (KHTML, like Gecko) Chrome/93.0.4577.63 Safari/537.36"
192.168.1.3 - - [15/Mar/2023:19:15:49 +0000] "PATCH /api/customers" 200 270 "-" "Mozilla/5.0 (Windows NT 10.0; Win64; x64; rv:94.0) Gecko/20100101 Firefox/94.0"
192.168.1.4 - - [15/Mar/2023:19:15:49 +0000] "GET /api/users HTTP/1.1" 201 104 "-" "Mozilla/5.0 (Macintosh; Intel Mac OS X 10_15_7) AppleWebKit/537.36 (KHTML, like Gecko) Chrome/94.0.4606.81 Safari/537.36"
192.168.1.1 - - [15/Mar/2023:19:15:49 +0000] "DELETE /api/products HTTP/1.1" 500 671 "-" "Mozilla/5.0 (Macintosh; Intel Mac OS X 10_15_7) AppleWebKit/537.36 (KHTML, like Gecko) Chrome/93.0.4577.63 Safari/537.36"
192.168.1.2 - - [15/Mar/2023:19:15:49 +0000] "POST /api/orders HTTP/1.1" 401 895 "-" "Mozilla/5.0 (Windows NT 10.0; Win64; x64; rv:93.0) Gecko/20100101 Firefox/93.0"
192.168.1.1 - - [15/Mar/2023:19:15:49 +0000] "POST /api/products HTTP/1.1" 403 680 "-" "Mozilla/5.0 (Macintosh; Intel Mac OS X 10_15_7) AppleWebKit/537.36 (KHTML, like Gecko) Chrome/93.0.4577.63 Safari/537.36"
192.168.1.5 - - [15/Mar/2023:19:15:49 +0000] "PUT /api/users HTTP/1.1" 200 984 "-" "Mozilla/5.0 (Macintosh; Intel Mac OS X 10_15_7) AppleWebKit/537.36 (KHTML, like Gecko) Chrome/94.0.4606.81 Safari/537.36"
192.168.1.3 - - [15/Mar/2023:19:15:49 +0000] "GET /api/products HTTP/1.1" 401 272 "-" "Mozilla/5.0 (Macintosh; Intel Mac OS X 10_15_7) AppleWebKit/537.36 (KHTML, like Gecko) Chrome/93.0.4577.63 Safari/537.36"
192.168.1.1 - - [15/Mar/2023:19:15:49 +0000] "GET /api/users HTTP/1.1" 201 184 "-" "Mozilla/5.0 (Windows NT 10.0; Win64; x64) AppleWebKit/537.36 (KHTML, like Gecko) Chrome/94.0.4606.81 Safari/537.36"
192.168.1.5 - - [15/Mar/2023:19:15:49 +0000] "POST /api/invoices HTTP/1.1" 200 177 "-" "Mozilla/5.0 (Windows NT 10.0; Win64; x64; rv:93.0) Gecko/20100101 Firefox/93.0"
192.168.1.5 - - [15/Mar/2023:19:15:49 +0000] "PATCH /api/products" 500 872 "-" "Mozilla/5.0 (Windows NT 10.0; Win64; x64; rv:94.0) Gecko/20100101 Firefox/94.0"
192.168.1.2 - - [15/Mar/2023:19:15:49 +0000] "GET /api/invoices HTTP/1.1" 201 90 "-" "Mozilla/5.0 (Windows NT 10.0; Win64; x64; rv:93.0) Gecko/20100101 Firefox/93.0"
192.168.1.1 - - [15/Mar/2023:19:15:49 +0000] "GET /api/invoices HTTP/1.1" 500 76 "-" "Mozilla/5.0 (Windows NT 10.0; Win64; x64) AppleWebKit/537.36 (KHTML, like Gecko) Chrome/93.0.4577.63 Safari/537.36"
192.168.1.4 - - [15/Mar/2023:19:15:49 +0000] "POST /api/products HTTP/1.1" 500 95 "-" "Mozilla/5.0 (Windows NT 10.0; Win64; x64) AppleWebKit/537.36 (KHTML, like Gecko) Chrome/94.0.4606.81 Safari/537.36"
192.168.1.3 - - [15/Mar/2023:19:15:49 +0000] "POST /api/orders HTTP/1.1" 401 107 "-" "Mozilla/5.0 (Macintosh; Intel Mac OS X 10_15_7) AppleWebKit/537.36 (KHTML, like Gecko) Chrome/94.0.4606.81 Safari/537.36"
192.168.1.1 - - [15/Mar/2023:19:15:49 +0000] "POST /api/products HTTP/1.1" 500 464 "-" "Mozilla/5.0 (Windows NT 10.0; Win64; x64) AppleWebKit/537.36 (KHTML, like Gecko) Chrome/94.0.4606.81 Safari/537.36"
192.168.1.4 - - [15/Mar/2023:19:15:49 +0000] "POST /api/orders HTTP/1.1" 404 72 "-" "Mozilla/5.0 (Windows NT 10.0; Win64; x64; rv:93.0) Gecko/20100101 Firefox/93.0"
192.168.1.4 - - [15/Mar/2023:19:15:49 +0000] "POST /api/products HTTP/1.1" 403 84 "-" "Mozilla/5.0 (Windows NT 10.0; Win64; x64; rv:93.0) Gecko/20100101 Firefox/93.0"
192.168.1.4 - - [15/Mar/2023:19:15:49 +0000] "DELETE /api/orders HTTP/1.1" 200 999 "-" "Mozilla/5.0 (Macintosh; Intel Mac OS X 10_15_7) AppleWebKit/537.36 (KHTML, like Gecko) Chrome/94.0.4606.81 Safari/537.36"
192.168.1.3 - - [15/Mar/2023:19:15:49 +0000] "GET /api/invoices HTTP/1.1" 400 486 "-" "Mozilla/5.0 (Macintosh; Intel Mac OS X 10_15_7) AppleWebKit/537.36 (KHTML, like Gecko) Chrome/94.0.4606.81 Safari/537.36"
192.168.1.2 - - [15/Mar/2023:19:15:49 +0000] "GET /api/orders HTTP/1.1" 204 890 "-" "Mozilla/5.0 (Macintosh; Intel Mac OS X 10_15_7) AppleWebKit/537.36 (KHTML, like Gecko) Chrome/93.0.4577.63 Safari/537.36"
192.168.1.2 - - [15/Mar/2023:19:15:49 +0000] "POST /api/invoices HTTP/1.1" 403 679 "-" "Mozilla/5.0 (Macintosh; Intel Mac OS X 10_15_7) AppleWebKit/537.36 (KHTML, like Gecko) Chrome/94.0.4606.81 Safari/537.36"
192.168.1.5 - - [15/Mar/2023:19:15:49 +0000] "PATCH /api/orders" 500 418 "-" "Mozilla/5.0 (Windows NT 10.0; Win64; x64) AppleWebKit/537.36 (KHTML, like Gecko) Chrome/93.0.4577.63 Safari/537.36"
192.168.1.5 - - [15/Mar/2023:19:15:49 +0000] "GET /api/users HTTP/1.1" 404 230 "-" "Mozilla/5.0 (Windows NT 10.0; Win64; x64) AppleWebKit/537.36 (KHTML, like Gecko) Chrome/93.0.4577.63 Safari/537.36"
192.168.1.2 - - [15/Mar/2023:19:15:49 +0000] "PATCH /api/orders" 500 42 "-" "Mozilla/5.0 (Windows NT 10.0; Win64; x64; rv:94.0) Gecko/20100101 Firefox/94.0"
192.168.1.1 - - [15/Mar/2023:19:15:49 +0000] "DELETE /api/products HTTP/1.1" 401 334 "-" "Mozilla/5.0 (Windows NT 10.0; Win64; x64; rv:94.0) Gecko/20100101 Firefox/94.0"
192.168.1.5 - - [15/Mar/2023:19:15:49 +0000] "PUT /api/customers HTTP/1.1" 404 35 "-" "Mozilla/5.0 (Windows NT 10.0; Win64; x64) AppleWebKit/537.36 (KHTML, like Gecko) Chrome/94.0.4606.81 Safari/537.36"
192.168.1.5 - - [15/Mar/2023:19:15:49 +0000] "DELETE /api/users HTTP/1.1" 403 14 "-" "Mozilla/5.0 (Macintosh; Intel Mac OS X 10_15_7) AppleWebKit/537.36 (KHTML, like Gecko) Chrome/93.0.4577.63 Safari/537.36"
192.168.1.1 - - [15/Mar/2023:19:15:49 +0000] "POST /api/products HTTP/1.1" 500 914 "-" "Mozilla/5.0 (Windows NT 10.0; Win64; x64; rv:94.0) Gecko/20100101 Firefox/94.0"
192.168.1.2 - - [15/Mar/2023:19:15:49 +0000] "DELETE /api/customers HTTP/1.1" 204 677 "-" "Mozilla/5.0 (Windows NT 10.0; Win64; x64; rv:93.0) Gecko/20100101 Firefox/93.0"
192.168.1.3 - - [15/Mar/2023:19:15:49 +0000] "PATCH /api/users" 404 448 "-" "Mozilla/5.0 (Windows NT 10.0; Win64; x64) AppleWebKit/537.36 (KHTML, like Gecko) Chrome/94.0.4606.81 Safari/537.36"
192.168.1.3 - - [15/Mar/2023:19:15:49 +0000] "PATCH /api/users" 201 597 "-" "Mozilla/5.0 (Windows NT 10.0; Win64; x64; rv:94.0) Gecko/20100101 Firefox/94.0"
192.168.1.5 - - [15/Mar/2023:19:15:49 +0000] "DELETE /api/orders HTTP/1.1" 201 65 "-" "Mozilla/5.0 (Windows NT 10.0; Win64; x64) AppleWebKit/537.36 (KHTML, like Gecko) Chrome/93.0.4577.63 Safari/537.36"
192.168.1.2 - - [15/Mar/2023:19:15:49 +0000] "POST /api/customers HTTP/1.1" 204 768 "-" "Mozilla/5.0 (Windows NT 10.0; Win64; x64) AppleWebKit/537.36 (KHTML, like Gecko) Chrome/94.0.4606.81 Safari/537.36"
192.168.1.3 - - [15/Mar/2023:19:15:49 +0000] "POST /api/users HTTP/1.1" 204 497 "-" "Mozilla/5.0 (Windows NT 10.0; Win64; x64) AppleWebKit/537.36 (KHTML, like Gecko) Chrome/93.0.4577.63 Safari/537.36"
192.168.1.1 - - [15/Mar/2023:19:15:49 +0000] "GET /api/customers HTTP/1.1" 204 326 "-" "Mozilla/5.0 (Windows NT 10.0; Win64; x64) AppleWebKit/537.36 (KHTML, like Gecko) Chrome/94.0.4606.81 Safari/537.36"
192.168.1.2 - - [15/Mar/2023:19:15:49 +0000] "PUT /api/users HTTP/1.1" 500 996 "-" "Mozilla/5.0 (Windows NT 10.0; Win64; x64; rv:94.0) Gecko/20100101 Firefox/94.0"
192.168.1.4 - - [15/Mar/2023:19:15:49 +0000] "PATCH /api/products" 200 402 "-" "Mozilla/5.0 (Macintosh; Intel Mac OS X 10_15_7) AppleWebKit/537.36 (KHTML, like Gecko) Chrome/93.0.4577.63 Safari/537.36"
192.168.1.3 - - [15/Mar/2023:19:15:49 +0000] "GET /api/customers HTTP/1.1" 204 40 "-" "Mozilla/5.0 (Windows NT 10.0; Win64; x64; rv:93.0) Gecko/20100101 Firefox/93.0"
192.168.1.4 - - [15/Mar/2023:19:15:49 +0000] "DELETE /api/invoices HTTP/1.1" 401 493 "-" "Mozilla/5.0 (Windows NT 10.0; Win64; x64; rv:94.0) Gecko/20100101 Firefox/94.0"
192.168.1.5 - - [15/Mar/2023:19:15:49 +0000] "POST /api/users HTTP/1.1" 204 481 "-" "Mozilla/5.0 (Windows NT 10.0; Win64; x64) AppleWebKit/537.36 (KHTML, like Gecko) Chrome/93.0.4577.63 Safari/537.36"
192.168.1.3 - - [15/Mar/2023:19:15:49 +0000] "PUT /api/customers HTTP/1.1" 404 878 "-" "Mozilla/5.0 (Windows NT 10.0; Win64; x64) AppleWebKit/537.36 (KHTML, like Gecko) Chrome/93.0.4577.63 Safari/537.36"
192.168.1.5 - - [15/Mar/2023:19:15:49 +0000] "GET /api/users HTTP/1.1" 200 800 "-" "Mozilla/5.0 (Macintosh; Intel Mac OS X 10_15_7) AppleWebKit/537.36 (KHTML, like Gecko) Chrome/94.0.4606.81 Safari/537.36"
192.168.1.2 - - [15/Mar/2023:19:15:49 +0000] "DELETE /api/users HTTP/1.1" 500 886 "-" "Mozilla/5.0 (Macintosh; Intel Mac OS X 10_15_7) AppleWebKit/537.36 (KHTML, like Gecko) Chrome/93.0.4577.63 Safari/537.36"
192.168.1.3 - - [15/Mar/2023:19:15:49 +0000] "PATCH /api/orders" 404 695 "-" "Mozilla/5.0 (Windows NT 10.0; Win64; x64; rv:93.0) Gecko/20100101 Firefox/93.0"
192.168.1.1 - - [15/Mar/2023:19:15:49 +0000] "GET /api/users HTTP/1.1" 403 708 "-" "Mozilla/5.0 (Windows NT 10.0; Win64; x64; rv:94.0) Gecko/20100101 Firefox/94.0"
192.168.1.1 - - [15/Mar/2023:19:15:49 +0000] "PUT /api/invoices HTTP/1.1" 403 484 "-" "Mozilla/5.0 (Macintosh; Intel Mac OS X 10_15_7) AppleWebKit/537.36 (KHTML, like Gecko) Chrome/93.0.4577.63 Safari/537.36"
192.168.1.4 - - [15/Mar/2023:19:15:49 +0000] "PUT /api/orders HTTP/1.1" 200 652 "-" "Mozilla/5.0 (Windows NT 10.0; Win64; x64) AppleWebKit/537.36 (KHTML, like Gecko) Chrome/94.0.4606.81 Safari/537.36"
192.168.1.4 - - [15/Mar/2023:19:15:49 +0000] "DELETE /api/invoices HTTP/1.1" 204 523 "-" "Mozilla/5.0 (Windows NT 10.0; Win64; x64) AppleWebKit/537.36 (KHTML, like Gecko) Chrome/94.0.4606.81 Safari/537.36"
192.168.1.4 - - [15/Mar/2023:19:15:49 +0000] "POST /api/products HTTP/1.1" 200 514 "-" "Mozilla/5.0 (Windows NT 10.0; Win64; x64) AppleWebKit/537.36 (KHTML, like Gecko) Chrome/93.0.4577.63 Safari/537.36"
192.168.1.2 - - [15/Mar/2023:19:15:49 +0000] "GET /api/products HTTP/1.1" 404 158 "-" "Mozilla/5.0 (Windows NT 10.0; Win64; x64) AppleWebKit/537.36 (KHTML, like Gecko) Chrome/94.0.4606.81 Safari/537.36"
192.168.1.2 - - [15/Mar/2023:19:15:49 +0000] "PATCH /api/orders" 404 13 "-" "Mozilla/5.0 (Macintosh; Intel Mac OS X 10_15_7) AppleWebKit/537.36 (KHTML, like Gecko) Chrome/93.0.4577.63 Safari/537.36"
192.168.1.3 - - [15/Mar/2023:19:15:49 +0000] "PATCH /api/customers" 500 823 "-" "Mozilla/5.0 (Windows NT 10.0; Win64; x64) AppleWebKit/537.36 (KHTML, like Gecko) Chrome/93.0.4577.63 Safari/537.36"
192.168.1.3 - - [15/Mar/2023:19:15:49 +0000] "PUT /api/users HTTP/1.1" 404 248 "-" "Mozilla/5.0 (Windows NT 10.0; Win64; x64) AppleWebKit/537.36 (KHTML, like Gecko) Chrome/94.0.4606.81 Safari/537.36"
192.168.1.1 - - [15/Mar/2023:19:15:49 +0000] "PATCH /api/orders" 201 329 "-" "Mozilla/5.0 (Windows NT 10.0; Win64; x64) AppleWebKit/537.36 (KHTML, like Gecko) Chrome/93.0.4577.63 Safari/537.36"
192.168.1.5 - - [15/Mar/2023:19:15:49 +0000] "DELETE /api/invoices HTTP/1.1" 401 21 "-" "Mozilla/5.0 (Macintosh; Intel Mac OS X 10_15_7) AppleWebKit/537.36 (KHTML, like Gecko) Chrome/93.0.4577.63 Safari/537.36"
192.168.1.3 - - [15/Mar/2023:19:15:49 +0000] "GET /api/customers HTTP/1.1" 400 702 "-" "Mozilla/5.0 (Windows NT 10.0; Win64; x64; rv:94.0) Gecko/20100101 Firefox/94.0"
192.168.1.5 - - [15/Mar/2023:19:15:49 +0000] "PATCH /api/customers" 400 262 "-" "Mozilla/5.0 (Windows NT 10.0; Win64; x64) AppleWebKit/537.36 (KHTML, like Gecko) Chrome/94.0.4606.81 Safari/537.36"
192.168.1.3 - - [15/Mar/2023:19:15:49 +0000] "DELETE /api/customers HTTP/1.1" 500 654 "-" "Mozilla/5.0 (Windows NT 10.0; Win64; x64) AppleWebKit/537.36 (KHTML, like Gecko) Chrome/94.0.4606.81 Safari/537.36"
192.168.1.3 - - [15/Mar/2023:19:15:49 +0000] "POST /api/customers HTTP/1.1" 200 710 "-" "Mozilla/5.0 (Windows NT 10.0; Win64; x64) AppleWebKit/537.36 (KHTML, like Gecko) Chrome/93.0.4577.63 Safari/537.36"
192.168.1.1 - - [15/Mar/2023:19:15:49 +0000] "PUT /api/invoices HTTP/1.1" 200 896 "-" "Mozilla/5.0 (Macintosh; Intel Mac OS X 10_15_7) AppleWebKit/537.36 (KHTML, like Gecko) Chrome/93.0.4577.63 Safari/537.36"
192.168.1.1 - - [15/Mar/2023:19:15:49 +0000] "GET /api/customers HTTP/1.1" 200 700 "-" "Mozilla/5.0 (Macintosh; Intel Mac OS X 10_15_7) AppleWebKit/537.36 (KHTML, like Gecko) Chrome/93.0.4577.63 Safari/537.36"
192.168.1.3 - - [15/Mar/2023:19:15:49 +0000] "DELETE /api/invoices HTTP/1.1" 401 604 "-" "Mozilla/5.0 (Macintosh; Intel Mac OS X 10_15_7) AppleWebKit/537.36 (KHTML, like Gecko) Chrome/94.0.4606.81 Safari/537.36"
192.168.1.2 - - [15/Mar/2023:19:15:49 +0000] "DELETE /api/customers HTTP/1.1" 404 106 "-" "Mozilla/5.0 (Windows NT 10.0; Win64; x64; rv:93.0) Gecko/20100101 Firefox/93.0"
192.168.1.5 - - [15/Mar/2023:19:15:49 +0000] "POST /api/users HTTP/1.1" 200 870 "-" "Mozilla/5.0 (Windows NT 10.0; Win64; x64; rv:94.0) Gecko/20100101 Firefox/94.0"
192.168.1.3 - - [15/Mar/2023:19:15:49 +0000] "POST /api/invoices HTTP/1.1" 204 230 "-" "Mozilla/5.0 (Macintosh; Intel Mac OS X 10_15_7) AppleWebKit/537.36 (KHTML, like Gecko) Chrome/94.0.4606.81 Safari/537.36"
192.168.1.4 - - [15/Mar/2023:19:15:49 +0000] "GET /api/invoices HTTP/1.1" 403 451 "-" "Mozilla/5.0 (Macintosh; Intel Mac OS X 10_15_7) AppleWebKit/537.36 (KHTML, like Gecko) Chrome/94.0.4606.81 Safari/537.36"
192.168.1.3 - - [15/Mar/2023:19:15:49 +0000] "PUT /api/orders HTTP/1.1" 500 436 "-" "Mozilla/5.0 (Windows NT 10.0; Win64; x64) AppleWebKit/537.36 (KHTML, like Gecko) Chrome/93.0.4577.63 Safari/537.36"
192.168.1.2 - - [15/Mar/2023:19:15:49 +0000] "PATCH /api/products" 404 619 "-" "Mozilla/5.0 (Macintosh; Intel Mac OS X 10_15_7) AppleWebKit/537.36 (KHTML, like Gecko) Chrome/94.0.4606.81 Safari/537.36"
192.168.1.3 - - [15/Mar/2023:19:15:49 +0000] "POST /api/customers HTTP/1.1" 400 93 "-" "Mozilla/5.0 (Windows NT 10.0; Win64; x64) AppleWebKit/537.36 (KHTML, like Gecko) Chrome/94.0.4606.81 Safari/537.36"
192.168.1.1 - - [15/Mar/2023:19:15:49 +0000] "PATCH /api/orders" 201 357 "-" "Mozilla/5.0 (Windows NT 10.0; Win64; x64; rv:93.0) Gecko/20100101 Firefox/93.0"
192.168.1.4 - - [15/Mar/2023:19:15:49 +0000] "POST /api/users HTTP/1.1" 200 338 "-" "Mozilla/5.0 (Windows NT 10.0; Win64; x64; rv:94.0) Gecko/20100101 Firefox/94.0"
192.168.1.3 - - [15/Mar/2023:19:15:49 +0000] "PATCH /api/products" 401 147 "-" "Mozilla/5.0 (Windows NT 10.0; Win64; x64; rv:93.0) Gecko/20100101 Firefox/93.0"
192.168.1.2 - - [15/Mar/2023:19:15:49 +0000] "POST /api/products HTTP/1.1" 401 391 "-" "Mozilla/5.0 (Macintosh; Intel Mac OS X 10_15_7) AppleWebKit/537.36 (KHTML, like Gecko) Chrome/93.0.4577.63 Safari/537.36"
192.168.1.5 - - [15/Mar/2023:19:15:49 +0000] "POST /api/invoices HTTP/1.1" 500 686 "-" "Mozilla/5.0 (Windows NT 10.0; Win64; x64; rv:94.0) Gecko/20100101 Firefox/94.0"
192.168.1.2 - - [15/Mar/2023:19:15:49 +0000] "POST /api/products HTTP/1.1" 401 470 "-" "Mozilla/5.0 (Windows NT 10.0; Win64; x64) AppleWebKit/537.36 (KHTML, like Gecko) Chrome/93.0.4577.63 Safari/537.36"
192.168.1.1 - - [15/Mar/2023:19:15:49 +0000] "PATCH /api/users" 401 278 "-" "Mozilla/5.0 (Windows NT 10.0; Win64; x64) AppleWebKit/537.36 (KHTML, like Gecko) Chrome/94.0.4606.81 Safari/537.36"
192.168.1.3 - - [15/Mar/2023:19:15:49 +0000] "PUT /api/users HTTP/1.1" 500 734 "-" "Mozilla/5.0 (Windows NT 10.0; Win64; x64) AppleWebKit/537.36 (KHTML, like Gecko) Chrome/94.0.4606.81 Safari/537.36"
192.168.1.3 - - [15/Mar/2023:19:15:49 +0000] "PATCH /api/customers" 403 269 "-" "Mozilla/5.0 (Windows NT 10.0; Win64; x64) AppleWebKit/537.36 (KHTML, like Gecko) Chrome/94.0.4606.81 Safari/537.36"
192.168.1.1 - - [15/Mar/2023:19:15:49 +0000] "DELETE /api/users HTTP/1.1" 201 606 "-" "Mozilla/5.0 (Windows NT 10.0; Win64; x64) AppleWebKit/537.36 (KHTML, like Gecko) Chrome/93.0.4577.63 Safari/537.36"
192.168.1.3 - - [15/Mar/2023:19:15:49 +0000] "DELETE /api/users HTTP/1.1" 500 84 "-" "Mozilla/5.0 (Macintosh; Intel Mac OS X 10_15_7) AppleWebKit/537.36 (KHTML, like Gecko) Chrome/94.0.4606.81 Safari/537.36"
192.168.1.2 - - [15/Mar/2023:19:15:49 +0000] "PATCH /api/invoices" 200 216 "-" "Mozilla/5.0 (Windows NT 10.0; Win64; x64) AppleWebKit/537.36 (KHTML, like Gecko) Chrome/94.0.4606.81 Safari/537.36"
