192.168.1.4 - - [15/Mar/2023:19:15:49 +0000] "DELETE /api/products HTTP/1.1" 500 556 "-" "Mozilla/5.0 (Windows NT 10.0; Win64; x64; rv:94.0) Gecko/20100101 Firefox/94.0"
192.168.1.5 - - [15/Mar/2023:19:15:49 +0000] "DELETE /api/products HTTP/1.1" 404 817 "-" "Mozilla/5.0 (Windows NT 10.0; Win64; x64; rv:94.0) Gecko/20100101 Firefox/94.0"
192.168.1.2 - - [15/Mar/2023:19:15:49 +0000] "GET /api/products HTTP/1.1" 404 574 "-" "Mozilla/5.0 (Windows NT 10.0; Win64; x64) AppleWebKit/537.36 (KHTML, like Gecko) Chrome/93.0.4577.63 Safari/537.36"
192.168.1.5 - - [15/Mar/2023:19:15:49 +0000] "PATCH /api/invoices" 401 144 "-" "Mozilla/5.0 (Macintosh; Intel Mac OS X 10_15_7) AppleWebKit/537.36 (KHTML, like Gecko) Chrome/94.0.4606.81 Safari/537.36"
192.168.1.1 - - [15/Mar/2023:19:15:49 +0000] "POST /api/products HTTP/1.1" 201 696 "-" "Mozilla/5.0 (Windows NT 10.0; Win64; x64) AppleWebKit/537.36 (KHTML, like Gecko) Chrome/94.0.4606.81 Safari/537.36"
192.168.1.5 - - [15/Mar/2023:19:15:49 +0000] "PATCH /api/orders" 400 809 "-" "Mozilla/5.0 (Windows NT 10.0; Win64; x64; rv:93.0) Gecko/20100101 Firefox/93.0"
192.168.1.3 - - [15/Mar/2023:19:15:49 +0000] "DELETE /api/users HTTP/1.1" 403 396 "-" "Mozilla/5.0 (Macintosh; Intel Mac OS X 10_15_7) AppleWebKit/537.36 (KHTML, like Gecko) Chrome/94.0.4606.81 Safari/537.36"
192.168.1.2 - - [15/Mar/2023:19:15:49 +0000] "POST /api/invoices HTTP/1.1" 201 237 "-" "Mozilla/5.0 (Windows NT 10.0; Win64; x64; rv:94.0) Gecko/20100101 Firefox/94.0"
192.168.1.4 - - [15/Mar/2023:19:15:49 +0000] "POST /api/customers HTTP/1.1" 500 354 "-" "Mozilla/5.0 (Macintosh; Intel Mac OS X 10_15_7) AppleWebKit/537.36 (KHTML, like Gecko) Chrome/94.0.4606.81 Safari/537.36"
192.168.1.5 - - [15/Mar/2023:19:15:49 +0000] "POST /api/orders HTTP/1.1" 200 341 "-" "Mozilla/5.0 (Windows NT 10.0; Win64; x64; rv:93.0) Gecko/20100101 Firefox/93.0"
192.168.1.3 - - [15/Mar/2023:19:15:49 +0000] "DELETE /api/users HTTP/1.1" 404 628 "-" "Mozilla/5.0 (Windows NT 10.0; Win64; x64) AppleWebKit/537.36 (KHTML, like Gecko) Chrome/93.0.4577.63 Safari/537.36"
192.168.1.4 - - [15/Mar/2023:19:15:49 +0000] "POST /api/invoices HTTP/1.1" 401 418 "-" "Mozilla/5.0 (Macintosh; Intel Mac OS X 10_15_7) AppleWebKit/537.36 (KHTML, like Gecko) Chrome/94.0.4606.81 Safari/537.36"
192.168.1.3 - - [15/Mar/2023:19:15:49 +0000] "PUT /api/users HTTP/1.1" 500 340 "-" "Mozilla/5.0 (Windows NT 10.0; Win64; x64) AppleWebKit/537.36 (KHTML, like Gecko) Chrome/94.0.4606.81 Safari/537.36"
192.168.1.2 - - [15/Mar/2023:19:15:49 +0000] "POST /api/users HTTP/1.1" 200 714 "-" "Mozilla/5.0 (Macintosh; Intel Mac OS X 10_15_7) AppleWebKit/537.36 (KHTML, like Gecko) Chrome/93.0.4577.63 Safari/537.36"
192.168.1.2 - - [15/Mar/2023:19:15:49 +0000] "GET /api/customers HTTP/1.1" 401 533 "-" "Mozilla/5.0 (Windows NT 10.0; Win64; x64; rv:93.0) Gecko/20100101 Firefox/93.0"
192.168.1.3 - - [15/Mar/2023:19:15:49 +0000] "POST /api/products HTTP/1.1" 500 675 "-" "Mozilla/5.0 (Windows NT 10.0; Win64; x64) AppleWebKit/537.36 (KHTML, like Gecko) Chrome/94.0.4606.81 Safari/537.36"
192.168.1.4 - - [15/Mar/2023:19:15:49 +0000] "PUT /api/orders HTTP/1.1" 400 617 "-" "Mozilla/5.0 (Macintosh; Intel Mac OS X 10_15_7) AppleWebKit/537.36 (KHTML, like Gecko) Chrome/94.0.4606.81 Safari/537.36"
192.168.1.4 - - [15/Mar/2023:19:15:49 +0000] "DELETE /api/products HTTP/1.1" 401 921 "-" "Mozilla/5.0 (Windows NT 10.0; Win64; x64) AppleWebKit/537.36 (KHTML, like Gecko) Chrome/94.0.4606.81 Safari/537.36"
192.168.1.1 - - [15/Mar/2023:19:15:49 +0000] "DELETE /api/products HTTP/1.1" 404 47 "-" "Mozilla/5.0 (Windows NT 10.0; Win64; x64) AppleWebKit/537.36 (KHTML, like Gecko) Chrome/94.0.4606.81 Safari/537.36"
192.168.1.2 - - [15/Mar/2023:19:15:49 +0000] "DELETE /api/users HTTP/1.1" 500 990 "-" "Mozilla/5.0 (Windows NT 10.0; Win64; x64; rv:94.0) Gecko/20100101 Firefox/94.0"
192.168.1.3 - - [15/Mar/2023:19:15:49 +0000] "POST /api/products HTTP/1.1" 403 990 "-" "Mozilla/5.0 (Windows NT 10.0; Win64; x64) AppleWebKit/537.36 (KHTML, like Gecko) Chrome/94.0.4606.81 Safari/537.36"
192.168.1.4 - - [15/Mar/2023:19:15:49 +0000] "DELETE /api/users HTTP/1.1" 200 615 "-" "Mozilla/5.0 (Windows NT 10.0; Win64; x64; rv:93.0) Gecko/20100101 Firefox/93.0"
192.168.1.1 - - [15/Mar/2023:19:15:49 +0000] "GET /api/orders HTTP/1.1" 404 291 "-" "Mozilla/5.0 (Windows NT 10.0; Win64; x64) AppleWebKit/537.36 (KHTML, like Gecko) Chrome/94.0.4606.81 Safari/537.36"
192.168.1.2 - - [15/Mar/2023:19:15:49 +0000] "PATCH /api/users" 201 643 "-" "Mozilla/5.0 (Macintosh; Intel Mac OS X 10_15_7) AppleWebKit/537.36 (KHTML, like Gecko) Chrome/93.0.4577.63 Safari/537.36"
192.168.1.3 - - [15/Mar/2023:19:15:49 +0000] "POST /api/users HTTP/1.1" 401 493 "-" "Mozilla/5.0 (Windows NT 10.0; Win64; x64) AppleWebKit/537.36 (KHTML, like Gecko) Chrome/94.0.4606.81 Safari/537.36"
192.168.1.2 - - [15/Mar/2023:19:15:49 +0000] "DELETE /api/users HTTP/1.1" 404 869 "-" "Mozilla/5.0 (Windows NT 10.0; Win64; x64; rv:93.0) Gecko/20100101 Firefox/93.0"
192.168.1.3 - - [15/Mar/2023:19:15:49 +0000] "PUT /api/products HTTP/1.1" 201 252 "-" "Mozilla/5.0 (Macintosh; Intel Mac OS X 10_15_7) AppleWebKit/537.36 (KHTML, like Gecko) Chrome/93.0.4577.63 Safari/537.36"
192.168.1.2 - - [15/Mar/2023:19:15:49 +0000] "DELETE /api/orders HTTP/1.1" 404 59 "-" "Mozilla/5.0 (Macintosh; Intel Mac OS X 10_15_7) AppleWebKit/537.36 (KHTML, like Gecko) Chrome/94.0.4606.81 Safari/537.36"
192.168.1.5 - - [15/Mar/2023:19:15:49 +0000] "PATCH /api/users" 400 948 "-" "Mozilla/5.0 (Windows NT 10.0; Win64; x64; rv:93.0) Gecko/20100101 Firefox/93.0"
192.168.1.2 - - [15/Mar/2023:19:15:49 +0000] "POST /api/products HTTP/1.1" 200 202 "-" "Mozilla/5.0 (Windows NT 10.0; Win64; x64; rv:94.0) Gecko/20100101 Firefox/94.0"
192.168.1.2 - - [15/Mar/2023:19:15:49 +0000] "DELETE /api/invoices HTTP/1.1" 404 791 "-" "Mozilla/5.0 (Windows NT 10.0; Win64; x64; rv:93.0) Gecko/20100101 Firefox/93.0"
192.168.1.4 - - [15/Mar/2023:19:15:49 +0000] "PATCH /api/customers" 404 724 "-" "Mozilla/5.0 (Windows NT 10.0; Win64; x64) AppleWebKit/537.36 (KHTML, like Gecko) Chrome/93.0.4577.63 Safari/537.36"
192.168.1.4 - - [15/Mar/2023:19:15:49 +0000] "GET /api/customers HTTP/1.1" 200 487 "-" "Mozilla/5.0 (Macintosh; Intel Mac OS X 10_15_7) AppleWebKit/537.36 (KHTML, like Gecko) Chrome/94.0.4606.81 Safari/537.36"
192.168.1.5 - - [15/Mar/2023:19:15:49 +0000] "POST /api/products HTTP/1.1" 400 734 "-" "Mozilla/5.0 (Macintosh; Intel Mac OS X 10_15_7) AppleWebKit/537.36 (KHTML, like Gecko) Chrome/94.0.4606.81 Safari/537.36"
192.168.1.2 - - [15/Mar/2023:19:15:49 +0000] "POST /api/products HTTP/1.1" 500 40 "-" "Mozilla/5.0 (Windows NT 10.0; Win64; x64; rv:94.0) Gecko/20100101 Firefox/94.0"
192.168.1.2 - - [15/Mar/2023:19:15:49 +0000] "DELETE /api/users HTTP/1.1" 204 567 "-" "Mozilla/5.0 (Macintosh; Intel Mac OS X 10_15_7) AppleWebKit/537.36 (KHTML, like Gecko) Chrome/94.0.4606.81 Safari/537.36"
192.168.1.5 - - [15/Mar/2023:19:15:49 +0000] "DELETE /api/invoices HTTP/1.1" 500 819 "-" "Mozilla/5.0 (Windows NT 10.0; Win64; x64; rv:94.0) Gecko/20100101 Firefox/94.0"
192.168.1.4 - - [15/Mar/2023:19:15:49 +0000] "DELETE /api/products HTTP/1.1" 200 922 "-" "Mozilla/5.0 (Windows NT 10.0; Win64; x64) AppleWebKit/537.36 (KHTML, like Gecko) Chrome/94.0.4606.81 Safari/537.36"
192.168.1.4 - - [15/Mar/2023:19:15:49 +0000] "PUT /api/orders HTTP/1.1" 404 731 "-" "Mozilla/5.0 (Windows NT 10.0; Win64; x64) AppleWebKit/537.36 (KHTML, like Gecko) Chrome/94.0.4606.81 Safari/537.36"
192.168.1.1 - - [15/Mar/2023:19:15:49 +0000] "DELETE /api/products HTTP/1.1" 200 966 "-" "Mozilla/5.0 (Macintosh; Intel Mac OS X 10_15_7) AppleWebKit/537.36 (KHTML, like Gecko) Chrome/93.0.4577.63 Safari/537.36"
192.168.1.4 - - [15/Mar/2023:19:15:49 +0000] "POST /api/invoices HTTP/1.1" 204 694 "-" "Mozilla/5.0 (Macintosh; Intel Mac OS X 10_15_7) AppleWebKit/537.36 (KHTML, like Gecko) Chrome/94.0.4606.81 Safari/537.36"
192.168.1.1 - - [15/Mar/2023:19:15:49 +0000] "POST /api/products HTTP/1.1" 401 291 "-" "Mozilla/5.0 (Macintosh; Intel Mac OS X 10_15_7) AppleWebKit/537.36 (KHTML, like Gecko) Chrome/93.0.4577.63 Safari/537.36"
192.168.1.3 - - [15/Mar/2023:19:15:49 +0000] "PUT /api/products HTTP/1.1" 404 752 "-" "Mozilla/5.0 (Windows NT 10.0; Win64; x64) AppleWebKit/537.36 (KHTML, like Gecko) Chrome/93.0.4577.63 Safari/537.36"
192.168.1.3 - - [15/Mar/2023:19:15:49 +0000] "GET /api/users HTTP/1.1" 200 964 "-" "Mozilla/5.0 (Windows NT 10.0; Win64; x64) AppleWebKit/537.36 (KHTML, like Gecko) Chrome/93.0.4577.63 Safari/537.36"
192.168.1.5 - - [15/Mar/2023:19:15:49 +0000] "POST /api/orders HTTP/1.1" 201 768 "-" "Mozilla/5.0 (Macintosh; Intel Mac OS X 10_15_7) AppleWebKit/537.36 (KHTML, like Gecko) Chrome/94.0.4606.81 Safari/537.36"
192.168.1.3 - - [15/Mar/2023:19:15:49 +0000] "PATCH /api/customers" 200 169 "-" "Mozilla/5.0 (Windows NT 10.0; Win64; x64; rv:94.0) Gecko/20100101 Firefox/94.0"
192.168.1.1 - - [15/Mar/2023:19:15:49 +0000] "PATCH /api/customers" 500 429 "-" "Mozilla/5.0 (Macintosh; Intel Mac OS X 10_15_7) AppleWebKit/537.36 (KHTML, like Gecko) Chrome/93.0.4577.63 Safari/537.36"
192.168.1.1 - - [15/Mar/2023:19:15:49 +0000] "POST /api/customers HTTP/1.1" 403 624 "-" "Mozilla/5.0 (Macintosh; Intel Mac OS X 10_15_7) AppleWebKit/537.36 (KHTML, like Gecko) Chrome/93.0.4577.63 Safari/537.36"
192.168.1.5 - - [15/Mar/2023:19:15:49 +0000] "POST /api/customers HTTP/1.1" 403 465 "-" "Mozilla/5.0 (Windows NT 10.0; Win64; x64; rv:93.0) Gecko/20100101 Firefox/93.0"
192.168.1.1 - - [15/Mar/2023:19:15:49 +0000] "POST /api/customers HTTP/1.1" 200 842 "-" "Mozilla/5.0 (Windows NT 10.0; Win64; x64; rv:93.0) Gecko/20100101 Firefox/93.0"
192.168.1.3 - - [15/Mar/2023:19:15:49 +0000] "PUT /api/customers HTTP/1.1" 500 968 "-" "Mozilla/5.0 (Windows NT 10.0; Win64; x64) AppleWebKit/537.36 (KHTML, like Gecko) Chrome/93.0.4577.63 Safari/537.36"
192.168.1.5 - - [15/Mar/2023:19:15:49 +0000] "PUT /api/orders HTTP/1.1" 500 102 "-" "Mozilla/5.0 (Windows NT 10.0; Win64; x64; rv:94.0) Gecko/20100101 Firefox/94.0"
192.168.1.4 - - [15/Mar/2023:19:15:49 +0000] "DELETE /api/products HTTP/1.1" 400 167 "-" "Mozilla/5.0 (Macintosh; Intel Mac OS X 10_15_7) AppleWebKit/537.36 (KHTML, like Gecko) Chrome/93.0.4577.63 Safari/537.36"
192.168.1.2 - - [15/Mar/2023:19:15:49 +0000] "DELETE /api/invoices HTTP/1.1" 201 97 "-" "Mozilla/5.0 (Windows NT 10.0; Win64; x64; rv:93.0) Gecko/20100101 Firefox/93.0"
